{"name":"preview-narrow-ja","status":"passed","checks":["engine-gui-menu","skinned-next","skinned-previous"]}
file:///Users/qingque/Desktop/HaiyueStudio/Engine/scripts/webgpu-gate/chrome-runner.mjs:238
        throw new Error(`Chrome/WebGPU fixture failed: ${fixtureResult.text}\n${stderr}`);
              ^

Error: Chrome/WebGPU fixture failed: {"status":"failed","message":"Error: skinned previous button"}

DevTools listening on ws://127.0.0.1:55599/devtools/browser/3be3feab-1060-4194-903b-6303c3cb8666
Trying to load the allocator multiple times. This is *not* supported.
[82358:1084935:0913/085640.971712:ERROR:ui/display/mac/cv_display_link_mac.mm:195] CVDisplayLinkCreateWithCGDisplay failed. CVReturn: -6670
[82358:1085002:0913/085640.974065:ERROR:ui/display/mac/cv_display_link_mac.mm:195] CVDisplayLinkCreateWithCGDisplay failed. CVReturn: -6670
[82358:1084935:0913/085640.975450:ERROR:ui/display/mac/cv_display_link_mac.mm:195] CVDisplayLinkCreateWithCGDisplay failed. CVReturn: -6670
[82358:1085002:0913/085640.975680:ERROR:ui/display/mac/cv_display_link_mac.mm:195] CVDisplayLinkCreateWithCGDisplay failed. CVReturn: -6670
[82358:1084935:0913/085641.000595:ERROR:ui/display/mac/cv_display_link_mac.mm:195] CVDisplayLinkCreateWithCGDisplay failed. CVReturn: -6670
[82358:1085002:0913/085641.001015:ERROR:ui/display/mac/cv_display_link_mac.mm:195] CVDisplayLinkCreateWithCGDisplay failed. CVReturn: -6670
[82358:1084935:0913/085641.001967:ERROR:ui/display/mac/cv_display_link_mac.mm:195] CVDisplayLinkCreateWithCGDisplay failed. CVReturn: -6670
[82358:1085002:0913/085641.002224:ERROR:ui/display/mac/cv_display_link_mac.mm:195] CVDisplayLinkCreateWithCGDisplay failed. CVReturn: -6670
[82358:1084935:0913/085641.002920:ERROR:ui/display/mac/cv_display_link_mac.mm:195] CVDisplayLinkCreateWithCGDisplay failed. CVReturn: -6670
[82358:1085002:0913/085641.003156:ERROR:ui/display/mac/cv_display_link_mac.mm:195] CVDisplayLinkCreateWithCGDisplay failed. CVReturn: -6670
[82358:1084935:0913/085641.066863:ERROR:ui/display/mac/cv_display_link_mac.mm:195] CVDisplayLinkCreateWithCGDisplay failed. CVReturn: -6670
[82358:1085002:0913/085641.067217:ERROR:ui/display/mac/cv_display_link_mac.mm:195] CVDisplayLinkCreateWithCGDisplay failed. CVReturn: -6670
[82358:1084935:0913/085643.606667:ERROR:ui/display/mac/cv_display_link_mac.mm:195] CVDisplayLinkCreateWithCGDisplay failed. CVReturn: -6670
[82358:1085002:0913/085643.628988:ERROR:ui/display/mac/cv_display_link_mac.mm:195] CVDisplayLinkCreateWithCGDisplay failed. CVReturn: -6670
[82372:1085165:0913/085643.879637:ERROR:sandbox/mac/system_services.cc:31] SetApplicationIsDaemon: Error Domain=NSOSStatusErrorDomain Code=-50 "paramErr: error in user parameter list" (-50)
[82358:1084935:0913/085643.974245:ERROR:ui/display/mac/cv_display_link_mac.mm:195] CVDisplayLinkCreateWithCGDisplay failed. CVReturn: -6670
[82358:1085002:0913/085643.974489:ERROR:ui/display/mac/cv_display_link_mac.mm:195] CVDisplayLinkCreateWithCGDisplay failed. CVReturn: -6670
[82358:1084935:0913/085644.231429:ERROR:ui/display/mac/cv_display_link_mac.mm:195] CVDisplayLinkCreateWithCGDisplay failed. CVReturn: -6670
[82358:1085002:0913/085644.231687:ERROR:ui/display/mac/cv_display_link_mac.mm:195] CVDisplayLinkCreateWithCGDisplay failed. CVReturn: -6670
[82358:1084935:0913/085644.702040:ERROR:ui/display/mac/cv_display_link_mac.mm:195] CVDisplayLinkCreateWithCGDisplay failed. CVReturn: -6670
[82358:1085002:0913/085644.702275:ERROR:ui/display/mac/cv_display_link_mac.mm:195] CVDisplayLinkCreateWithCGDisplay failed. CVReturn: -6670
[82354:1084922:0913/085644.995643:ERROR:google_apis/gcm/engine/registration_request.cc:291] Registration response error message: DEPRECATED_ENDPOINT
[82358:1084935:0913/085645.215127:ERROR:ui/display/mac/cv_display_link_mac.mm:195] CVDisplayLinkCreateWithCGDisplay failed. CVReturn: -6670
[82358:1085002:0913/085645.235868:ERROR:ui/display/mac/cv_display_link_mac.mm:195] CVDisplayLinkCreateWithCGDisplay failed. CVReturn: -6670

    at runChrome (file:///Users/qingque/Desktop/HaiyueStudio/Engine/scripts/webgpu-gate/chrome-runner.mjs:238:15)
    at async runChromeWebGpuFixture (file:///Users/qingque/Desktop/HaiyueStudio/Engine/scripts/webgpu-gate/chrome-runner.mjs:38:20)
    at async file:///Users/qingque/Desktop/HaiyueStudio/Games/scripts/verify-sky-native.mjs:14:18

Node.js v24.19.0
