✔ runtime image pack stays under 28 MiB with complete, contiguous RGBA slices (5.655044ms)
✔ small HUD art uses small alpha textures while Boss art retains preview resolution (11.728583ms)
✔ eight themed background tiles and two planet layers have bounded runtime sizes (27.41782ms)
✔ asteroid variants preserve alpha and use only 192px runtime textures (8.461011ms)
✔ rocks have deterministic varied silhouettes, size-scaled HP and bounded population (36.987156ms)
✔ swept collisions catch tunneling, moving targets, misses and first contact order (1.105462ms)
✔ four arms acquire real rocks, telegraph then throw toward locked aim; held rocks remain destructible (17.157204ms)
✔ health-dependent cadence accelerates grabs and continuous belt remains bounded (62.364579ms)
✔ eighth mission loads hazard timing and rejects malformed belt configuration (28.91356ms)
✔ aim animation turns by the shortest arc with bounded per-frame speed and settles without overshoot (5.966952ms)
✔ aiming applies to seven ordinary firing ships; excludes kamikaze, train, saucer and boss (15.534129ms)
✔ muzzle rotates with the nose and remains on the forward firing axis (1.055114ms)
(node:12640) ExperimentalWarning: stripTypeScriptTypes is an experimental feature and might change at any time
(Use `node --trace-warnings ...` to show where the warning was created)
✔ Chinese defaults and language survives restart independently of career save (5.203345ms)
✔ all level/boss names and GUI strings exist in each locale and font atlas (14.73035ms)
✔ unavailable preference storage stays playable, reports failure, and listeners detach (1.809161ms)
✔ muzzle bursts and detonations are bounded, expire, and clear on restart (3.01357ms)
✔ boss shake is deterministic, strongest at impact, bounded and fully settles (1.01606ms)
✔ elite/Boss attachment animation follows hull translation and changes over time (33.141082ms)
✔ Sky Strike defines ten regular enemies, four elites, nine boss hulls, and segmented devices (24.694841ms)
✔ space train cars and mechanical serpent segments follow the requested combat rules (2.074687ms)
✔ enemy selection is deterministic for a seeded sortie (1.294963ms)
✔ enemy health bands and projectile damage match the combat roles (1.628459ms)
✔ three-color weapons upgrade independently and stop at level three (2.753304ms)
✔ Helios deploys more laser emitters as its health falls (0.744179ms)
✔ player firing cooldown never accumulates a pointer-down catch-up burst (1.302156ms)
✔ boss warning starts three seconds before its scheduled appearance (0.359945ms)
✔ boss damage effects only intensify inside the critical health band (0.708563ms)
✔ purple laser attracts a nearby forward target and boss beam geometry is stable (2.695547ms)
✔ bullet aiming and circular hit tests remain stable (0.780103ms)
✔ saucer death burst is radial and kamikaze steering accelerates toward the player (1.729194ms)
✔ bomb area is forward-facing and includes nearby enemies and projectiles (5.604792ms)
✔ level timelines expand grouped spawns and resolve deterministic positions (96.141814ms)
✔ manifest assets, one-slot save, and keyboard/pointer controls are wired (34.648206ms)
✔ serpent shares conserve damage across living parts and redistribute overkill (1.705377ms)
(node:12642) ExperimentalWarning: stripTypeScriptTypes is an experimental feature and might change at any time
(Use `node --trace-warnings ...` to show where the warning was created)
✔ all eight missions own a distinct background; some include independently moving planets (21.380371ms)
✔ scroll tiles cover the full field without gaps or unmatched seams across many wrap boundaries (11.541554ms)
✔ crossfade preserves total weight, supports interruptions, settles and resets cleanly (12.40634ms)
✔ space layers keep independent scroll speeds and depth, with bounded immutable sprite commands (2.399574ms)
(node:12643) ExperimentalWarning: stripTypeScriptTypes is an experimental feature and might change at any time
(Use `node --trace-warnings ...` to show where the warning was created)
✔ wide and 1:2 screens preserve the full field without stretching (5.934684ms)
✔ narrow viewport follows the fighter proportionally and reaches both field edges (1.724742ms)
✔ pointer inverse remains aligned across screen sizes, camera positions and resizing (2.282608ms)
ℹ tests 41
ℹ suites 0
ℹ pass 41
ℹ fail 0
ℹ cancelled 0
ℹ skipped 0
ℹ todo 0
ℹ duration_ms 1309.718869
