
> @haiyue/games-repository@0.1.0 build
> node scripts/build-games.mjs


> rollup game 2048

games/2048/main.ts → games/2048/bundle.js...
created games/2048/bundle.js in 38.2s

> rollup game billiards-3d

games/billiards-3d/main.ts → games/billiards-3d/bundle.js...
created games/billiards-3d/bundle.js in 34.1s

> rollup game billiards

games/billiards/main.ts → games/billiards/bundle.js...
created games/billiards/bundle.js in 27.4s

> rollup game calendar-puzzle

games/calendar-puzzle/main.ts → games/calendar-puzzle/bundle.js...
created games/calendar-puzzle/bundle.js in 17.2s

> rollup game triangle-calendar-puzzle

games/triangle-calendar-puzzle/main.ts → games/triangle-calendar-puzzle/bundle.js...
created games/triangle-calendar-puzzle/bundle.js in 13.8s

> rollup game entanglement-path

games/entanglement-path/main.ts → games/entanglement-path/bundle.js...
[rollup-runner] Timed out after 60000ms before game entanglement-path produced games/entanglement-path/bundle.js; sending SIGTERM.
Rollup game entanglement-path timed out before producing games/entanglement-path/bundle.js.
file:///Users/qingque/Desktop/HaiyueStudio/Games/scripts/shared-rollup-runner.mjs:160
    throw new RollupRunnerError(
          ^

RollupRunnerError: Rollup game entanglement-path timed out before producing games/entanglement-path/bundle.js.
    at runRollupOnce (file:///Users/qingque/Desktop/HaiyueStudio/Games/scripts/shared-rollup-runner.mjs:160:11)
    at async buildGame (file:///Users/qingque/Desktop/HaiyueStudio/Games/scripts/build-games.mjs:31:5)
    at async file:///Users/qingque/Desktop/HaiyueStudio/Games/scripts/build-games.mjs:21:27 {
  kind: 'marker-timeout',
  result: {
    label: 'game entanglement-path',
    expectedOutputs: [ 'games/entanglement-path/bundle.js' ],
    observedOutputs: [],
    markersComplete: false,
    lingeringHandles: false,
    termination: 'sigterm',
    exitCode: null,
    exitSignal: 'SIGTERM',
    pid: 33754,
    elapsedMs: 60250
  }
}

Node.js v24.19.0
