Command line invocation:
    /Applications/Xcode.app/Contents/Developer/usr/bin/xcodebuild -workspace platforms/ios/ledsudoku.xcworkspace -scheme ledsudoku -configuration Debug -sdk iphoneos -destination generic/platform=iOS -derivedDataPath platforms/ios/device-derived -allowProvisioningUpdates -allowProvisioningDeviceRegistration build CODE_SIGNING_ALLOWED=YES CODE_SIGNING_REQUIRED=YES CODE_SIGN_STYLE=Automatic DEVELOPMENT_TEAM=D2B23S3U45 CONFIGURATION_BUILD_DIR=/Users/qingque/Desktop/HaiyueStudio/Native/examples/led-sudoku/platforms/ios/build/Debug-iphoneos

Build settings from command line:
    CODE_SIGN_STYLE = Automatic
    CODE_SIGNING_ALLOWED = YES
    CODE_SIGNING_REQUIRED = YES
    CONFIGURATION_BUILD_DIR = /Users/qingque/Desktop/HaiyueStudio/Native/examples/led-sudoku/platforms/ios/build/Debug-iphoneos
    DEVELOPMENT_TEAM = D2B23S3U45
    SDKROOT = iphoneos26.2

Resolve Package Graph


Resolved source packages:
  CanvasNative: /Users/qingque/Desktop/HaiyueStudio/Native/examples/led-sudoku/node_modules/@nativescript/canvas/platforms/ios/NativeScriptV8 @ local
  FontManager: https://github.com/NativeScript/font-manager.git @ 1.0.14

ComputePackagePrebuildTargetDependencyGraph

Prepare packages

CreateBuildRequest

SendProjectDescription

CreateBuildOperation

ComputeTargetDependencyGraph
note: Building targets in dependency order
note: Target dependency graph (5 targets)
    Target 'ledsudoku' in project 'ledsudoku'
        ➜ Implicit dependency on target 'Pods-ledsudoku' in project 'Pods' via file 'Pods_ledsudoku.framework' in build phase 'Link Binary'
        ➜ Explicit dependency on target 'NativeScriptV8' in project 'CanvasNative'
        ➜ Explicit dependency on target 'FontManager' in project 'FontManager'
    Target 'FontManager' in project 'FontManager' (no dependencies)
    Target 'NativeScriptV8' in project 'CanvasNative'
        ➜ Explicit dependency on target 'NativeScriptV8' in project 'CanvasNative'
    Target 'NativeScriptV8' in project 'CanvasNative' (no dependencies)
    Target 'Pods-ledsudoku' in project 'Pods' (no dependencies)

GatherProvisioningInputs

CreateBuildDescription

ClangStatCache /Applications/Xcode.app/Contents/Developer/Toolchains/XcodeDefault.xctoolchain/usr/bin/clang-stat-cache /Applications/Xcode.app/Contents/Developer/Platforms/iPhoneOS.platform/Developer/SDKs/iPhoneOS26.2.sdk /Users/qingque/Desktop/HaiyueStudio/Native/examples/led-sudoku/platforms/ios/device-derived/SDKStatCaches.noindex/iphoneos26.2-23C57-3794476bd08197c3e2abd9bb477ef7f7.sdkstatcache
    cd /Users/qingque/Desktop/HaiyueStudio/Native/examples/led-sudoku/platforms/ios
    /Applications/Xcode.app/Contents/Developer/Toolchains/XcodeDefault.xctoolchain/usr/bin/clang-stat-cache /Applications/Xcode.app/Contents/Developer/Platforms/iPhoneOS.platform/Developer/SDKs/iPhoneOS26.2.sdk -o /Users/qingque/Desktop/HaiyueStudio/Native/examples/led-sudoku/platforms/ios/device-derived/SDKStatCaches.noindex/iphoneos26.2-23C57-3794476bd08197c3e2abd9bb477ef7f7.sdkstatcache

note: Run script build phase 'NativeScript PostBuild' will be run during every build because the option to run the script phase "Based on dependency analysis" is unchecked. (in target 'ledsudoku' from project 'ledsudoku')
note: Run script build phase 'NativeScript PreBuild' will be run during every build because the option to run the script phase "Based on dependency analysis" is unchecked. (in target 'ledsudoku' from project 'ledsudoku')
note: Run script build phase 'NativeScript PreLink' will be run during every build because the option to run the script phase "Based on dependency analysis" is unchecked. (in target 'ledsudoku' from project 'ledsudoku')
PhaseScriptExecution NativeScript\ PreBuild /Users/qingque/Desktop/HaiyueStudio/Native/examples/led-sudoku/platforms/ios/device-derived/Build/Intermediates.noindex/ledsudoku.build/Debug-iphoneos/ledsudoku.build/Script-C97FD7AC1ADE5369004DB2A4.sh (in target 'ledsudoku' from project 'ledsudoku')
    cd /Users/qingque/Desktop/HaiyueStudio/Native/examples/led-sudoku/platforms/ios
    /bin/sh -c /Users/qingque/Desktop/HaiyueStudio/Native/examples/led-sudoku/platforms/ios/device-derived/Build/Intermediates.noindex/ledsudoku.build/Debug-iphoneos/ledsudoku.build/Script-C97FD7AC1ADE5369004DB2A4.sh

Ld /Users/qingque/Desktop/HaiyueStudio/Native/examples/led-sudoku/platforms/ios/build/Debug-iphoneos/ledsudoku.app/ledsudoku normal (in target 'ledsudoku' from project 'ledsudoku')
    cd /Users/qingque/Desktop/HaiyueStudio/Native/examples/led-sudoku/platforms/ios
    /Users/qingque/Desktop/HaiyueStudio/Native/examples/led-sudoku/platforms/ios/internal/nsld.sh -Xlinker -reproducible -target arm64-apple-ios15.0 -isysroot /Applications/Xcode.app/Contents/Developer/Platforms/iPhoneOS.platform/Developer/SDKs/iPhoneOS26.2.sdk -O0 -L/Users/qingque/Desktop/HaiyueStudio/Native/examples/led-sudoku/platforms/ios/device-derived/Build/Intermediates.noindex/EagerLinkingTBDs/Debug-iphoneos -L/Users/qingque/Desktop/HaiyueStudio/Native/examples/led-sudoku/platforms/ios/build/Debug-iphoneos -F/Users/qingque/Desktop/HaiyueStudio/Native/examples/led-sudoku/platforms/ios/device-derived/Build/Intermediates.noindex/EagerLinkingTBDs/Debug-iphoneos -F/Users/qingque/Desktop/HaiyueStudio/Native/examples/led-sudoku/platforms/ios/build/Debug-iphoneos/PackageFrameworks -F/Users/qingque/Desktop/HaiyueStudio/Native/examples/led-sudoku/platforms/ios/build/Debug-iphoneos -F/Users/qingque/Desktop/HaiyueStudio/Native/examples/led-sudoku/platforms/ios/internal -F/Users/qingque/Desktop/HaiyueStudio/Native/examples/led-sudoku/platforms/ios/build/Debug-iphoneos -F../../node_modules/@nativescript/canvas/platforms/ios -F../../node_modules/@nativescript/core/platforms/ios -filelist /Users/qingque/Desktop/HaiyueStudio/Native/examples/led-sudoku/platforms/ios/device-derived/Build/Intermediates.noindex/ledsudoku.build/Debug-iphoneos/ledsudoku.build/Objects-normal/arm64/ledsudoku.LinkFileList -Xlinker -rpath -Xlinker /usr/lib/swift -Xlinker -rpath -Xlinker /Users/qingque/Desktop/HaiyueStudio/Native/examples/led-sudoku/platforms/ios/build/Debug-iphoneos/PackageFrameworks -Xlinker -rpath -Xlinker @executable_path/Frameworks -dead_strip -Xlinker -object_path_lto -Xlinker /Users/qingque/Desktop/HaiyueStudio/Native/examples/led-sudoku/platforms/ios/device-derived/Build/Intermediates.noindex/ledsudoku.build/Debug-iphoneos/ledsudoku.build/Objects-normal/arm64/ledsudoku_lto.o -rdynamic -Xlinker -no_deduplicate -Xlinker -dependency_info -Xlinker /Users/qingque/Desktop/HaiyueStudio/Native/examples/led-sudoku/platforms/ios/device-derived/Build/Intermediates.noindex/ledsudoku.build/Debug-iphoneos/ledsudoku.build/Objects-normal/arm64/ledsudoku_dependency_info.dat -stdlib\=libc++ -fobjc-arc -fobjc-link-runtime -L/Applications/Xcode.app/Contents/Developer/Toolchains/XcodeDefault.xctoolchain/usr/lib/swift/iphoneos -L/usr/lib/swift -Xlinker -add_ast_path -Xlinker /Users/qingque/Desktop/HaiyueStudio/Native/examples/led-sudoku/platforms/ios/device-derived/Build/Intermediates.noindex/ledsudoku.build/Debug-iphoneos/ledsudoku.build/Objects-normal/arm64/ledsudoku.swiftmodule @/Users/qingque/Desktop/HaiyueStudio/Native/examples/led-sudoku/platforms/ios/device-derived/Build/Intermediates.noindex/ledsudoku.build/Debug-iphoneos/ledsudoku.build/Objects-normal/arm64/ledsudoku-linker-args.resp -Wl,-no_warn_duplicate_libraries -ObjC -sectcreate __DATA __TNSMetadata /Users/qingque/Desktop/HaiyueStudio/Native/examples/led-sudoku/platforms/ios/build/Debug-iphoneos/metadata-arm64.bin -framework NativeScript -framework TKLiveSync -F/Users/qingque/Desktop/HaiyueStudio/Native/examples/led-sudoku/platforms/ios/internal -licucore -lz -lc++ -framework Foundation -framework UIKit -framework CoreGraphics -framework CoreServices -framework Security -framework Foundation -framework CanvasNative -framework OpenGLES -framework GLKit -framework CanvasNative -framework NSCWinterTC -framework TNSWidgets -framework Pods_ledsudoku -lFontManager -Xlinker -no_adhoc_codesign -o /Users/qingque/Desktop/HaiyueStudio/Native/examples/led-sudoku/platforms/ios/build/Debug-iphoneos/ledsudoku.app/ledsudoku
./.build_env_vars.sh: line 587: declare: UID: readonly variable
Generating metadata...~/Desktop/HaiyueStudio/Native/examples/led-sudoku/platforms/ios/internal/metadata-generator-x86_64/bin ~/Desktop/HaiyueStudio/Native/examples/led-sudoku/platforms/ios
Python version: 3.9.6 (default, Jan  9 2026, 11:03:41) 
[Clang 17.0.0 (clang-1700.6.4.2)]
Generating metadata for arm64
Metadata Generator Arguments: 
./objc-metadata-generator -verbose -output-bin /Users/qingque/Desktop/HaiyueStudio/Native/examples/led-sudoku/platforms/ios/build/Debug-iphoneos/metadata-arm64.bin -output-umbrella /Users/qingque/Desktop/HaiyueStudio/Native/examples/led-sudoku/platforms/ios/build/Debug-iphoneos/umbrella-arm64.h -docset-path /Users/qingque/Library/Developer/Shared/Documentation/DocSets/com.apple.adc.documentation.iOS.docset Xclang -isysroot /Applications/Xcode.app/Contents/Developer/Platforms/iPhoneOS.platform/Developer/SDKs/iPhoneOS26.2.sdk -std=gnu99 -target arm64-apple-ios26.2 -I/Users/qingque/Desktop/HaiyueStudio/Native/examples/led-sudoku/node_modules/@nativescript/canvas/platforms/ios/NativeScriptV8/Headers -I/Users/qingque/Desktop/HaiyueStudio/Native/examples/led-sudoku/platforms/ios/build/Debug-iphoneos/include -I/Users/qingque/Desktop/HaiyueStudio/Native/examples/led-sudoku/platforms/ios/internal/Swift-Modules -I/Users/qingque/Desktop/HaiyueStudio/Native/examples/led-sudoku/platforms/ios/internal -I/Users/qingque/Desktop/HaiyueStudio/Native/examples/led-sudoku/platforms/ios/../../App_Resources/iOS/src -I/Users/qingque/Desktop/HaiyueStudio/Native/examples/led-sudoku/platforms/ios/../../node_modules/@nativescript/canvas/platforms/ios/src -I/Users/qingque/Desktop/HaiyueStudio/Native/examples/led-sudoku/platforms/ios/../../node_modules/@nativescript/core/platforms/ios/src -I/Users/qingque/Desktop/HaiyueStudio/Native/examples/led-sudoku/platforms/ios/device-derived/Build/Products/Debug-iphoneos/NativeScript.framework/Headers -I/Users/qingque/Desktop/HaiyueStudio/Native/examples/led-sudoku/platforms/ios/device-derived/Build/Products/Debug-iphoneos/NativeScript.framework/Headers/include -F/Users/qingque/Desktop/HaiyueStudio/Native/examples/led-sudoku/platforms/ios/build/Debug-iphoneos/PackageFrameworks -F/Users/qingque/Desktop/HaiyueStudio/Native/examples/led-sudoku/platforms/ios/build/Debug-iphoneos -F/Users/qingque/Desktop/HaiyueStudio/Native/examples/led-sudoku/platforms/ios/internal/ -F/Users/qingque/Desktop/HaiyueStudio/Native/examples/led-sudoku/platforms/ios/build/Debug-iphoneos -F../../node_modules/@nativescript/canvas/platforms/ios -F../../node_modules/@nativescript/core/platforms/ios -F/Applications/Xcode.app/Contents/Developer/Platforms/iPhoneOS.platform/Developer/SDKs/iPhoneOS26.2.sdk/System/Library/SubFrameworks -fmodule-map-file=/Users/qingque/Desktop/HaiyueStudio/Native/examples/led-sudoku/platforms/ios/device-derived/Build/Intermediates.noindex/GeneratedModuleMaps-iphoneos/NativeScriptV8.modulemap -I/Users/qingque/Desktop/HaiyueStudio/Native/examples/led-sudoku/platforms/ios/build/Debug-iphoneos/NativeScript.framework/Headers -I/Users/qingque/Desktop/HaiyueStudio/Native/examples/led-sudoku/platforms/ios/build/Debug-iphoneos/NativeScript.framework/Headers/include -DCOCOAPODS=1 -DDEBUG=1 -DNS_SWIFTUI_BOOT=0 
Clang Arguments: 
"-v", "-x", "objective-c", "-fno-objc-arc", "-fmodule-maps", "-ferror-limit=0", "-Wno-unknown-pragmas", "-Wno-ignored-attributes", "-Wno-nullability-completeness", "-Wno-expansion-to-defined", "-D__NATIVESCRIPT_METADATA_GENERATOR=1", "-isysroot", "/Applications/Xcode.app/Contents/Developer/Platforms/iPhoneOS.platform/Developer/SDKs/iPhoneOS26.2.sdk", "-std=gnu99", "-target", "arm64-apple-ios26.2", "-I/Users/qingque/Desktop/HaiyueStudio/Native/examples/led-sudoku/node_modules/@nativescript/canvas/platforms/ios/NativeScriptV8/Headers", "-I/Users/qingque/Desktop/HaiyueStudio/Native/examples/led-sudoku/platforms/ios/build/Debug-iphoneos/include", "-I/Users/qingque/Desktop/HaiyueStudio/Native/examples/led-sudoku/platforms/ios/internal/Swift-Modules", "-I/Users/qingque/Desktop/HaiyueStudio/Native/examples/led-sudoku/platforms/ios/internal", "-I/Users/qingque/Desktop/HaiyueStudio/Native/examples/led-sudoku/platforms/ios/../../App_Resources/iOS/src", "-I/Users/qingque/Desktop/HaiyueStudio/Native/examples/led-sudoku/platforms/ios/../../node_modules/@nativescript/canvas/platforms/ios/src", "-I/Users/qingque/Desktop/HaiyueStudio/Native/examples/led-sudoku/platforms/ios/../../node_modules/@nativescript/core/platforms/ios/src", "-I/Users/qingque/Desktop/HaiyueStudio/Native/examples/led-sudoku/platforms/ios/device-derived/Build/Products/Debug-iphoneos/NativeScript.framework/Headers", "-I/Users/qingque/Desktop/HaiyueStudio/Native/examples/led-sudoku/platforms/ios/device-derived/Build/Products/Debug-iphoneos/NativeScript.framework/Headers/include", "-F/Users/qingque/Desktop/HaiyueStudio/Native/examples/led-sudoku/platforms/ios/build/Debug-iphoneos/PackageFrameworks", "-F/Users/qingque/Desktop/HaiyueStudio/Native/examples/led-sudoku/platforms/ios/build/Debug-iphoneos", "-F/Users/qingque/Desktop/HaiyueStudio/Native/examples/led-sudoku/platforms/ios/internal/", "-F/Users/qingque/Desktop/HaiyueStudio/Native/examples/led-sudoku/platforms/ios/build/Debug-iphoneos", "-F../../node_modules/@nativescript/canvas/platforms/ios", "-F../../node_modules/@nativescript/core/platforms/ios", "-F/Applications/Xcode.app/Contents/Developer/Platforms/iPhoneOS.platform/Developer/SDKs/iPhoneOS26.2.sdk/System/Library/SubFrameworks", "-fmodule-map-file=/Users/qingque/Desktop/HaiyueStudio/Native/examples/led-sudoku/platforms/ios/device-derived/Build/Intermediates.noindex/GeneratedModuleMaps-iphoneos/NativeScriptV8.modulemap", "-I/Users/qingque/Desktop/HaiyueStudio/Native/examples/led-sudoku/platforms/ios/build/Debug-iphoneos/NativeScript.framework/Headers", "-I/Users/qingque/Desktop/HaiyueStudio/Native/examples/led-sudoku/platforms/ios/build/Debug-iphoneos/NativeScript.framework/Headers/include", "-DCOCOAPODS=1", "-DDEBUG=1", "-DNS_SWIFTUI_BOOT=0", 
Merged 1464 categories.
Result: 65783 declarations from 212 top level modules
Done! Running time: 30.4954 sec 
Saving metadata generation's stderr stream to: /Users/qingque/Desktop/HaiyueStudio/Native/examples/led-sudoku/platforms/ios/build/Debug-iphoneos/metadata-generation-stderr-arm64.txt
~/Desktop/HaiyueStudio/Native/examples/led-sudoku/platforms/ios
clang: warning: argument unused during compilation: '-stdlib=libc++' [-Wunused-command-line-argument]

PhaseScriptExecution NativeScript\ PreLink /Users/qingque/Desktop/HaiyueStudio/Native/examples/led-sudoku/platforms/ios/device-derived/Build/Intermediates.noindex/ledsudoku.build/Debug-iphoneos/ledsudoku.build/Script-CD62955B1BB2651D00AE3A93.sh (in target 'ledsudoku' from project 'ledsudoku')
    cd /Users/qingque/Desktop/HaiyueStudio/Native/examples/led-sudoku/platforms/ios
    /bin/sh -c /Users/qingque/Desktop/HaiyueStudio/Native/examples/led-sudoku/platforms/ios/device-derived/Build/Intermediates.noindex/ledsudoku.build/Debug-iphoneos/ledsudoku.build/Script-CD62955B1BB2651D00AE3A93.sh

CopyPNGFile /Users/qingque/Desktop/HaiyueStudio/Native/examples/led-sudoku/platforms/ios/build/Debug-iphoneos/ledsudoku.app/AppIcon1024.png /Users/qingque/Desktop/HaiyueStudio/Native/examples/led-sudoku/platforms/ios/ledsudoku/Resources/AppIcon1024.png (in target 'ledsudoku' from project 'ledsudoku')
    cd /Users/qingque/Desktop/HaiyueStudio/Native/examples/led-sudoku/platforms/ios
    /Applications/Xcode.app/Contents/Developer/usr/bin/copypng -compress -strip-PNG-text /Users/qingque/Desktop/HaiyueStudio/Native/examples/led-sudoku/platforms/ios/ledsudoku/Resources/AppIcon1024.png /Users/qingque/Desktop/HaiyueStudio/Native/examples/led-sudoku/platforms/ios/build/Debug-iphoneos/ledsudoku.app/AppIcon1024.png

CopyPNGFile /Users/qingque/Desktop/HaiyueStudio/Native/examples/led-sudoku/platforms/ios/build/Debug-iphoneos/ledsudoku.app/AppIcon29x29@3x.png /Users/qingque/Desktop/HaiyueStudio/Native/examples/led-sudoku/platforms/ios/ledsudoku/Resources/AppIcon29x29@3x.png (in target 'ledsudoku' from project 'ledsudoku')
    cd /Users/qingque/Desktop/HaiyueStudio/Native/examples/led-sudoku/platforms/ios
    /Applications/Xcode.app/Contents/Developer/usr/bin/copypng -compress -strip-PNG-text /Users/qingque/Desktop/HaiyueStudio/Native/examples/led-sudoku/platforms/ios/ledsudoku/Resources/AppIcon29x29@3x.png /Users/qingque/Desktop/HaiyueStudio/Native/examples/led-sudoku/platforms/ios/build/Debug-iphoneos/ledsudoku.app/AppIcon29x29@3x.png

CopyPNGFile /Users/qingque/Desktop/HaiyueStudio/Native/examples/led-sudoku/platforms/ios/build/Debug-iphoneos/ledsudoku.app/AppIcon40x40@3x.png /Users/qingque/Desktop/HaiyueStudio/Native/examples/led-sudoku/platforms/ios/ledsudoku/Resources/AppIcon40x40@3x.png (in target 'ledsudoku' from project 'ledsudoku')
    cd /Users/qingque/Desktop/HaiyueStudio/Native/examples/led-sudoku/platforms/ios
    /Applications/Xcode.app/Contents/Developer/usr/bin/copypng -compress -strip-PNG-text /Users/qingque/Desktop/HaiyueStudio/Native/examples/led-sudoku/platforms/ios/ledsudoku/Resources/AppIcon40x40@3x.png /Users/qingque/Desktop/HaiyueStudio/Native/examples/led-sudoku/platforms/ios/build/Debug-iphoneos/ledsudoku.app/AppIcon40x40@3x.png

CopyPNGFile /Users/qingque/Desktop/HaiyueStudio/Native/examples/led-sudoku/platforms/ios/build/Debug-iphoneos/ledsudoku.app/AppIcon40x40@2x.png /Users/qingque/Desktop/HaiyueStudio/Native/examples/led-sudoku/platforms/ios/ledsudoku/Resources/AppIcon40x40@2x.png (in target 'ledsudoku' from project 'ledsudoku')
    cd /Users/qingque/Desktop/HaiyueStudio/Native/examples/led-sudoku/platforms/ios
    /Applications/Xcode.app/Contents/Developer/usr/bin/copypng -compress -strip-PNG-text /Users/qingque/Desktop/HaiyueStudio/Native/examples/led-sudoku/platforms/ios/ledsudoku/Resources/AppIcon40x40@2x.png /Users/qingque/Desktop/HaiyueStudio/Native/examples/led-sudoku/platforms/ios/build/Debug-iphoneos/ledsudoku.app/AppIcon40x40@2x.png

CopyPNGFile /Users/qingque/Desktop/HaiyueStudio/Native/examples/led-sudoku/platforms/ios/build/Debug-iphoneos/ledsudoku.app/AppIcon60x60@2x.png /Users/qingque/Desktop/HaiyueStudio/Native/examples/led-sudoku/platforms/ios/ledsudoku/Resources/AppIcon60x60@2x.png (in target 'ledsudoku' from project 'ledsudoku')
    cd /Users/qingque/Desktop/HaiyueStudio/Native/examples/led-sudoku/platforms/ios
    /Applications/Xcode.app/Contents/Developer/usr/bin/copypng -compress -strip-PNG-text /Users/qingque/Desktop/HaiyueStudio/Native/examples/led-sudoku/platforms/ios/ledsudoku/Resources/AppIcon60x60@2x.png /Users/qingque/Desktop/HaiyueStudio/Native/examples/led-sudoku/platforms/ios/build/Debug-iphoneos/ledsudoku.app/AppIcon60x60@2x.png

CopyPNGFile /Users/qingque/Desktop/HaiyueStudio/Native/examples/led-sudoku/platforms/ios/build/Debug-iphoneos/ledsudoku.app/AppIcon60x60@3x.png /Users/qingque/Desktop/HaiyueStudio/Native/examples/led-sudoku/platforms/ios/ledsudoku/Resources/AppIcon60x60@3x.png (in target 'ledsudoku' from project 'ledsudoku')
    cd /Users/qingque/Desktop/HaiyueStudio/Native/examples/led-sudoku/platforms/ios
    /Applications/Xcode.app/Contents/Developer/usr/bin/copypng -compress -strip-PNG-text /Users/qingque/Desktop/HaiyueStudio/Native/examples/led-sudoku/platforms/ios/ledsudoku/Resources/AppIcon60x60@3x.png /Users/qingque/Desktop/HaiyueStudio/Native/examples/led-sudoku/platforms/ios/build/Debug-iphoneos/ledsudoku.app/AppIcon60x60@3x.png

CopyPNGFile /Users/qingque/Desktop/HaiyueStudio/Native/examples/led-sudoku/platforms/ios/build/Debug-iphoneos/ledsudoku.app/AppIcon29x29@2x.png /Users/qingque/Desktop/HaiyueStudio/Native/examples/led-sudoku/platforms/ios/ledsudoku/Resources/AppIcon29x29@2x.png (in target 'ledsudoku' from project 'ledsudoku')
    cd /Users/qingque/Desktop/HaiyueStudio/Native/examples/led-sudoku/platforms/ios
    /Applications/Xcode.app/Contents/Developer/usr/bin/copypng -compress -strip-PNG-text /Users/qingque/Desktop/HaiyueStudio/Native/examples/led-sudoku/platforms/ios/ledsudoku/Resources/AppIcon29x29@2x.png /Users/qingque/Desktop/HaiyueStudio/Native/examples/led-sudoku/platforms/ios/build/Debug-iphoneos/ledsudoku.app/AppIcon29x29@2x.png

CpResource /Users/qingque/Desktop/HaiyueStudio/Native/examples/led-sudoku/platforms/ios/build/Debug-iphoneos/ledsudoku.app/build.xcconfig /Users/qingque/Desktop/HaiyueStudio/Native/examples/led-sudoku/platforms/ios/ledsudoku/Resources/build.xcconfig (in target 'ledsudoku' from project 'ledsudoku')
    cd /Users/qingque/Desktop/HaiyueStudio/Native/examples/led-sudoku/platforms/ios
    builtin-copy -exclude .DS_Store -exclude CVS -exclude .svn -exclude .git -exclude .hg -resolve-src-symlinks /Users/qingque/Desktop/HaiyueStudio/Native/examples/led-sudoku/platforms/ios/ledsudoku/Resources/build.xcconfig /Users/qingque/Desktop/HaiyueStudio/Native/examples/led-sudoku/platforms/ios/build/Debug-iphoneos/ledsudoku.app

CpResource /Users/qingque/Desktop/HaiyueStudio/Native/examples/led-sudoku/platforms/ios/build/Debug-iphoneos/ledsudoku.app/signing.local.xcconfig /Users/qingque/Desktop/HaiyueStudio/Native/examples/led-sudoku/platforms/ios/ledsudoku/Resources/signing.local.xcconfig (in target 'ledsudoku' from project 'ledsudoku')
    cd /Users/qingque/Desktop/HaiyueStudio/Native/examples/led-sudoku/platforms/ios
    builtin-copy -exclude .DS_Store -exclude CVS -exclude .svn -exclude .git -exclude .hg -resolve-src-symlinks /Users/qingque/Desktop/HaiyueStudio/Native/examples/led-sudoku/platforms/ios/ledsudoku/Resources/signing.local.xcconfig /Users/qingque/Desktop/HaiyueStudio/Native/examples/led-sudoku/platforms/ios/build/Debug-iphoneos/ledsudoku.app

CpResource /Users/qingque/Desktop/HaiyueStudio/Native/examples/led-sudoku/platforms/ios/build/Debug-iphoneos/ledsudoku.app/app /Users/qingque/Desktop/HaiyueStudio/Native/examples/led-sudoku/platforms/ios/ledsudoku/app (in target 'ledsudoku' from project 'ledsudoku')
    cd /Users/qingque/Desktop/HaiyueStudio/Native/examples/led-sudoku/platforms/ios
    builtin-copy -exclude .DS_Store -exclude CVS -exclude .svn -exclude .git -exclude .hg -resolve-src-symlinks /Users/qingque/Desktop/HaiyueStudio/Native/examples/led-sudoku/platforms/ios/ledsudoku/app /Users/qingque/Desktop/HaiyueStudio/Native/examples/led-sudoku/platforms/ios/build/Debug-iphoneos/ledsudoku.app

PhaseScriptExecution NativeScript\ PostBuild /Users/qingque/Desktop/HaiyueStudio/Native/examples/led-sudoku/platforms/ios/device-derived/Build/Intermediates.noindex/ledsudoku.build/Debug-iphoneos/ledsudoku.build/Script-CD3EAD351B05FF060042DBFC.sh (in target 'ledsudoku' from project 'ledsudoku')
    cd /Users/qingque/Desktop/HaiyueStudio/Native/examples/led-sudoku/platforms/ios
    /bin/sh -c /Users/qingque/Desktop/HaiyueStudio/Native/examples/led-sudoku/platforms/ios/device-derived/Build/Intermediates.noindex/ledsudoku.build/Debug-iphoneos/ledsudoku.build/Script-CD3EAD351B05FF060042DBFC.sh
~/Desktop/HaiyueStudio/Native/examples/led-sudoku/platforms/ios/internal ~/Desktop/HaiyueStudio/Native/examples/led-sudoku/platforms/ios
Stripping frameworks
~/Desktop/HaiyueStudio/Native/examples/led-sudoku/platforms/ios

CopySwiftLibs /Users/qingque/Desktop/HaiyueStudio/Native/examples/led-sudoku/platforms/ios/build/Debug-iphoneos/ledsudoku.app (in target 'ledsudoku' from project 'ledsudoku')
    cd /Users/qingque/Desktop/HaiyueStudio/Native/examples/led-sudoku/platforms/ios
    builtin-swiftStdLibTool --copy --verbose --sign F3C124A6A53FD97EB266F60E3E0ABCCE03628979 --scan-executable /Users/qingque/Desktop/HaiyueStudio/Native/examples/led-sudoku/platforms/ios/build/Debug-iphoneos/ledsudoku.app/ledsudoku --scan-folder /Users/qingque/Desktop/HaiyueStudio/Native/examples/led-sudoku/platforms/ios/build/Debug-iphoneos/ledsudoku.app/Frameworks --scan-folder /Users/qingque/Desktop/HaiyueStudio/Native/examples/led-sudoku/platforms/ios/build/Debug-iphoneos/ledsudoku.app/PlugIns --scan-folder /Users/qingque/Desktop/HaiyueStudio/Native/examples/led-sudoku/platforms/ios/build/Debug-iphoneos/ledsudoku.app/SystemExtensions --scan-folder /Users/qingque/Desktop/HaiyueStudio/Native/examples/led-sudoku/platforms/ios/build/Debug-iphoneos/ledsudoku.app/Extensions --scan-folder /Users/qingque/Desktop/HaiyueStudio/Native/examples/led-sudoku/platforms/ios/build/Debug-iphoneos/Pods_ledsudoku.framework --platform iphoneos --toolchain /Applications/Xcode.app/Contents/Developer/Toolchains/XcodeDefault.xctoolchain --destination /Users/qingque/Desktop/HaiyueStudio/Native/examples/led-sudoku/platforms/ios/build/Debug-iphoneos/ledsudoku.app/Frameworks --strip-bitcode --strip-bitcode-tool /Applications/Xcode.app/Contents/Developer/Toolchains/XcodeDefault.xctoolchain/usr/bin/bitcode_strip --emit-dependency-info /Users/qingque/Desktop/HaiyueStudio/Native/examples/led-sudoku/platforms/ios/device-derived/Build/Intermediates.noindex/ledsudoku.build/Debug-iphoneos/ledsudoku.build/SwiftStdLibToolInputDependencies.dep --filter-for-swift-os --back-deploy-swift-span

ExtractAppIntentsMetadata (in target 'ledsudoku' from project 'ledsudoku')
    cd /Users/qingque/Desktop/HaiyueStudio/Native/examples/led-sudoku/platforms/ios
    /Applications/Xcode.app/Contents/Developer/Toolchains/XcodeDefault.xctoolchain/usr/bin/appintentsmetadataprocessor --toolchain-dir /Applications/Xcode.app/Contents/Developer/Toolchains/XcodeDefault.xctoolchain --module-name ledsudoku --sdk-root /Applications/Xcode.app/Contents/Developer/Platforms/iPhoneOS.platform/Developer/SDKs/iPhoneOS26.2.sdk --xcode-version 17C529 --platform-family iOS --deployment-target 15.0 --bundle-identifier org.haiyue.games.ledsudoku --output /Users/qingque/Desktop/HaiyueStudio/Native/examples/led-sudoku/platforms/ios/build/Debug-iphoneos/ledsudoku.app --target-triple arm64-apple-ios15.0 --binary-file /Users/qingque/Desktop/HaiyueStudio/Native/examples/led-sudoku/platforms/ios/build/Debug-iphoneos/ledsudoku.app/ledsudoku --dependency-file /Users/qingque/Desktop/HaiyueStudio/Native/examples/led-sudoku/platforms/ios/device-derived/Build/Intermediates.noindex/ledsudoku.build/Debug-iphoneos/ledsudoku.build/Objects-normal/arm64/ledsudoku_dependency_info.dat --stringsdata-file /Users/qingque/Desktop/HaiyueStudio/Native/examples/led-sudoku/platforms/ios/device-derived/Build/Intermediates.noindex/ledsudoku.build/Debug-iphoneos/ledsudoku.build/Objects-normal/arm64/ExtractedAppShortcutsMetadata.stringsdata --source-file-list /Users/qingque/Desktop/HaiyueStudio/Native/examples/led-sudoku/platforms/ios/device-derived/Build/Intermediates.noindex/ledsudoku.build/Debug-iphoneos/ledsudoku.build/Objects-normal/arm64/ledsudoku.SwiftFileList --metadata-file-list /Users/qingque/Desktop/HaiyueStudio/Native/examples/led-sudoku/platforms/ios/device-derived/Build/Intermediates.noindex/ledsudoku.build/Debug-iphoneos/ledsudoku.build/ledsudoku.DependencyMetadataFileList --static-metadata-file-list /Users/qingque/Desktop/HaiyueStudio/Native/examples/led-sudoku/platforms/ios/device-derived/Build/Intermediates.noindex/ledsudoku.build/Debug-iphoneos/ledsudoku.build/ledsudoku.DependencyStaticMetadataFileList --swift-const-vals-list /Users/qingque/Desktop/HaiyueStudio/Native/examples/led-sudoku/platforms/ios/device-derived/Build/Intermediates.noindex/ledsudoku.build/Debug-iphoneos/ledsudoku.build/Objects-normal/arm64/ledsudoku.SwiftConstValuesFileList --compile-time-extraction --deployment-aware-processing --validate-assistant-intents --no-app-shortcuts-localization
2026-09-20 22:30:27.011 appintentsmetadataprocessor[84303:7261606] Starting appintentsmetadataprocessor export
2026-09-20 22:30:27.016 appintentsmetadataprocessor[84303:7261606] warning: Metadata extraction skipped. No AppIntents.framework dependency found.

GenerateDSYMFile /Users/qingque/Desktop/HaiyueStudio/Native/examples/led-sudoku/platforms/ios/build/Debug-iphoneos/ledsudoku.app.dSYM /Users/qingque/Desktop/HaiyueStudio/Native/examples/led-sudoku/platforms/ios/build/Debug-iphoneos/ledsudoku.app/ledsudoku (in target 'ledsudoku' from project 'ledsudoku')
    cd /Users/qingque/Desktop/HaiyueStudio/Native/examples/led-sudoku/platforms/ios
    /Applications/Xcode.app/Contents/Developer/Toolchains/XcodeDefault.xctoolchain/usr/bin/dsymutil /Users/qingque/Desktop/HaiyueStudio/Native/examples/led-sudoku/platforms/ios/build/Debug-iphoneos/ledsudoku.app/ledsudoku -o /Users/qingque/Desktop/HaiyueStudio/Native/examples/led-sudoku/platforms/ios/build/Debug-iphoneos/ledsudoku.app.dSYM
warning: (arm64) /Users/runner/work/font-manager/font-manager/dist/spm/build/DerivedData/Build/Intermediates.noindex/ArchiveIntermediates/FontManager/IntermediateBuildFilesPath/FontManager.build/Release-iphoneos/FontManager.build/Objects-normal/arm64/NSCFontDescriptors.o unable to open object file: No such file or directory
warning: (arm64) /Users/runner/work/font-manager/font-manager/dist/spm/build/DerivedData/Build/Intermediates.noindex/ArchiveIntermediates/FontManager/IntermediateBuildFilesPath/FontManager.build/Release-iphoneos/FontManager.build/Objects-normal/arm64/NSCFontFace.o unable to open object file: No such file or directory
warning: (arm64) /Users/runner/work/font-manager/font-manager/dist/spm/build/DerivedData/Build/Intermediates.noindex/ArchiveIntermediates/FontManager/IntermediateBuildFilesPath/FontManager.build/Release-iphoneos/FontManager.build/Objects-normal/arm64/NSCFontFaceSet.o unable to open object file: No such file or directory
warning: (arm64) /Users/runner/work/font-manager/font-manager/dist/spm/build/DerivedData/Build/Intermediates.noindex/ArchiveIntermediates/FontManager/IntermediateBuildFilesPath/FontManager.build/Release-iphoneos/FontManager.build/Objects-normal/arm64/NSCFontParser.o unable to open object file: No such file or directory
warning: (arm64) /Users/runner/work/font-manager/font-manager/dist/spm/build/DerivedData/Build/Intermediates.noindex/ArchiveIntermediates/FontManager/IntermediateBuildFilesPath/FontManager.build/Release-iphoneos/FontManager.build/Objects-normal/arm64/NSCFontResolver.o unable to open object file: No such file or directory
warning: (arm64) /Users/runner/work/font-manager/font-manager/dist/spm/build/DerivedData/Build/Intermediates.noindex/ArchiveIntermediates/FontManager/IntermediateBuildFilesPath/FontManager.build/Release-iphoneos/FontManager.build/Objects-normal/arm64/NSCFontStyle.o unable to open object file: No such file or directory
warning: (arm64) /Users/runner/work/font-manager/font-manager/dist/spm/build/DerivedData/Build/Intermediates.noindex/ArchiveIntermediates/FontManager/IntermediateBuildFilesPath/FontManager.build/Release-iphoneos/FontManager.build/Objects-normal/arm64/NSCFontTypes.o unable to open object file: No such file or directory
warning: (arm64) /Users/runner/work/font-manager/font-manager/dist/spm/build/DerivedData/Build/Intermediates.noindex/ArchiveIntermediates/FontManager/IntermediateBuildFilesPath/FontManager.build/Release-iphoneos/FontManager.build/Objects-normal/arm64/NSCFontRegex.o unable to open object file: No such file or directory

CodeSign /Users/qingque/Desktop/HaiyueStudio/Native/examples/led-sudoku/platforms/ios/build/Debug-iphoneos/ledsudoku.app (in target 'ledsudoku' from project 'ledsudoku')
    cd /Users/qingque/Desktop/HaiyueStudio/Native/examples/led-sudoku/platforms/ios
    
    Signing Identity:     "Apple Development: qingque60@gmail.com (83884YQRQR)"
    Provisioning Profile: "iOS Team Provisioning Profile: org.haiyue.games.ledsudoku"
                          (a7e686e9-f710-42a4-992d-e0ab6dba2936)
    
    /usr/bin/codesign --force --sign F3C124A6A53FD97EB266F60E3E0ABCCE03628979 --entitlements /Users/qingque/Desktop/HaiyueStudio/Native/examples/led-sudoku/platforms/ios/device-derived/Build/Intermediates.noindex/ledsudoku.build/Debug-iphoneos/ledsudoku.build/ledsudoku.app.xcent --timestamp\=none --generate-entitlement-der /Users/qingque/Desktop/HaiyueStudio/Native/examples/led-sudoku/platforms/ios/build/Debug-iphoneos/ledsudoku.app

Validate /Users/qingque/Desktop/HaiyueStudio/Native/examples/led-sudoku/platforms/ios/build/Debug-iphoneos/ledsudoku.app (in target 'ledsudoku' from project 'ledsudoku')
    cd /Users/qingque/Desktop/HaiyueStudio/Native/examples/led-sudoku/platforms/ios
    builtin-validationUtility /Users/qingque/Desktop/HaiyueStudio/Native/examples/led-sudoku/platforms/ios/build/Debug-iphoneos/ledsudoku.app -shallow-bundle -infoplist-subpath Info.plist

** BUILD SUCCEEDED **

