✖ arched corner surfaces remain symmetric under rotation and mirroring (11.419111ms)
✔ arched barriers have a 32-triangle crown per cell and outward winding (11.944133ms)
✔ L and T wall joins share identical roof vertices/normals and omit internal side faces (3.742989ms)
✔ narrow door jambs keep their original aperture and fit conservative mesh bounds (1.539013ms)
✔ stacked barriers remove hidden roofs; adding a walkable cover invalidates geometry identity (2.023061ms)
✔ translated and reordered copies of the same wall share canonical geometry identities (3.016213ms)
ℹ tests 6
ℹ suites 0
ℹ pass 5
ℹ fail 1
ℹ cancelled 0
ℹ skipped 0
ℹ todo 0
ℹ duration_ms 287.858505

✖ failing tests:

test at games/test/boxbound-wall-mesh.test.mjs:25:1
✖ arched corner surfaces remain symmetric under rotation and mirroring (11.419111ms)
  AssertionError [ERR_ASSERTION]: rotated/mirrored roof differs at 1.56,1.56
      at TestContext.<anonymous> (file:///Users/qingque/Desktop/HaiyueStudio/Games/games/test/boxbound-wall-mesh.test.mjs:32:12)
      at Test.runInAsyncScope (node:async_hooks:227:14)
      at Test.run (node:internal/test_runner/test:1382:25)
      at Test.start (node:internal/test_runner/test:1242:17)
      at startSubtestAfterBootstrap (node:internal/test_runner/harness:387:17) {
    generatedMessage: false,
    code: 'ERR_ASSERTION',
    actual: false,
    expected: true,
    operator: '==',
    diff: 'simple'
  }
