
> @haiyue/native-sky-strike@0.1.0 build:device
> node scripts/build-device.mjs

70 sprites, 29,255,936 bytes
Canvas binding patch: {
  version: '2.1.18',
  queueSha256: 'a38a58942c488ccece244424b1c4e91c8f3e257dd201b85dd63871988ff30369',
  file: 'WebGPU/GPURenderPassEncoder.js',
  sha256: '7a14f279e042bb748781c10a6c56a6122931525f56943096815fb1143b583cf7'
}
Preparing project...
assets by path [1m[32mgame-assets/[39m[22m 31.9 MiB
  assets by path [1m[32mgame-assets/assets/[39m[22m 31.9 MiB
    assets by path [1m[32mgame-assets/assets/audio/*.wav[39m[22m 4 MiB 21 assets
    asset [1m[32mgame-assets/assets/sprites.rgba[39m[22m 27.9 MiB [1m[32m[emitted][39m[22m [from: src/game-assets/assets/sprites.rgba] [1m[32m[copied][39m[22m
    asset [1m[32mgame-assets/assets/sprites.json[39m[22m 8.82 KiB [1m[32m[emitted][39m[22m [from: src/game-assets/assets/sprites.json] [1m[32m[copied][39m[22m
  assets by path [1m[32mgame-assets/levels/*.json[39m[22m 15.7 KiB
    asset [1m[32mgame-assets/levels/level-12.json[39m[22m 2.01 KiB [1m[32m[emitted][39m[22m [from: src/game-assets/levels/level-12.json] [1m[32m[copied][39m[22m
    asset [1m[32mgame-assets/levels/level-08.json[39m[22m 1.63 KiB [1m[32m[emitted][39m[22m [from: src/game-assets/levels/level-08.json] [1m[32m[copied][39m[22m
    asset [1m[32mgame-assets/levels/level-11.json[39m[22m 1.59 KiB [1m[32m[emitted][39m[22m [from: src/game-assets/levels/level-11.json] [1m[32m[copied][39m[22m
    + 9 assets
assets by status 7.14 MiB [1m[33m[compared for emit][39m[22m
  asset [1m[32mvendor.mjs[39m[22m 7.13 MiB [1m[33m[compared for emit][39m[22m [javascript module] (name: vendor) (id hint: vendor) 1 related asset
  asset [1m[32mruntime.mjs[39m[22m 6.05 KiB [1m[33m[compared for emit][39m[22m [javascript module] (name: runtime) 1 related asset
  asset [1m[32mtns_modules/inspector_modules.mjs[39m[22m 778 bytes [1m[33m[compared for emit][39m[22m [javascript module] (name: tns_modules/inspector_modules) 1 related asset
asset [1m[32mbundle.mjs[39m[22m 450 KiB [1m[32m[emitted][39m[22m [javascript module] (name: bundle) 1 related asset
Entrypoint [1mbundle[39m[22m 7.58 MiB (8.25 MiB) = [1m[32mruntime.mjs[39m[22m 6.05 KiB [1m[32mvendor.mjs[39m[22m 7.13 MiB [1m[32mbundle.mjs[39m[22m 450 KiB 3 auxiliary assets
Entrypoint [1mtns_modules/inspector_modules[39m[22m 7.14 MiB (7.47 MiB) = [1m[32mruntime.mjs[39m[22m 6.05 KiB [1m[32mvendor.mjs[39m[22m 7.13 MiB [1m[32mtns_modules/inspector_modules.mjs[39m[22m 778 bytes 3 auxiliary assets
orphan modules 1.08 MiB [1m[33m[orphan][39m[22m 22 modules
runtime modules 3.12 KiB 7 modules
modules by path [1m./node_modules/[39m[22m 6.24 MiB 671 modules
modules by path [1m../../[39m[22m 362 KiB
  modules by path [1m../../games/[39m[22m 303 KiB 30 modules
  modules by path [1m../../bridge/[39m[22m 59.1 KiB 22 modules
modules by path [1m./src/[39m[22m 22.1 KiB
  modules by path [1m./src/*.ts[39m[22m 20.4 KiB 2 modules
  [1m./src/ sync \.(xml%7Cjs%7C(%3F<%21\.d\.)ts%7Cs%3Fcss)$[39m[22m 226 bytes [1m[33m[built][39m[22m [1m[33m[code generated][39m[22m
  [1m./src/app.css[39m[22m 508 bytes [1m[33m[built][39m[22m [1m[33m[code generated][39m[22m
  [1m./src/main-page.xml[39m[22m 1.05 KiB [1m[33m[optional][39m[22m [1m[33m[built][39m[22m [1m[33m[code generated][39m[22m
[1m./orientation.json[39m[22m 55 bytes [1m[33m[built][39m[22m [1m[33m[code generated][39m[22m
[1mexternal "~/package.json"[39m[22m 42 bytes [1m[33m[built][39m[22m [1m[33m[code generated][39m[22m
webpack 5.110.3 compiled [1m[32msuccessfully[39m[22m in 13487 ms
Webpack compilation complete.
Installing pods...
/usr/local/lib/ruby/gems/4.0.0/gems/molinillo-0.8.0/lib/molinillo/dependency_graph.rb:3: warning: tsort was loaded from the standard library, but will no longer be part of the default gems starting from Ruby 4.1.0
You can add tsort to your Gemfile or gemspec to silence this warning.
Analyzing dependencies
Downloading dependencies
Generating Pods project
Integrating client project
Pod installation complete! There are 0 dependencies from the Podfile and 0 total pods installed.

[!] The Podfile does not contain any dependencies.
Swift Packages:
  CanvasNative (local: node_modules/@nativescript/canvas/platforms/ios/NativeScriptV8)
  FontManager (1.0.14 · https://github.com/NativeScript/font-manager.git)
- Resolving Swift Package dependencies… (0m 0s)
✔ Swift Package dependencies resolved (0m 14s)
Updating runtime package.json with configuration values...
Project successfully prepared (ios)
Command line invocation:
    /Applications/Xcode.app/Contents/Developer/usr/bin/xcodebuild -workspace platforms/ios/skystrike.xcworkspace -scheme skystrike -configuration Debug -sdk iphoneos -destination id=00008101-0006546C2263001E -allowProvisioningUpdates -allowProvisioningDeviceRegistration -disableAutomaticPackageResolution DEVELOPMENT_TEAM=22T5YFVY2B SWIFT_ENABLE_EXPLICIT_MODULES=NO IPHONEOS_DEPLOYMENT_TARGET=15.0 BUILD_DIR=/Users/qingque/Desktop/HaiyueStudio/Native/examples/sky-strike//platforms/ios/build SHARED_PRECOMPS_DIR=/Users/qingque/Desktop/HaiyueStudio/Native/examples/sky-strike//platforms/ios/build/sharedpch build

Build settings from command line:
    BUILD_DIR = /Users/qingque/Desktop/HaiyueStudio/Native/examples/sky-strike//platforms/ios/build
    DEVELOPMENT_TEAM = 22T5YFVY2B
    IPHONEOS_DEPLOYMENT_TARGET = 15.0
    SDKROOT = iphoneos26.2
    SHARED_PRECOMPS_DIR = /Users/qingque/Desktop/HaiyueStudio/Native/examples/sky-strike//platforms/ios/build/sharedpch
    SWIFT_ENABLE_EXPLICIT_MODULES = NO

Resolve Package Graph


Resolved source packages:
  CanvasNative: /Users/qingque/Desktop/HaiyueStudio/Native/examples/sky-strike/node_modules/@nativescript/canvas/platforms/ios/NativeScriptV8 @ local
  FontManager: https://github.com/NativeScript/font-manager.git @ 1.0.14

ComputePackagePrebuildTargetDependencyGraph

Prepare packages

CreateBuildRequest

SendProjectDescription

CreateBuildOperation

ComputeTargetDependencyGraph
note: Building targets in dependency order
note: Target dependency graph (5 targets)
    Target 'skystrike' in project 'skystrike'
        ➜ Implicit dependency on target 'Pods-skystrike' in project 'Pods' via file 'Pods_skystrike.framework' in build phase 'Link Binary'
        ➜ Explicit dependency on target 'NativeScriptV8' in project 'CanvasNative'
        ➜ Explicit dependency on target 'FontManager' in project 'FontManager'
    Target 'FontManager' in project 'FontManager' (no dependencies)
    Target 'NativeScriptV8' in project 'CanvasNative'
        ➜ Explicit dependency on target 'NativeScriptV8' in project 'CanvasNative'
    Target 'NativeScriptV8' in project 'CanvasNative' (no dependencies)
    Target 'Pods-skystrike' in project 'Pods' (no dependencies)

GatherProvisioningInputs

CreateBuildDescription

ExecuteExternalTool /Applications/Xcode.app/Contents/Developer/Toolchains/XcodeDefault.xctoolchain/usr/bin/clang -v -E -dM -isysroot /Applications/Xcode.app/Contents/Developer/Platforms/iPhoneOS.platform/Developer/SDKs/iPhoneOS26.2.sdk -x c -c /dev/null

ExecuteExternalTool /Applications/Xcode.app/Contents/Developer/Toolchains/XcodeDefault.xctoolchain/usr/bin/clang -v -E -dM -arch arm64 -isysroot /Applications/Xcode.app/Contents/Developer/Platforms/iPhoneOS.platform/Developer/SDKs/iPhoneOS26.2.sdk -x c -c /dev/null

ExecuteExternalTool /Applications/Xcode.app/Contents/Developer/Toolchains/XcodeDefault.xctoolchain/usr/bin/clang -v -E -dM -arch arm64 -isysroot /Applications/Xcode.app/Contents/Developer/Platforms/iPhoneOS.platform/Developer/SDKs/iPhoneOS26.2.sdk -x objective-c -c /dev/null

ExecuteExternalTool /Applications/Xcode.app/Contents/Developer/Toolchains/XcodeDefault.xctoolchain/usr/bin/clang -v -E -dM -arch arm64 -isysroot /Applications/Xcode.app/Contents/Developer/Platforms/iPhoneOS.platform/Developer/SDKs/iPhoneOS26.2.sdk -x objective-c++ -c /dev/null

ExecuteExternalTool /Applications/Xcode.app/Contents/Developer/Toolchains/XcodeDefault.xctoolchain/usr/bin/ld -version_details

ExecuteExternalTool /Applications/Xcode.app/Contents/Developer/Toolchains/XcodeDefault.xctoolchain/usr/bin/libtool -V

ExecuteExternalTool /Applications/Xcode.app/Contents/Developer/Toolchains/XcodeDefault.xctoolchain/usr/bin/clang -v -E -dM -arch arm64 -isysroot /Applications/Xcode.app/Contents/Developer/Platforms/iPhoneOS.platform/Developer/SDKs/iPhoneOS26.2.sdk -x c++ -c /dev/null

ExecuteExternalTool /Applications/Xcode.app/Contents/Developer/Toolchains/XcodeDefault.xctoolchain/usr/bin/swiftc --version

Build description signature: 3f8f9ba2935fc34e0ab71005575c7feb
Build description path: /Users/qingque/Library/Developer/Xcode/DerivedData/skystrike-ayrlqpjxmfupotbgeiaroarzuiqi/Build/Intermediates.noindex/XCBuildData/3f8f9ba2935fc34e0ab71005575c7feb.xcbuilddata
ClangStatCache /Applications/Xcode.app/Contents/Developer/Toolchains/XcodeDefault.xctoolchain/usr/bin/clang-stat-cache /Applications/Xcode.app/Contents/Developer/Platforms/iPhoneOS.platform/Developer/SDKs/iPhoneOS26.2.sdk /Users/qingque/Library/Developer/Xcode/DerivedData/SDKStatCaches.noindex/iphoneos26.2-23C57-3794476bd08197c3e2abd9bb477ef7f7.sdkstatcache
    cd /Users/qingque/Desktop/HaiyueStudio/Native/examples/sky-strike/platforms/ios
    /Applications/Xcode.app/Contents/Developer/Toolchains/XcodeDefault.xctoolchain/usr/bin/clang-stat-cache /Applications/Xcode.app/Contents/Developer/Platforms/iPhoneOS.platform/Developer/SDKs/iPhoneOS26.2.sdk -o /Users/qingque/Library/Developer/Xcode/DerivedData/SDKStatCaches.noindex/iphoneos26.2-23C57-3794476bd08197c3e2abd9bb477ef7f7.sdkstatcache

note: Run script build phase 'NativeScript PreBuild' will be run during every build because the option to run the script phase "Based on dependency analysis" is unchecked. (in target 'skystrike' from project 'skystrike')
note: Run script build phase 'NativeScript PreLink' will be run during every build because the option to run the script phase "Based on dependency analysis" is unchecked. (in target 'skystrike' from project 'skystrike')
note: Run script build phase 'NativeScript PostBuild' will be run during every build because the option to run the script phase "Based on dependency analysis" is unchecked. (in target 'skystrike' from project 'skystrike')
ProcessProductPackaging /Users/qingque/Desktop/HaiyueStudio/Native/examples/sky-strike/platforms/ios/skystrike/skystrike.entitlements /Users/qingque/Library/Developer/Xcode/DerivedData/skystrike-ayrlqpjxmfupotbgeiaroarzuiqi/Build/Intermediates.noindex/skystrike.build/Debug-iphoneos/skystrike.build/skystrike.app.xcent (in target 'skystrike' from project 'skystrike')
    cd /Users/qingque/Desktop/HaiyueStudio/Native/examples/sky-strike/platforms/ios
    
    Entitlements:
    
    {
    "application-identifier" = "22T5YFVY2B.org.haiyue.native.skystrike";
    "com.apple.developer.team-identifier" = 22T5YFVY2B;
    "get-task-allow" = 1;
}
    
    builtin-productPackagingUtility /Users/qingque/Desktop/HaiyueStudio/Native/examples/sky-strike/platforms/ios/skystrike/skystrike.entitlements -entitlements -format xml -o /Users/qingque/Library/Developer/Xcode/DerivedData/skystrike-ayrlqpjxmfupotbgeiaroarzuiqi/Build/Intermediates.noindex/skystrike.build/Debug-iphoneos/skystrike.build/skystrike.app.xcent

ProcessProductPackagingDER /Users/qingque/Library/Developer/Xcode/DerivedData/skystrike-ayrlqpjxmfupotbgeiaroarzuiqi/Build/Intermediates.noindex/skystrike.build/Debug-iphoneos/skystrike.build/skystrike.app.xcent /Users/qingque/Library/Developer/Xcode/DerivedData/skystrike-ayrlqpjxmfupotbgeiaroarzuiqi/Build/Intermediates.noindex/skystrike.build/Debug-iphoneos/skystrike.build/skystrike.app.xcent.der (in target 'skystrike' from project 'skystrike')
    cd /Users/qingque/Desktop/HaiyueStudio/Native/examples/sky-strike/platforms/ios
    /usr/bin/derq query -f xml -i /Users/qingque/Library/Developer/Xcode/DerivedData/skystrike-ayrlqpjxmfupotbgeiaroarzuiqi/Build/Intermediates.noindex/skystrike.build/Debug-iphoneos/skystrike.build/skystrike.app.xcent -o /Users/qingque/Library/Developer/Xcode/DerivedData/skystrike-ayrlqpjxmfupotbgeiaroarzuiqi/Build/Intermediates.noindex/skystrike.build/Debug-iphoneos/skystrike.build/skystrike.app.xcent.der --raw

ProcessInfoPlistFile /Users/qingque/Desktop/HaiyueStudio/Native/examples/sky-strike/platforms/ios/build/Debug-iphoneos/Pods_skystrike.framework/Info.plist /Users/qingque/Desktop/HaiyueStudio/Native/examples/sky-strike/platforms/ios/Pods/Target\ Support\ Files/Pods-skystrike/Pods-skystrike-Info.plist (in target 'Pods-skystrike' from project 'Pods')
    cd /Users/qingque/Desktop/HaiyueStudio/Native/examples/sky-strike/platforms/ios/Pods
    builtin-infoPlistUtility /Users/qingque/Desktop/HaiyueStudio/Native/examples/sky-strike/platforms/ios/Pods/Target\ Support\ Files/Pods-skystrike/Pods-skystrike-Info.plist -producttype com.apple.product-type.framework -expandbuildsettings -format binary -platform iphoneos -requiredArchitecture arm64 -o /Users/qingque/Desktop/HaiyueStudio/Native/examples/sky-strike/platforms/ios/build/Debug-iphoneos/Pods_skystrike.framework/Info.plist

PhaseScriptExecution [CP]\ Check\ Pods\ Manifest.lock /Users/qingque/Library/Developer/Xcode/DerivedData/skystrike-ayrlqpjxmfupotbgeiaroarzuiqi/Build/Intermediates.noindex/skystrike.build/Debug-iphoneos/skystrike.build/Script-DF7F358FF1755039C2658560.sh (in target 'skystrike' from project 'skystrike')
    cd /Users/qingque/Desktop/HaiyueStudio/Native/examples/sky-strike/platforms/ios
    /bin/sh -c /Users/qingque/Library/Developer/Xcode/DerivedData/skystrike-ayrlqpjxmfupotbgeiaroarzuiqi/Build/Intermediates.noindex/skystrike.build/Debug-iphoneos/skystrike.build/Script-DF7F358FF1755039C2658560.sh

PhaseScriptExecution NativeScript\ PreBuild /Users/qingque/Library/Developer/Xcode/DerivedData/skystrike-ayrlqpjxmfupotbgeiaroarzuiqi/Build/Intermediates.noindex/skystrike.build/Debug-iphoneos/skystrike.build/Script-C97FD7AC1ADE5369004DB2A4.sh (in target 'skystrike' from project 'skystrike')
    cd /Users/qingque/Desktop/HaiyueStudio/Native/examples/sky-strike/platforms/ios
    /bin/sh -c /Users/qingque/Library/Developer/Xcode/DerivedData/skystrike-ayrlqpjxmfupotbgeiaroarzuiqi/Build/Intermediates.noindex/skystrike.build/Debug-iphoneos/skystrike.build/Script-C97FD7AC1ADE5369004DB2A4.sh

Ld /Users/qingque/Desktop/HaiyueStudio/Native/examples/sky-strike/platforms/ios/build/Debug-iphoneos/skystrike.app/skystrike normal (in target 'skystrike' from project 'skystrike')
    cd /Users/qingque/Desktop/HaiyueStudio/Native/examples/sky-strike/platforms/ios
    /Users/qingque/Desktop/HaiyueStudio/Native/examples/sky-strike/platforms/ios/internal/nsld.sh -Xlinker -reproducible -target arm64-apple-ios15.0 -isysroot /Applications/Xcode.app/Contents/Developer/Platforms/iPhoneOS.platform/Developer/SDKs/iPhoneOS26.2.sdk -O0 -L/Users/qingque/Library/Developer/Xcode/DerivedData/skystrike-ayrlqpjxmfupotbgeiaroarzuiqi/Build/Intermediates.noindex/EagerLinkingTBDs/Debug-iphoneos -L/Users/qingque/Desktop/HaiyueStudio/Native/examples/sky-strike/platforms/ios/build/Debug-iphoneos -F/Users/qingque/Library/Developer/Xcode/DerivedData/skystrike-ayrlqpjxmfupotbgeiaroarzuiqi/Build/Intermediates.noindex/EagerLinkingTBDs/Debug-iphoneos -F/Users/qingque/Desktop/HaiyueStudio/Native/examples/sky-strike/platforms/ios/build/Debug-iphoneos/PackageFrameworks -F/Users/qingque/Desktop/HaiyueStudio/Native/examples/sky-strike/platforms/ios/build/Debug-iphoneos -F/Users/qingque/Desktop/HaiyueStudio/Native/examples/sky-strike/platforms/ios/internal -F/Users/qingque/Desktop/HaiyueStudio/Native/examples/sky-strike/platforms/ios/build/Debug-iphoneos -F../../node_modules/@nativescript/canvas/platforms/ios -F../../node_modules/@nativescript/core/platforms/ios -filelist /Users/qingque/Library/Developer/Xcode/DerivedData/skystrike-ayrlqpjxmfupotbgeiaroarzuiqi/Build/Intermediates.noindex/skystrike.build/Debug-iphoneos/skystrike.build/Objects-normal/arm64/skystrike.LinkFileList -Xlinker -rpath -Xlinker /usr/lib/swift -Xlinker -rpath -Xlinker /Users/qingque/Desktop/HaiyueStudio/Native/examples/sky-strike/platforms/ios/build/Debug-iphoneos/PackageFrameworks -Xlinker -rpath -Xlinker @executable_path/Frameworks -dead_strip -Xlinker -object_path_lto -Xlinker /Users/qingque/Library/Developer/Xcode/DerivedData/skystrike-ayrlqpjxmfupotbgeiaroarzuiqi/Build/Intermediates.noindex/skystrike.build/Debug-iphoneos/skystrike.build/Objects-normal/arm64/skystrike_lto.o -rdynamic -Xlinker -no_deduplicate -Xlinker -dependency_info -Xlinker /Users/qingque/Library/Developer/Xcode/DerivedData/skystrike-ayrlqpjxmfupotbgeiaroarzuiqi/Build/Intermediates.noindex/skystrike.build/Debug-iphoneos/skystrike.build/Objects-normal/arm64/skystrike_dependency_info.dat -stdlib\=libc++ -fobjc-arc -fobjc-link-runtime -L/Applications/Xcode.app/Contents/Developer/Toolchains/XcodeDefault.xctoolchain/usr/lib/swift/iphoneos -L/usr/lib/swift -Xlinker -add_ast_path -Xlinker /Users/qingque/Library/Developer/Xcode/DerivedData/skystrike-ayrlqpjxmfupotbgeiaroarzuiqi/Build/Intermediates.noindex/skystrike.build/Debug-iphoneos/skystrike.build/Objects-normal/arm64/skystrike.swiftmodule -Wl,-no_warn_duplicate_libraries -ObjC -sectcreate __DATA __TNSMetadata /Users/qingque/Desktop/HaiyueStudio/Native/examples/sky-strike/platforms/ios/build/Debug-iphoneos/metadata-arm64.bin -framework NativeScript -framework TKLiveSync -F/Users/qingque/Desktop/HaiyueStudio/Native/examples/sky-strike/platforms/ios/internal -licucore -lz -lc++ -framework Foundation -framework UIKit -framework CoreGraphics -framework CoreServices -framework Security -framework Foundation -framework CanvasNative -framework OpenGLES -framework GLKit -framework CanvasNative -framework NSCWinterTC -framework TNSWidgets -framework Pods_skystrike -lFontManager -Xlinker -no_adhoc_codesign -o /Users/qingque/Desktop/HaiyueStudio/Native/examples/sky-strike/platforms/ios/build/Debug-iphoneos/skystrike.app/skystrike
./.build_env_vars.sh: line 622: declare: UID: readonly variable
Generating metadata...~/Desktop/HaiyueStudio/Native/examples/sky-strike/platforms/ios/internal/metadata-generator-x86_64/bin ~/Desktop/HaiyueStudio/Native/examples/sky-strike/platforms/ios
Python version: 3.9.6 (default, Jan  9 2026, 11:03:41) 
[Clang 17.0.0 (clang-1700.6.4.2)]
Generating metadata for arm64
Metadata Generator Arguments: 
./objc-metadata-generator -verbose -output-bin /Users/qingque/Desktop/HaiyueStudio/Native/examples/sky-strike/platforms/ios/build/Debug-iphoneos/metadata-arm64.bin -output-umbrella /Users/qingque/Desktop/HaiyueStudio/Native/examples/sky-strike/platforms/ios/build/Debug-iphoneos/umbrella-arm64.h -docset-path /Users/qingque/Library/Developer/Shared/Documentation/DocSets/com.apple.adc.documentation.iOS.docset Xclang -isysroot /Applications/Xcode.app/Contents/Developer/Platforms/iPhoneOS.platform/Developer/SDKs/iPhoneOS26.2.sdk -std=gnu99 -target arm64-apple-ios26.2 -I/Users/qingque/Desktop/HaiyueStudio/Native/examples/sky-strike/node_modules/@nativescript/canvas/platforms/ios/NativeScriptV8/Headers -I/Users/qingque/Desktop/HaiyueStudio/Native/examples/sky-strike/platforms/ios/build/Debug-iphoneos/include -I/Users/qingque/Desktop/HaiyueStudio/Native/examples/sky-strike/platforms/ios/internal/Swift-Modules -I/Users/qingque/Desktop/HaiyueStudio/Native/examples/sky-strike/platforms/ios/internal -I/Users/qingque/Desktop/HaiyueStudio/Native/examples/sky-strike/platforms/ios/../../App_Resources/iOS/src -I/Users/qingque/Desktop/HaiyueStudio/Native/examples/sky-strike/platforms/ios/../../node_modules/@nativescript/canvas/platforms/ios/src -I/Users/qingque/Desktop/HaiyueStudio/Native/examples/sky-strike/platforms/ios/../../node_modules/@nativescript/core/platforms/ios/src -I/Users/qingque/Desktop/HaiyueStudio/Native/examples/sky-strike//platforms/ios/build/Debug-iphoneos/NativeScript.framework/Headers -I/Users/qingque/Desktop/HaiyueStudio/Native/examples/sky-strike//platforms/ios/build/Debug-iphoneos/NativeScript.framework/Headers/include -F/Users/qingque/Desktop/HaiyueStudio/Native/examples/sky-strike/platforms/ios/build/Debug-iphoneos/PackageFrameworks -F/Users/qingque/Desktop/HaiyueStudio/Native/examples/sky-strike/platforms/ios/build/Debug-iphoneos -F/Users/qingque/Desktop/HaiyueStudio/Native/examples/sky-strike/platforms/ios/internal/ -F/Users/qingque/Desktop/HaiyueStudio/Native/examples/sky-strike/platforms/ios/build/Debug-iphoneos -F../../node_modules/@nativescript/canvas/platforms/ios -F../../node_modules/@nativescript/core/platforms/ios -F/Applications/Xcode.app/Contents/Developer/Platforms/iPhoneOS.platform/Developer/SDKs/iPhoneOS26.2.sdk/System/Library/SubFrameworks -fmodule-map-file=/Users/qingque/Library/Developer/Xcode/DerivedData/skystrike-ayrlqpjxmfupotbgeiaroarzuiqi/Build/Intermediates.noindex/GeneratedModuleMaps-iphoneos/NativeScriptV8.modulemap -I/Users/qingque/Desktop/HaiyueStudio/Native/examples/sky-strike/platforms/ios/build/Debug-iphoneos/NativeScript.framework/Headers -I/Users/qingque/Desktop/HaiyueStudio/Native/examples/sky-strike/platforms/ios/build/Debug-iphoneos/NativeScript.framework/Headers/include -DCOCOAPODS=1 -DDEBUG=1 -DNS_SWIFTUI_BOOT=0 
Clang Arguments: 
"-v", "-x", "objective-c", "-fno-objc-arc", "-fmodule-maps", "-ferror-limit=0", "-Wno-unknown-pragmas", "-Wno-ignored-attributes", "-Wno-nullability-completeness", "-Wno-expansion-to-defined", "-D__NATIVESCRIPT_METADATA_GENERATOR=1", "-isysroot", "/Applications/Xcode.app/Contents/Developer/Platforms/iPhoneOS.platform/Developer/SDKs/iPhoneOS26.2.sdk", "-std=gnu99", "-target", "arm64-apple-ios26.2", "-I/Users/qingque/Desktop/HaiyueStudio/Native/examples/sky-strike/node_modules/@nativescript/canvas/platforms/ios/NativeScriptV8/Headers", "-I/Users/qingque/Desktop/HaiyueStudio/Native/examples/sky-strike/platforms/ios/build/Debug-iphoneos/include", "-I/Users/qingque/Desktop/HaiyueStudio/Native/examples/sky-strike/platforms/ios/internal/Swift-Modules", "-I/Users/qingque/Desktop/HaiyueStudio/Native/examples/sky-strike/platforms/ios/internal", "-I/Users/qingque/Desktop/HaiyueStudio/Native/examples/sky-strike/platforms/ios/../../App_Resources/iOS/src", "-I/Users/qingque/Desktop/HaiyueStudio/Native/examples/sky-strike/platforms/ios/../../node_modules/@nativescript/canvas/platforms/ios/src", "-I/Users/qingque/Desktop/HaiyueStudio/Native/examples/sky-strike/platforms/ios/../../node_modules/@nativescript/core/platforms/ios/src", "-I/Users/qingque/Desktop/HaiyueStudio/Native/examples/sky-strike//platforms/ios/build/Debug-iphoneos/NativeScript.framework/Headers", "-I/Users/qingque/Desktop/HaiyueStudio/Native/examples/sky-strike//platforms/ios/build/Debug-iphoneos/NativeScript.framework/Headers/include", "-F/Users/qingque/Desktop/HaiyueStudio/Native/examples/sky-strike/platforms/ios/build/Debug-iphoneos/PackageFrameworks", "-F/Users/qingque/Desktop/HaiyueStudio/Native/examples/sky-strike/platforms/ios/build/Debug-iphoneos", "-F/Users/qingque/Desktop/HaiyueStudio/Native/examples/sky-strike/platforms/ios/internal/", "-F/Users/qingque/Desktop/HaiyueStudio/Native/examples/sky-strike/platforms/ios/build/Debug-iphoneos", "-F../../node_modules/@nativescript/canvas/platforms/ios", "-F../../node_modules/@nativescript/core/platforms/ios", "-F/Applications/Xcode.app/Contents/Developer/Platforms/iPhoneOS.platform/Developer/SDKs/iPhoneOS26.2.sdk/System/Library/SubFrameworks", "-fmodule-map-file=/Users/qingque/Library/Developer/Xcode/DerivedData/skystrike-ayrlqpjxmfupotbgeiaroarzuiqi/Build/Intermediates.noindex/GeneratedModuleMaps-iphoneos/NativeScriptV8.modulemap", "-I/Users/qingque/Desktop/HaiyueStudio/Native/examples/sky-strike/platforms/ios/build/Debug-iphoneos/NativeScript.framework/Headers", "-I/Users/qingque/Desktop/HaiyueStudio/Native/examples/sky-strike/platforms/ios/build/Debug-iphoneos/NativeScript.framework/Headers/include", "-DCOCOAPODS=1", "-DDEBUG=1", "-DNS_SWIFTUI_BOOT=0", 
Merged 1464 categories.
Result: 65783 declarations from 212 top level modules
Done! Running time: 35.9311 sec 
Saving metadata generation's stderr stream to: /Users/qingque/Desktop/HaiyueStudio/Native/examples/sky-strike/platforms/ios/build/Debug-iphoneos/metadata-generation-stderr-arm64.txt
~/Desktop/HaiyueStudio/Native/examples/sky-strike/platforms/ios
clang: warning: argument unused during compilation: '-stdlib=libc++' [-Wunused-command-line-argument]

PhaseScriptExecution NativeScript\ PreLink /Users/qingque/Library/Developer/Xcode/DerivedData/skystrike-ayrlqpjxmfupotbgeiaroarzuiqi/Build/Intermediates.noindex/skystrike.build/Debug-iphoneos/skystrike.build/Script-CD62955B1BB2651D00AE3A93.sh (in target 'skystrike' from project 'skystrike')
    cd /Users/qingque/Desktop/HaiyueStudio/Native/examples/sky-strike/platforms/ios
    /bin/sh -c /Users/qingque/Library/Developer/Xcode/DerivedData/skystrike-ayrlqpjxmfupotbgeiaroarzuiqi/Build/Intermediates.noindex/skystrike.build/Debug-iphoneos/skystrike.build/Script-CD62955B1BB2651D00AE3A93.sh

CopyPNGFile /Users/qingque/Desktop/HaiyueStudio/Native/examples/sky-strike/platforms/ios/build/Debug-iphoneos/skystrike.app/AppIcon29x29@2x.png /Users/qingque/Desktop/HaiyueStudio/Native/examples/sky-strike/platforms/ios/skystrike/Resources/AppIcon29x29@2x.png (in target 'skystrike' from project 'skystrike')
    cd /Users/qingque/Desktop/HaiyueStudio/Native/examples/sky-strike/platforms/ios
    /Applications/Xcode.app/Contents/Developer/usr/bin/copypng -compress -strip-PNG-text /Users/qingque/Desktop/HaiyueStudio/Native/examples/sky-strike/platforms/ios/skystrike/Resources/AppIcon29x29@2x.png /Users/qingque/Desktop/HaiyueStudio/Native/examples/sky-strike/platforms/ios/build/Debug-iphoneos/skystrike.app/AppIcon29x29@2x.png

CopyPNGFile /Users/qingque/Desktop/HaiyueStudio/Native/examples/sky-strike/platforms/ios/build/Debug-iphoneos/skystrike.app/AppIcon60x60@2x.png /Users/qingque/Desktop/HaiyueStudio/Native/examples/sky-strike/platforms/ios/skystrike/Resources/AppIcon60x60@2x.png (in target 'skystrike' from project 'skystrike')
    cd /Users/qingque/Desktop/HaiyueStudio/Native/examples/sky-strike/platforms/ios
    /Applications/Xcode.app/Contents/Developer/usr/bin/copypng -compress -strip-PNG-text /Users/qingque/Desktop/HaiyueStudio/Native/examples/sky-strike/platforms/ios/skystrike/Resources/AppIcon60x60@2x.png /Users/qingque/Desktop/HaiyueStudio/Native/examples/sky-strike/platforms/ios/build/Debug-iphoneos/skystrike.app/AppIcon60x60@2x.png

CopyPNGFile /Users/qingque/Desktop/HaiyueStudio/Native/examples/sky-strike/platforms/ios/build/Debug-iphoneos/skystrike.app/AppIcon40x40@3x.png /Users/qingque/Desktop/HaiyueStudio/Native/examples/sky-strike/platforms/ios/skystrike/Resources/AppIcon40x40@3x.png (in target 'skystrike' from project 'skystrike')
    cd /Users/qingque/Desktop/HaiyueStudio/Native/examples/sky-strike/platforms/ios
    /Applications/Xcode.app/Contents/Developer/usr/bin/copypng -compress -strip-PNG-text /Users/qingque/Desktop/HaiyueStudio/Native/examples/sky-strike/platforms/ios/skystrike/Resources/AppIcon40x40@3x.png /Users/qingque/Desktop/HaiyueStudio/Native/examples/sky-strike/platforms/ios/build/Debug-iphoneos/skystrike.app/AppIcon40x40@3x.png

CopyPNGFile /Users/qingque/Desktop/HaiyueStudio/Native/examples/sky-strike/platforms/ios/build/Debug-iphoneos/skystrike.app/AppIcon60x60@3x.png /Users/qingque/Desktop/HaiyueStudio/Native/examples/sky-strike/platforms/ios/skystrike/Resources/AppIcon60x60@3x.png (in target 'skystrike' from project 'skystrike')
    cd /Users/qingque/Desktop/HaiyueStudio/Native/examples/sky-strike/platforms/ios
    /Applications/Xcode.app/Contents/Developer/usr/bin/copypng -compress -strip-PNG-text /Users/qingque/Desktop/HaiyueStudio/Native/examples/sky-strike/platforms/ios/skystrike/Resources/AppIcon60x60@3x.png /Users/qingque/Desktop/HaiyueStudio/Native/examples/sky-strike/platforms/ios/build/Debug-iphoneos/skystrike.app/AppIcon60x60@3x.png

CopyPNGFile /Users/qingque/Desktop/HaiyueStudio/Native/examples/sky-strike/platforms/ios/build/Debug-iphoneos/skystrike.app/AppIcon40x40@2x.png /Users/qingque/Desktop/HaiyueStudio/Native/examples/sky-strike/platforms/ios/skystrike/Resources/AppIcon40x40@2x.png (in target 'skystrike' from project 'skystrike')
    cd /Users/qingque/Desktop/HaiyueStudio/Native/examples/sky-strike/platforms/ios
    /Applications/Xcode.app/Contents/Developer/usr/bin/copypng -compress -strip-PNG-text /Users/qingque/Desktop/HaiyueStudio/Native/examples/sky-strike/platforms/ios/skystrike/Resources/AppIcon40x40@2x.png /Users/qingque/Desktop/HaiyueStudio/Native/examples/sky-strike/platforms/ios/build/Debug-iphoneos/skystrike.app/AppIcon40x40@2x.png

CopyPNGFile /Users/qingque/Desktop/HaiyueStudio/Native/examples/sky-strike/platforms/ios/build/Debug-iphoneos/skystrike.app/AppIcon29x29@3x.png /Users/qingque/Desktop/HaiyueStudio/Native/examples/sky-strike/platforms/ios/skystrike/Resources/AppIcon29x29@3x.png (in target 'skystrike' from project 'skystrike')
    cd /Users/qingque/Desktop/HaiyueStudio/Native/examples/sky-strike/platforms/ios
    /Applications/Xcode.app/Contents/Developer/usr/bin/copypng -compress -strip-PNG-text /Users/qingque/Desktop/HaiyueStudio/Native/examples/sky-strike/platforms/ios/skystrike/Resources/AppIcon29x29@3x.png /Users/qingque/Desktop/HaiyueStudio/Native/examples/sky-strike/platforms/ios/build/Debug-iphoneos/skystrike.app/AppIcon29x29@3x.png

CpResource /Users/qingque/Desktop/HaiyueStudio/Native/examples/sky-strike/platforms/ios/build/Debug-iphoneos/skystrike.app/signing.local.xcconfig /Users/qingque/Desktop/HaiyueStudio/Native/examples/sky-strike/platforms/ios/skystrike/Resources/signing.local.xcconfig (in target 'skystrike' from project 'skystrike')
    cd /Users/qingque/Desktop/HaiyueStudio/Native/examples/sky-strike/platforms/ios
    builtin-copy -exclude .DS_Store -exclude CVS -exclude .svn -exclude .git -exclude .hg -resolve-src-symlinks /Users/qingque/Desktop/HaiyueStudio/Native/examples/sky-strike/platforms/ios/skystrike/Resources/signing.local.xcconfig /Users/qingque/Desktop/HaiyueStudio/Native/examples/sky-strike/platforms/ios/build/Debug-iphoneos/skystrike.app

CpResource /Users/qingque/Desktop/HaiyueStudio/Native/examples/sky-strike/platforms/ios/build/Debug-iphoneos/skystrike.app/build.xcconfig /Users/qingque/Desktop/HaiyueStudio/Native/examples/sky-strike/platforms/ios/skystrike/Resources/build.xcconfig (in target 'skystrike' from project 'skystrike')
    cd /Users/qingque/Desktop/HaiyueStudio/Native/examples/sky-strike/platforms/ios
    builtin-copy -exclude .DS_Store -exclude CVS -exclude .svn -exclude .git -exclude .hg -resolve-src-symlinks /Users/qingque/Desktop/HaiyueStudio/Native/examples/sky-strike/platforms/ios/skystrike/Resources/build.xcconfig /Users/qingque/Desktop/HaiyueStudio/Native/examples/sky-strike/platforms/ios/build/Debug-iphoneos/skystrike.app

CpResource /Users/qingque/Desktop/HaiyueStudio/Native/examples/sky-strike/platforms/ios/build/Debug-iphoneos/skystrike.app/app /Users/qingque/Desktop/HaiyueStudio/Native/examples/sky-strike/platforms/ios/skystrike/app (in target 'skystrike' from project 'skystrike')
    cd /Users/qingque/Desktop/HaiyueStudio/Native/examples/sky-strike/platforms/ios
    builtin-copy -exclude .DS_Store -exclude CVS -exclude .svn -exclude .git -exclude .hg -resolve-src-symlinks /Users/qingque/Desktop/HaiyueStudio/Native/examples/sky-strike/platforms/ios/skystrike/app /Users/qingque/Desktop/HaiyueStudio/Native/examples/sky-strike/platforms/ios/build/Debug-iphoneos/skystrike.app

PhaseScriptExecution NativeScript\ PostBuild /Users/qingque/Library/Developer/Xcode/DerivedData/skystrike-ayrlqpjxmfupotbgeiaroarzuiqi/Build/Intermediates.noindex/skystrike.build/Debug-iphoneos/skystrike.build/Script-CD3EAD351B05FF060042DBFC.sh (in target 'skystrike' from project 'skystrike')
    cd /Users/qingque/Desktop/HaiyueStudio/Native/examples/sky-strike/platforms/ios
    /bin/sh -c /Users/qingque/Library/Developer/Xcode/DerivedData/skystrike-ayrlqpjxmfupotbgeiaroarzuiqi/Build/Intermediates.noindex/skystrike.build/Debug-iphoneos/skystrike.build/Script-CD3EAD351B05FF060042DBFC.sh
~/Desktop/HaiyueStudio/Native/examples/sky-strike/platforms/ios/internal ~/Desktop/HaiyueStudio/Native/examples/sky-strike/platforms/ios
Stripping frameworks
~/Desktop/HaiyueStudio/Native/examples/sky-strike/platforms/ios

ProcessInfoPlistFile /Users/qingque/Desktop/HaiyueStudio/Native/examples/sky-strike/platforms/ios/build/Debug-iphoneos/skystrike.app/Info.plist /Users/qingque/Desktop/HaiyueStudio/Native/examples/sky-strike/platforms/ios/skystrike/skystrike-Info.plist (in target 'skystrike' from project 'skystrike')
    cd /Users/qingque/Desktop/HaiyueStudio/Native/examples/sky-strike/platforms/ios
    builtin-infoPlistUtility /Users/qingque/Desktop/HaiyueStudio/Native/examples/sky-strike/platforms/ios/skystrike/skystrike-Info.plist -producttype com.apple.product-type.application -genpkginfo /Users/qingque/Desktop/HaiyueStudio/Native/examples/sky-strike/platforms/ios/build/Debug-iphoneos/skystrike.app/PkgInfo -expandbuildsettings -format binary -platform iphoneos -scanforprivacyfile /Users/qingque/Desktop/HaiyueStudio/Native/examples/sky-strike/platforms/ios/build/Debug-iphoneos/skystrike.app/Frameworks/CanvasNative.framework -scanforprivacyfile /Users/qingque/Desktop/HaiyueStudio/Native/examples/sky-strike/platforms/ios/build/Debug-iphoneos/skystrike.app/Frameworks/NSCWinterTC.framework -scanforprivacyfile /Users/qingque/Desktop/HaiyueStudio/Native/examples/sky-strike/platforms/ios/build/Debug-iphoneos/skystrike.app/Frameworks/NativeScript.framework -scanforprivacyfile /Users/qingque/Desktop/HaiyueStudio/Native/examples/sky-strike/platforms/ios/build/Debug-iphoneos/skystrike.app/Frameworks/TKLiveSync.framework -scanforprivacyfile /Users/qingque/Desktop/HaiyueStudio/Native/examples/sky-strike/platforms/ios/build/Debug-iphoneos/skystrike.app/Frameworks/TNSWidgets.framework -requiredArchitecture arm64 -o /Users/qingque/Desktop/HaiyueStudio/Native/examples/sky-strike/platforms/ios/build/Debug-iphoneos/skystrike.app/Info.plist

ExtractAppIntentsMetadata (in target 'skystrike' from project 'skystrike')
    cd /Users/qingque/Desktop/HaiyueStudio/Native/examples/sky-strike/platforms/ios
    /Applications/Xcode.app/Contents/Developer/Toolchains/XcodeDefault.xctoolchain/usr/bin/appintentsmetadataprocessor --toolchain-dir /Applications/Xcode.app/Contents/Developer/Toolchains/XcodeDefault.xctoolchain --module-name skystrike --sdk-root /Applications/Xcode.app/Contents/Developer/Platforms/iPhoneOS.platform/Developer/SDKs/iPhoneOS26.2.sdk --xcode-version 17C529 --platform-family iOS --deployment-target 15.0 --bundle-identifier org.haiyue.native.skystrike --output /Users/qingque/Desktop/HaiyueStudio/Native/examples/sky-strike/platforms/ios/build/Debug-iphoneos/skystrike.app --target-triple arm64-apple-ios15.0 --binary-file /Users/qingque/Desktop/HaiyueStudio/Native/examples/sky-strike/platforms/ios/build/Debug-iphoneos/skystrike.app/skystrike --dependency-file /Users/qingque/Library/Developer/Xcode/DerivedData/skystrike-ayrlqpjxmfupotbgeiaroarzuiqi/Build/Intermediates.noindex/skystrike.build/Debug-iphoneos/skystrike.build/Objects-normal/arm64/skystrike_dependency_info.dat --stringsdata-file /Users/qingque/Library/Developer/Xcode/DerivedData/skystrike-ayrlqpjxmfupotbgeiaroarzuiqi/Build/Intermediates.noindex/skystrike.build/Debug-iphoneos/skystrike.build/Objects-normal/arm64/ExtractedAppShortcutsMetadata.stringsdata --source-file-list /Users/qingque/Library/Developer/Xcode/DerivedData/skystrike-ayrlqpjxmfupotbgeiaroarzuiqi/Build/Intermediates.noindex/skystrike.build/Debug-iphoneos/skystrike.build/Objects-normal/arm64/skystrike.SwiftFileList --metadata-file-list /Users/qingque/Library/Developer/Xcode/DerivedData/skystrike-ayrlqpjxmfupotbgeiaroarzuiqi/Build/Intermediates.noindex/skystrike.build/Debug-iphoneos/skystrike.build/skystrike.DependencyMetadataFileList --static-metadata-file-list /Users/qingque/Library/Developer/Xcode/DerivedData/skystrike-ayrlqpjxmfupotbgeiaroarzuiqi/Build/Intermediates.noindex/skystrike.build/Debug-iphoneos/skystrike.build/skystrike.DependencyStaticMetadataFileList --swift-const-vals-list /Users/qingque/Library/Developer/Xcode/DerivedData/skystrike-ayrlqpjxmfupotbgeiaroarzuiqi/Build/Intermediates.noindex/skystrike.build/Debug-iphoneos/skystrike.build/Objects-normal/arm64/skystrike.SwiftConstValuesFileList --compile-time-extraction --deployment-aware-processing --validate-assistant-intents --no-app-shortcuts-localization
2026-09-24 18:37:50.779 appintentsmetadataprocessor[32656:11813270] Starting appintentsmetadataprocessor export
2026-09-24 18:37:50.787 appintentsmetadataprocessor[32656:11813270] warning: Metadata extraction skipped. No AppIntents.framework dependency found.

CopySwiftLibs /Users/qingque/Desktop/HaiyueStudio/Native/examples/sky-strike/platforms/ios/build/Debug-iphoneos/skystrike.app (in target 'skystrike' from project 'skystrike')
    cd /Users/qingque/Desktop/HaiyueStudio/Native/examples/sky-strike/platforms/ios
    builtin-swiftStdLibTool --copy --verbose --sign B18C301725894971F9A6F8888DA37AABAF3F1DBD --scan-executable /Users/qingque/Desktop/HaiyueStudio/Native/examples/sky-strike/platforms/ios/build/Debug-iphoneos/skystrike.app/skystrike --scan-folder /Users/qingque/Desktop/HaiyueStudio/Native/examples/sky-strike/platforms/ios/build/Debug-iphoneos/skystrike.app/Frameworks --scan-folder /Users/qingque/Desktop/HaiyueStudio/Native/examples/sky-strike/platforms/ios/build/Debug-iphoneos/skystrike.app/PlugIns --scan-folder /Users/qingque/Desktop/HaiyueStudio/Native/examples/sky-strike/platforms/ios/build/Debug-iphoneos/skystrike.app/SystemExtensions --scan-folder /Users/qingque/Desktop/HaiyueStudio/Native/examples/sky-strike/platforms/ios/build/Debug-iphoneos/skystrike.app/Extensions --scan-folder /Users/qingque/Desktop/HaiyueStudio/Native/examples/sky-strike/platforms/ios/build/Debug-iphoneos/Pods_skystrike.framework --platform iphoneos --toolchain /Applications/Xcode.app/Contents/Developer/Toolchains/XcodeDefault.xctoolchain --destination /Users/qingque/Desktop/HaiyueStudio/Native/examples/sky-strike/platforms/ios/build/Debug-iphoneos/skystrike.app/Frameworks --strip-bitcode --strip-bitcode-tool /Applications/Xcode.app/Contents/Developer/Toolchains/XcodeDefault.xctoolchain/usr/bin/bitcode_strip --emit-dependency-info /Users/qingque/Library/Developer/Xcode/DerivedData/skystrike-ayrlqpjxmfupotbgeiaroarzuiqi/Build/Intermediates.noindex/skystrike.build/Debug-iphoneos/skystrike.build/SwiftStdLibToolInputDependencies.dep --filter-for-swift-os

AppIntentsSSUTraining (in target 'skystrike' from project 'skystrike')
    cd /Users/qingque/Desktop/HaiyueStudio/Native/examples/sky-strike/platforms/ios
    /Applications/Xcode.app/Contents/Developer/Toolchains/XcodeDefault.xctoolchain/usr/bin/appintentsnltrainingprocessor --infoplist-path /Users/qingque/Desktop/HaiyueStudio/Native/examples/sky-strike/platforms/ios/build/Debug-iphoneos/skystrike.app/Info.plist --temp-dir-path /Users/qingque/Library/Developer/Xcode/DerivedData/skystrike-ayrlqpjxmfupotbgeiaroarzuiqi/Build/Intermediates.noindex/skystrike.build/Debug-iphoneos/skystrike.build/ssu --bundle-id org.haiyue.native.skystrike --product-path /Users/qingque/Desktop/HaiyueStudio/Native/examples/sky-strike/platforms/ios/build/Debug-iphoneos/skystrike.app --extracted-metadata-path /Users/qingque/Desktop/HaiyueStudio/Native/examples/sky-strike/platforms/ios/build/Debug-iphoneos/skystrike.app/Metadata.appintents --metadata-file-list /Users/qingque/Library/Developer/Xcode/DerivedData/skystrike-ayrlqpjxmfupotbgeiaroarzuiqi/Build/Intermediates.noindex/skystrike.build/Debug-iphoneos/skystrike.build/skystrike.DependencyMetadataFileList --archive-ssu-assets
2026-09-24 18:37:50.888 appintentsnltrainingprocessor[32657:11813273] Parsing options for appintentsnltrainingprocessor
2026-09-24 18:37:50.891 appintentsnltrainingprocessor[32657:11813273] No AppShortcuts found - Skipping.

GenerateDSYMFile /Users/qingque/Desktop/HaiyueStudio/Native/examples/sky-strike/platforms/ios/build/Debug-iphoneos/skystrike.app.dSYM /Users/qingque/Desktop/HaiyueStudio/Native/examples/sky-strike/platforms/ios/build/Debug-iphoneos/skystrike.app/skystrike (in target 'skystrike' from project 'skystrike')
    cd /Users/qingque/Desktop/HaiyueStudio/Native/examples/sky-strike/platforms/ios
    /Applications/Xcode.app/Contents/Developer/Toolchains/XcodeDefault.xctoolchain/usr/bin/dsymutil /Users/qingque/Desktop/HaiyueStudio/Native/examples/sky-strike/platforms/ios/build/Debug-iphoneos/skystrike.app/skystrike -o /Users/qingque/Desktop/HaiyueStudio/Native/examples/sky-strike/platforms/ios/build/Debug-iphoneos/skystrike.app.dSYM
warning: (arm64) /Users/runner/work/font-manager/font-manager/dist/spm/build/DerivedData/Build/Intermediates.noindex/ArchiveIntermediates/FontManager/IntermediateBuildFilesPath/FontManager.build/Release-iphoneos/FontManager.build/Objects-normal/arm64/NSCFontDescriptors.o unable to open object file: No such file or directory
warning: (arm64) /Users/runner/work/font-manager/font-manager/dist/spm/build/DerivedData/Build/Intermediates.noindex/ArchiveIntermediates/FontManager/IntermediateBuildFilesPath/FontManager.build/Release-iphoneos/FontManager.build/Objects-normal/arm64/NSCFontFace.o unable to open object file: No such file or directory
warning: (arm64) /Users/runner/work/font-manager/font-manager/dist/spm/build/DerivedData/Build/Intermediates.noindex/ArchiveIntermediates/FontManager/IntermediateBuildFilesPath/FontManager.build/Release-iphoneos/FontManager.build/Objects-normal/arm64/NSCFontFaceSet.o unable to open object file: No such file or directory
warning: (arm64) /Users/runner/work/font-manager/font-manager/dist/spm/build/DerivedData/Build/Intermediates.noindex/ArchiveIntermediates/FontManager/IntermediateBuildFilesPath/FontManager.build/Release-iphoneos/FontManager.build/Objects-normal/arm64/NSCFontParser.o unable to open object file: No such file or directory
warning: (arm64) /Users/runner/work/font-manager/font-manager/dist/spm/build/DerivedData/Build/Intermediates.noindex/ArchiveIntermediates/FontManager/IntermediateBuildFilesPath/FontManager.build/Release-iphoneos/FontManager.build/Objects-normal/arm64/NSCFontResolver.o unable to open object file: No such file or directory
warning: (arm64) /Users/runner/work/font-manager/font-manager/dist/spm/build/DerivedData/Build/Intermediates.noindex/ArchiveIntermediates/FontManager/IntermediateBuildFilesPath/FontManager.build/Release-iphoneos/FontManager.build/Objects-normal/arm64/NSCFontStyle.o unable to open object file: No such file or directory
warning: (arm64) /Users/runner/work/font-manager/font-manager/dist/spm/build/DerivedData/Build/Intermediates.noindex/ArchiveIntermediates/FontManager/IntermediateBuildFilesPath/FontManager.build/Release-iphoneos/FontManager.build/Objects-normal/arm64/NSCFontTypes.o unable to open object file: No such file or directory
warning: (arm64) /Users/runner/work/font-manager/font-manager/dist/spm/build/DerivedData/Build/Intermediates.noindex/ArchiveIntermediates/FontManager/IntermediateBuildFilesPath/FontManager.build/Release-iphoneos/FontManager.build/Objects-normal/arm64/NSCFontRegex.o unable to open object file: No such file or directory
warning: /Users/qingque/Library/Developer/Xcode/DerivedData/ModuleCache.noindex/2KE58YOXEOR1R/NativeScriptEmbedder-2KCMT69JPTRBY.pcm: No such file or directory
note: while processing /Users/qingque/Library/Developer/Xcode/DerivedData/ModuleCache.noindex/2KE58YOXEOR1R/NativeScriptEmbedder-2KCMT69JPTRBY.pcm
note: The clang module cache may have expired since this object file was built. Rebuilding the object file will rebuild the module cache.

CodeSign /Users/qingque/Desktop/HaiyueStudio/Native/examples/sky-strike/platforms/ios/build/Debug-iphoneos/skystrike.app (in target 'skystrike' from project 'skystrike')
    cd /Users/qingque/Desktop/HaiyueStudio/Native/examples/sky-strike/platforms/ios
    
    Signing Identity:     "Apple Development: Xueqing Sun (9S236DMB2Z)"
    Provisioning Profile: "iOS Team Provisioning Profile: *"
                          (f1f552b0-f1c0-4447-86ef-4937a19b1ae5)
    
    /usr/bin/codesign --force --sign B18C301725894971F9A6F8888DA37AABAF3F1DBD --entitlements /Users/qingque/Library/Developer/Xcode/DerivedData/skystrike-ayrlqpjxmfupotbgeiaroarzuiqi/Build/Intermediates.noindex/skystrike.build/Debug-iphoneos/skystrike.build/skystrike.app.xcent --timestamp\=none --generate-entitlement-der /Users/qingque/Desktop/HaiyueStudio/Native/examples/sky-strike/platforms/ios/build/Debug-iphoneos/skystrike.app

Validate /Users/qingque/Desktop/HaiyueStudio/Native/examples/sky-strike/platforms/ios/build/Debug-iphoneos/skystrike.app (in target 'skystrike' from project 'skystrike')
    cd /Users/qingque/Desktop/HaiyueStudio/Native/examples/sky-strike/platforms/ios
    builtin-validationUtility /Users/qingque/Desktop/HaiyueStudio/Native/examples/sky-strike/platforms/ios/build/Debug-iphoneos/skystrike.app -shallow-bundle -infoplist-subpath Info.plist

** BUILD SUCCEEDED **

