
> @haiyue/engine-repository@0.1.0 modules:check
> node scripts/check-engine-module-boundaries.mjs

[engine-modules] 451 modules checked: no cycles or reverse facade dependencies.

> @haiyue/engine-repository@0.1.0 responsibilities:check
> node scripts/check-responsibility-boundaries.mjs

[responsibility-boundaries] render/voxel orchestration, glTF loading/runtime, resource, player, runtime export, KTX2, and pipeline ownership passed.

> @haiyue/engine-repository@0.1.0 renderer-prepare:check
> node scripts/check-renderer-prepare-contract.mjs

[renderer-prepare] 21 BaseRenderer implementations and 10 post-process passes separate synchronous prepare from pipeline warmup.

> @haiyue/engine-repository@0.1.0 api:check
> node scripts/api-surface.mjs --check

file:///Users/qingque/Desktop/HaiyueStudio/Engine/scripts/api-surface.mjs:378
      throw new Error(`${packageName} capability entrypoints disagree with package exports.`);
            ^

Error: @haiyue/ui capability entrypoints disagree with package exports.
    at assertCapabilityAttributedApiBudgets (file:///Users/qingque/Desktop/HaiyueStudio/Engine/scripts/api-surface.mjs:378:13)
    at file:///Users/qingque/Desktop/HaiyueStudio/Engine/scripts/api-surface.mjs:250:1
    at ModuleJob.run (node:internal/modules/esm/module_job:439:25)
    at async node:internal/modules/esm/loader:643:26
    at async asyncRunEntryPointWithESMLoader (node:internal/modules/run_main:101:5)

Node.js v24.19.0
