✔ calendar sound cues are bounded and repeated actions are rate limited (5.356981ms)
✔ gesture unlock may defer briefly but stale cues never play after suspend or dispose (1.173637ms)
✔ all eight shipped WAVs match native mono PCM constraints and avoid clipped or discontinuous edges (40.174465ms)
✔ iOS and Android finger jitter and a shifted second tap still rotate exactly once (3.614812ms)
✔ drag threshold uses logical screen pixels at every board scale (1.050712ms)
✔ separate pieces, distant taps, slow taps, holds and cancellation do not rotate (1.918919ms)
✔ release-only displacement is a drag, and mouse gestures retain precise thresholds (1.081369ms)
✔ DOM pointer coordinates remain readable even when implemented as prototype getters (2.218034ms)
✔ exact-cover solver covers all legal cells for every month and weekday (339.985192ms)
✔ hint preserves a compatible partial board and recognises symmetric orientations (16.905477ms)
✔ invalid pinned pieces are rejected (17.986836ms)
✔ incompatible legal position returns a complete alternative instead of a conflicting hint (14.793522ms)
✔ partial-search time limit still permits a complete fallback solution (7.761772ms)
✔ cancelled solves fill the cache and satisfy the latest queued request without another search (12.360729ms)
✔ worker error and timeout recover for the newest request without retaining old callbacks (7.004315ms)
✔ rotation, flip and shuffle end exactly at logical tile positions (12.03461ms)
✔ today’s full solution serves all successive placements with exactly one worker request (7.182012ms)
✔ cache compares occupied cells, isolates dates, rejects invalid boards and owns returned data (5.465125ms)
✔ a divergent valid board gets a fresh solve; cached fallback is only used for that exact board (14.068791ms)
✔ cached completions remain immediately available while another date is still computing (5.001095ms)
✔ solution cache bounds its retained completions and does not retain failures (51.365547ms)
✔ pruning preserves every subset of a complete solution (2292.580262ms)
✔ difficult fresh and correction searches stay within reduced node budgets (19.446672ms)
✔ perpetual calendar handles Gregorian century leap years and years below 100 (4.915285ms)
✔ month grid aligns dates to weekdays, including six-week months (7.566291ms)
✔ month/year navigation rolls over December and clamps calendar endpoints (2.54222ms)
✔ history is immutable, year-specific, deduplicated and rejects invalid dates (1.624373ms)
✔ assisted wins have no star; a clean replay earns one without losing it on later assisted wins (1.267205ms)
✔ save data preserves assistance and stars while accepting old history without inventing stars (0.846708ms)
✔ Calendar puzzle model defines unique playable cells and pieces (3.251288ms)
✔ Calendar puzzle normalizes transformed piece coordinates (2.955574ms)
✔ Calendar puzzle save validation checks dates and piece state (1.038643ms)
✔ all six language choices survive save validation without losing progress (18.266648ms)
✔ older and unknown skin preferences preserve playable saves and fall back to white (6.350733ms)
✔ 1000 copied text updates use one surface and reset transforms before each redraw (16.608968ms)
✔ web materials retain independent canvas sources after another label is drawn (0.608363ms)
✔ full surface and square cells at 1200×720 (7.885062ms)
✔ shuffled pieces fit left tray at 1200×720 (49.140831ms)
✔ full surface and square cells at 932×430 (0.248797ms)
✔ shuffled pieces fit left tray at 932×430 (18.391486ms)
✔ full surface and square cells at 814×409 (0.295691ms)
✔ shuffled pieces fit left tray at 814×409 (19.200689ms)
✔ full surface and square cells at 1100×720 (0.685797ms)
✔ shuffled pieces fit left tray at 1100×720 (39.15763ms)
✔ full surface and square cells at 393×814 (0.43303ms)
✔ shuffled pieces fit left tray at 393×814 (9.939267ms)
✔ language saves are backward compatible (0.669087ms)
ℹ tests 47
ℹ suites 0
ℹ pass 47
ℹ fail 0
ℹ cancelled 0
ℹ skipped 0
ℹ todo 0
ℹ duration_ms 3321.834481
