
> @haiyue/native-calendar-puzzle@0.1.0 bundle:ios
> node scripts/ios.mjs prepare ios

Canvas binding patch: {
  version: '2.1.18',
  queueSha256: 'a38a58942c488ccece244424b1c4e91c8f3e257dd201b85dd63871988ff30369',
  file: 'WebGPU/GPURenderPassEncoder.js',
  sha256: '7a14f279e042bb748781c10a6c56a6122931525f56943096815fb1143b583cf7'
}
Preparing project...
assets by path [1m[32mgame-assets/audio/[39m[22m 275 KiB
  assets by path [1m[32mgame-assets/audio/*.wav[39m[22m 273 KiB
    asset [1m[32mgame-assets/audio/win.wav[39m[22m 114 KiB [1m[33m[compared for emit][39m[22m [from: ../../../Games/games/calendar-puzzle/assets/audio/win.wav] [1m[32m[copied][39m[22m
    + 7 assets
  assets by path [1m[32mgame-assets/audio/*.mid[39m[22m 475 bytes
    asset [1m[32mgame-assets/audio/win.mid[39m[22m 87 bytes [1m[33m[compared for emit][39m[22m [from: ../../../Games/games/calendar-puzzle/assets/audio/win.mid] [1m[32m[copied][39m[22m
    + 7 assets
  asset [1m[32mgame-assets/audio/generation.json[39m[22m 1.61 KiB [1m[33m[compared for emit][39m[22m [from: ../../../Games/games/calendar-puzzle/assets/audio/generation.json] [1m[32m[copied][39m[22m
assets by path [1m[32m*.mjs[39m[22m 7.52 MiB
  asset [1m[32mvendor.mjs[39m[22m 7.14 MiB [1m[33m[compared for emit][39m[22m [javascript module] (name: vendor) (id hint: vendor) 1 related asset
  asset [1m[32mbundle.mjs[39m[22m 359 KiB [1m[32m[emitted][39m[22m [javascript module] (name: bundle) 1 related asset
  asset [1m[32msrc_solver_worker_ts.mjs[39m[22m 25.5 KiB [1m[33m[compared for emit][39m[22m [javascript module] 1 related asset
  asset [1m[32mruntime.mjs[39m[22m 6.24 KiB [1m[33m[compared for emit][39m[22m [javascript module] (name: runtime) 1 related asset
asset [1m[32mbranding/haiyue-moon.png[39m[22m 127 KiB [1m[33m[compared for emit][39m[22m [from: ../../bridge/branding/assets/haiyue-moon.png] [1m[32m[copied][39m[22m
asset [1m[32mtns_modules/inspector_modules.mjs[39m[22m 778 bytes [1m[33m[compared for emit][39m[22m [javascript module] (name: tns_modules/inspector_modules) 1 related asset
Entrypoint [1mbundle[39m[22m 7.5 MiB (8.09 MiB) = [1m[32mruntime.mjs[39m[22m 6.24 KiB [1m[32mvendor.mjs[39m[22m 7.14 MiB [1m[32mbundle.mjs[39m[22m 359 KiB 3 auxiliary assets
Entrypoint [1mtns_modules/inspector_modules[39m[22m 7.15 MiB (7.48 MiB) = [1m[32mruntime.mjs[39m[22m 6.24 KiB [1m[32mvendor.mjs[39m[22m 7.14 MiB [1m[32mtns_modules/inspector_modules.mjs[39m[22m 778 bytes 3 auxiliary assets
orphan modules 1.26 MiB [1m[33m[orphan][39m[22m 31 modules
runtime modules 3.82 KiB 11 modules
modules by path [1m./node_modules/[39m[22m 6.24 MiB 673 modules
modules by path [1m../../[39m[22m 244 KiB
  modules by path [1m../../bridge/[39m[22m 78.1 KiB 28 modules
  modules by path [1m../../../Games/games/[39m[22m 166 KiB 24 modules
modules by path [1m./src/[39m[22m 54.8 KiB
  modules by path [1m./src/*.ts[39m[22m 37.8 KiB
    [1m./src/app.ts[39m[22m 535 bytes [1m[33m[built][39m[22m [1m[33m[code generated][39m[22m
    + 6 modules
  modules by path [1m./src/purchases/*.ts[39m[22m 14.7 KiB 4 modules
  + 4 modules
[1m./orientation.json[39m[22m 57 bytes [1m[33m[built][39m[22m [1m[33m[code generated][39m[22m
[1mexternal "~/package.json"[39m[22m 42 bytes [1m[33m[built][39m[22m [1m[33m[code generated][39m[22m
webpack 5.110.3 compiled [1m[32msuccessfully[39m[22m in 10777 ms
Webpack compilation complete.
Installing pods...
/usr/local/lib/ruby/gems/4.0.0/gems/molinillo-0.8.0/lib/molinillo/dependency_graph.rb:3: warning: tsort was loaded from the standard library, but will no longer be part of the default gems starting from Ruby 4.1.0
You can add tsort to your Gemfile or gemspec to silence this warning.
Analyzing dependencies
Downloading dependencies
Generating Pods project
Integrating client project
Pod installation complete! There are 0 dependencies from the Podfile and 0 total pods installed.

[!] The Podfile does not contain any dependencies.
Swift Packages:
  GoogleMobileAds (13.10.0 · https://github.com/googleads/swift-package-manager-google-mobile-ads.git)
  CanvasNative (local: node_modules/@nativescript/canvas/platforms/ios/NativeScriptV8)
  FontManager (1.0.14 · https://github.com/NativeScript/font-manager.git)
- Resolving Swift Package dependencies… (0m 0s)
✔ Swift Package dependencies resolved (0m 13s)
Updating runtime package.json with configuration values...
Project successfully prepared (ios)
