✖ Mesh3DRenderer rebinds the fallback while replacement textures load (3.885479ms)
ℹ tests 1
ℹ suites 0
ℹ pass 0
ℹ fail 1
ℹ cancelled 0
ℹ skipped 0
ℹ todo 0
ℹ duration_ms 458.86829

✖ failing tests:

test at engine/test/renderer-resource-lifecycle.test.mjs:829:1
✖ Mesh3DRenderer rebinds the fallback while replacement textures load (3.885479ms)
  AssertionError [ERR_ASSERTION]: cannot submit a bind group that references the released texture
      at TestContext.<anonymous> (file:///Users/qingque/Desktop/HaiyueStudio/Engine/engine/test/renderer-resource-lifecycle.test.mjs:852:12)
      at Test.runInAsyncScope (node:async_hooks:227:14)
      at Test.run (node:internal/test_runner/test:1382:25)
      at Test.start (node:internal/test_runner/test:1242:17)
      at startSubtestAfterBootstrap (node:internal/test_runner/harness:387:17) {
    generatedMessage: false,
    code: 'ERR_ASSERTION',
    actual: [Object],
    expected: [Object],
    operator: 'notStrictEqual',
    diff: 'simple'
  }
