
> @haiyue/games-repository@0.1.0 build
> node scripts/build-games.mjs


> rollup game 2048

games/2048/main.ts → games/2048/bundle.js...
(!) [plugin typescript] games/sky-strike/levelCarousel.ts (180:91): @rollup/plugin-typescript TS2554: Expected 3 arguments, but got 4.
/Users/qingque/Desktop/HaiyueStudio/Games/games/sky-strike/levelCarousel.ts:180:91

[7m180[0m     this.settings = new SkyStrikeOptions(options.world, options.guiImage, options.locale, options.audio);
[7m   [0m [91m                                                                                          ~~~~~~~~~~~~~[0m

/Users/qingque/Desktop/HaiyueStudio/Games/games/sky-strike/levelCarousel.ts:180:91

[7m180[0m     this.settings = new SkyStrikeOptions(options.world, options.guiImage, options.locale, options.audio);
[7m   [0m [91m                                                                                          ~~~~~~~~~~~~~[0m

(!) [plugin typescript] games/sky-strike/SkyStrikeGame.ts (471:53): @rollup/plugin-typescript TS2379: Argument of type '{ guiImage: (id: string) => GPUTexture; resolveBoss: (level: SkyStrikeLevel) => { label: string; aspect: number; companion?: { source: GPUTexture; sourceKey: string; }; source: GPUTexture; sourceKey: string; }; ... 10 more ...; loadOp: "load"; }' is not assignable to parameter of type 'SkyStrikeLevelCarouselOptions' with 'exactOptionalPropertyTypes: true'. Consider adding 'undefined' to the types of the target's properties.
  Types of property 'audio' are incompatible.
    Type 'SkyStrikeAudio | undefined' is not assignable to type 'SkyStrikeAudio'.
      Type 'undefined' is not assignable to type 'SkyStrikeAudio'.
/Users/qingque/Desktop/HaiyueStudio/Games/games/sky-strike/SkyStrikeGame.ts:471:53

[7m471[0m     this.levelCarousel = new SkyStrikeLevelCarousel({
[7m   [0m [91m                                                    ~[0m
[7m472[0m       locale: this.locale,
[7m   [0m [91m~~~~~~~~~~~~~~~~~~~~~~~~~~[0m
[7m...[0m 
[7m499[0m       },
[7m   [0m [91m~~~~~~~~[0m
[7m500[0m     });
[7m   [0m [91m~~~~~[0m

/Users/qingque/Desktop/HaiyueStudio/Games/games/sky-strike/SkyStrikeGame.ts:471:53

[7m471[0m     this.levelCarousel = new SkyStrikeLevelCarousel({
[7m   [0m [91m                                                    ~[0m
[7m472[0m       locale: this.locale,
[7m   [0m [91m~~~~~~~~~~~~~~~~~~~~~~~~~~[0m
[7m...[0m 
[7m499[0m       },
[7m   [0m [91m~~~~~~~~[0m
[7m500[0m     });
[7m   [0m [91m~~~~~[0m

created games/2048/bundle.js in 17.8s

> rollup game billiards-3d

games/billiards-3d/main.ts → games/billiards-3d/bundle.js...
(!) [plugin typescript] games/sky-strike/levelCarousel.ts (180:91): @rollup/plugin-typescript TS2554: Expected 3 arguments, but got 4.
/Users/qingque/Desktop/HaiyueStudio/Games/games/sky-strike/levelCarousel.ts:180:91

[7m180[0m     this.settings = new SkyStrikeOptions(options.world, options.guiImage, options.locale, options.audio);
[7m   [0m [91m                                                                                          ~~~~~~~~~~~~~[0m

/Users/qingque/Desktop/HaiyueStudio/Games/games/sky-strike/levelCarousel.ts:180:91

[7m180[0m     this.settings = new SkyStrikeOptions(options.world, options.guiImage, options.locale, options.audio);
[7m   [0m [91m                                                                                          ~~~~~~~~~~~~~[0m

(!) [plugin typescript] games/sky-strike/SkyStrikeGame.ts (471:53): @rollup/plugin-typescript TS2379: Argument of type '{ guiImage: (id: string) => GPUTexture; resolveBoss: (level: SkyStrikeLevel) => { label: string; aspect: number; companion?: { source: GPUTexture; sourceKey: string; }; source: GPUTexture; sourceKey: string; }; ... 10 more ...; loadOp: "load"; }' is not assignable to parameter of type 'SkyStrikeLevelCarouselOptions' with 'exactOptionalPropertyTypes: true'. Consider adding 'undefined' to the types of the target's properties.
  Types of property 'audio' are incompatible.
    Type 'SkyStrikeAudio | undefined' is not assignable to type 'SkyStrikeAudio'.
      Type 'undefined' is not assignable to type 'SkyStrikeAudio'.
/Users/qingque/Desktop/HaiyueStudio/Games/games/sky-strike/SkyStrikeGame.ts:471:53

[7m471[0m     this.levelCarousel = new SkyStrikeLevelCarousel({
[7m   [0m [91m                                                    ~[0m
[7m472[0m       locale: this.locale,
[7m   [0m [91m~~~~~~~~~~~~~~~~~~~~~~~~~~[0m
[7m...[0m 
[7m499[0m       },
[7m   [0m [91m~~~~~~~~[0m
[7m500[0m     });
[7m   [0m [91m~~~~~[0m

/Users/qingque/Desktop/HaiyueStudio/Games/games/sky-strike/SkyStrikeGame.ts:471:53

[7m471[0m     this.levelCarousel = new SkyStrikeLevelCarousel({
[7m   [0m [91m                                                    ~[0m
[7m472[0m       locale: this.locale,
[7m   [0m [91m~~~~~~~~~~~~~~~~~~~~~~~~~~[0m
[7m...[0m 
[7m499[0m       },
[7m   [0m [91m~~~~~~~~[0m
[7m500[0m     });
[7m   [0m [91m~~~~~[0m

created games/billiards-3d/bundle.js in 16.1s

> rollup game billiards

games/billiards/main.ts → games/billiards/bundle.js...
(!) [plugin typescript] games/sky-strike/levelCarousel.ts (180:91): @rollup/plugin-typescript TS2554: Expected 3 arguments, but got 4.
/Users/qingque/Desktop/HaiyueStudio/Games/games/sky-strike/levelCarousel.ts:180:91

[7m180[0m     this.settings = new SkyStrikeOptions(options.world, options.guiImage, options.locale, options.audio);
[7m   [0m [91m                                                                                          ~~~~~~~~~~~~~[0m

/Users/qingque/Desktop/HaiyueStudio/Games/games/sky-strike/levelCarousel.ts:180:91

[7m180[0m     this.settings = new SkyStrikeOptions(options.world, options.guiImage, options.locale, options.audio);
[7m   [0m [91m                                                                                          ~~~~~~~~~~~~~[0m

(!) [plugin typescript] games/sky-strike/SkyStrikeGame.ts (471:53): @rollup/plugin-typescript TS2379: Argument of type '{ guiImage: (id: string) => GPUTexture; resolveBoss: (level: SkyStrikeLevel) => { label: string; aspect: number; companion?: { source: GPUTexture; sourceKey: string; }; source: GPUTexture; sourceKey: string; }; ... 10 more ...; loadOp: "load"; }' is not assignable to parameter of type 'SkyStrikeLevelCarouselOptions' with 'exactOptionalPropertyTypes: true'. Consider adding 'undefined' to the types of the target's properties.
  Types of property 'audio' are incompatible.
    Type 'SkyStrikeAudio | undefined' is not assignable to type 'SkyStrikeAudio'.
      Type 'undefined' is not assignable to type 'SkyStrikeAudio'.
/Users/qingque/Desktop/HaiyueStudio/Games/games/sky-strike/SkyStrikeGame.ts:471:53

[7m471[0m     this.levelCarousel = new SkyStrikeLevelCarousel({
[7m   [0m [91m                                                    ~[0m
[7m472[0m       locale: this.locale,
[7m   [0m [91m~~~~~~~~~~~~~~~~~~~~~~~~~~[0m
[7m...[0m 
[7m499[0m       },
[7m   [0m [91m~~~~~~~~[0m
[7m500[0m     });
[7m   [0m [91m~~~~~[0m

/Users/qingque/Desktop/HaiyueStudio/Games/games/sky-strike/SkyStrikeGame.ts:471:53

[7m471[0m     this.levelCarousel = new SkyStrikeLevelCarousel({
[7m   [0m [91m                                                    ~[0m
[7m472[0m       locale: this.locale,
[7m   [0m [91m~~~~~~~~~~~~~~~~~~~~~~~~~~[0m
[7m...[0m 
[7m499[0m       },
[7m   [0m [91m~~~~~~~~[0m
[7m500[0m     });
[7m   [0m [91m~~~~~[0m

created games/billiards/bundle.js in 15.1s

> rollup game calendar-puzzle

games/calendar-puzzle/main.ts → games/calendar-puzzle/bundle.js...
(!) [plugin typescript] games/sky-strike/levelCarousel.ts (180:91): @rollup/plugin-typescript TS2554: Expected 3 arguments, but got 4.
/Users/qingque/Desktop/HaiyueStudio/Games/games/sky-strike/levelCarousel.ts:180:91

[7m180[0m     this.settings = new SkyStrikeOptions(options.world, options.guiImage, options.locale, options.audio);
[7m   [0m [91m                                                                                          ~~~~~~~~~~~~~[0m

/Users/qingque/Desktop/HaiyueStudio/Games/games/sky-strike/levelCarousel.ts:180:91

[7m180[0m     this.settings = new SkyStrikeOptions(options.world, options.guiImage, options.locale, options.audio);
[7m   [0m [91m                                                                                          ~~~~~~~~~~~~~[0m

(!) [plugin typescript] games/sky-strike/SkyStrikeGame.ts (471:53): @rollup/plugin-typescript TS2379: Argument of type '{ guiImage: (id: string) => GPUTexture; resolveBoss: (level: SkyStrikeLevel) => { label: string; aspect: number; companion?: { source: GPUTexture; sourceKey: string; }; source: GPUTexture; sourceKey: string; }; ... 10 more ...; loadOp: "load"; }' is not assignable to parameter of type 'SkyStrikeLevelCarouselOptions' with 'exactOptionalPropertyTypes: true'. Consider adding 'undefined' to the types of the target's properties.
  Types of property 'audio' are incompatible.
    Type 'SkyStrikeAudio | undefined' is not assignable to type 'SkyStrikeAudio'.
      Type 'undefined' is not assignable to type 'SkyStrikeAudio'.
/Users/qingque/Desktop/HaiyueStudio/Games/games/sky-strike/SkyStrikeGame.ts:471:53

[7m471[0m     this.levelCarousel = new SkyStrikeLevelCarousel({
[7m   [0m [91m                                                    ~[0m
[7m472[0m       locale: this.locale,
[7m   [0m [91m~~~~~~~~~~~~~~~~~~~~~~~~~~[0m
[7m...[0m 
[7m499[0m       },
[7m   [0m [91m~~~~~~~~[0m
[7m500[0m     });
[7m   [0m [91m~~~~~[0m

/Users/qingque/Desktop/HaiyueStudio/Games/games/sky-strike/SkyStrikeGame.ts:471:53

[7m471[0m     this.levelCarousel = new SkyStrikeLevelCarousel({
[7m   [0m [91m                                                    ~[0m
[7m472[0m       locale: this.locale,
[7m   [0m [91m~~~~~~~~~~~~~~~~~~~~~~~~~~[0m
[7m...[0m 
[7m499[0m       },
[7m   [0m [91m~~~~~~~~[0m
[7m500[0m     });
[7m   [0m [91m~~~~~[0m

created games/calendar-puzzle/bundle.js in 14.9s

> rollup game triangle-calendar-puzzle

games/triangle-calendar-puzzle/main.ts → games/triangle-calendar-puzzle/bundle.js...
(!) [plugin typescript] games/sky-strike/levelCarousel.ts (180:91): @rollup/plugin-typescript TS2554: Expected 3 arguments, but got 4.
/Users/qingque/Desktop/HaiyueStudio/Games/games/sky-strike/levelCarousel.ts:180:91

[7m180[0m     this.settings = new SkyStrikeOptions(options.world, options.guiImage, options.locale, options.audio);
[7m   [0m [91m                                                                                          ~~~~~~~~~~~~~[0m

(!) [plugin typescript] games/sky-strike/SkyStrikeGame.ts (471:53): @rollup/plugin-typescript TS2379: Argument of type '{ guiImage: (id: string) => GPUTexture; resolveBoss: (level: SkyStrikeLevel) => { label: string; aspect: number; companion?: { source: GPUTexture; sourceKey: string; }; source: GPUTexture; sourceKey: string; }; ... 10 more ...; loadOp: "load"; }' is not assignable to parameter of type 'SkyStrikeLevelCarouselOptions' with 'exactOptionalPropertyTypes: true'. Consider adding 'undefined' to the types of the target's properties.
  Types of property 'audio' are incompatible.
    Type 'SkyStrikeAudio | undefined' is not assignable to type 'SkyStrikeAudio'.
      Type 'undefined' is not assignable to type 'SkyStrikeAudio'.
/Users/qingque/Desktop/HaiyueStudio/Games/games/sky-strike/SkyStrikeGame.ts:471:53

[7m471[0m     this.levelCarousel = new SkyStrikeLevelCarousel({
[7m   [0m [91m                                                    ~[0m
[7m472[0m       locale: this.locale,
[7m   [0m [91m~~~~~~~~~~~~~~~~~~~~~~~~~~[0m
[7m...[0m 
[7m499[0m       },
[7m   [0m [91m~~~~~~~~[0m
[7m500[0m     });
[7m   [0m [91m~~~~~[0m

created games/triangle-calendar-puzzle/bundle.js in 10.4s

> rollup game entanglement-path

games/entanglement-path/main.ts → games/entanglement-path/bundle.js...
(!) [plugin typescript] games/sky-strike/levelCarousel.ts (180:91): @rollup/plugin-typescript TS2554: Expected 3 arguments, but got 4.
/Users/qingque/Desktop/HaiyueStudio/Games/games/sky-strike/levelCarousel.ts:180:91

[7m180[0m     this.settings = new SkyStrikeOptions(options.world, options.guiImage, options.locale, options.audio);
[7m   [0m [91m                                                                                          ~~~~~~~~~~~~~[0m

/Users/qingque/Desktop/HaiyueStudio/Games/games/sky-strike/levelCarousel.ts:180:91

[7m180[0m     this.settings = new SkyStrikeOptions(options.world, options.guiImage, options.locale, options.audio);
[7m   [0m [91m                                                                                          ~~~~~~~~~~~~~[0m

(!) [plugin typescript] games/sky-strike/SkyStrikeGame.ts (471:53): @rollup/plugin-typescript TS2379: Argument of type '{ guiImage: (id: string) => GPUTexture; resolveBoss: (level: SkyStrikeLevel) => { label: string; aspect: number; companion?: { source: GPUTexture; sourceKey: string; }; source: GPUTexture; sourceKey: string; }; ... 10 more ...; loadOp: "load"; }' is not assignable to parameter of type 'SkyStrikeLevelCarouselOptions' with 'exactOptionalPropertyTypes: true'. Consider adding 'undefined' to the types of the target's properties.
  Types of property 'audio' are incompatible.
    Type 'SkyStrikeAudio | undefined' is not assignable to type 'SkyStrikeAudio'.
      Type 'undefined' is not assignable to type 'SkyStrikeAudio'.
/Users/qingque/Desktop/HaiyueStudio/Games/games/sky-strike/SkyStrikeGame.ts:471:53

[7m471[0m     this.levelCarousel = new SkyStrikeLevelCarousel({
[7m   [0m [91m                                                    ~[0m
[7m472[0m       locale: this.locale,
[7m   [0m [91m~~~~~~~~~~~~~~~~~~~~~~~~~~[0m
[7m...[0m 
[7m499[0m       },
[7m   [0m [91m~~~~~~~~[0m
[7m500[0m     });
[7m   [0m [91m~~~~~[0m

/Users/qingque/Desktop/HaiyueStudio/Games/games/sky-strike/SkyStrikeGame.ts:471:53

[7m471[0m     this.levelCarousel = new SkyStrikeLevelCarousel({
[7m   [0m [91m                                                    ~[0m
[7m472[0m       locale: this.locale,
[7m   [0m [91m~~~~~~~~~~~~~~~~~~~~~~~~~~[0m
[7m...[0m 
[7m499[0m       },
[7m   [0m [91m~~~~~~~~[0m
[7m500[0m     });
[7m   [0m [91m~~~~~[0m

created games/entanglement-path/bundle.js in 13.9s

> rollup game icosahedron-minesweeper

games/icosahedron-minesweeper/main.ts → games/icosahedron-minesweeper/bundle.js...
(!) [plugin typescript] games/sky-strike/levelCarousel.ts (180:91): @rollup/plugin-typescript TS2554: Expected 3 arguments, but got 4.
/Users/qingque/Desktop/HaiyueStudio/Games/games/sky-strike/levelCarousel.ts:180:91

[7m180[0m     this.settings = new SkyStrikeOptions(options.world, options.guiImage, options.locale, options.audio);
[7m   [0m [91m                                                                                          ~~~~~~~~~~~~~[0m

/Users/qingque/Desktop/HaiyueStudio/Games/games/sky-strike/levelCarousel.ts:180:91

[7m180[0m     this.settings = new SkyStrikeOptions(options.world, options.guiImage, options.locale, options.audio);
[7m   [0m [91m                                                                                          ~~~~~~~~~~~~~[0m

(!) [plugin typescript] games/sky-strike/SkyStrikeGame.ts (471:53): @rollup/plugin-typescript TS2379: Argument of type '{ guiImage: (id: string) => GPUTexture; resolveBoss: (level: SkyStrikeLevel) => { label: string; aspect: number; companion?: { source: GPUTexture; sourceKey: string; }; source: GPUTexture; sourceKey: string; }; ... 10 more ...; loadOp: "load"; }' is not assignable to parameter of type 'SkyStrikeLevelCarouselOptions' with 'exactOptionalPropertyTypes: true'. Consider adding 'undefined' to the types of the target's properties.
  Types of property 'audio' are incompatible.
    Type 'SkyStrikeAudio | undefined' is not assignable to type 'SkyStrikeAudio'.
      Type 'undefined' is not assignable to type 'SkyStrikeAudio'.
/Users/qingque/Desktop/HaiyueStudio/Games/games/sky-strike/SkyStrikeGame.ts:471:53

[7m471[0m     this.levelCarousel = new SkyStrikeLevelCarousel({
[7m   [0m [91m                                                    ~[0m
[7m472[0m       locale: this.locale,
[7m   [0m [91m~~~~~~~~~~~~~~~~~~~~~~~~~~[0m
[7m...[0m 
[7m499[0m       },
[7m   [0m [91m~~~~~~~~[0m
[7m500[0m     });
[7m   [0m [91m~~~~~[0m

/Users/qingque/Desktop/HaiyueStudio/Games/games/sky-strike/SkyStrikeGame.ts:471:53

[7m471[0m     this.levelCarousel = new SkyStrikeLevelCarousel({
[7m   [0m [91m                                                    ~[0m
[7m472[0m       locale: this.locale,
[7m   [0m [91m~~~~~~~~~~~~~~~~~~~~~~~~~~[0m
[7m...[0m 
[7m499[0m       },
[7m   [0m [91m~~~~~~~~[0m
[7m500[0m     });
[7m   [0m [91m~~~~~[0m

created games/icosahedron-minesweeper/bundle.js in 14.1s

> rollup game gravity-maze

games/gravity-maze/main.ts → games/gravity-maze/dist...
created games/gravity-maze/dist in 6.2s

> rollup game match-3

games/match-3/main.ts → games/match-3/bundle.js...
(!) [plugin typescript] games/sky-strike/levelCarousel.ts (180:91): @rollup/plugin-typescript TS2554: Expected 3 arguments, but got 4.
/Users/qingque/Desktop/HaiyueStudio/Games/games/sky-strike/levelCarousel.ts:180:91

[7m180[0m     this.settings = new SkyStrikeOptions(options.world, options.guiImage, options.locale, options.audio);
[7m   [0m [91m                                                                                          ~~~~~~~~~~~~~[0m

/Users/qingque/Desktop/HaiyueStudio/Games/games/sky-strike/levelCarousel.ts:180:91

[7m180[0m     this.settings = new SkyStrikeOptions(options.world, options.guiImage, options.locale, options.audio);
[7m   [0m [91m                                                                                          ~~~~~~~~~~~~~[0m

(!) [plugin typescript] games/sky-strike/SkyStrikeGame.ts (471:53): @rollup/plugin-typescript TS2379: Argument of type '{ guiImage: (id: string) => GPUTexture; resolveBoss: (level: SkyStrikeLevel) => { label: string; aspect: number; companion?: { source: GPUTexture; sourceKey: string; }; source: GPUTexture; sourceKey: string; }; ... 10 more ...; loadOp: "load"; }' is not assignable to parameter of type 'SkyStrikeLevelCarouselOptions' with 'exactOptionalPropertyTypes: true'. Consider adding 'undefined' to the types of the target's properties.
  Types of property 'audio' are incompatible.
    Type 'SkyStrikeAudio | undefined' is not assignable to type 'SkyStrikeAudio'.
      Type 'undefined' is not assignable to type 'SkyStrikeAudio'.
/Users/qingque/Desktop/HaiyueStudio/Games/games/sky-strike/SkyStrikeGame.ts:471:53

[7m471[0m     this.levelCarousel = new SkyStrikeLevelCarousel({
[7m   [0m [91m                                                    ~[0m
[7m472[0m       locale: this.locale,
[7m   [0m [91m~~~~~~~~~~~~~~~~~~~~~~~~~~[0m
[7m...[0m 
[7m499[0m       },
[7m   [0m [91m~~~~~~~~[0m
[7m500[0m     });
[7m   [0m [91m~~~~~[0m

/Users/qingque/Desktop/HaiyueStudio/Games/games/sky-strike/SkyStrikeGame.ts:471:53

[7m471[0m     this.levelCarousel = new SkyStrikeLevelCarousel({
[7m   [0m [91m                                                    ~[0m
[7m472[0m       locale: this.locale,
[7m   [0m [91m~~~~~~~~~~~~~~~~~~~~~~~~~~[0m
[7m...[0m 
[7m499[0m       },
[7m   [0m [91m~~~~~~~~[0m
[7m500[0m     });
[7m   [0m [91m~~~~~[0m

created games/match-3/bundle.js in 14.2s

> rollup game neon-circuit

games/neon-circuit/main.ts → games/neon-circuit/bundle.js...
(!) [plugin typescript] games/sky-strike/levelCarousel.ts (180:91): @rollup/plugin-typescript TS2554: Expected 3 arguments, but got 4.
/Users/qingque/Desktop/HaiyueStudio/Games/games/sky-strike/levelCarousel.ts:180:91

[7m180[0m     this.settings = new SkyStrikeOptions(options.world, options.guiImage, options.locale, options.audio);
[7m   [0m [91m                                                                                          ~~~~~~~~~~~~~[0m

/Users/qingque/Desktop/HaiyueStudio/Games/games/sky-strike/levelCarousel.ts:180:91

[7m180[0m     this.settings = new SkyStrikeOptions(options.world, options.guiImage, options.locale, options.audio);
[7m   [0m [91m                                                                                          ~~~~~~~~~~~~~[0m

(!) [plugin typescript] games/sky-strike/SkyStrikeGame.ts (471:53): @rollup/plugin-typescript TS2379: Argument of type '{ guiImage: (id: string) => GPUTexture; resolveBoss: (level: SkyStrikeLevel) => { label: string; aspect: number; companion?: { source: GPUTexture; sourceKey: string; }; source: GPUTexture; sourceKey: string; }; ... 10 more ...; loadOp: "load"; }' is not assignable to parameter of type 'SkyStrikeLevelCarouselOptions' with 'exactOptionalPropertyTypes: true'. Consider adding 'undefined' to the types of the target's properties.
  Types of property 'audio' are incompatible.
    Type 'SkyStrikeAudio | undefined' is not assignable to type 'SkyStrikeAudio'.
      Type 'undefined' is not assignable to type 'SkyStrikeAudio'.
/Users/qingque/Desktop/HaiyueStudio/Games/games/sky-strike/SkyStrikeGame.ts:471:53

[7m471[0m     this.levelCarousel = new SkyStrikeLevelCarousel({
[7m   [0m [91m                                                    ~[0m
[7m472[0m       locale: this.locale,
[7m   [0m [91m~~~~~~~~~~~~~~~~~~~~~~~~~~[0m
[7m...[0m 
[7m499[0m       },
[7m   [0m [91m~~~~~~~~[0m
[7m500[0m     });
[7m   [0m [91m~~~~~[0m

/Users/qingque/Desktop/HaiyueStudio/Games/games/sky-strike/SkyStrikeGame.ts:471:53

[7m471[0m     this.levelCarousel = new SkyStrikeLevelCarousel({
[7m   [0m [91m                                                    ~[0m
[7m472[0m       locale: this.locale,
[7m   [0m [91m~~~~~~~~~~~~~~~~~~~~~~~~~~[0m
[7m...[0m 
[7m499[0m       },
[7m   [0m [91m~~~~~~~~[0m
[7m500[0m     });
[7m   [0m [91m~~~~~[0m

created games/neon-circuit/bundle.js in 14.3s

> rollup game minesweeper

games/minesweeper/main.ts → games/minesweeper/bundle.js...
(!) [plugin typescript] games/sky-strike/levelCarousel.ts (180:91): @rollup/plugin-typescript TS2554: Expected 3 arguments, but got 4.
/Users/qingque/Desktop/HaiyueStudio/Games/games/sky-strike/levelCarousel.ts:180:91

[7m180[0m     this.settings = new SkyStrikeOptions(options.world, options.guiImage, options.locale, options.audio);
[7m   [0m [91m                                                                                          ~~~~~~~~~~~~~[0m

/Users/qingque/Desktop/HaiyueStudio/Games/games/sky-strike/levelCarousel.ts:180:91

[7m180[0m     this.settings = new SkyStrikeOptions(options.world, options.guiImage, options.locale, options.audio);
[7m   [0m [91m                                                                                          ~~~~~~~~~~~~~[0m

(!) [plugin typescript] games/sky-strike/SkyStrikeGame.ts (471:53): @rollup/plugin-typescript TS2379: Argument of type '{ guiImage: (id: string) => GPUTexture; resolveBoss: (level: SkyStrikeLevel) => { label: string; aspect: number; companion?: { source: GPUTexture; sourceKey: string; }; source: GPUTexture; sourceKey: string; }; ... 10 more ...; loadOp: "load"; }' is not assignable to parameter of type 'SkyStrikeLevelCarouselOptions' with 'exactOptionalPropertyTypes: true'. Consider adding 'undefined' to the types of the target's properties.
  Types of property 'audio' are incompatible.
    Type 'SkyStrikeAudio | undefined' is not assignable to type 'SkyStrikeAudio'.
      Type 'undefined' is not assignable to type 'SkyStrikeAudio'.
/Users/qingque/Desktop/HaiyueStudio/Games/games/sky-strike/SkyStrikeGame.ts:471:53

[7m471[0m     this.levelCarousel = new SkyStrikeLevelCarousel({
[7m   [0m [91m                                                    ~[0m
[7m472[0m       locale: this.locale,
[7m   [0m [91m~~~~~~~~~~~~~~~~~~~~~~~~~~[0m
[7m...[0m 
[7m499[0m       },
[7m   [0m [91m~~~~~~~~[0m
[7m500[0m     });
[7m   [0m [91m~~~~~[0m

/Users/qingque/Desktop/HaiyueStudio/Games/games/sky-strike/SkyStrikeGame.ts:471:53

[7m471[0m     this.levelCarousel = new SkyStrikeLevelCarousel({
[7m   [0m [91m                                                    ~[0m
[7m472[0m       locale: this.locale,
[7m   [0m [91m~~~~~~~~~~~~~~~~~~~~~~~~~~[0m
[7m...[0m 
[7m499[0m       },
[7m   [0m [91m~~~~~~~~[0m
[7m500[0m     });
[7m   [0m [91m~~~~~[0m

created games/minesweeper/bundle.js in 12.5s

> rollup game minecraft-lite

games/minecraft-lite/main.ts → games/minecraft-lite/bundle.js...
(!) [plugin typescript] games/sky-strike/levelCarousel.ts (180:91): @rollup/plugin-typescript TS2554: Expected 3 arguments, but got 4.
/Users/qingque/Desktop/HaiyueStudio/Games/games/sky-strike/levelCarousel.ts:180:91

[7m180[0m     this.settings = new SkyStrikeOptions(options.world, options.guiImage, options.locale, options.audio);
[7m   [0m [91m                                                                                          ~~~~~~~~~~~~~[0m

/Users/qingque/Desktop/HaiyueStudio/Games/games/sky-strike/levelCarousel.ts:180:91

[7m180[0m     this.settings = new SkyStrikeOptions(options.world, options.guiImage, options.locale, options.audio);
[7m   [0m [91m                                                                                          ~~~~~~~~~~~~~[0m

(!) [plugin typescript] games/sky-strike/SkyStrikeGame.ts (471:53): @rollup/plugin-typescript TS2379: Argument of type '{ guiImage: (id: string) => GPUTexture; resolveBoss: (level: SkyStrikeLevel) => { label: string; aspect: number; companion?: { source: GPUTexture; sourceKey: string; }; source: GPUTexture; sourceKey: string; }; ... 10 more ...; loadOp: "load"; }' is not assignable to parameter of type 'SkyStrikeLevelCarouselOptions' with 'exactOptionalPropertyTypes: true'. Consider adding 'undefined' to the types of the target's properties.
  Types of property 'audio' are incompatible.
    Type 'SkyStrikeAudio | undefined' is not assignable to type 'SkyStrikeAudio'.
      Type 'undefined' is not assignable to type 'SkyStrikeAudio'.
/Users/qingque/Desktop/HaiyueStudio/Games/games/sky-strike/SkyStrikeGame.ts:471:53

[7m471[0m     this.levelCarousel = new SkyStrikeLevelCarousel({
[7m   [0m [91m                                                    ~[0m
[7m472[0m       locale: this.locale,
[7m   [0m [91m~~~~~~~~~~~~~~~~~~~~~~~~~~[0m
[7m...[0m 
[7m499[0m       },
[7m   [0m [91m~~~~~~~~[0m
[7m500[0m     });
[7m   [0m [91m~~~~~[0m

/Users/qingque/Desktop/HaiyueStudio/Games/games/sky-strike/SkyStrikeGame.ts:471:53

[7m471[0m     this.levelCarousel = new SkyStrikeLevelCarousel({
[7m   [0m [91m                                                    ~[0m
[7m472[0m       locale: this.locale,
[7m   [0m [91m~~~~~~~~~~~~~~~~~~~~~~~~~~[0m
[7m...[0m 
[7m499[0m       },
[7m   [0m [91m~~~~~~~~[0m
[7m500[0m     });
[7m   [0m [91m~~~~~[0m

created games/minecraft-lite/bundle.js in 13.5s

> rollup game mugen

games/mugen/main.ts, games/mugen/charactorPreview.ts, games/mugen/import/worker/mugenImport.worker.ts → games/mugen/dist...
created games/mugen/dist in 11.9s

> rollup game pad-simulator

games/pad-simulator/main.ts → games/pad-simulator/bundle.js...
(!) [plugin typescript] games/sky-strike/levelCarousel.ts (180:91): @rollup/plugin-typescript TS2554: Expected 3 arguments, but got 4.
/Users/qingque/Desktop/HaiyueStudio/Games/games/sky-strike/levelCarousel.ts:180:91

[7m180[0m     this.settings = new SkyStrikeOptions(options.world, options.guiImage, options.locale, options.audio);
[7m   [0m [91m                                                                                          ~~~~~~~~~~~~~[0m

/Users/qingque/Desktop/HaiyueStudio/Games/games/sky-strike/levelCarousel.ts:180:91

[7m180[0m     this.settings = new SkyStrikeOptions(options.world, options.guiImage, options.locale, options.audio);
[7m   [0m [91m                                                                                          ~~~~~~~~~~~~~[0m

(!) [plugin typescript] games/sky-strike/SkyStrikeGame.ts (471:53): @rollup/plugin-typescript TS2379: Argument of type '{ guiImage: (id: string) => GPUTexture; resolveBoss: (level: SkyStrikeLevel) => { label: string; aspect: number; companion?: { source: GPUTexture; sourceKey: string; }; source: GPUTexture; sourceKey: string; }; ... 10 more ...; loadOp: "load"; }' is not assignable to parameter of type 'SkyStrikeLevelCarouselOptions' with 'exactOptionalPropertyTypes: true'. Consider adding 'undefined' to the types of the target's properties.
  Types of property 'audio' are incompatible.
    Type 'SkyStrikeAudio | undefined' is not assignable to type 'SkyStrikeAudio'.
      Type 'undefined' is not assignable to type 'SkyStrikeAudio'.
/Users/qingque/Desktop/HaiyueStudio/Games/games/sky-strike/SkyStrikeGame.ts:471:53

[7m471[0m     this.levelCarousel = new SkyStrikeLevelCarousel({
[7m   [0m [91m                                                    ~[0m
[7m472[0m       locale: this.locale,
[7m   [0m [91m~~~~~~~~~~~~~~~~~~~~~~~~~~[0m
[7m...[0m 
[7m499[0m       },
[7m   [0m [91m~~~~~~~~[0m
[7m500[0m     });
[7m   [0m [91m~~~~~[0m

/Users/qingque/Desktop/HaiyueStudio/Games/games/sky-strike/SkyStrikeGame.ts:471:53

[7m471[0m     this.levelCarousel = new SkyStrikeLevelCarousel({
[7m   [0m [91m                                                    ~[0m
[7m472[0m       locale: this.locale,
[7m   [0m [91m~~~~~~~~~~~~~~~~~~~~~~~~~~[0m
[7m...[0m 
[7m499[0m       },
[7m   [0m [91m~~~~~~~~[0m
[7m500[0m     });
[7m   [0m [91m~~~~~[0m

created games/pad-simulator/bundle.js in 16s

> rollup game pacman

games/pacman/main.ts → games/pacman/bundle.js...
(!) [plugin typescript] games/sky-strike/levelCarousel.ts (180:91): @rollup/plugin-typescript TS2554: Expected 3 arguments, but got 4.
/Users/qingque/Desktop/HaiyueStudio/Games/games/sky-strike/levelCarousel.ts:180:91

[7m180[0m     this.settings = new SkyStrikeOptions(options.world, options.guiImage, options.locale, options.audio);
[7m   [0m [91m                                                                                          ~~~~~~~~~~~~~[0m

/Users/qingque/Desktop/HaiyueStudio/Games/games/sky-strike/levelCarousel.ts:180:91

[7m180[0m     this.settings = new SkyStrikeOptions(options.world, options.guiImage, options.locale, options.audio);
[7m   [0m [91m                                                                                          ~~~~~~~~~~~~~[0m

(!) [plugin typescript] games/sky-strike/SkyStrikeGame.ts (471:53): @rollup/plugin-typescript TS2379: Argument of type '{ guiImage: (id: string) => GPUTexture; resolveBoss: (level: SkyStrikeLevel) => { label: string; aspect: number; companion?: { source: GPUTexture; sourceKey: string; }; source: GPUTexture; sourceKey: string; }; ... 10 more ...; loadOp: "load"; }' is not assignable to parameter of type 'SkyStrikeLevelCarouselOptions' with 'exactOptionalPropertyTypes: true'. Consider adding 'undefined' to the types of the target's properties.
  Types of property 'audio' are incompatible.
    Type 'SkyStrikeAudio | undefined' is not assignable to type 'SkyStrikeAudio'.
      Type 'undefined' is not assignable to type 'SkyStrikeAudio'.
/Users/qingque/Desktop/HaiyueStudio/Games/games/sky-strike/SkyStrikeGame.ts:471:53

[7m471[0m     this.levelCarousel = new SkyStrikeLevelCarousel({
[7m   [0m [91m                                                    ~[0m
[7m472[0m       locale: this.locale,
[7m   [0m [91m~~~~~~~~~~~~~~~~~~~~~~~~~~[0m
[7m...[0m 
[7m499[0m       },
[7m   [0m [91m~~~~~~~~[0m
[7m500[0m     });
[7m   [0m [91m~~~~~[0m

/Users/qingque/Desktop/HaiyueStudio/Games/games/sky-strike/SkyStrikeGame.ts:471:53

[7m471[0m     this.levelCarousel = new SkyStrikeLevelCarousel({
[7m   [0m [91m                                                    ~[0m
[7m472[0m       locale: this.locale,
[7m   [0m [91m~~~~~~~~~~~~~~~~~~~~~~~~~~[0m
[7m...[0m 
[7m499[0m       },
[7m   [0m [91m~~~~~~~~[0m
[7m500[0m     });
[7m   [0m [91m~~~~~[0m

created games/pacman/bundle.js in 14.2s

> rollup game piano

games/piano/main.ts → games/piano/bundle.js...
(!) [plugin typescript] games/sky-strike/levelCarousel.ts (180:91): @rollup/plugin-typescript TS2554: Expected 3 arguments, but got 4.
/Users/qingque/Desktop/HaiyueStudio/Games/games/sky-strike/levelCarousel.ts:180:91

[7m180[0m     this.settings = new SkyStrikeOptions(options.world, options.guiImage, options.locale, options.audio);
[7m   [0m [91m                                                                                          ~~~~~~~~~~~~~[0m

/Users/qingque/Desktop/HaiyueStudio/Games/games/sky-strike/levelCarousel.ts:180:91

[7m180[0m     this.settings = new SkyStrikeOptions(options.world, options.guiImage, options.locale, options.audio);
[7m   [0m [91m                                                                                          ~~~~~~~~~~~~~[0m

(!) [plugin typescript] games/sky-strike/SkyStrikeGame.ts (471:53): @rollup/plugin-typescript TS2379: Argument of type '{ guiImage: (id: string) => GPUTexture; resolveBoss: (level: SkyStrikeLevel) => { label: string; aspect: number; companion?: { source: GPUTexture; sourceKey: string; }; source: GPUTexture; sourceKey: string; }; ... 10 more ...; loadOp: "load"; }' is not assignable to parameter of type 'SkyStrikeLevelCarouselOptions' with 'exactOptionalPropertyTypes: true'. Consider adding 'undefined' to the types of the target's properties.
  Types of property 'audio' are incompatible.
    Type 'SkyStrikeAudio | undefined' is not assignable to type 'SkyStrikeAudio'.
      Type 'undefined' is not assignable to type 'SkyStrikeAudio'.
/Users/qingque/Desktop/HaiyueStudio/Games/games/sky-strike/SkyStrikeGame.ts:471:53

[7m471[0m     this.levelCarousel = new SkyStrikeLevelCarousel({
[7m   [0m [91m                                                    ~[0m
[7m472[0m       locale: this.locale,
[7m   [0m [91m~~~~~~~~~~~~~~~~~~~~~~~~~~[0m
[7m...[0m 
[7m499[0m       },
[7m   [0m [91m~~~~~~~~[0m
[7m500[0m     });
[7m   [0m [91m~~~~~[0m

/Users/qingque/Desktop/HaiyueStudio/Games/games/sky-strike/SkyStrikeGame.ts:471:53

[7m471[0m     this.levelCarousel = new SkyStrikeLevelCarousel({
[7m   [0m [91m                                                    ~[0m
[7m472[0m       locale: this.locale,
[7m   [0m [91m~~~~~~~~~~~~~~~~~~~~~~~~~~[0m
[7m...[0m 
[7m499[0m       },
[7m   [0m [91m~~~~~~~~[0m
[7m500[0m     });
[7m   [0m [91m~~~~~[0m

created games/piano/bundle.js in 14s

> rollup game pong

games/pong/main.ts → games/pong/bundle.js...
(!) [plugin typescript] games/sky-strike/levelCarousel.ts (180:91): @rollup/plugin-typescript TS2554: Expected 3 arguments, but got 4.
/Users/qingque/Desktop/HaiyueStudio/Games/games/sky-strike/levelCarousel.ts:180:91

[7m180[0m     this.settings = new SkyStrikeOptions(options.world, options.guiImage, options.locale, options.audio);
[7m   [0m [91m                                                                                          ~~~~~~~~~~~~~[0m

/Users/qingque/Desktop/HaiyueStudio/Games/games/sky-strike/levelCarousel.ts:180:91

[7m180[0m     this.settings = new SkyStrikeOptions(options.world, options.guiImage, options.locale, options.audio);
[7m   [0m [91m                                                                                          ~~~~~~~~~~~~~[0m

(!) [plugin typescript] games/sky-strike/SkyStrikeGame.ts (471:53): @rollup/plugin-typescript TS2379: Argument of type '{ guiImage: (id: string) => GPUTexture; resolveBoss: (level: SkyStrikeLevel) => { label: string; aspect: number; companion?: { source: GPUTexture; sourceKey: string; }; source: GPUTexture; sourceKey: string; }; ... 10 more ...; loadOp: "load"; }' is not assignable to parameter of type 'SkyStrikeLevelCarouselOptions' with 'exactOptionalPropertyTypes: true'. Consider adding 'undefined' to the types of the target's properties.
  Types of property 'audio' are incompatible.
    Type 'SkyStrikeAudio | undefined' is not assignable to type 'SkyStrikeAudio'.
      Type 'undefined' is not assignable to type 'SkyStrikeAudio'.
/Users/qingque/Desktop/HaiyueStudio/Games/games/sky-strike/SkyStrikeGame.ts:471:53

[7m471[0m     this.levelCarousel = new SkyStrikeLevelCarousel({
[7m   [0m [91m                                                    ~[0m
[7m472[0m       locale: this.locale,
[7m   [0m [91m~~~~~~~~~~~~~~~~~~~~~~~~~~[0m
[7m...[0m 
[7m499[0m       },
[7m   [0m [91m~~~~~~~~[0m
[7m500[0m     });
[7m   [0m [91m~~~~~[0m

/Users/qingque/Desktop/HaiyueStudio/Games/games/sky-strike/SkyStrikeGame.ts:471:53

[7m471[0m     this.levelCarousel = new SkyStrikeLevelCarousel({
[7m   [0m [91m                                                    ~[0m
[7m472[0m       locale: this.locale,
[7m   [0m [91m~~~~~~~~~~~~~~~~~~~~~~~~~~[0m
[7m...[0m 
[7m499[0m       },
[7m   [0m [91m~~~~~~~~[0m
[7m500[0m     });
[7m   [0m [91m~~~~~[0m

created games/pong/bundle.js in 14.1s

> rollup game sokoban-3d

games/sokoban-3d/main.ts → games/sokoban-3d/bundle.js...
(!) [plugin typescript] games/sky-strike/levelCarousel.ts (180:91): @rollup/plugin-typescript TS2554: Expected 3 arguments, but got 4.
/Users/qingque/Desktop/HaiyueStudio/Games/games/sky-strike/levelCarousel.ts:180:91

[7m180[0m     this.settings = new SkyStrikeOptions(options.world, options.guiImage, options.locale, options.audio);
[7m   [0m [91m                                                                                          ~~~~~~~~~~~~~[0m

/Users/qingque/Desktop/HaiyueStudio/Games/games/sky-strike/levelCarousel.ts:180:91

[7m180[0m     this.settings = new SkyStrikeOptions(options.world, options.guiImage, options.locale, options.audio);
[7m   [0m [91m                                                                                          ~~~~~~~~~~~~~[0m

(!) [plugin typescript] games/sky-strike/SkyStrikeGame.ts (471:53): @rollup/plugin-typescript TS2379: Argument of type '{ guiImage: (id: string) => GPUTexture; resolveBoss: (level: SkyStrikeLevel) => { label: string; aspect: number; companion?: { source: GPUTexture; sourceKey: string; }; source: GPUTexture; sourceKey: string; }; ... 10 more ...; loadOp: "load"; }' is not assignable to parameter of type 'SkyStrikeLevelCarouselOptions' with 'exactOptionalPropertyTypes: true'. Consider adding 'undefined' to the types of the target's properties.
  Types of property 'audio' are incompatible.
    Type 'SkyStrikeAudio | undefined' is not assignable to type 'SkyStrikeAudio'.
      Type 'undefined' is not assignable to type 'SkyStrikeAudio'.
/Users/qingque/Desktop/HaiyueStudio/Games/games/sky-strike/SkyStrikeGame.ts:471:53

[7m471[0m     this.levelCarousel = new SkyStrikeLevelCarousel({
[7m   [0m [91m                                                    ~[0m
[7m472[0m       locale: this.locale,
[7m   [0m [91m~~~~~~~~~~~~~~~~~~~~~~~~~~[0m
[7m...[0m 
[7m499[0m       },
[7m   [0m [91m~~~~~~~~[0m
[7m500[0m     });
[7m   [0m [91m~~~~~[0m

/Users/qingque/Desktop/HaiyueStudio/Games/games/sky-strike/SkyStrikeGame.ts:471:53

[7m471[0m     this.levelCarousel = new SkyStrikeLevelCarousel({
[7m   [0m [91m                                                    ~[0m
[7m472[0m       locale: this.locale,
[7m   [0m [91m~~~~~~~~~~~~~~~~~~~~~~~~~~[0m
[7m...[0m 
[7m499[0m       },
[7m   [0m [91m~~~~~~~~[0m
[7m500[0m     });
[7m   [0m [91m~~~~~[0m

created games/sokoban-3d/bundle.js in 14s

> rollup game sky-strike

games/sky-strike/main.ts → games/sky-strike/bundle.js...
(!) [plugin typescript] games/sky-strike/levelCarousel.ts (180:91): @rollup/plugin-typescript TS2554: Expected 3 arguments, but got 4.
/Users/qingque/Desktop/HaiyueStudio/Games/games/sky-strike/levelCarousel.ts:180:91

[7m180[0m     this.settings = new SkyStrikeOptions(options.world, options.guiImage, options.locale, options.audio);
[7m   [0m [91m                                                                                          ~~~~~~~~~~~~~[0m

/Users/qingque/Desktop/HaiyueStudio/Games/games/sky-strike/levelCarousel.ts:180:91

[7m180[0m     this.settings = new SkyStrikeOptions(options.world, options.guiImage, options.locale, options.audio);
[7m   [0m [91m                                                                                          ~~~~~~~~~~~~~[0m

(!) [plugin typescript] games/sky-strike/SkyStrikeGame.ts (471:53): @rollup/plugin-typescript TS2379: Argument of type '{ guiImage: (id: string) => GPUTexture; resolveBoss: (level: SkyStrikeLevel) => { label: string; aspect: number; companion?: { source: GPUTexture; sourceKey: string; }; source: GPUTexture; sourceKey: string; }; ... 10 more ...; loadOp: "load"; }' is not assignable to parameter of type 'SkyStrikeLevelCarouselOptions' with 'exactOptionalPropertyTypes: true'. Consider adding 'undefined' to the types of the target's properties.
  Types of property 'audio' are incompatible.
    Type 'SkyStrikeAudio | undefined' is not assignable to type 'SkyStrikeAudio'.
      Type 'undefined' is not assignable to type 'SkyStrikeAudio'.
/Users/qingque/Desktop/HaiyueStudio/Games/games/sky-strike/SkyStrikeGame.ts:471:53

[7m471[0m     this.levelCarousel = new SkyStrikeLevelCarousel({
[7m   [0m [91m                                                    ~[0m
[7m472[0m       locale: this.locale,
[7m   [0m [91m~~~~~~~~~~~~~~~~~~~~~~~~~~[0m
[7m...[0m 
[7m499[0m       },
[7m   [0m [91m~~~~~~~~[0m
[7m500[0m     });
[7m   [0m [91m~~~~~[0m

/Users/qingque/Desktop/HaiyueStudio/Games/games/sky-strike/SkyStrikeGame.ts:471:53

[7m471[0m     this.levelCarousel = new SkyStrikeLevelCarousel({
[7m   [0m [91m                                                    ~[0m
[7m472[0m       locale: this.locale,
[7m   [0m [91m~~~~~~~~~~~~~~~~~~~~~~~~~~[0m
[7m...[0m 
[7m499[0m       },
[7m   [0m [91m~~~~~~~~[0m
[7m500[0m     });
[7m   [0m [91m~~~~~[0m

created games/sky-strike/bundle.js in 14.2s

> rollup game spider-solitaire

games/spider-solitaire/main.ts → games/spider-solitaire/bundle.js...
(!) [plugin typescript] games/sky-strike/levelCarousel.ts (180:91): @rollup/plugin-typescript TS2554: Expected 3 arguments, but got 4.
/Users/qingque/Desktop/HaiyueStudio/Games/games/sky-strike/levelCarousel.ts:180:91

[7m180[0m     this.settings = new SkyStrikeOptions(options.world, options.guiImage, options.locale, options.audio);
[7m   [0m [91m                                                                                          ~~~~~~~~~~~~~[0m

/Users/qingque/Desktop/HaiyueStudio/Games/games/sky-strike/levelCarousel.ts:180:91

[7m180[0m     this.settings = new SkyStrikeOptions(options.world, options.guiImage, options.locale, options.audio);
[7m   [0m [91m                                                                                          ~~~~~~~~~~~~~[0m

(!) [plugin typescript] games/sky-strike/SkyStrikeGame.ts (471:53): @rollup/plugin-typescript TS2379: Argument of type '{ guiImage: (id: string) => GPUTexture; resolveBoss: (level: SkyStrikeLevel) => { label: string; aspect: number; companion?: { source: GPUTexture; sourceKey: string; }; source: GPUTexture; sourceKey: string; }; ... 10 more ...; loadOp: "load"; }' is not assignable to parameter of type 'SkyStrikeLevelCarouselOptions' with 'exactOptionalPropertyTypes: true'. Consider adding 'undefined' to the types of the target's properties.
  Types of property 'audio' are incompatible.
    Type 'SkyStrikeAudio | undefined' is not assignable to type 'SkyStrikeAudio'.
      Type 'undefined' is not assignable to type 'SkyStrikeAudio'.
/Users/qingque/Desktop/HaiyueStudio/Games/games/sky-strike/SkyStrikeGame.ts:471:53

[7m471[0m     this.levelCarousel = new SkyStrikeLevelCarousel({
[7m   [0m [91m                                                    ~[0m
[7m472[0m       locale: this.locale,
[7m   [0m [91m~~~~~~~~~~~~~~~~~~~~~~~~~~[0m
[7m...[0m 
[7m499[0m       },
[7m   [0m [91m~~~~~~~~[0m
[7m500[0m     });
[7m   [0m [91m~~~~~[0m

/Users/qingque/Desktop/HaiyueStudio/Games/games/sky-strike/SkyStrikeGame.ts:471:53

[7m471[0m     this.levelCarousel = new SkyStrikeLevelCarousel({
[7m   [0m [91m                                                    ~[0m
[7m472[0m       locale: this.locale,
[7m   [0m [91m~~~~~~~~~~~~~~~~~~~~~~~~~~[0m
[7m...[0m 
[7m499[0m       },
[7m   [0m [91m~~~~~~~~[0m
[7m500[0m     });
[7m   [0m [91m~~~~~[0m

created games/spider-solitaire/bundle.js in 17.8s

> rollup game sudoku

games/sudoku/main.ts → games/sudoku/bundle.js...
(!) [plugin typescript] games/sky-strike/levelCarousel.ts (180:91): @rollup/plugin-typescript TS2554: Expected 3 arguments, but got 4.
/Users/qingque/Desktop/HaiyueStudio/Games/games/sky-strike/levelCarousel.ts:180:91

[7m180[0m     this.settings = new SkyStrikeOptions(options.world, options.guiImage, options.locale, options.audio);
[7m   [0m [91m                                                                                          ~~~~~~~~~~~~~[0m

/Users/qingque/Desktop/HaiyueStudio/Games/games/sky-strike/levelCarousel.ts:180:91

[7m180[0m     this.settings = new SkyStrikeOptions(options.world, options.guiImage, options.locale, options.audio);
[7m   [0m [91m                                                                                          ~~~~~~~~~~~~~[0m

(!) [plugin typescript] games/sky-strike/SkyStrikeGame.ts (471:53): @rollup/plugin-typescript TS2379: Argument of type '{ guiImage: (id: string) => GPUTexture; resolveBoss: (level: SkyStrikeLevel) => { label: string; aspect: number; companion?: { source: GPUTexture; sourceKey: string; }; source: GPUTexture; sourceKey: string; }; ... 10 more ...; loadOp: "load"; }' is not assignable to parameter of type 'SkyStrikeLevelCarouselOptions' with 'exactOptionalPropertyTypes: true'. Consider adding 'undefined' to the types of the target's properties.
  Types of property 'audio' are incompatible.
    Type 'SkyStrikeAudio | undefined' is not assignable to type 'SkyStrikeAudio'.
      Type 'undefined' is not assignable to type 'SkyStrikeAudio'.
/Users/qingque/Desktop/HaiyueStudio/Games/games/sky-strike/SkyStrikeGame.ts:471:53

[7m471[0m     this.levelCarousel = new SkyStrikeLevelCarousel({
[7m   [0m [91m                                                    ~[0m
[7m472[0m       locale: this.locale,
[7m   [0m [91m~~~~~~~~~~~~~~~~~~~~~~~~~~[0m
[7m...[0m 
[7m499[0m       },
[7m   [0m [91m~~~~~~~~[0m
[7m500[0m     });
[7m   [0m [91m~~~~~[0m

/Users/qingque/Desktop/HaiyueStudio/Games/games/sky-strike/SkyStrikeGame.ts:471:53

[7m471[0m     this.levelCarousel = new SkyStrikeLevelCarousel({
[7m   [0m [91m                                                    ~[0m
[7m472[0m       locale: this.locale,
[7m   [0m [91m~~~~~~~~~~~~~~~~~~~~~~~~~~[0m
[7m...[0m 
[7m499[0m       },
[7m   [0m [91m~~~~~~~~[0m
[7m500[0m     });
[7m   [0m [91m~~~~~[0m

created games/sudoku/bundle.js in 14.4s

> rollup game tetris

games/tetris/main.ts → games/tetris/bundle.js...
(!) [plugin typescript] games/sky-strike/levelCarousel.ts (180:91): @rollup/plugin-typescript TS2554: Expected 3 arguments, but got 4.
/Users/qingque/Desktop/HaiyueStudio/Games/games/sky-strike/levelCarousel.ts:180:91

[7m180[0m     this.settings = new SkyStrikeOptions(options.world, options.guiImage, options.locale, options.audio);
[7m   [0m [91m                                                                                          ~~~~~~~~~~~~~[0m

/Users/qingque/Desktop/HaiyueStudio/Games/games/sky-strike/levelCarousel.ts:180:91

[7m180[0m     this.settings = new SkyStrikeOptions(options.world, options.guiImage, options.locale, options.audio);
[7m   [0m [91m                                                                                          ~~~~~~~~~~~~~[0m

(!) [plugin typescript] games/sky-strike/SkyStrikeGame.ts (471:53): @rollup/plugin-typescript TS2379: Argument of type '{ guiImage: (id: string) => GPUTexture; resolveBoss: (level: SkyStrikeLevel) => { label: string; aspect: number; companion?: { source: GPUTexture; sourceKey: string; }; source: GPUTexture; sourceKey: string; }; ... 10 more ...; loadOp: "load"; }' is not assignable to parameter of type 'SkyStrikeLevelCarouselOptions' with 'exactOptionalPropertyTypes: true'. Consider adding 'undefined' to the types of the target's properties.
  Types of property 'audio' are incompatible.
    Type 'SkyStrikeAudio | undefined' is not assignable to type 'SkyStrikeAudio'.
      Type 'undefined' is not assignable to type 'SkyStrikeAudio'.
/Users/qingque/Desktop/HaiyueStudio/Games/games/sky-strike/SkyStrikeGame.ts:471:53

[7m471[0m     this.levelCarousel = new SkyStrikeLevelCarousel({
[7m   [0m [91m                                                    ~[0m
[7m472[0m       locale: this.locale,
[7m   [0m [91m~~~~~~~~~~~~~~~~~~~~~~~~~~[0m
[7m...[0m 
[7m499[0m       },
[7m   [0m [91m~~~~~~~~[0m
[7m500[0m     });
[7m   [0m [91m~~~~~[0m

/Users/qingque/Desktop/HaiyueStudio/Games/games/sky-strike/SkyStrikeGame.ts:471:53

[7m471[0m     this.levelCarousel = new SkyStrikeLevelCarousel({
[7m   [0m [91m                                                    ~[0m
[7m472[0m       locale: this.locale,
[7m   [0m [91m~~~~~~~~~~~~~~~~~~~~~~~~~~[0m
[7m...[0m 
[7m499[0m       },
[7m   [0m [91m~~~~~~~~[0m
[7m500[0m     });
[7m   [0m [91m~~~~~[0m

created games/tetris/bundle.js in 14.5s

> rollup game wfc-map

games/wfc-map/main.ts → games/wfc-map/bundle.js...
(!) [plugin typescript] games/sky-strike/levelCarousel.ts (180:91): @rollup/plugin-typescript TS2554: Expected 3 arguments, but got 4.
/Users/qingque/Desktop/HaiyueStudio/Games/games/sky-strike/levelCarousel.ts:180:91

[7m180[0m     this.settings = new SkyStrikeOptions(options.world, options.guiImage, options.locale, options.audio);
[7m   [0m [91m                                                                                          ~~~~~~~~~~~~~[0m

/Users/qingque/Desktop/HaiyueStudio/Games/games/sky-strike/levelCarousel.ts:180:91

[7m180[0m     this.settings = new SkyStrikeOptions(options.world, options.guiImage, options.locale, options.audio);
[7m   [0m [91m                                                                                          ~~~~~~~~~~~~~[0m

(!) [plugin typescript] games/sky-strike/SkyStrikeGame.ts (471:53): @rollup/plugin-typescript TS2379: Argument of type '{ guiImage: (id: string) => GPUTexture; resolveBoss: (level: SkyStrikeLevel) => { label: string; aspect: number; companion?: { source: GPUTexture; sourceKey: string; }; source: GPUTexture; sourceKey: string; }; ... 10 more ...; loadOp: "load"; }' is not assignable to parameter of type 'SkyStrikeLevelCarouselOptions' with 'exactOptionalPropertyTypes: true'. Consider adding 'undefined' to the types of the target's properties.
  Types of property 'audio' are incompatible.
    Type 'SkyStrikeAudio | undefined' is not assignable to type 'SkyStrikeAudio'.
      Type 'undefined' is not assignable to type 'SkyStrikeAudio'.
/Users/qingque/Desktop/HaiyueStudio/Games/games/sky-strike/SkyStrikeGame.ts:471:53

[7m471[0m     this.levelCarousel = new SkyStrikeLevelCarousel({
[7m   [0m [91m                                                    ~[0m
[7m472[0m       locale: this.locale,
[7m   [0m [91m~~~~~~~~~~~~~~~~~~~~~~~~~~[0m
[7m...[0m 
[7m499[0m       },
[7m   [0m [91m~~~~~~~~[0m
[7m500[0m     });
[7m   [0m [91m~~~~~[0m

/Users/qingque/Desktop/HaiyueStudio/Games/games/sky-strike/SkyStrikeGame.ts:471:53

[7m471[0m     this.levelCarousel = new SkyStrikeLevelCarousel({
[7m   [0m [91m                                                    ~[0m
[7m472[0m       locale: this.locale,
[7m   [0m [91m~~~~~~~~~~~~~~~~~~~~~~~~~~[0m
[7m...[0m 
[7m499[0m       },
[7m   [0m [91m~~~~~~~~[0m
[7m500[0m     });
[7m   [0m [91m~~~~~[0m

created games/wfc-map/bundle.js in 15.8s

> rollup game rubiks-cube

games/rubiks-cube/main.ts → games/rubiks-cube/bundle.js...
(!) [plugin typescript] games/sky-strike/options.ts (46:49): @rollup/plugin-typescript TS2412: Type '(() => void) | undefined' is not assignable to type '() => void' with 'exactOptionalPropertyTypes: true'. Consider adding 'undefined' to the type of the target.
  Type 'undefined' is not assignable to type '() => void'.
/Users/qingque/Desktop/HaiyueStudio/Games/games/sky-strike/options.ts:46:49

[7m46[0m     this.offLocale = locale.subscribe(refresh); this.offAudio = audio?.subscribe(refresh); refresh();
[7m  [0m [91m                                                ~~~~~~~~~~~~~[0m

/Users/qingque/Desktop/HaiyueStudio/Games/games/sky-strike/options.ts:46:49

[7m46[0m     this.offLocale = locale.subscribe(refresh); this.offAudio = audio?.subscribe(refresh); refresh();
[7m  [0m [91m                                                ~~~~~~~~~~~~~[0m

(!) [plugin typescript] games/sky-strike/SkyStrikeGame.ts (471:53): @rollup/plugin-typescript TS2379: Argument of type '{ guiImage: (id: string) => GPUTexture; resolveBoss: (level: SkyStrikeLevel) => { label: string; aspect: number; companion?: { source: GPUTexture; sourceKey: string; }; source: GPUTexture; sourceKey: string; }; ... 10 more ...; loadOp: "load"; }' is not assignable to parameter of type 'SkyStrikeLevelCarouselOptions' with 'exactOptionalPropertyTypes: true'. Consider adding 'undefined' to the types of the target's properties.
  Types of property 'audio' are incompatible.
    Type 'SkyStrikeAudio | undefined' is not assignable to type 'SkyStrikeAudio'.
      Type 'undefined' is not assignable to type 'SkyStrikeAudio'.
/Users/qingque/Desktop/HaiyueStudio/Games/games/sky-strike/SkyStrikeGame.ts:471:53

[7m471[0m     this.levelCarousel = new SkyStrikeLevelCarousel({
[7m   [0m [91m                                                    ~[0m
[7m472[0m       locale: this.locale,
[7m   [0m [91m~~~~~~~~~~~~~~~~~~~~~~~~~~[0m
[7m...[0m 
[7m499[0m       },
[7m   [0m [91m~~~~~~~~[0m
[7m500[0m     });
[7m   [0m [91m~~~~~[0m

/Users/qingque/Desktop/HaiyueStudio/Games/games/sky-strike/SkyStrikeGame.ts:471:53

[7m471[0m     this.levelCarousel = new SkyStrikeLevelCarousel({
[7m   [0m [91m                                                    ~[0m
[7m472[0m       locale: this.locale,
[7m   [0m [91m~~~~~~~~~~~~~~~~~~~~~~~~~~[0m
[7m...[0m 
[7m499[0m       },
[7m   [0m [91m~~~~~~~~[0m
[7m500[0m     });
[7m   [0m [91m~~~~~[0m

created games/rubiks-cube/bundle.js in 13.9s

> rollup game ak47-range

games/ak47-range/main.ts → games/ak47-range/bundle.js...
(!) [plugin typescript] games/sky-strike/options.ts (46:49): @rollup/plugin-typescript TS2412: Type '(() => void) | undefined' is not assignable to type '() => void' with 'exactOptionalPropertyTypes: true'. Consider adding 'undefined' to the type of the target.
  Type 'undefined' is not assignable to type '() => void'.
/Users/qingque/Desktop/HaiyueStudio/Games/games/sky-strike/options.ts:46:49

[7m46[0m     this.offLocale = locale.subscribe(refresh); this.offAudio = audio?.subscribe(refresh); refresh();
[7m  [0m [91m                                                ~~~~~~~~~~~~~[0m

/Users/qingque/Desktop/HaiyueStudio/Games/games/sky-strike/options.ts:46:49

[7m46[0m     this.offLocale = locale.subscribe(refresh); this.offAudio = audio?.subscribe(refresh); refresh();
[7m  [0m [91m                                                ~~~~~~~~~~~~~[0m

(!) [plugin typescript] games/sky-strike/SkyStrikeGame.ts (471:53): @rollup/plugin-typescript TS2379: Argument of type '{ guiImage: (id: string) => GPUTexture; resolveBoss: (level: SkyStrikeLevel) => { label: string; aspect: number; companion?: { source: GPUTexture; sourceKey: string; }; source: GPUTexture; sourceKey: string; }; ... 10 more ...; loadOp: "load"; }' is not assignable to parameter of type 'SkyStrikeLevelCarouselOptions' with 'exactOptionalPropertyTypes: true'. Consider adding 'undefined' to the types of the target's properties.
  Types of property 'audio' are incompatible.
    Type 'SkyStrikeAudio | undefined' is not assignable to type 'SkyStrikeAudio'.
      Type 'undefined' is not assignable to type 'SkyStrikeAudio'.
/Users/qingque/Desktop/HaiyueStudio/Games/games/sky-strike/SkyStrikeGame.ts:471:53

[7m471[0m     this.levelCarousel = new SkyStrikeLevelCarousel({
[7m   [0m [91m                                                    ~[0m
[7m472[0m       locale: this.locale,
[7m   [0m [91m~~~~~~~~~~~~~~~~~~~~~~~~~~[0m
[7m...[0m 
[7m499[0m       },
[7m   [0m [91m~~~~~~~~[0m
[7m500[0m     });
[7m   [0m [91m~~~~~[0m

/Users/qingque/Desktop/HaiyueStudio/Games/games/sky-strike/SkyStrikeGame.ts:471:53

[7m471[0m     this.levelCarousel = new SkyStrikeLevelCarousel({
[7m   [0m [91m                                                    ~[0m
[7m472[0m       locale: this.locale,
[7m   [0m [91m~~~~~~~~~~~~~~~~~~~~~~~~~~[0m
[7m...[0m 
[7m499[0m       },
[7m   [0m [91m~~~~~~~~[0m
[7m500[0m     });
[7m   [0m [91m~~~~~[0m

created games/ak47-range/bundle.js in 14.4s
