
> @haiyue/games-repository@0.1.0 build
> node scripts/build-games.mjs


> rollup game 2048

games/2048/main.ts → games/2048/bundle.js...
created games/2048/bundle.js in 32.9s

> rollup game billiards-3d

games/billiards-3d/main.ts → games/billiards-3d/bundle.js...
created games/billiards-3d/bundle.js in 54.9s

> rollup game billiards

games/billiards/main.ts → games/billiards/bundle.js...
created games/billiards/bundle.js in 42.7s

> rollup game calendar-puzzle

games/calendar-puzzle/main.ts → games/calendar-puzzle/bundle.js...
created games/calendar-puzzle/bundle.js in 39.4s

> rollup game triangle-calendar-puzzle

games/triangle-calendar-puzzle/main.ts → games/triangle-calendar-puzzle/bundle.js...
created games/triangle-calendar-puzzle/bundle.js in 24.4s

> rollup game entanglement-path

games/entanglement-path/main.ts → games/entanglement-path/bundle.js...
created games/entanglement-path/bundle.js in 38.6s

> rollup game icosahedron-minesweeper

games/icosahedron-minesweeper/main.ts → games/icosahedron-minesweeper/bundle.js...
created games/icosahedron-minesweeper/bundle.js in 40.5s

> rollup game gravity-maze

games/gravity-maze/main.ts → games/gravity-maze/dist...
created games/gravity-maze/dist in 16.8s

> rollup game match-3

games/match-3/main.ts → games/match-3/bundle.js...
created games/match-3/bundle.js in 1m 11.7s

> rollup game neon-circuit

games/neon-circuit/main.ts → games/neon-circuit/bundle.js...
created games/neon-circuit/bundle.js in 50.3s

> rollup game minesweeper

games/minesweeper/main.ts → games/minesweeper/bundle.js...
created games/minesweeper/bundle.js in 45.9s

> rollup game minecraft-lite

games/minecraft-lite/main.ts → games/minecraft-lite/bundle.js...
(!) [plugin typescript] games/boxbound/scene.ts (493:7): @rollup/plugin-typescript TS2739: Type '{ state: State; previous: State; transfers: BoxTransfer[]; started: number; focus: Vec; entering: boolean; switched: false; restoring: boolean; reset: boolean; }' is missing the following properties from type '{ state: State; previous: State; transfers: BoxTransfer[]; started: number; focus: Vec; entering: boolean; switched: boolean; restoring: boolean; reset: boolean; cameraFrom: { ...; }; snapshots: { ...; }[]; }': cameraFrom, snapshots
/Users/qingque/Desktop/HaiyueStudio/Games/games/boxbound/scene.ts:493:7

[7m493[0m       this.portal = {
[7m   [0m [91m      ~~~~~~~~~~~[0m

/Users/qingque/Desktop/HaiyueStudio/Games/games/boxbound/scene.ts:493:7

[7m493[0m       this.portal = {
[7m   [0m [91m      ~~~~~~~~~~~[0m

created games/minecraft-lite/bundle.js in 44.9s

> rollup game mugen

games/mugen/main.ts, games/mugen/charactorPreview.ts, games/mugen/import/worker/mugenImport.worker.ts → games/mugen/dist...
created games/mugen/dist in 32.5s

> rollup game pad-simulator

games/pad-simulator/main.ts → games/pad-simulator/bundle.js...
created games/pad-simulator/bundle.js in 44.9s

> rollup game pacman

games/pacman/main.ts → games/pacman/bundle.js...
created games/pacman/bundle.js in 38.9s

> rollup game piano

games/piano/main.ts → games/piano/bundle.js...
created games/piano/bundle.js in 40s

> rollup game pong

games/pong/main.ts → games/pong/bundle.js...
created games/pong/bundle.js in 50.1s

> rollup game sokoban-3d

games/sokoban-3d/main.ts → games/sokoban-3d/bundle.js...
created games/sokoban-3d/bundle.js in 48.6s

> rollup game sky-strike

games/sky-strike/main.ts → games/sky-strike/bundle.js...
created games/sky-strike/bundle.js in 44.9s

> rollup game spider-solitaire

games/spider-solitaire/main.ts → games/spider-solitaire/bundle.js...
created games/spider-solitaire/bundle.js in 54.2s

> rollup game sudoku

games/sudoku/main.ts → games/sudoku/bundle.js...
created games/sudoku/bundle.js in 1m 6.1s

> rollup game led-sudoku

games/led-sudoku/main.ts → games/led-sudoku/bundle.js...
created games/led-sudoku/bundle.js in 37.8s

games/led-sudoku/generator.worker.ts → games/led-sudoku/generator.worker.js...
created games/led-sudoku/generator.worker.js in 4.8s

> rollup game tetris

games/tetris/main.ts → games/tetris/bundle.js...
created games/tetris/bundle.js in 1m 27.6s

> rollup game wfc-map

games/wfc-map/main.ts → games/wfc-map/bundle.js...
created games/wfc-map/bundle.js in 1m 12.5s

> rollup game rubiks-cube

games/rubiks-cube/main.ts → games/rubiks-cube/bundle.js...
created games/rubiks-cube/bundle.js in 43.8s

> rollup game ak47-range

games/ak47-range/main.ts → games/ak47-range/bundle.js...
created games/ak47-range/bundle.js in 44.2s

> rollup game boxbound

games/boxbound/main.ts → games/boxbound/bundle.js...
created games/boxbound/bundle.js in 44s
