✔ all 49 new puzzles have valid spawn, reset only their interior, and return to the chapter (9390.330685ms)
✔ new chapter solution 107 replays to completion (62.529801ms)
✔ new chapter solution 108 replays to completion (60.874642ms)
✔ new chapter solution 111 replays to completion (59.366924ms)
✔ new chapter solution 112 replays to completion (61.074951ms)
✔ new chapter solution 113 replays to completion (60.01503ms)
✔ new chapter solution 118 replays to completion (60.359609ms)
✔ new chapter solution 121 replays to completion (62.144772ms)
✔ new chapter solution 122 replays to completion (63.396688ms)
✔ new chapter solution 123 replays to completion (63.361805ms)
✔ new chapter solution 127 replays to completion (63.310669ms)
✔ new chapter solution 146 replays to completion (57.922378ms)
✔ new chapter solution 148 replays to completion (59.489499ms)
✔ new chapter solution 149 replays to completion (58.511903ms)
✔ new chapter solution 151 replays to completion (60.409258ms)
✔ revision 13 saves add the three chapters and new name without resetting progress (226.534898ms)
✔ Transfer carries player exit fraction into an adjacent blocked box instead of centering (12.137949ms)
✔ Transfer remaps the fraction through a nested occupied entrance (1.275883ms)
✔ Transfer carries a crate and rolls back all contents when the target edge is blocked (3.392579ms)
✔ mirrored entry, exit and transverse transfer use the reflected coordinates (1.545746ms)
✔ moving a container through a mirror toggles its orientation; failed pushes preserve it (1.732798ms)
✔ mirror containment transforms are invertible and two reflections restore handedness (0.966472ms)
✔ decorations stay within low-poly budgets using the same full and preview descriptors (14.344883ms)
✔ entered mirror retains display orientation and screen-right moves right; exit restores it (1.162572ms)
✔ two nested mirror entries cancel and failed entry does not change orientation (2.596216ms)
✔ implicit reflected self exits toggle orientation despite an unchanged navigation route (0.938796ms)
ℹ tests 26
ℹ suites 0
ℹ pass 26
ℹ fail 0
ℹ cancelled 0
ℹ skipped 0
ℹ todo 0
ℹ duration_ms 11453.072222
