✔ reset restores exported boxes and all nested rooms without affecting other levels (619.903642ms)
✔ portal zoom stays visible and advances monotonically without a mid-transition scene fade (14.59399ms)
✔ old five-slot journeys migrate geometry and colors without resetting progress or exported crates (908.338911ms)
✔ reset never deletes foreign crates imported from another level (281.688261ms)
✔ exit pushes exterior chains atomically and blocked exits preserve all boxes and transfers (696.140101ms)
✔ exterior wall previews match blocked exits in all four directions without mutating the inner map (392.247321ms)
✔ exterior previews follow the actual route owner and its current position for shared and recursive spaces (138.855593ms)
✔ gameplay and undo share read-only rooms but isolate every mutable state field (231.569424ms)
✔ repeated reset and movement use the same 300-entry history bound and isolated transfer records (847.923724ms)
✔ outside decorations appear at the matching inner exit and prevent leaving through them (85.679185ms)
✔ blocked gate pushes are atomic and recoil can be undone as one move (107.266898ms)
✔ new musical cues distinguish victory, entering, leaving and reverse travel without false victory on undo (291.997408ms)
✔ revision 8 saves migrate the current puzzle route into its chapter without resetting progress (335.780185ms)
✔ chapter puzzle 1: replay authored start, solve, return, reset only interior and replay achievement (752.27708ms)
✔ chapter puzzle 2: replay authored start, solve, return, reset only interior and replay achievement (1020.057431ms)
✔ chapter puzzle 3: replay authored start, solve, return, reset only interior and replay achievement (1280.678134ms)
✔ chapter puzzle 4: replay authored start, solve, return, reset only interior and replay achievement (1249.233947ms)
✔ chapter puzzle 5: replay authored start, solve, return, reset only interior and replay achievement (1162.59508ms)
✔ chapter puzzle 6: replay authored start, solve, return, reset only interior and replay achievement (2384.115728ms)
✔ chapter puzzle 7: replay authored start, solve, return, reset only interior and replay achievement (1473.975581ms)
✔ chapter puzzle 8: replay authored start, solve, return, reset only interior and replay achievement (1721.119198ms)
✔ chapter puzzle 9: replay authored start, solve, return, reset only interior and replay achievement (1344.354626ms)
✔ chapter puzzle 10: replay authored start, solve, return, reset only interior and replay achievement (1284.006929ms)
✔ chapter puzzle 11: replay authored start, solve, return, reset only interior and replay achievement (2008.119673ms)
✔ chapter puzzle 12: replay authored start, solve, return, reset only interior and replay achievement (1810.563821ms)
✔ chapter puzzle 13: replay authored start, solve, return, reset only interior and replay achievement (1310.697416ms)
✔ chapter puzzle 14: replay authored start, solve, return, reset only interior and replay achievement (1560.085925ms)
✔ chapter puzzle 15: replay authored start, solve, return, reset only interior and replay achievement (1381.517749ms)
✔ chapter puzzle 16: replay authored start, solve, return, reset only interior and replay achievement (1827.677246ms)
✔ chapter puzzle 17: replay authored start, solve, return, reset only interior and replay achievement (1848.841367ms)
✔ chapter puzzle 18: replay authored start, solve, return, reset only interior and replay achievement (2277.352553ms)
✔ chapter puzzle 19: replay authored start, solve, return, reset only interior and replay achievement (3071.506799ms)
✔ chapter puzzle 20: replay authored start, solve, return, reset only interior and replay achievement (2010.042065ms)
✔ chapter puzzle 21: replay authored start, solve, return, reset only interior and replay achievement (1409.220053ms)
✔ chapter puzzle 22: replay authored start, solve, return, reset only interior and replay achievement (1164.324447ms)
✔ chapter puzzle 23: replay authored start, solve, return, reset only interior and replay achievement (1174.601203ms)
✔ chapter puzzle 24: replay authored start, solve, return, reset only interior and replay achievement (1616.767436ms)
✔ chapter puzzle 25: replay authored start, solve, return, reset only interior and replay achievement (2155.154142ms)
✔ chapter puzzle 26: replay authored start, solve, return, reset only interior and replay achievement (2579.366786ms)
✔ chapter puzzle 27: replay authored start, solve, return, reset only interior and replay achievement (2410.15696ms)
✔ chapter puzzle 28: replay authored start, solve, return, reset only interior and replay achievement (1337.04385ms)
✔ chapter puzzle 29: replay authored start, solve, return, reset only interior and replay achievement (2052.810506ms)
✔ chapter puzzle 30: replay authored start, solve, return, reset only interior and replay achievement (1290.274082ms)
✔ chapter puzzle 31: replay authored start, solve, return, reset only interior and replay achievement (1737.208359ms)
✔ chapter puzzle 32: replay authored start, solve, return, reset only interior and replay achievement (3350.144906ms)
✔ chapter puzzle 33: replay authored start, solve, return, reset only interior and replay achievement (2978.425067ms)
✔ chapter puzzle 34: replay authored start, solve, return, reset only interior and replay achievement (2879.949729ms)
✔ chapter puzzle 35: replay authored start, solve, return, reset only interior and replay achievement (1610.087948ms)
✔ chapter puzzle 36: replay authored start, solve, return, reset only interior and replay achievement (4050.900256ms)
✔ chapter puzzle 37: replay authored start, solve, return, reset only interior and replay achievement (4708.992665ms)
✔ chapter puzzle 38: replay authored start, solve, return, reset only interior and replay achievement (2911.144238ms)
✔ chapter puzzle 39: replay authored start, solve, return, reset only interior and replay achievement (2320.44874ms)
✔ chapter puzzle 40: replay authored start, solve, return, reset only interior and replay achievement (3243.822612ms)
✔ chapter puzzle 41: replay authored start, solve, return, reset only interior and replay achievement (2714.538637ms)
✔ chapter puzzle 42: replay authored start, solve, return, reset only interior and replay achievement (877.437153ms)
✔ chapter puzzle 43: replay authored start, solve, return, reset only interior and replay achievement (1942.356726ms)
✔ chapter puzzle 45: replay authored start, solve, return, reset only interior and replay achievement (1307.263088ms)
✔ chapter puzzle 46: replay authored start, solve, return, reset only interior and replay achievement (1420.343432ms)
✔ chapter puzzle 47: replay authored start, solve, return, reset only interior and replay achievement (1743.44874ms)
✔ chapter puzzle 48: replay authored start, solve, return, reset only interior and replay achievement (2591.559912ms)
✔ chapter puzzle 49: replay authored start, solve, return, reset only interior and replay achievement (3418.161911ms)
✔ chapter puzzle 50: replay authored start, solve, return, reset only interior and replay achievement (1825.908789ms)
✔ chapter puzzle 51: replay authored start, solve, return, reset only interior and replay achievement (1439.085928ms)
✔ chapter puzzle 52: replay authored start, solve, return, reset only interior and replay achievement (2463.854054ms)
✔ chapter puzzle 54: replay authored start, solve, return, reset only interior and replay achievement (1166.499402ms)
✔ chapter puzzle 55: replay authored start, solve, return, reset only interior and replay achievement (1594.585742ms)
✔ chapter puzzle 59: replay authored start, solve, return, reset only interior and replay achievement (2363.581718ms)
✔ chapter puzzle 60: replay authored start, solve, return, reset only interior and replay achievement (2405.354777ms)
✔ chapter puzzle 61: replay authored start, solve, return, reset only interior and replay achievement (1887.284989ms)
✔ chapter puzzle 64: replay authored start, solve, return, reset only interior and replay achievement (1690.631672ms)
✔ chapter puzzle 65: replay authored start, solve, return, reset only interior and replay achievement (2173.448869ms)
✔ chapter puzzle 69: replay authored start, solve, return, reset only interior and replay achievement (949.656912ms)
✔ chapter puzzle 70: replay authored start, solve, return, reset only interior and replay achievement (924.466755ms)
✔ chapter puzzle 71: replay authored start, solve, return, reset only interior and replay achievement (1248.551064ms)
✔ chapter puzzle 72: replay authored start, solve, return, reset only interior and replay achievement (1163.982613ms)
✔ chapter puzzle 73: replay authored start, solve, return, reset only interior and replay achievement (1171.094993ms)
✔ chapter puzzle 74: replay authored start, solve, return, reset only interior and replay achievement (1179.541296ms)
✔ chapter puzzle 75: replay authored start, solve, return, reset only interior and replay achievement (1341.061141ms)
✔ chapter puzzle 76: replay authored start, solve, return, reset only interior and replay achievement (1232.806957ms)
✔ chapter puzzle 77: replay authored start, solve, return, reset only interior and replay achievement (1107.234671ms)
✔ chapter puzzle 78: replay authored start, solve, return, reset only interior and replay achievement (1242.970748ms)
✔ chapter puzzle 80: replay authored start, solve, return, reset only interior and replay achievement (1387.602842ms)
✔ chapter puzzle 81: replay authored start, solve, return, reset only interior and replay achievement (2010.917663ms)
✔ chapter puzzle 82: replay authored start, solve, return, reset only interior and replay achievement (2303.669448ms)
✔ chapter puzzle 83: replay authored start, solve, return, reset only interior and replay achievement (1171.701648ms)
✔ chapter puzzle 84: replay authored start, solve, return, reset only interior and replay achievement (1370.569099ms)
✔ chapter puzzle 85: replay authored start, solve, return, reset only interior and replay achievement (1278.755051ms)
✔ chapter puzzle 86: replay authored start, solve, return, reset only interior and replay achievement (2312.150556ms)
✔ chapter puzzle 87: replay authored start, solve, return, reset only interior and replay achievement (2092.668978ms)
✔ chapter puzzle 88: replay authored start, solve, return, reset only interior and replay achievement (1338.471964ms)
✔ chapter puzzle 89: replay authored start, solve, return, reset only interior and replay achievement (839.651208ms)
✔ chapter puzzle 90: replay authored start, solve, return, reset only interior and replay achievement (1384.113109ms)
✔ chapter puzzle 91: replay authored start, solve, return, reset only interior and replay achievement (1054.280284ms)
✔ chapter puzzle 92: replay authored start, solve, return, reset only interior and replay achievement (1170.852721ms)
✔ chapter puzzle 93: replay authored start, solve, return, reset only interior and replay achievement (1673.734847ms)
✔ chapter puzzle 95: replay authored start, solve, return, reset only interior and replay achievement (1651.644292ms)
✔ chapter puzzle 96: replay authored start, solve, return, reset only interior and replay achievement (2304.812167ms)
✔ chapter puzzle 98: replay authored start, solve, return, reset only interior and replay achievement (1852.212972ms)
✔ chapter puzzle 99: replay authored start, solve, return, reset only interior and replay achievement (2419.453501ms)
✔ chapter puzzle 100: replay authored start, solve, return, reset only interior and replay achievement (1343.910038ms)
✔ chapter puzzle 102: replay authored start, solve, return, reset only interior and replay achievement (1652.718356ms)
✔ consecutive boundary exits unwind the whole route and respect player-sized openings (60.633083ms)
✔ implicit root crossing is absent for normal steps, blocked exits and chapter return (136.152231ms)
✔ a recursive root has the self parent before and after traversing its own container (63.730595ms)
✔ museum and all three chapters have walkable signed exits to their actual parent (437.911488ms)
✔ revision 9 saves gain the four exits without resetting position, moved boxes or progress (1398.27415ms)
✔ self-room crate exit has distinct departure and arrival occurrences without duplicating game state (107.591841ms)
✔ undo of self-room crate crossing reverses the same two physical endpoints (81.655443ms)
✔ all 65 new chapter puzzles enter their authored spawn, preserve valid movement, reset and return (42058.842497ms)
✔ revision 10 saves gain the five chapters without resetting existing puzzle or world state (410.660583ms)
✔ clone interiors share the original room and physical exits emerge from the original box (105.732813ms)
✔ Reference 1 A-B-A cycle exits the actual path box and solves without escaping to the chapter (513.537629ms)
✔ revision 11 repairs the saved Reference cycle bookmark without resetting moved boxes or progress (492.746117ms)
✔ exit-level leaves a recursive puzzle safely without resetting its interior or earning completion (371.502572ms)
✔ room theme overrides validate, and recursive/cloned occurrences keep the authored room identity (97.330418ms)
✔ closed puzzle faces push without resetting contents; blocked faces cannot teleport or dive (748.097478ms)
✔ closed puzzle entry requires climbing onto its original box and diving; undo snapshots stay unchanged (247.857523ms)
✔ revision 14 Transfer and Clone galleries compact safely without resetting puzzles or progress (2487.487617ms)
ℹ tests 118
ℹ suites 0
ℹ pass 118
ℹ fail 0
ℹ cancelled 0
ℹ skipped 0
ℹ todo 0
ℹ duration_ms 215140.201904
