
> @haiyue/native-calendar-puzzle@0.1.0 build:android
> node scripts/android.mjs build android

Canvas binding patch: {
  version: '2.1.18',
  queueSha256: 'a38a58942c488ccece244424b1c4e91c8f3e257dd201b85dd63871988ff30369',
  file: 'WebGPU/GPURenderPassEncoder.js',
  sha256: '7a14f279e042bb748781c10a6c56a6122931525f56943096815fb1143b583cf7'
}
Preparing project...
assets by path [1m[32mgame-assets/audio/[39m[22m 275 KiB
  assets by path [1m[32mgame-assets/audio/*.wav[39m[22m 273 KiB
    asset [1m[32mgame-assets/audio/win.wav[39m[22m 114 KiB [1m[33m[compared for emit][39m[22m [from: ../../../Games/games/calendar-puzzle/assets/audio/win.wav] [1m[32m[copied][39m[22m
    + 7 assets
  assets by path [1m[32mgame-assets/audio/*.mid[39m[22m 475 bytes
    asset [1m[32mgame-assets/audio/win.mid[39m[22m 87 bytes [1m[33m[compared for emit][39m[22m [from: ../../../Games/games/calendar-puzzle/assets/audio/win.mid] [1m[32m[copied][39m[22m
    + 7 assets
  asset [1m[32mgame-assets/audio/generation.json[39m[22m 1.61 KiB [1m[33m[compared for emit][39m[22m [from: ../../../Games/games/calendar-puzzle/assets/audio/generation.json] [1m[32m[copied][39m[22m
assets by path [1m[32m*.js[39m[22m 7.2 MiB
  asset [1m[32mvendor.js[39m[22m 6.86 MiB [1m[33m[compared for emit][39m[22m (name: vendor) (id hint: defaultVendor) 1 related asset
  asset [1m[32mbundle.js[39m[22m 317 KiB [1m[32m[emitted][39m[22m (name: bundle) 1 related asset
  asset [1m[32msrc_solver_worker_ts.js[39m[22m 20.1 KiB [1m[33m[compared for emit][39m[22m 1 related asset
  asset [1m[32mruntime.js[39m[22m 7.2 KiB [1m[33m[compared for emit][39m[22m (name: runtime) 1 related asset
asset [1m[32mbranding/haiyue-moon.png[39m[22m 127 KiB [1m[33m[compared for emit][39m[22m [from: ../../bridge/branding/assets/haiyue-moon.png] [1m[32m[copied][39m[22m
asset [1m[32mtns_modules/inspector_modules.js[39m[22m 859 bytes [1m[33m[compared for emit][39m[22m (name: tns_modules/inspector_modules) 1 related asset
Entrypoint [1mbundle[39m[22m 7.18 MiB (7.68 MiB) = [1m[32mruntime.js[39m[22m 7.2 KiB [1m[32mvendor.js[39m[22m 6.86 MiB [1m[32mbundle.js[39m[22m 317 KiB 3 auxiliary assets
Entrypoint [1mtns_modules/inspector_modules[39m[22m 6.87 MiB (7.15 MiB) = [1m[32mruntime.js[39m[22m 7.2 KiB [1m[32mvendor.js[39m[22m 6.86 MiB [1m[32mtns_modules/inspector_modules.js[39m[22m 859 bytes 3 auxiliary assets
orphan modules 1.26 MiB [1m[33m[orphan][39m[22m 31 modules
runtime modules 4.36 KiB 12 modules
modules by path [1m./node_modules/[39m[22m 5.94 MiB 679 modules
modules by path [1m../../[39m[22m 209 KiB
  modules by path [1m../../bridge/[39m[22m 68.3 KiB 28 modules
  modules by path [1m../../../Games/games/[39m[22m 140 KiB 22 modules
modules by path [1m./src/[39m[22m 49.3 KiB
  modules by path [1m./src/*.ts[39m[22m 34.7 KiB
    [1m./src/app.ts[39m[22m 535 bytes [1m[33m[built][39m[22m [1m[33m[code generated][39m[22m
    + 6 modules
  modules by path [1m./src/purchases/*.ts[39m[22m 12.3 KiB 4 modules
  + 4 modules
[1m./orientation.json[39m[22m 57 bytes [1m[33m[built][39m[22m [1m[33m[code generated][39m[22m
[1mexternal "~/package.json"[39m[22m 42 bytes [1m[33m[built][39m[22m [1m[33m[code generated][39m[22m
webpack 5.110.3 compiled [1m[32msuccessfully[39m[22m in 6409 ms
Webpack compilation complete.
Updating runtime package.json with configuration values...
Project successfully prepared (android)
Building project...
Gradle build...
	 + setting applicationId
	 + applying user-defined configuration from /Users/qingque/Desktop/HaiyueStudio/Native/examples/calendar-puzzle/App_Resources/Android/app.gradle
	 + adding nativescript runtime package dependency: nativescript-optimized-with-inspector
	 + adding aar plugin dependency: /Users/qingque/Desktop/HaiyueStudio/Native/examples/calendar-puzzle/node_modules/@nativescript/core/platforms/android/core.aar
	 + adding aar plugin dependency: /Users/qingque/Desktop/HaiyueStudio/Native/examples/calendar-puzzle/node_modules/@nativescript/core/platforms/android/widgets-release.aar
	 + adding aar plugin dependency: /Users/qingque/Desktop/HaiyueStudio/Native/examples/calendar-puzzle/node_modules/@nativescript/core/platforms/android/winter_tc-release.aar
	 + adding aar plugin dependency: /Users/qingque/Desktop/HaiyueStudio/Native/examples/calendar-puzzle/node_modules/@nativescript/canvas/platforms/android/canvas-release.aar
Project successfully built.
Build time: 14.875 s.
The build result is located at: /Users/qingque/Desktop/HaiyueStudio/Native/examples/calendar-puzzle/platforms/android/app/build/outputs/apk/debug/app-debug.apk
