✔ Sky Strike defines ten regular enemies, three elites, six bosses, and segmented devices (2.334725ms)
✔ space train cars and mechanical serpent segments follow the requested combat rules (1.648958ms)
✔ enemy selection is deterministic for a seeded sortie (0.56978ms)
✔ enemy health bands and projectile damage match the combat roles (0.431813ms)
✔ three-color weapons upgrade independently and stop at level three (0.649401ms)
✔ Helios deploys more laser emitters as its health falls (0.175514ms)
✔ player firing cooldown never accumulates a pointer-down catch-up burst (0.220642ms)
✔ boss warning starts three seconds before its scheduled appearance (0.207109ms)
✔ boss damage effects only intensify inside the critical health band (0.22835ms)
✔ purple laser attracts a nearby forward target and boss beam geometry is stable (0.375952ms)
✔ bullet aiming and circular hit tests remain stable (0.242853ms)
✔ saucer death burst is radial and kamikaze steering accelerates toward the player (0.411468ms)
✔ bomb area is forward-facing and includes nearby enemies and projectiles (0.185058ms)
✔ level timelines expand grouped spawns and resolve deterministic positions (9.951334ms)
✔ manifest assets, one-slot save, and keyboard/pointer controls are wired (6.996024ms)
(node:86313) ExperimentalWarning: stripTypeScriptTypes is an experimental feature and might change at any time
(Use `node --trace-warnings ...` to show where the warning was created)
✔ wide and 1:2 screens preserve the full field without stretching (1.100317ms)
✔ narrow viewport follows the fighter proportionally and reaches both field edges (0.183186ms)
✔ pointer inverse remains aligned across screen sizes, camera positions and resizing (0.49276ms)
ℹ tests 18
ℹ suites 0
ℹ pass 18
ℹ fail 0
ℹ cancelled 0
ℹ skipped 0
ℹ todo 0
ℹ duration_ms 196.285509
