
> @haiyue/native-ios-pbr-orbit@0.1.0 build:device
> node scripts/build-device.mjs

Canvas binding patch: {
  version: '2.1.18',
  file: 'WebGPU/GPURenderPassEncoder.js',
  sha256: '7a14f279e042bb748781c10a6c56a6122931525f56943096815fb1143b583cf7'
}
Preparing project...
asset [1m[32mvendor.mjs[39m[22m 6.93 MiB [1m[33m[compared for emit][39m[22m [javascript module] (name: vendor) (id hint: vendor) 1 related asset
asset [1m[32mbundle.mjs[39m[22m 66.7 KiB [1m[33m[compared for emit][39m[22m [javascript module] (name: bundle) 1 related asset
asset [1m[32mruntime.mjs[39m[22m 5.63 KiB [1m[33m[compared for emit][39m[22m [javascript module] (name: runtime) 1 related asset
asset [1m[32mtns_modules/inspector_modules.mjs[39m[22m 778 bytes [1m[33m[compared for emit][39m[22m [javascript module] (name: tns_modules/inspector_modules) 1 related asset
Entrypoint [1mbundle[39m[22m 7 MiB (7.35 MiB) = [1m[32mruntime.mjs[39m[22m 5.63 KiB [1m[32mvendor.mjs[39m[22m 6.93 MiB [1m[32mbundle.mjs[39m[22m 66.7 KiB 3 auxiliary assets
Entrypoint [1mtns_modules/inspector_modules[39m[22m 6.94 MiB (7.25 MiB) = [1m[32mruntime.mjs[39m[22m 5.63 KiB [1m[32mvendor.mjs[39m[22m 6.93 MiB [1m[32mtns_modules/inspector_modules.mjs[39m[22m 778 bytes 3 auxiliary assets
orphan modules 25.4 KiB [1m[33m[orphan][39m[22m 16 modules
runtime modules 2.85 KiB 6 modules
modules by path [1m./node_modules/@nativescript/[39m[22m 2.52 MiB 310 modules
modules by path [1m./node_modules/css-tree/[39m[22m 358 KiB 120 modules
modules by path [1m./node_modules/@haiyue/engine/dist/[39m[22m 2.51 MiB 73 modules
modules by path [1m../../bridge/[39m[22m 42.2 KiB 15 modules
modules by path [1m./node_modules/source-map-js/[39m[22m 104 KiB 11 modules
modules by path [1m./src/[39m[22m 7.84 KiB 6 modules
modules by path [1m./node_modules/@csstools/[39m[22m 132 KiB
  [1m./node_modules/@csstools/css-calc/dist/index.mjs[39m[22m 28.3 KiB [1m[33m[built][39m[22m [1m[33m[code generated][39m[22m
  + 4 modules
modules by path [1m./node_modules/css-what/dist/esm/*.js[39m[22m 20 KiB
  [1m./node_modules/css-what/dist/esm/parse.js[39m[22m 18.7 KiB [1m[33m[built][39m[22m [1m[33m[code generated][39m[22m
  [1m./node_modules/css-what/dist/esm/types.js[39m[22m 1.29 KiB [1m[33m[built][39m[22m [1m[33m[code generated][39m[22m
+ 5 modules
webpack 5.110.3 compiled [1m[32msuccessfully[39m[22m in 6575 ms
Webpack compilation complete.
Updating runtime package.json with configuration values...
Project successfully prepared (ios)
Command line invocation:
    /Applications/Xcode.app/Contents/Developer/usr/bin/xcodebuild -workspace platforms/ios/iospbrorbit.xcworkspace -scheme iospbrorbit -configuration Debug -sdk iphoneos -destination generic/platform=iOS -allowProvisioningUpdates -allowProvisioningDeviceRegistration -disableAutomaticPackageResolution DEVELOPMENT_TEAM=22T5YFVY2B SWIFT_ENABLE_EXPLICIT_MODULES=NO IPHONEOS_DEPLOYMENT_TARGET=15.0 BUILD_DIR=/Users/qingque/Desktop/HaiyueStudio/Native/examples/ios-pbr-orbit//platforms/ios/build SHARED_PRECOMPS_DIR=/Users/qingque/Desktop/HaiyueStudio/Native/examples/ios-pbr-orbit//platforms/ios/build/sharedpch build

Build settings from command line:
    BUILD_DIR = /Users/qingque/Desktop/HaiyueStudio/Native/examples/ios-pbr-orbit//platforms/ios/build
    DEVELOPMENT_TEAM = 22T5YFVY2B
    IPHONEOS_DEPLOYMENT_TARGET = 15.0
    SDKROOT = iphoneos26.2
    SHARED_PRECOMPS_DIR = /Users/qingque/Desktop/HaiyueStudio/Native/examples/ios-pbr-orbit//platforms/ios/build/sharedpch
    SWIFT_ENABLE_EXPLICIT_MODULES = NO

Resolve Package Graph


Resolved source packages:
  CanvasNative: /Users/qingque/Desktop/HaiyueStudio/Native/examples/ios-pbr-orbit/node_modules/@nativescript/canvas/platforms/ios/NativeScriptV8 @ local
  FontManager: https://github.com/NativeScript/font-manager.git @ 1.0.14

ComputePackagePrebuildTargetDependencyGraph

Prepare packages

CreateBuildRequest

SendProjectDescription

CreateBuildOperation

ComputeTargetDependencyGraph
note: Building targets in dependency order
note: Target dependency graph (5 targets)
    Target 'iospbrorbit' in project 'iospbrorbit'
        ➜ Implicit dependency on target 'Pods-iospbrorbit' in project 'Pods' via file 'Pods_iospbrorbit.framework' in build phase 'Link Binary'
        ➜ Explicit dependency on target 'NativeScriptV8' in project 'CanvasNative'
        ➜ Explicit dependency on target 'FontManager' in project 'FontManager'
    Target 'FontManager' in project 'FontManager' (no dependencies)
    Target 'NativeScriptV8' in project 'CanvasNative'
        ➜ Explicit dependency on target 'NativeScriptV8' in project 'CanvasNative'
    Target 'NativeScriptV8' in project 'CanvasNative' (no dependencies)
    Target 'Pods-iospbrorbit' in project 'Pods' (no dependencies)

GatherProvisioningInputs

CreateBuildDescription

ClangStatCache /Applications/Xcode.app/Contents/Developer/Toolchains/XcodeDefault.xctoolchain/usr/bin/clang-stat-cache /Applications/Xcode.app/Contents/Developer/Platforms/iPhoneOS.platform/Developer/SDKs/iPhoneOS26.2.sdk /Users/qingque/Library/Developer/Xcode/DerivedData/SDKStatCaches.noindex/iphoneos26.2-23C57-3794476bd08197c3e2abd9bb477ef7f7.sdkstatcache
    cd /Users/qingque/Desktop/HaiyueStudio/Native/examples/ios-pbr-orbit/platforms/ios
    /Applications/Xcode.app/Contents/Developer/Toolchains/XcodeDefault.xctoolchain/usr/bin/clang-stat-cache /Applications/Xcode.app/Contents/Developer/Platforms/iPhoneOS.platform/Developer/SDKs/iPhoneOS26.2.sdk -o /Users/qingque/Library/Developer/Xcode/DerivedData/SDKStatCaches.noindex/iphoneos26.2-23C57-3794476bd08197c3e2abd9bb477ef7f7.sdkstatcache

note: Run script build phase 'NativeScript PostBuild' will be run during every build because the option to run the script phase "Based on dependency analysis" is unchecked. (in target 'iospbrorbit' from project 'iospbrorbit')
note: Run script build phase 'NativeScript PreBuild' will be run during every build because the option to run the script phase "Based on dependency analysis" is unchecked. (in target 'iospbrorbit' from project 'iospbrorbit')
note: Run script build phase 'NativeScript PreLink' will be run during every build because the option to run the script phase "Based on dependency analysis" is unchecked. (in target 'iospbrorbit' from project 'iospbrorbit')
PhaseScriptExecution NativeScript\ PreBuild /Users/qingque/Library/Developer/Xcode/DerivedData/iospbrorbit-didljvbvdiyokgexubdorcojqzxj/Build/Intermediates.noindex/iospbrorbit.build/Debug-iphoneos/iospbrorbit.build/Script-C97FD7AC1ADE5369004DB2A4.sh (in target 'iospbrorbit' from project 'iospbrorbit')
    cd /Users/qingque/Desktop/HaiyueStudio/Native/examples/ios-pbr-orbit/platforms/ios
    /bin/sh -c /Users/qingque/Library/Developer/Xcode/DerivedData/iospbrorbit-didljvbvdiyokgexubdorcojqzxj/Build/Intermediates.noindex/iospbrorbit.build/Debug-iphoneos/iospbrorbit.build/Script-C97FD7AC1ADE5369004DB2A4.sh

Ld /Users/qingque/Desktop/HaiyueStudio/Native/examples/ios-pbr-orbit/platforms/ios/build/Debug-iphoneos/iospbrorbit.app/iospbrorbit normal (in target 'iospbrorbit' from project 'iospbrorbit')
    cd /Users/qingque/Desktop/HaiyueStudio/Native/examples/ios-pbr-orbit/platforms/ios
    /Users/qingque/Desktop/HaiyueStudio/Native/examples/ios-pbr-orbit/platforms/ios/internal/nsld.sh -Xlinker -reproducible -target arm64-apple-ios15.0 -isysroot /Applications/Xcode.app/Contents/Developer/Platforms/iPhoneOS.platform/Developer/SDKs/iPhoneOS26.2.sdk -O0 -L/Users/qingque/Library/Developer/Xcode/DerivedData/iospbrorbit-didljvbvdiyokgexubdorcojqzxj/Build/Intermediates.noindex/EagerLinkingTBDs/Debug-iphoneos -L/Users/qingque/Desktop/HaiyueStudio/Native/examples/ios-pbr-orbit/platforms/ios/build/Debug-iphoneos -F/Users/qingque/Library/Developer/Xcode/DerivedData/iospbrorbit-didljvbvdiyokgexubdorcojqzxj/Build/Intermediates.noindex/EagerLinkingTBDs/Debug-iphoneos -F/Users/qingque/Desktop/HaiyueStudio/Native/examples/ios-pbr-orbit/platforms/ios/build/Debug-iphoneos/PackageFrameworks -F/Users/qingque/Desktop/HaiyueStudio/Native/examples/ios-pbr-orbit/platforms/ios/build/Debug-iphoneos -F/Users/qingque/Desktop/HaiyueStudio/Native/examples/ios-pbr-orbit/platforms/ios/internal -F/Users/qingque/Desktop/HaiyueStudio/Native/examples/ios-pbr-orbit/platforms/ios/build/Debug-iphoneos -F../../node_modules/@nativescript/canvas/platforms/ios -F../../node_modules/@nativescript/core/platforms/ios -filelist /Users/qingque/Library/Developer/Xcode/DerivedData/iospbrorbit-didljvbvdiyokgexubdorcojqzxj/Build/Intermediates.noindex/iospbrorbit.build/Debug-iphoneos/iospbrorbit.build/Objects-normal/arm64/iospbrorbit.LinkFileList -Xlinker -rpath -Xlinker /usr/lib/swift -Xlinker -rpath -Xlinker /Users/qingque/Desktop/HaiyueStudio/Native/examples/ios-pbr-orbit/platforms/ios/build/Debug-iphoneos/PackageFrameworks -Xlinker -rpath -Xlinker @executable_path/Frameworks -dead_strip -Xlinker -object_path_lto -Xlinker /Users/qingque/Library/Developer/Xcode/DerivedData/iospbrorbit-didljvbvdiyokgexubdorcojqzxj/Build/Intermediates.noindex/iospbrorbit.build/Debug-iphoneos/iospbrorbit.build/Objects-normal/arm64/iospbrorbit_lto.o -rdynamic -Xlinker -no_deduplicate -Xlinker -dependency_info -Xlinker /Users/qingque/Library/Developer/Xcode/DerivedData/iospbrorbit-didljvbvdiyokgexubdorcojqzxj/Build/Intermediates.noindex/iospbrorbit.build/Debug-iphoneos/iospbrorbit.build/Objects-normal/arm64/iospbrorbit_dependency_info.dat -stdlib\=libc++ -fobjc-arc -fobjc-link-runtime -L/Applications/Xcode.app/Contents/Developer/Toolchains/XcodeDefault.xctoolchain/usr/lib/swift/iphoneos -L/usr/lib/swift -Xlinker -add_ast_path -Xlinker /Users/qingque/Library/Developer/Xcode/DerivedData/iospbrorbit-didljvbvdiyokgexubdorcojqzxj/Build/Intermediates.noindex/iospbrorbit.build/Debug-iphoneos/iospbrorbit.build/Objects-normal/arm64/iospbrorbit.swiftmodule -Wl,-no_warn_duplicate_libraries -ObjC -sectcreate __DATA __TNSMetadata /Users/qingque/Desktop/HaiyueStudio/Native/examples/ios-pbr-orbit/platforms/ios/build/Debug-iphoneos/metadata-arm64.bin -framework NativeScript -framework TKLiveSync -F/Users/qingque/Desktop/HaiyueStudio/Native/examples/ios-pbr-orbit/platforms/ios/internal -licucore -lz -lc++ -framework Foundation -framework UIKit -framework CoreGraphics -framework CoreServices -framework Security -framework Foundation -framework CanvasNative -framework OpenGLES -framework GLKit -framework CanvasNative -framework NSCWinterTC -framework TNSWidgets -framework Pods_iospbrorbit -lFontManager -Xlinker -no_adhoc_codesign -o /Users/qingque/Desktop/HaiyueStudio/Native/examples/ios-pbr-orbit/platforms/ios/build/Debug-iphoneos/iospbrorbit.app/iospbrorbit
./.build_env_vars.sh: line 613: declare: UID: readonly variable
Generating metadata...~/Desktop/HaiyueStudio/Native/examples/ios-pbr-orbit/platforms/ios/internal/metadata-generator-x86_64/bin ~/Desktop/HaiyueStudio/Native/examples/ios-pbr-orbit/platforms/ios
Python version: 3.9.6 (default, Jan  9 2026, 11:03:41) 
[Clang 17.0.0 (clang-1700.6.4.2)]
Generating metadata for arm64
Metadata Generator Arguments: 
./objc-metadata-generator -verbose -output-bin /Users/qingque/Desktop/HaiyueStudio/Native/examples/ios-pbr-orbit/platforms/ios/build/Debug-iphoneos/metadata-arm64.bin -output-umbrella /Users/qingque/Desktop/HaiyueStudio/Native/examples/ios-pbr-orbit/platforms/ios/build/Debug-iphoneos/umbrella-arm64.h -docset-path /Users/qingque/Library/Developer/Shared/Documentation/DocSets/com.apple.adc.documentation.iOS.docset Xclang -isysroot /Applications/Xcode.app/Contents/Developer/Platforms/iPhoneOS.platform/Developer/SDKs/iPhoneOS26.2.sdk -std=gnu99 -target arm64-apple-ios26.2 -I/Users/qingque/Desktop/HaiyueStudio/Native/examples/ios-pbr-orbit/node_modules/@nativescript/canvas/platforms/ios/NativeScriptV8/Headers -I/Users/qingque/Desktop/HaiyueStudio/Native/examples/ios-pbr-orbit/platforms/ios/build/Debug-iphoneos/include -I/Users/qingque/Desktop/HaiyueStudio/Native/examples/ios-pbr-orbit/platforms/ios/internal/Swift-Modules -I/Users/qingque/Desktop/HaiyueStudio/Native/examples/ios-pbr-orbit/platforms/ios/internal -I/Users/qingque/Desktop/HaiyueStudio/Native/examples/ios-pbr-orbit/platforms/ios/../../App_Resources/iOS/src -I/Users/qingque/Desktop/HaiyueStudio/Native/examples/ios-pbr-orbit/platforms/ios/../../node_modules/@nativescript/canvas/platforms/ios/src -I/Users/qingque/Desktop/HaiyueStudio/Native/examples/ios-pbr-orbit/platforms/ios/../../node_modules/@nativescript/core/platforms/ios/src -I/Users/qingque/Desktop/HaiyueStudio/Native/examples/ios-pbr-orbit//platforms/ios/build/Debug-iphoneos/NativeScript.framework/Headers -I/Users/qingque/Desktop/HaiyueStudio/Native/examples/ios-pbr-orbit//platforms/ios/build/Debug-iphoneos/NativeScript.framework/Headers/include -F/Users/qingque/Desktop/HaiyueStudio/Native/examples/ios-pbr-orbit/platforms/ios/build/Debug-iphoneos/PackageFrameworks -F/Users/qingque/Desktop/HaiyueStudio/Native/examples/ios-pbr-orbit/platforms/ios/build/Debug-iphoneos -F/Users/qingque/Desktop/HaiyueStudio/Native/examples/ios-pbr-orbit/platforms/ios/internal/ -F/Users/qingque/Desktop/HaiyueStudio/Native/examples/ios-pbr-orbit/platforms/ios/build/Debug-iphoneos -F../../node_modules/@nativescript/canvas/platforms/ios -F../../node_modules/@nativescript/core/platforms/ios -F/Applications/Xcode.app/Contents/Developer/Platforms/iPhoneOS.platform/Developer/SDKs/iPhoneOS26.2.sdk/System/Library/SubFrameworks -fmodule-map-file=/Users/qingque/Library/Developer/Xcode/DerivedData/iospbrorbit-didljvbvdiyokgexubdorcojqzxj/Build/Intermediates.noindex/GeneratedModuleMaps-iphoneos/NativeScriptV8.modulemap -I/Users/qingque/Desktop/HaiyueStudio/Native/examples/ios-pbr-orbit/platforms/ios/build/Debug-iphoneos/NativeScript.framework/Headers -I/Users/qingque/Desktop/HaiyueStudio/Native/examples/ios-pbr-orbit/platforms/ios/build/Debug-iphoneos/NativeScript.framework/Headers/include -DCOCOAPODS=1 -DDEBUG=1 -DNS_SWIFTUI_BOOT=0 
Clang Arguments: 
"-v", "-x", "objective-c", "-fno-objc-arc", "-fmodule-maps", "-ferror-limit=0", "-Wno-unknown-pragmas", "-Wno-ignored-attributes", "-Wno-nullability-completeness", "-Wno-expansion-to-defined", "-D__NATIVESCRIPT_METADATA_GENERATOR=1", "-isysroot", "/Applications/Xcode.app/Contents/Developer/Platforms/iPhoneOS.platform/Developer/SDKs/iPhoneOS26.2.sdk", "-std=gnu99", "-target", "arm64-apple-ios26.2", "-I/Users/qingque/Desktop/HaiyueStudio/Native/examples/ios-pbr-orbit/node_modules/@nativescript/canvas/platforms/ios/NativeScriptV8/Headers", "-I/Users/qingque/Desktop/HaiyueStudio/Native/examples/ios-pbr-orbit/platforms/ios/build/Debug-iphoneos/include", "-I/Users/qingque/Desktop/HaiyueStudio/Native/examples/ios-pbr-orbit/platforms/ios/internal/Swift-Modules", "-I/Users/qingque/Desktop/HaiyueStudio/Native/examples/ios-pbr-orbit/platforms/ios/internal", "-I/Users/qingque/Desktop/HaiyueStudio/Native/examples/ios-pbr-orbit/platforms/ios/../../App_Resources/iOS/src", "-I/Users/qingque/Desktop/HaiyueStudio/Native/examples/ios-pbr-orbit/platforms/ios/../../node_modules/@nativescript/canvas/platforms/ios/src", "-I/Users/qingque/Desktop/HaiyueStudio/Native/examples/ios-pbr-orbit/platforms/ios/../../node_modules/@nativescript/core/platforms/ios/src", "-I/Users/qingque/Desktop/HaiyueStudio/Native/examples/ios-pbr-orbit//platforms/ios/build/Debug-iphoneos/NativeScript.framework/Headers", "-I/Users/qingque/Desktop/HaiyueStudio/Native/examples/ios-pbr-orbit//platforms/ios/build/Debug-iphoneos/NativeScript.framework/Headers/include", "-F/Users/qingque/Desktop/HaiyueStudio/Native/examples/ios-pbr-orbit/platforms/ios/build/Debug-iphoneos/PackageFrameworks", "-F/Users/qingque/Desktop/HaiyueStudio/Native/examples/ios-pbr-orbit/platforms/ios/build/Debug-iphoneos", "-F/Users/qingque/Desktop/HaiyueStudio/Native/examples/ios-pbr-orbit/platforms/ios/internal/", "-F/Users/qingque/Desktop/HaiyueStudio/Native/examples/ios-pbr-orbit/platforms/ios/build/Debug-iphoneos", "-F../../node_modules/@nativescript/canvas/platforms/ios", "-F../../node_modules/@nativescript/core/platforms/ios", "-F/Applications/Xcode.app/Contents/Developer/Platforms/iPhoneOS.platform/Developer/SDKs/iPhoneOS26.2.sdk/System/Library/SubFrameworks", "-fmodule-map-file=/Users/qingque/Library/Developer/Xcode/DerivedData/iospbrorbit-didljvbvdiyokgexubdorcojqzxj/Build/Intermediates.noindex/GeneratedModuleMaps-iphoneos/NativeScriptV8.modulemap", "-I/Users/qingque/Desktop/HaiyueStudio/Native/examples/ios-pbr-orbit/platforms/ios/build/Debug-iphoneos/NativeScript.framework/Headers", "-I/Users/qingque/Desktop/HaiyueStudio/Native/examples/ios-pbr-orbit/platforms/ios/build/Debug-iphoneos/NativeScript.framework/Headers/include", "-DCOCOAPODS=1", "-DDEBUG=1", "-DNS_SWIFTUI_BOOT=0", 
Merged 1464 categories.
Result: 65783 declarations from 212 top level modules
Done! Running time: 18.9629 sec 
Saving metadata generation's stderr stream to: /Users/qingque/Desktop/HaiyueStudio/Native/examples/ios-pbr-orbit/platforms/ios/build/Debug-iphoneos/metadata-generation-stderr-arm64.txt
~/Desktop/HaiyueStudio/Native/examples/ios-pbr-orbit/platforms/ios
clang: warning: argument unused during compilation: '-stdlib=libc++' [-Wunused-command-line-argument]

PhaseScriptExecution NativeScript\ PreLink /Users/qingque/Library/Developer/Xcode/DerivedData/iospbrorbit-didljvbvdiyokgexubdorcojqzxj/Build/Intermediates.noindex/iospbrorbit.build/Debug-iphoneos/iospbrorbit.build/Script-CD62955B1BB2651D00AE3A93.sh (in target 'iospbrorbit' from project 'iospbrorbit')
    cd /Users/qingque/Desktop/HaiyueStudio/Native/examples/ios-pbr-orbit/platforms/ios
    /bin/sh -c /Users/qingque/Library/Developer/Xcode/DerivedData/iospbrorbit-didljvbvdiyokgexubdorcojqzxj/Build/Intermediates.noindex/iospbrorbit.build/Debug-iphoneos/iospbrorbit.build/Script-CD62955B1BB2651D00AE3A93.sh

CpResource /Users/qingque/Desktop/HaiyueStudio/Native/examples/ios-pbr-orbit/platforms/ios/build/Debug-iphoneos/iospbrorbit.app/app /Users/qingque/Desktop/HaiyueStudio/Native/examples/ios-pbr-orbit/platforms/ios/iospbrorbit/app (in target 'iospbrorbit' from project 'iospbrorbit')
    cd /Users/qingque/Desktop/HaiyueStudio/Native/examples/ios-pbr-orbit/platforms/ios
    builtin-copy -exclude .DS_Store -exclude CVS -exclude .svn -exclude .git -exclude .hg -resolve-src-symlinks /Users/qingque/Desktop/HaiyueStudio/Native/examples/ios-pbr-orbit/platforms/ios/iospbrorbit/app /Users/qingque/Desktop/HaiyueStudio/Native/examples/ios-pbr-orbit/platforms/ios/build/Debug-iphoneos/iospbrorbit.app

CpResource /Users/qingque/Desktop/HaiyueStudio/Native/examples/ios-pbr-orbit/platforms/ios/build/Debug-iphoneos/iospbrorbit.app/signing.local.xcconfig /Users/qingque/Desktop/HaiyueStudio/Native/examples/ios-pbr-orbit/platforms/ios/iospbrorbit/Resources/signing.local.xcconfig (in target 'iospbrorbit' from project 'iospbrorbit')
    cd /Users/qingque/Desktop/HaiyueStudio/Native/examples/ios-pbr-orbit/platforms/ios
    builtin-copy -exclude .DS_Store -exclude CVS -exclude .svn -exclude .git -exclude .hg -resolve-src-symlinks /Users/qingque/Desktop/HaiyueStudio/Native/examples/ios-pbr-orbit/platforms/ios/iospbrorbit/Resources/signing.local.xcconfig /Users/qingque/Desktop/HaiyueStudio/Native/examples/ios-pbr-orbit/platforms/ios/build/Debug-iphoneos/iospbrorbit.app

CpResource /Users/qingque/Desktop/HaiyueStudio/Native/examples/ios-pbr-orbit/platforms/ios/build/Debug-iphoneos/iospbrorbit.app/build.xcconfig /Users/qingque/Desktop/HaiyueStudio/Native/examples/ios-pbr-orbit/platforms/ios/iospbrorbit/Resources/build.xcconfig (in target 'iospbrorbit' from project 'iospbrorbit')
    cd /Users/qingque/Desktop/HaiyueStudio/Native/examples/ios-pbr-orbit/platforms/ios
    builtin-copy -exclude .DS_Store -exclude CVS -exclude .svn -exclude .git -exclude .hg -resolve-src-symlinks /Users/qingque/Desktop/HaiyueStudio/Native/examples/ios-pbr-orbit/platforms/ios/iospbrorbit/Resources/build.xcconfig /Users/qingque/Desktop/HaiyueStudio/Native/examples/ios-pbr-orbit/platforms/ios/build/Debug-iphoneos/iospbrorbit.app

PhaseScriptExecution NativeScript\ PostBuild /Users/qingque/Library/Developer/Xcode/DerivedData/iospbrorbit-didljvbvdiyokgexubdorcojqzxj/Build/Intermediates.noindex/iospbrorbit.build/Debug-iphoneos/iospbrorbit.build/Script-CD3EAD351B05FF060042DBFC.sh (in target 'iospbrorbit' from project 'iospbrorbit')
    cd /Users/qingque/Desktop/HaiyueStudio/Native/examples/ios-pbr-orbit/platforms/ios
    /bin/sh -c /Users/qingque/Library/Developer/Xcode/DerivedData/iospbrorbit-didljvbvdiyokgexubdorcojqzxj/Build/Intermediates.noindex/iospbrorbit.build/Debug-iphoneos/iospbrorbit.build/Script-CD3EAD351B05FF060042DBFC.sh
~/Desktop/HaiyueStudio/Native/examples/ios-pbr-orbit/platforms/ios/internal ~/Desktop/HaiyueStudio/Native/examples/ios-pbr-orbit/platforms/ios
Stripping frameworks
~/Desktop/HaiyueStudio/Native/examples/ios-pbr-orbit/platforms/ios

CopySwiftLibs /Users/qingque/Desktop/HaiyueStudio/Native/examples/ios-pbr-orbit/platforms/ios/build/Debug-iphoneos/iospbrorbit.app (in target 'iospbrorbit' from project 'iospbrorbit')
    cd /Users/qingque/Desktop/HaiyueStudio/Native/examples/ios-pbr-orbit/platforms/ios
    builtin-swiftStdLibTool --copy --verbose --sign B18C301725894971F9A6F8888DA37AABAF3F1DBD --scan-executable /Users/qingque/Desktop/HaiyueStudio/Native/examples/ios-pbr-orbit/platforms/ios/build/Debug-iphoneos/iospbrorbit.app/iospbrorbit --scan-folder /Users/qingque/Desktop/HaiyueStudio/Native/examples/ios-pbr-orbit/platforms/ios/build/Debug-iphoneos/iospbrorbit.app/Frameworks --scan-folder /Users/qingque/Desktop/HaiyueStudio/Native/examples/ios-pbr-orbit/platforms/ios/build/Debug-iphoneos/iospbrorbit.app/PlugIns --scan-folder /Users/qingque/Desktop/HaiyueStudio/Native/examples/ios-pbr-orbit/platforms/ios/build/Debug-iphoneos/iospbrorbit.app/SystemExtensions --scan-folder /Users/qingque/Desktop/HaiyueStudio/Native/examples/ios-pbr-orbit/platforms/ios/build/Debug-iphoneos/iospbrorbit.app/Extensions --scan-folder /Users/qingque/Desktop/HaiyueStudio/Native/examples/ios-pbr-orbit/platforms/ios/build/Debug-iphoneos/Pods_iospbrorbit.framework --platform iphoneos --toolchain /Applications/Xcode.app/Contents/Developer/Toolchains/XcodeDefault.xctoolchain --destination /Users/qingque/Desktop/HaiyueStudio/Native/examples/ios-pbr-orbit/platforms/ios/build/Debug-iphoneos/iospbrorbit.app/Frameworks --strip-bitcode --strip-bitcode-tool /Applications/Xcode.app/Contents/Developer/Toolchains/XcodeDefault.xctoolchain/usr/bin/bitcode_strip --emit-dependency-info /Users/qingque/Library/Developer/Xcode/DerivedData/iospbrorbit-didljvbvdiyokgexubdorcojqzxj/Build/Intermediates.noindex/iospbrorbit.build/Debug-iphoneos/iospbrorbit.build/SwiftStdLibToolInputDependencies.dep --filter-for-swift-os --back-deploy-swift-span

ExtractAppIntentsMetadata (in target 'iospbrorbit' from project 'iospbrorbit')
    cd /Users/qingque/Desktop/HaiyueStudio/Native/examples/ios-pbr-orbit/platforms/ios
    /Applications/Xcode.app/Contents/Developer/Toolchains/XcodeDefault.xctoolchain/usr/bin/appintentsmetadataprocessor --toolchain-dir /Applications/Xcode.app/Contents/Developer/Toolchains/XcodeDefault.xctoolchain --module-name iospbrorbit --sdk-root /Applications/Xcode.app/Contents/Developer/Platforms/iPhoneOS.platform/Developer/SDKs/iPhoneOS26.2.sdk --xcode-version 17C529 --platform-family iOS --deployment-target 15.0 --bundle-identifier org.haiyue.native.iospbrorbit --output /Users/qingque/Desktop/HaiyueStudio/Native/examples/ios-pbr-orbit/platforms/ios/build/Debug-iphoneos/iospbrorbit.app --target-triple arm64-apple-ios15.0 --binary-file /Users/qingque/Desktop/HaiyueStudio/Native/examples/ios-pbr-orbit/platforms/ios/build/Debug-iphoneos/iospbrorbit.app/iospbrorbit --dependency-file /Users/qingque/Library/Developer/Xcode/DerivedData/iospbrorbit-didljvbvdiyokgexubdorcojqzxj/Build/Intermediates.noindex/iospbrorbit.build/Debug-iphoneos/iospbrorbit.build/Objects-normal/arm64/iospbrorbit_dependency_info.dat --stringsdata-file /Users/qingque/Library/Developer/Xcode/DerivedData/iospbrorbit-didljvbvdiyokgexubdorcojqzxj/Build/Intermediates.noindex/iospbrorbit.build/Debug-iphoneos/iospbrorbit.build/Objects-normal/arm64/ExtractedAppShortcutsMetadata.stringsdata --source-file-list /Users/qingque/Library/Developer/Xcode/DerivedData/iospbrorbit-didljvbvdiyokgexubdorcojqzxj/Build/Intermediates.noindex/iospbrorbit.build/Debug-iphoneos/iospbrorbit.build/Objects-normal/arm64/iospbrorbit.SwiftFileList --metadata-file-list /Users/qingque/Library/Developer/Xcode/DerivedData/iospbrorbit-didljvbvdiyokgexubdorcojqzxj/Build/Intermediates.noindex/iospbrorbit.build/Debug-iphoneos/iospbrorbit.build/iospbrorbit.DependencyMetadataFileList --static-metadata-file-list /Users/qingque/Library/Developer/Xcode/DerivedData/iospbrorbit-didljvbvdiyokgexubdorcojqzxj/Build/Intermediates.noindex/iospbrorbit.build/Debug-iphoneos/iospbrorbit.build/iospbrorbit.DependencyStaticMetadataFileList --swift-const-vals-list /Users/qingque/Library/Developer/Xcode/DerivedData/iospbrorbit-didljvbvdiyokgexubdorcojqzxj/Build/Intermediates.noindex/iospbrorbit.build/Debug-iphoneos/iospbrorbit.build/Objects-normal/arm64/iospbrorbit.SwiftConstValuesFileList --compile-time-extraction --deployment-aware-processing --validate-assistant-intents --no-app-shortcuts-localization
2026-09-27 09:51:22.513 appintentsmetadataprocessor[50138:14744508] Starting appintentsmetadataprocessor export
2026-09-27 09:51:22.517 appintentsmetadataprocessor[50138:14744508] warning: Metadata extraction skipped. No AppIntents.framework dependency found.

GenerateDSYMFile /Users/qingque/Desktop/HaiyueStudio/Native/examples/ios-pbr-orbit/platforms/ios/build/Debug-iphoneos/iospbrorbit.app.dSYM /Users/qingque/Desktop/HaiyueStudio/Native/examples/ios-pbr-orbit/platforms/ios/build/Debug-iphoneos/iospbrorbit.app/iospbrorbit (in target 'iospbrorbit' from project 'iospbrorbit')
    cd /Users/qingque/Desktop/HaiyueStudio/Native/examples/ios-pbr-orbit/platforms/ios
    /Applications/Xcode.app/Contents/Developer/Toolchains/XcodeDefault.xctoolchain/usr/bin/dsymutil /Users/qingque/Desktop/HaiyueStudio/Native/examples/ios-pbr-orbit/platforms/ios/build/Debug-iphoneos/iospbrorbit.app/iospbrorbit -o /Users/qingque/Desktop/HaiyueStudio/Native/examples/ios-pbr-orbit/platforms/ios/build/Debug-iphoneos/iospbrorbit.app.dSYM
warning: (arm64) /Users/runner/work/font-manager/font-manager/dist/spm/build/DerivedData/Build/Intermediates.noindex/ArchiveIntermediates/FontManager/IntermediateBuildFilesPath/FontManager.build/Release-iphoneos/FontManager.build/Objects-normal/arm64/NSCFontDescriptors.o unable to open object file: No such file or directory
warning: (arm64) /Users/runner/work/font-manager/font-manager/dist/spm/build/DerivedData/Build/Intermediates.noindex/ArchiveIntermediates/FontManager/IntermediateBuildFilesPath/FontManager.build/Release-iphoneos/FontManager.build/Objects-normal/arm64/NSCFontFace.o unable to open object file: No such file or directory
warning: (arm64) /Users/runner/work/font-manager/font-manager/dist/spm/build/DerivedData/Build/Intermediates.noindex/ArchiveIntermediates/FontManager/IntermediateBuildFilesPath/FontManager.build/Release-iphoneos/FontManager.build/Objects-normal/arm64/NSCFontFaceSet.o unable to open object file: No such file or directory
warning: (arm64) /Users/runner/work/font-manager/font-manager/dist/spm/build/DerivedData/Build/Intermediates.noindex/ArchiveIntermediates/FontManager/IntermediateBuildFilesPath/FontManager.build/Release-iphoneos/FontManager.build/Objects-normal/arm64/NSCFontParser.o unable to open object file: No such file or directory
warning: (arm64) /Users/runner/work/font-manager/font-manager/dist/spm/build/DerivedData/Build/Intermediates.noindex/ArchiveIntermediates/FontManager/IntermediateBuildFilesPath/FontManager.build/Release-iphoneos/FontManager.build/Objects-normal/arm64/NSCFontResolver.o unable to open object file: No such file or directory
warning: (arm64) /Users/runner/work/font-manager/font-manager/dist/spm/build/DerivedData/Build/Intermediates.noindex/ArchiveIntermediates/FontManager/IntermediateBuildFilesPath/FontManager.build/Release-iphoneos/FontManager.build/Objects-normal/arm64/NSCFontStyle.o unable to open object file: No such file or directory
warning: (arm64) /Users/runner/work/font-manager/font-manager/dist/spm/build/DerivedData/Build/Intermediates.noindex/ArchiveIntermediates/FontManager/IntermediateBuildFilesPath/FontManager.build/Release-iphoneos/FontManager.build/Objects-normal/arm64/NSCFontTypes.o unable to open object file: No such file or directory
warning: (arm64) /Users/runner/work/font-manager/font-manager/dist/spm/build/DerivedData/Build/Intermediates.noindex/ArchiveIntermediates/FontManager/IntermediateBuildFilesPath/FontManager.build/Release-iphoneos/FontManager.build/Objects-normal/arm64/NSCFontRegex.o unable to open object file: No such file or directory
warning: /Users/qingque/Library/Developer/Xcode/DerivedData/ModuleCache.noindex/2KE58YOXEOR1R/NativeScriptEmbedder-2D89TRKZJDSGB.pcm: No such file or directory
note: while processing /Users/qingque/Library/Developer/Xcode/DerivedData/ModuleCache.noindex/2KE58YOXEOR1R/NativeScriptEmbedder-2D89TRKZJDSGB.pcm
note: The clang module cache may have expired since this object file was built. Rebuilding the object file will rebuild the module cache.

CodeSign /Users/qingque/Desktop/HaiyueStudio/Native/examples/ios-pbr-orbit/platforms/ios/build/Debug-iphoneos/iospbrorbit.app (in target 'iospbrorbit' from project 'iospbrorbit')
    cd /Users/qingque/Desktop/HaiyueStudio/Native/examples/ios-pbr-orbit/platforms/ios
    
    Signing Identity:     "Apple Development: Xueqing Sun (9S236DMB2Z)"
    Provisioning Profile: "iOS Team Provisioning Profile: *"
                          (f1f552b0-f1c0-4447-86ef-4937a19b1ae5)
    
    /usr/bin/codesign --force --sign B18C301725894971F9A6F8888DA37AABAF3F1DBD --entitlements /Users/qingque/Library/Developer/Xcode/DerivedData/iospbrorbit-didljvbvdiyokgexubdorcojqzxj/Build/Intermediates.noindex/iospbrorbit.build/Debug-iphoneos/iospbrorbit.build/iospbrorbit.app.xcent --timestamp\=none --generate-entitlement-der /Users/qingque/Desktop/HaiyueStudio/Native/examples/ios-pbr-orbit/platforms/ios/build/Debug-iphoneos/iospbrorbit.app

Validate /Users/qingque/Desktop/HaiyueStudio/Native/examples/ios-pbr-orbit/platforms/ios/build/Debug-iphoneos/iospbrorbit.app (in target 'iospbrorbit' from project 'iospbrorbit')
    cd /Users/qingque/Desktop/HaiyueStudio/Native/examples/ios-pbr-orbit/platforms/ios
    builtin-validationUtility /Users/qingque/Desktop/HaiyueStudio/Native/examples/ios-pbr-orbit/platforms/ios/build/Debug-iphoneos/iospbrorbit.app -shallow-bundle -infoplist-subpath Info.plist

** BUILD SUCCEEDED **

