readability-motion passed 40 []
reference-continuity passed 47 []
file:///Users/qingque/Desktop/HaiyueStudio/Engine/scripts/webgpu-gate/chrome-runner.mjs:238
        throw new Error(`Chrome/WebGPU fixture failed: ${fixtureResult.text}\n${stderr}`);
              ^

Error: Chrome/WebGPU fixture failed: {"status":"failed","errors":["Verification: short audio sources retire after playback: {\"state\":\"running\",\"buffers\":11,\"voices\":8,\"owners\":1,\"audioNodes\":28,\"decodeJobs\":0,\"sampleRate\":48000,\"disposed\":false,\"ready\":true,\"muted\":false,\"pending\":0,\"recent\":[\"step\",\"jump\",\"push\",\"gate-up\",\"gate-down\",\"button\",\"land\",\"recoil\",\"complete\",\"enter\",\"exit\"],\"error\":\"\"}"]}

DevTools listening on ws://127.0.0.1:64451/devtools/browser/9e1c5222-0dad-49d6-b65c-bf2f354e5154
Trying to load the allocator multiple times. This is *not* supported.
[43362:8403871:0922/043316.621286:ERROR:ui/display/mac/cv_display_link_mac.mm:195] CVDisplayLinkCreateWithCGDisplay failed. CVReturn: -6670
[43362:8403942:0922/043316.622189:ERROR:ui/display/mac/cv_display_link_mac.mm:195] CVDisplayLinkCreateWithCGDisplay failed. CVReturn: -6670
[43362:8403871:0922/043316.625396:ERROR:ui/display/mac/cv_display_link_mac.mm:195] CVDisplayLinkCreateWithCGDisplay failed. CVReturn: -6670
[43362:8403942:0922/043316.625522:ERROR:ui/display/mac/cv_display_link_mac.mm:195] CVDisplayLinkCreateWithCGDisplay failed. CVReturn: -6670
[43362:8403871:0922/043316.627486:ERROR:ui/display/mac/cv_display_link_mac.mm:195] CVDisplayLinkCreateWithCGDisplay failed. CVReturn: -6670
[43362:8403942:0922/043316.627616:ERROR:ui/display/mac/cv_display_link_mac.mm:195] CVDisplayLinkCreateWithCGDisplay failed. CVReturn: -6670
[43362:8403871:0922/043316.627992:ERROR:ui/display/mac/cv_display_link_mac.mm:195] CVDisplayLinkCreateWithCGDisplay failed. CVReturn: -6670
[43362:8403942:0922/043316.628174:ERROR:ui/display/mac/cv_display_link_mac.mm:195] CVDisplayLinkCreateWithCGDisplay failed. CVReturn: -6670
[43362:8403871:0922/043316.628573:ERROR:ui/display/mac/cv_display_link_mac.mm:195] CVDisplayLinkCreateWithCGDisplay failed. CVReturn: -6670
[43362:8403942:0922/043316.628680:ERROR:ui/display/mac/cv_display_link_mac.mm:195] CVDisplayLinkCreateWithCGDisplay failed. CVReturn: -6670
[43362:8403871:0922/043316.655677:ERROR:ui/display/mac/cv_display_link_mac.mm:195] CVDisplayLinkCreateWithCGDisplay failed. CVReturn: -6670
[43362:8403942:0922/043316.655805:ERROR:ui/display/mac/cv_display_link_mac.mm:195] CVDisplayLinkCreateWithCGDisplay failed. CVReturn: -6670
[43362:8403871:0922/043318.625333:ERROR:ui/display/mac/cv_display_link_mac.mm:195] CVDisplayLinkCreateWithCGDisplay failed. CVReturn: -6670
[43362:8403942:0922/043318.625472:ERROR:ui/display/mac/cv_display_link_mac.mm:195] CVDisplayLinkCreateWithCGDisplay failed. CVReturn: -6670
[43362:8403871:0922/043318.793882:ERROR:ui/display/mac/cv_display_link_mac.mm:195] CVDisplayLinkCreateWithCGDisplay failed. CVReturn: -6670
[43362:8403942:0922/043318.794012:ERROR:ui/display/mac/cv_display_link_mac.mm:195] CVDisplayLinkCreateWithCGDisplay failed. CVReturn: -6670
[43362:8403871:0922/043318.927296:ERROR:ui/display/mac/cv_display_link_mac.mm:195] CVDisplayLinkCreateWithCGDisplay failed. CVReturn: -6670
[43362:8403942:0922/043318.927432:ERROR:ui/display/mac/cv_display_link_mac.mm:195] CVDisplayLinkCreateWithCGDisplay failed. CVReturn: -6670
[43362:8403871:0922/043319.066881:ERROR:ui/display/mac/cv_display_link_mac.mm:195] CVDisplayLinkCreateWithCGDisplay failed. CVReturn: -6670
[43362:8403942:0922/043319.067015:ERROR:ui/display/mac/cv_display_link_mac.mm:195] CVDisplayLinkCreateWithCGDisplay failed. CVReturn: -6670
[43362:8403871:0922/043319.146434:ERROR:ui/display/mac/cv_display_link_mac.mm:195] CVDisplayLinkCreateWithCGDisplay failed. CVReturn: -6670
[43362:8403942:0922/043319.146568:ERROR:ui/display/mac/cv_display_link_mac.mm:195] CVDisplayLinkCreateWithCGDisplay failed. CVReturn: -6670
[43362:8403871:0922/043319.307132:ERROR:ui/display/mac/cv_display_link_mac.mm:195] CVDisplayLinkCreateWithCGDisplay failed. CVReturn: -6670
[43362:8403942:0922/043319.307271:ERROR:ui/display/mac/cv_display_link_mac.mm:195] CVDisplayLinkCreateWithCGDisplay failed. CVReturn: -6670
[43362:8403871:0922/043319.433000:ERROR:ui/display/mac/cv_display_link_mac.mm:195] CVDisplayLinkCreateWithCGDisplay failed. CVReturn: -6670
[43362:8403942:0922/043319.433126:ERROR:ui/display/mac/cv_display_link_mac.mm:195] CVDisplayLinkCreateWithCGDisplay failed. CVReturn: -6670
[43358:8403858:0922/043319.539821:ERROR:google_apis/gcm/engine/registration_request.cc:291] Registration response error message: DEPRECATED_ENDPOINT
[43358:8403858:0922/043320.102634:ERROR:google_apis/gcm/engine/mcs_client.cc:702]   Error code: 401  Error message: Authentication Failed: wrong_secret
[43358:8403858:0922/043320.102652:ERROR:google_apis/gcm/engine/mcs_client.cc:704] Failed to log in to GCM, resetting connection.
[43362:8403871:0922/043320.239200:ERROR:ui/display/mac/cv_display_link_mac.mm:195] CVDisplayLinkCreateWithCGDisplay failed. CVReturn: -6670
[43362:8403942:0922/043320.239337:ERROR:ui/display/mac/cv_display_link_mac.mm:195] CVDisplayLinkCreateWithCGDisplay failed. CVReturn: -6670
[43390:8404331:0922/043323.007475:ERROR:sandbox/mac/system_services.cc:31] SetApplicationIsDaemon: Error Domain=NSOSStatusErrorDomain Code=-50 "paramErr: error in user parameter list" (-50)

    at runChrome (file:///Users/qingque/Desktop/HaiyueStudio/Engine/scripts/webgpu-gate/chrome-runner.mjs:238:15)
    at async runChromeWebGpuFixture (file:///Users/qingque/Desktop/HaiyueStudio/Engine/scripts/webgpu-gate/chrome-runner.mjs:38:20)
    at async file:///private/tmp/verify-boxbound-drawcalls.mjs:5:15

Node.js v24.19.0
