
> @haiyue/native-calendar-puzzle@0.1.0 build:android
> node scripts/android.mjs build android

Canvas binding patch: {
  version: '2.1.18',
  queueSha256: 'a38a58942c488ccece244424b1c4e91c8f3e257dd201b85dd63871988ff30369',
  file: 'WebGPU/GPURenderPassEncoder.js',
  sha256: '7a14f279e042bb748781c10a6c56a6122931525f56943096815fb1143b583cf7'
}
Preparing project...
assets by path [1m[32mgame-assets/audio/[39m[22m 275 KiB
  assets by path [1m[32mgame-assets/audio/*.wav[39m[22m 273 KiB 8 assets
  assets by path [1m[32mgame-assets/audio/*.mid[39m[22m 475 bytes
    asset [1m[32mgame-assets/audio/win.mid[39m[22m 87 bytes [1m[33m[compared for emit][39m[22m [from: ../../../Games/games/calendar-puzzle/assets/audio/win.mid] [1m[32m[copied][39m[22m
    + 7 assets
  asset [1m[32mgame-assets/audio/generation.json[39m[22m 1.61 KiB [1m[33m[compared for emit][39m[22m [from: ../../../Games/games/calendar-puzzle/assets/audio/generation.json] [1m[32m[copied][39m[22m
assets by path [1m[32m*.mjs[39m[22m 7.07 MiB
  assets by status 6.85 MiB [1m[33m[compared for emit][39m[22m
    asset [1m[32mvendor.mjs[39m[22m 6.84 MiB [1m[33m[compared for emit][39m[22m [javascript module] (name: vendor) (id hint: vendor) 1 related asset
    asset [1m[32mruntime.mjs[39m[22m 6.24 KiB [1m[33m[compared for emit][39m[22m [javascript module] (name: runtime) 1 related asset
  assets by status 226 KiB [1m[32m[emitted][39m[22m
    asset [1m[32mbundle.mjs[39m[22m 207 KiB [1m[32m[emitted][39m[22m [javascript module] (name: bundle) 1 related asset
    asset [1m[32msrc_solver_worker_ts.mjs[39m[22m 19.1 KiB [1m[32m[emitted][39m[22m [javascript module] 1 related asset
asset [1m[32mtns_modules/inspector_modules.mjs[39m[22m 778 bytes [1m[33m[compared for emit][39m[22m [javascript module] (name: tns_modules/inspector_modules) 1 related asset
Entrypoint [1mbundle[39m[22m 7.05 MiB (7.49 MiB) = [1m[32mruntime.mjs[39m[22m 6.24 KiB [1m[32mvendor.mjs[39m[22m 6.84 MiB [1m[32mbundle.mjs[39m[22m 207 KiB 3 auxiliary assets
Entrypoint [1mtns_modules/inspector_modules[39m[22m 6.85 MiB (7.14 MiB) = [1m[32mruntime.mjs[39m[22m 6.24 KiB [1m[32mvendor.mjs[39m[22m 6.84 MiB [1m[32mtns_modules/inspector_modules.mjs[39m[22m 778 bytes 3 auxiliary assets
orphan modules 1.26 MiB [1m[33m[orphan][39m[22m 31 modules
runtime modules 3.82 KiB 11 modules
modules by path [1m./node_modules/[39m[22m 5.94 MiB 678 modules
modules by path [1m../../[39m[22m 148 KiB
  modules by path [1m../../bridge/[39m[22m 43.8 KiB 20 modules
  modules by path [1m../../../Games/games/[39m[22m 104 KiB 17 modules
modules by path [1m./src/[39m[22m 17.1 KiB
  modules by path [1m./src/*.ts[39m[22m 14.7 KiB
    [1m./src/app.ts[39m[22m 535 bytes [1m[33m[built][39m[22m [1m[33m[code generated][39m[22m
    + 3 modules
  + 4 modules
[1m./orientation.json[39m[22m 57 bytes [1m[33m[built][39m[22m [1m[33m[code generated][39m[22m
[1mexternal "~/package.json"[39m[22m 42 bytes [1m[33m[built][39m[22m [1m[33m[code generated][39m[22m
webpack 5.110.3 compiled [1m[32msuccessfully[39m[22m in 7759 ms
Webpack compilation complete.
Updating runtime package.json with configuration values...
Project successfully prepared (android)
Building project...
Gradle build...
	 + setting applicationId
	 + applying user-defined configuration from /Users/qingque/Desktop/HaiyueStudio/Native/examples/calendar-puzzle/App_Resources/Android/app.gradle
	 + adding nativescript runtime package dependency: nativescript-optimized-with-inspector
	 + adding aar plugin dependency: /Users/qingque/Desktop/HaiyueStudio/Native/examples/calendar-puzzle/node_modules/@nativescript/core/platforms/android/core.aar
	 + adding aar plugin dependency: /Users/qingque/Desktop/HaiyueStudio/Native/examples/calendar-puzzle/node_modules/@nativescript/core/platforms/android/widgets-release.aar
	 + adding aar plugin dependency: /Users/qingque/Desktop/HaiyueStudio/Native/examples/calendar-puzzle/node_modules/@nativescript/core/platforms/android/winter_tc-release.aar
	 + adding aar plugin dependency: /Users/qingque/Desktop/HaiyueStudio/Native/examples/calendar-puzzle/node_modules/@nativescript/canvas/platforms/android/canvas-release.aar
Project successfully built.
Build time: 16.441 s.
The build result is located at: /Users/qingque/Desktop/HaiyueStudio/Native/examples/calendar-puzzle/platforms/android/app/build/outputs/apk/debug/app-debug.apk
