--------- beginning of crash
01-01 15:35:55.844   789   789 F libc    : Fatal signal 6 (SIGABRT), code -1 (SI_QUEUE) in tid 789 (init), pid 789 (init)
01-01 15:35:55.884   789   789 F libc    : crash_dump helper failed to exec, or was killed
09-19 20:26:16.227  1603  1603 F libc    : Fatal signal 6 (SIGABRT), code -1 (SI_QUEUE) in tid 1603 (init), pid 1603 (init)
09-19 20:26:16.241  1612  1612 F libc    : failed to exec crash_dump helper: Permission denied
09-19 20:26:16.245  1603  1603 F libc    : crash_dump helper failed to exec, or was killed
09-19 20:26:16.245  1603  1603 F libc    : failed to wait for crash_dump helper: No child processes
09-19 20:26:45.141  3265  3265 F libc    : Fatal signal 6 (SIGABRT), code -1 (SI_QUEUE) in tid 3265 (init), pid 3265 (init)
09-19 20:26:45.194  3265  3265 F libc    : crash_dump helper failed to exec, or was killed
09-20 07:34:59.618 26658 26786 F libc    : Fatal signal 7 (SIGBUS), code 1 (BUS_ADRALN), fault addr 0x404c08d5035047 in tid 26786 (r_worker_ts.mjs), pid 26658 (.calendarpuzzle)
09-20 07:35:00.053 26790 26790 F DEBUG   : *** *** *** *** *** *** *** *** *** *** *** *** *** *** *** ***
09-20 07:35:00.053 26790 26790 F DEBUG   : Build fingerprint: 'XREAL/X4000_PRC/X4000:14/UKQ1.231222.001/X4000_X502_260521_PRC:user/release-keys'
09-20 07:35:00.053 26790 26790 F DEBUG   : Revision: '0'
09-20 07:35:00.053 26790 26790 F DEBUG   : ABI: 'arm64'
09-20 07:35:00.053 26790 26790 F DEBUG   : Timestamp: 2026-09-20 07:34:59.727547297+0800
09-20 07:35:00.053 26790 26790 F DEBUG   : Process uptime: 16s
09-20 07:35:00.053 26790 26790 F DEBUG   : Cmdline: org.haiyue.games.calendarpuzzle
09-20 07:35:00.053 26790 26790 F DEBUG   : pid: 26658, tid: 26786, name: r_worker_ts.mjs  >>> org.haiyue.games.calendarpuzzle <<<
09-20 07:35:00.053 26790 26790 F DEBUG   : uid: 10136
09-20 07:35:00.053 26790 26790 F DEBUG   : tagged_addr_ctrl: 0000000000000001 (PR_TAGGED_ADDR_ENABLE)
09-20 07:35:00.053 26790 26790 F DEBUG   : signal 7 (SIGBUS), code 1 (BUS_ADRALN), fault addr 0x00404c08d5035047
09-20 07:35:00.053 26790 26790 F DEBUG   :     x0  b40000727eab9e10  x1  b40000723e918a70  x2  000000000000000d  x3  725f74732e6d6a73
09-20 07:35:00.053 26790 26790 F DEBUG   :     x4  725f74732e6d6a73  x5  736a6d2e73745f72  x6  736a6d2e73745f72  x7  b40000723e90aedd
09-20 07:35:00.053 26790 26790 F DEBUG   :     x8  f9404c08d503245f  x9  f9404c08d5035047  x10 1baffed00baffedf  x11 b40000723e918a50
09-20 07:35:00.053 26790 26790 F DEBUG   :     x12 00000071b30b8771  x13 cba1821905bac30f  x14 bad7a86604b7bd71  x15 39d8b9d506cce228
09-20 07:35:00.053 26790 26790 F DEBUG   :     x16 00000071449abe20  x17 0000007143e13e20  x18 00000071aebd4000  x19 b4000073eea92220
09-20 07:35:00.054 26790 26790 F DEBUG   :     x20 b40000720f05e7a0  x21 b40000727e951e80  x22 b40000727e951eb0  x23 b40000730ea4f290
09-20 07:35:00.054 26790 26790 F DEBUG   :     x24 00000071b30b80a9  x25 0000000000000051  x26 b40000725e96bcb0  x27 b40000727e951e78
09-20 07:35:00.054 26790 26790 F DEBUG   :     x28 00000071b30b88ac  x29 00000071b30b7fa0
09-20 07:35:00.054 26790 26790 F DEBUG   :     lr  0000007143be2d10  sp  00000071b30b7fa0  pc  0000007143e13ed4  pst 0000000080001000
09-20 07:35:00.054 26790 26790 F DEBUG   : 10 total frames
09-20 07:35:00.054 26790 26790 F DEBUG   : backtrace:
09-20 07:35:00.054 26790 26790 F DEBUG   :       #00 pc 0000000000be1ed4  /data/app/~~NPgBjHe-yC-UDN6SrV9v1A==/org.haiyue.games.calendarpuzzle-2Hu-6bHVXjCBfNij33xUfw==/base.apk!libNativeScript.so (offset 0x46c000) (v8::internal::GlobalHandles::Destroy(unsigned long*)+180) (BuildId: 016fdca2c1ca75f17ca21d55640afc3293fecbc2)
09-20 07:35:00.054 26790 26790 F DEBUG   :       #01 pc 00000000009b0d0c  /data/app/~~NPgBjHe-yC-UDN6SrV9v1A==/org.haiyue.games.calendarpuzzle-2Hu-6bHVXjCBfNij33xUfw==/base.apk!libNativeScript.so (offset 0x46c000) (tns::ModuleInternal::LoadESModule(v8::Isolate*, std::__ndk1::basic_string<char, std::__ndk1::char_traits<char>, std::__ndk1::allocator<char> > const&)+480) (BuildId: 016fdca2c1ca75f17ca21d55640afc3293fecbc2)
09-20 07:35:00.054 26790 26790 F DEBUG   :       #02 pc 00000000009afdd8  /data/app/~~NPgBjHe-yC-UDN6SrV9v1A==/org.haiyue.games.calendarpuzzle-2Hu-6bHVXjCBfNij33xUfw==/base.apk!libNativeScript.so (offset 0x46c000) (tns::ModuleInternal::LoadModule(v8::Isolate*, std::__ndk1::basic_string<char, std::__ndk1::char_traits<char>, std::__ndk1::allocator<char> > const&, std::__ndk1::basic_string<char, std::__ndk1::char_traits<char>, std::__ndk1::allocator<char> > const&)+816) (BuildId: 016fdca2c1ca75f17ca21d55640afc3293fecbc2)
09-20 07:35:00.054 26790 26790 F DEBUG   :       #03 pc 00000000009aeff4  /data/app/~~NPgBjHe-yC-UDN6SrV9v1A==/org.haiyue.games.calendarpuzzle-2Hu-6bHVXjCBfNij33xUfw==/base.apk!libNativeScript.so (offset 0x46c000) (tns::ModuleInternal::LoadImpl(v8::Isolate*, std::__ndk1::basic_string<char, std::__ndk1::char_traits<char>, std::__ndk1::allocator<char> > const&, std::__ndk1::basic_string<char, std::__ndk1::char_traits<char>, std::__ndk1::allocator<char> > const&, bool&)+2124) (BuildId: 016fdca2c1ca75f17ca21d55640afc3293fecbc2)
09-20 07:35:00.054 26790 26790 F DEBUG   :       #04 pc 00000000009ae51c  /data/app/~~NPgBjHe-yC-UDN6SrV9v1A==/org.haiyue.games.calendarpuzzle-2Hu-6bHVXjCBfNij33xUfw==/base.apk!libNativeScript.so (offset 0x46c000) (tns::ModuleInternal::RequireCallbackImpl(v8::FunctionCallbackInfo<v8::Value> const&)+512) (BuildId: 016fdca2c1ca75f17ca21d55640afc3293fecbc2)
09-20 07:35:00.054 26790 26790 F DEBUG   :       #05 pc 00000000009adf04  /data/app/~~NPgBjHe-yC-UDN6SrV9v1A==/org.haiyue.games.calendarpuzzle-2Hu-6bHVXjCBfNij33xUfw==/base.apk!libNativeScript.so (offset 0x46c000) (tns::ModuleInternal::RequireCallback(v8::FunctionCallbackInfo<v8::Value> const&)+40) (BuildId: 016fdca2c1ca75f17ca21d55640afc3293fecbc2)
09-20 07:35:00.054 26790 26790 F DEBUG   :       #06 pc 0000000000aa8e34  /data/app/~~NPgBjHe-yC-UDN6SrV9v1A==/org.haiyue.games.calendarpuzzle-2Hu-6bHVXjCBfNij33xUfw==/base.apk!libNativeScript.so (offset 0x46c000) (v8::internal::FunctionCallbackArguments::Call(v8::internal::CallHandlerInfo)+316) (BuildId: 016fdca2c1ca75f17ca21d55640afc3293fecbc2)
09-20 07:35:00.054 26790 26790 F DEBUG   :       #07 pc 0000000000aa8518  /data/app/~~NPgBjHe-yC-UDN6SrV9v1A==/org.haiyue.games.calendarpuzzle-2Hu-6bHVXjCBfNij33xUfw==/base.apk!libNativeScript.so (offset 0x46c000) (BuildId: 016fdca2c1ca75f17ca21d55640afc3293fecbc2)
09-20 07:35:00.054 26790 26790 F DEBUG   :       #08 pc 0000000000aa7b40  /data/app/~~NPgBjHe-yC-UDN6SrV9v1A==/org.haiyue.games.calendarpuzzle-2Hu-6bHVXjCBfNij33xUfw==/base.apk!libNativeScript.so (offset 0x46c000) (BuildId: 016fdca2c1ca75f17ca21d55640afc3293fecbc2)
09-20 07:35:00.054 26790 26790 F DEBUG   :       #09 pc 0000000000088a48  /data/app/~~NPgBjHe-yC-UDN6SrV9v1A==/org.haiyue.games.calendarpuzzle-2Hu-6bHVXjCBfNij33xUfw==/base.apk (offset 0x196b000)
