✔ performance diagnostic accepts stable GPU and object lifecycle channels (9.54498ms)
✔ performance diagnostic rejects nested zoom GPU leak (5.223634ms)
✔ performance diagnostic rejects nested zoom retained meshes (1.086092ms)
✔ performance diagnostic rejects recursive player GPU leak (0.83261ms)
✔ performance diagnostic rejects recursive player entity churn (1.294964ms)
✔ performance diagnostic rejects idle input wake (0.884014ms)
✔ performance diagnostic rejects resize wake (0.857869ms)
✔ performance diagnostic rejects entity churn (0.683276ms)
✔ performance diagnostic rejects GPU leak (0.701709ms)
✔ performance diagnostic rejects retained geometry (0.94997ms)
✔ performance diagnostic rejects idle matrix updates (0.82997ms)
✔ performance diagnostic rejects idle scene extraction (0.547246ms)
✔ performance diagnostic rejects retained labels after disposal (0.563131ms)
✔ performance diagnostic rejects GPU residue after disposal (1.019373ms)
✔ up/down motion clears the full body around ledges in all directions, including late airborne steering (145.19252ms)
✔ movement endpoints and phase joins are continuous, with bounded landing and falling crates (3.982084ms)
✔ Boxbound level 1: authored solution completes both crate and player goals (370.163597ms)
✔ Boxbound level 2: authored solution completes both crate and player goals (247.118543ms)
✔ Boxbound level 3: authored solution completes both crate and player goals (198.126292ms)
✔ Boxbound level 4: authored solution completes both crate and player goals (297.021689ms)
✔ Boxbound level 5: authored solution completes both crate and player goals (205.290487ms)
✔ Boxbound level 6: authored solution completes both crate and player goals (274.632875ms)
✔ Boxbound level 7: authored solution completes both crate and player goals (192.802929ms)
✔ Boxbound level 8: authored solution completes both crate and player goals (237.445991ms)
✔ Boxbound level 9: authored solution completes both crate and player goals (131.905803ms)
✔ Boxbound level 10: authored solution completes both crate and player goals (359.984443ms)
✔ Boxbound graph is valid and all rooms are cubic with ten independent world gates (51.236046ms)
✔ failed pushes are atomic and leave initial state untouched (131.276085ms)
✔ a box on target alone cannot complete the level (76.11654ms)
✔ jump is exactly one voxel and ceilings block it (64.465748ms)
✔ self references remain finite data and signal contraction / expansion (68.721965ms)
✔ reset restores exported boxes and all nested rooms without affecting other levels (324.754385ms)
✔ five engine save slots round-trip independently and reject malformed state (6523.844621ms)
✔ save validation rejects broken references, coordinates and corrupt routes (335.36315ms)
✔ cycle scaling distinguishes contraction, expansion and neutral fixed points (2.141906ms)
✔ large cubes collide across their complete footprint, and push occupied leading faces (83.295534ms)
✔ corrupt nested save values never throw in the validator (274.313811ms)
✔ colors are actual goal constraints: swapping blue and coral cannot finish level 2 (65.193876ms)
✔ one-high walls have flat narrow doors that admit players but block whole crates (1055.286355ms)
✔ studded wall tops reject jumping and same-height approach from a crate (113.704111ms)
✔ in-place jump requires headroom and leaves deterministic state untouched (177.215805ms)
✔ authored open passages still allow cross-level crate transport for hidden puzzles (117.032178ms)
✔ connected wall runs exactly cover collision voxels without holes, overlaps or bridging openings (302.719641ms)
✔ portal zoom stays visible and advances monotonically without a mid-transition scene fade (0.703791ms)
✔ celebration has lift, a full spin, laughter and a bounded return to rest (0.484335ms)
✔ old five-slot journeys migrate geometry and colors without resetting progress or exported crates (835.194556ms)
✔ reset never deletes foreign crates imported from another level (212.551849ms)
✔ door geometry directions and traversal both respect a closed side (144.026694ms)
✔ revision 2 migration removes tall walls and sills and settles unsupported actors (482.230849ms)
✔ all four doorway widths gate crate export atomically; full-width permits transport (767.341291ms)
✔ a narrow receiving room rejects incoming crates while its character entrance remains open (84.718773ms)
✔ R inside a nested room stays there and preserves the parent layout and other completed levels (246.676095ms)
✔ every completed independent level can be replayed and completed again after R (5243.256283ms)
✔ revision 3 migrates narrow door geometry without losing a crate resting in an old opening (446.765166ms)
✔ after exporting a crate the player can push it again while walking out through any side (638.225243ms)
✔ exit pushes exterior chains atomically and blocked exits preserve all boxes and transfers (410.659624ms)
✔ export can advance an exterior crate and transfer events have exact room endpoints (69.859672ms)
✔ crate crossings shrink before entry and emerge before growth in either visible room (150.099182ms)
✔ rounded wall join fillers keep straight, L and T intersections flat without bridging empty cells (157.322998ms)
✔ pressure plate opens for a player and closes immediately after departure; closed bars cannot be walked or jumped through (78.309757ms)
✔ a crate holds a button, the player can replace its weight, and a large crate presses with its base footprint only (171.775412ms)
✔ an unpowered gate waits for a player or box in its doorway and closes when the cell clears (171.11177ms)
✔ gate channels are local to their room and any linked button can hold them open (58.841745ms)
✔ closed gates block full crate collisions and failed pushes preserve the mechanism (136.303448ms)
✔ pressure mechanisms survive five-slot saves and revision 4 upgrades preserve progress and exported crates (5098.695799ms)
✔ malformed mechanism positions, channels, IDs and wall overlaps are rejected in saves (392.62735ms)
✔ exterior wall previews match blocked exits in all four directions without mutating the inner map (322.378829ms)
✔ exterior previews follow the actual route owner and its current position for shared and recursive spaces (138.680042ms)
✔ exterior gates disappear when powered and movable crates are not drawn as walls (60.692502ms)
✔ reversing recorded box transfers restores both endpoints, direction and scaling semantics without mutating history (109.834696ms)
✔ gameplay and undo share read-only rooms but isolate every mutable state field (197.129628ms)
✔ repeated reset and movement use the same 300-entry history bound and isolated transfer records (677.925623ms)
✔ all authored rooms separate every pressure plate from gates, including diagonal adjacency (76.57916ms)
✔ the spaced island gate rejects walking or jumping off the plate but has a crate-held solution (297.274709ms)
✔ revision 5 spacing migration preserves progress, moved weights and occupied destinations (1545.017978ms)
✔ JSON authors the entire finite world graph, including nested and self-referencing rooms (514.202541ms)
✔ map loading rejects invalid references, decorations, overlaps and adjacent mechanisms (1847.514338ms)
✔ all decoration types block walking, jumping and pushing without changing the source state (1960.053746ms)
✔ world decoration obstacles leave ground routes to all ten level entrances (100.695527ms)
✔ outside decorations appear at the matching inner exit and prevent leaving through them (87.598985ms)
✔ revision 6 decoration migration safely moves obstructed actors and preserves progress (490.113437ms)
✔ unpowered gates eject the player after a crate is pushed clear in all four directions (1250.758782ms)
✔ powered gates permit pushing through and a large crate keeps covering the gate until fully clear (90.606511ms)
✔ blocked gate pushes are atomic and recoil can be undone as one move (109.983069ms)
✔ recoil animation keeps the full player body clear of raised bars and returns to rest (15.612688ms)
✔ sound events distinguish steps, pushes, jumps, landings, buttons and both gate directions (279.770095ms)
✔ MIDI source files and rendered sound cues are distinct, bounded and non-silent (58.5839ms)
✔ Parabox 1: complete original layout with ground movement and valid nested graph at every step (788.996452ms)
✔ Parabox 2: complete original layout with ground movement and valid nested graph at every step (915.618046ms)
✔ Parabox 3: complete original layout with ground movement and valid nested graph at every step (2260.789661ms)
✔ Parabox 4: complete original layout with ground movement and valid nested graph at every step (1891.907866ms)
✔ Parabox 5: complete original layout with ground movement and valid nested graph at every step (1169.199091ms)
✔ Parabox 6: complete original layout with ground movement and valid nested graph at every step (2448.612662ms)
✔ Parabox 7: complete original layout with ground movement and valid nested graph at every step (1092.372993ms)
✔ Parabox 8: complete original layout with ground movement and valid nested graph at every step (1610.377891ms)
✔ Parabox 9: complete original layout with ground movement and valid nested graph at every step (1418.437567ms)
✔ Parabox 10: complete original layout with ground movement and valid nested graph at every step (1730.371303ms)
✔ museum has eight chapter gateways, a red friend and 116 unique completion IDs (225.511552ms)
✔ revision 7 journeys in all five slots add museum without losing moved crates or progress (2172.809063ms)
✔ community first-eight-chapters transcription maps every wall, goal, actor and inner reference with the authored Eat 8 correction (143.125493ms)
✔ classic K cannot bypass pushing a movable nested box and directional J cannot climb it (98.28837ms)
✔ completion returns every original and tribute puzzle beyond its whole nested graph without altering crates, moves or completion (7919.417226ms)
✔ auto return finds a safe nearby tile behind blocked entrances and leaves fully occupied parent unchanged (158.745946ms)
✔ world file includes support inline groups, relative paths and one read per path; reject missing, duplicate and cyclic files (330.989973ms)
✔ parent frame samples eight immediate neighbors using active owner occurrence, follows moved boxes and terminates self references (139.345737ms)
✔ new musical cues distinguish victory, entering, leaving and reverse travel without false victory on undo (158.882563ms)
✔ outside cells preserve containing-box scale, contiguous boundaries and square corners for all room and box sizes (896.867133ms)
✔ chapter layout has exactly 9/18/14 independent movable level boxes with entry-first defaults (61.172637ms)
✔ entry priority is configurable and a blocked push falls back to entry; replay keeps achievements and exterior identities (367.081937ms)
✔ space zoom composes route scales and round-trips positions through nested and self references (67.524628ms)
✔ revision 8 saves migrate the current puzzle route into its chapter without resetting progress (256.761928ms)
✔ solution fixtures cover all forty-one chapter puzzles (0.594267ms)
✔ chapter puzzle 1: replay authored start, solve, return, reset only interior and replay achievement (756.817973ms)
✔ chapter puzzle 2: replay authored start, solve, return, reset only interior and replay achievement (1093.666941ms)
✔ chapter puzzle 3: replay authored start, solve, return, reset only interior and replay achievement (1386.729305ms)
✔ chapter puzzle 4: replay authored start, solve, return, reset only interior and replay achievement (1290.695307ms)
✔ chapter puzzle 5: replay authored start, solve, return, reset only interior and replay achievement (1262.335328ms)
✔ chapter puzzle 6: replay authored start, solve, return, reset only interior and replay achievement (2019.947933ms)
✔ chapter puzzle 7: replay authored start, solve, return, reset only interior and replay achievement (925.974884ms)
✔ chapter puzzle 8: replay authored start, solve, return, reset only interior and replay achievement (1237.798774ms)
✔ chapter puzzle 9: replay authored start, solve, return, reset only interior and replay achievement (1130.489341ms)
✔ chapter puzzle 10: replay authored start, solve, return, reset only interior and replay achievement (1529.95034ms)
✔ chapter puzzle 11: replay authored start, solve, return, reset only interior and replay achievement (2008.52751ms)
✔ chapter puzzle 12: replay authored start, solve, return, reset only interior and replay achievement (1655.035473ms)
✔ chapter puzzle 13: replay authored start, solve, return, reset only interior and replay achievement (1194.454733ms)
✔ chapter puzzle 14: replay authored start, solve, return, reset only interior and replay achievement (1545.911766ms)
✔ chapter puzzle 15: replay authored start, solve, return, reset only interior and replay achievement (1227.225814ms)
✔ chapter puzzle 16: replay authored start, solve, return, reset only interior and replay achievement (1751.64736ms)
✔ chapter puzzle 17: replay authored start, solve, return, reset only interior and replay achievement (1700.422192ms)
✔ chapter puzzle 18: replay authored start, solve, return, reset only interior and replay achievement (1665.915453ms)
✔ chapter puzzle 19: replay authored start, solve, return, reset only interior and replay achievement (3542.474653ms)
✔ chapter puzzle 20: replay authored start, solve, return, reset only interior and replay achievement (3161.597815ms)
✔ chapter puzzle 21: replay authored start, solve, return, reset only interior and replay achievement (1766.974838ms)
✔ chapter puzzle 22: replay authored start, solve, return, reset only interior and replay achievement (1147.462336ms)
✔ chapter puzzle 23: replay authored start, solve, return, reset only interior and replay achievement (1189.347859ms)
✔ chapter puzzle 24: replay authored start, solve, return, reset only interior and replay achievement (1717.552397ms)
✔ chapter puzzle 25: replay authored start, solve, return, reset only interior and replay achievement (2217.51915ms)
✔ chapter puzzle 26: replay authored start, solve, return, reset only interior and replay achievement (1892.175285ms)
✔ chapter puzzle 27: replay authored start, solve, return, reset only interior and replay achievement (1723.630026ms)
✔ chapter puzzle 28: replay authored start, solve, return, reset only interior and replay achievement (741.463752ms)
✔ chapter puzzle 29: replay authored start, solve, return, reset only interior and replay achievement (1212.1077ms)
✔ chapter puzzle 30: replay authored start, solve, return, reset only interior and replay achievement (898.033288ms)
✔ chapter puzzle 31: replay authored start, solve, return, reset only interior and replay achievement (953.163417ms)
✔ chapter puzzle 32: replay authored start, solve, return, reset only interior and replay achievement (2100.647438ms)
✔ chapter puzzle 33: replay authored start, solve, return, reset only interior and replay achievement (1279.945983ms)
✔ chapter puzzle 34: replay authored start, solve, return, reset only interior and replay achievement (1698.855028ms)
✔ chapter puzzle 35: replay authored start, solve, return, reset only interior and replay achievement (848.816228ms)
✔ chapter puzzle 36: replay authored start, solve, return, reset only interior and replay achievement (2021.728123ms)
✔ chapter puzzle 37: replay authored start, solve, return, reset only interior and replay achievement (2396.937588ms)
✔ chapter puzzle 38: replay authored start, solve, return, reset only interior and replay achievement (1892.90155ms)
✔ chapter puzzle 39: replay authored start, solve, return, reset only interior and replay achievement (1173.282456ms)
✔ chapter puzzle 40: replay authored start, solve, return, reset only interior and replay achievement (1739.536634ms)
✔ chapter puzzle 41: replay authored start, solve, return, reset only interior and replay achievement (2175.413689ms)
✔ chapter puzzle 42: replay authored start, solve, return, reset only interior and replay achievement (569.121957ms)
✔ chapter puzzle 43: replay authored start, solve, return, reset only interior and replay achievement (1387.592251ms)
✔ chapter puzzle 45: replay authored start, solve, return, reset only interior and replay achievement (1012.92439ms)
✔ chapter puzzle 46: replay authored start, solve, return, reset only interior and replay achievement (1071.015522ms)
✔ chapter puzzle 47: replay authored start, solve, return, reset only interior and replay achievement (1159.401365ms)
✔ chapter puzzle 48: replay authored start, solve, return, reset only interior and replay achievement (1706.015644ms)
✔ chapter puzzle 49: replay authored start, solve, return, reset only interior and replay achievement (2710.586778ms)
✔ chapter puzzle 50: replay authored start, solve, return, reset only interior and replay achievement (1426.40935ms)
✔ chapter puzzle 51: replay authored start, solve, return, reset only interior and replay achievement (1092.076147ms)
✔ chapter puzzle 52: replay authored start, solve, return, reset only interior and replay achievement (2080.881573ms)
✔ chapter puzzle 54: replay authored start, solve, return, reset only interior and replay achievement (985.903508ms)
✔ chapter puzzle 55: replay authored start, solve, return, reset only interior and replay achievement (1405.553983ms)
✔ chapter puzzle 59: replay authored start, solve, return, reset only interior and replay achievement (2095.428269ms)
✔ chapter puzzle 60: replay authored start, solve, return, reset only interior and replay achievement (2299.775287ms)
✔ chapter puzzle 61: replay authored start, solve, return, reset only interior and replay achievement (1839.809147ms)
✔ chapter puzzle 64: replay authored start, solve, return, reset only interior and replay achievement (1614.878021ms)
✔ chapter puzzle 65: replay authored start, solve, return, reset only interior and replay achievement (1995.336518ms)
✔ chapter puzzle 69: replay authored start, solve, return, reset only interior and replay achievement (818.317091ms)
✔ chapter puzzle 70: replay authored start, solve, return, reset only interior and replay achievement (798.927504ms)
✔ chapter puzzle 71: replay authored start, solve, return, reset only interior and replay achievement (1121.9433ms)
✔ chapter puzzle 72: replay authored start, solve, return, reset only interior and replay achievement (1069.267731ms)
✔ chapter puzzle 73: replay authored start, solve, return, reset only interior and replay achievement (1047.82224ms)
✔ chapter puzzle 74: replay authored start, solve, return, reset only interior and replay achievement (1083.908217ms)
✔ chapter puzzle 75: replay authored start, solve, return, reset only interior and replay achievement (1320.970459ms)
✔ chapter puzzle 76: replay authored start, solve, return, reset only interior and replay achievement (1081.371817ms)
✔ chapter puzzle 77: replay authored start, solve, return, reset only interior and replay achievement (979.120724ms)
✔ chapter puzzle 78: replay authored start, solve, return, reset only interior and replay achievement (1122.899669ms)
✔ chapter puzzle 80: replay authored start, solve, return, reset only interior and replay achievement (1115.365506ms)
✔ chapter puzzle 81: replay authored start, solve, return, reset only interior and replay achievement (1686.815112ms)
✔ chapter puzzle 82: replay authored start, solve, return, reset only interior and replay achievement (1787.133451ms)
✔ chapter puzzle 83: replay authored start, solve, return, reset only interior and replay achievement (925.527241ms)
✔ chapter puzzle 84: replay authored start, solve, return, reset only interior and replay achievement (1102.096916ms)
✔ chapter puzzle 85: replay authored start, solve, return, reset only interior and replay achievement (920.43565ms)
✔ chapter puzzle 86: replay authored start, solve, return, reset only interior and replay achievement (1693.765461ms)
✔ chapter puzzle 87: replay authored start, solve, return, reset only interior and replay achievement (1479.839744ms)
✔ chapter puzzle 88: replay authored start, solve, return, reset only interior and replay achievement (1102.250833ms)
✔ chapter puzzle 89: replay authored start, solve, return, reset only interior and replay achievement (616.10319ms)
✔ chapter puzzle 90: replay authored start, solve, return, reset only interior and replay achievement (1121.797915ms)
✔ chapter puzzle 91: replay authored start, solve, return, reset only interior and replay achievement (820.587975ms)
✔ chapter puzzle 92: replay authored start, solve, return, reset only interior and replay achievement (875.96272ms)
✔ chapter puzzle 93: replay authored start, solve, return, reset only interior and replay achievement (1328.32988ms)
✔ chapter puzzle 95: replay authored start, solve, return, reset only interior and replay achievement (1303.984431ms)
✔ chapter puzzle 96: replay authored start, solve, return, reset only interior and replay achievement (1922.539361ms)
✔ chapter puzzle 98: replay authored start, solve, return, reset only interior and replay achievement (1870.726919ms)
✔ chapter puzzle 99: replay authored start, solve, return, reset only interior and replay achievement (2081.919646ms)
✔ chapter puzzle 100: replay authored start, solve, return, reset only interior and replay achievement (1160.358932ms)
✔ chapter puzzle 102: replay authored start, solve, return, reset only interior and replay achievement (1362.210292ms)
✔ consecutive boundary exits unwind the whole route and respect player-sized openings (39.815665ms)
✔ crate transport crosses consecutive boundaries atomically and cannot pass a narrow parent opening (37.643952ms)
✔ Boxbound manifest ships every nested level file without stale asset references (15.922948ms)
✔ transport lands the original crate at its real miniature position without fading (50.249138ms)
✔ character crossing scales continuously in both directions and keeps full visibility (2.352632ms)
✔ Enter 18 outward self-root crossing preserves navigation but records the physical edge and inverse animation (63.057849ms)
✔ implicit root crossing is absent for normal steps, blocked exits and chapter return (83.775741ms)
✔ both planar and spatial perspective views fit complete maps into 85 percent (2.558921ms)
✔ explicit parent and child occurrences of a self room use inverse transforms, including larger boxes (36.416388ms)
✔ a recursive root has the self parent before and after traversing its own container (36.603507ms)
✔ museum and all three chapters have walkable signed exits to their actual parent (233.916132ms)
✔ revision 9 saves gain the four exits without resetting position, moved boxes or progress (790.450591ms)
✔ self-room crate exit has distinct departure and arrival occurrences without duplicating game state (62.62339ms)
✔ undo of self-room crate crossing reverses the same two physical endpoints (47.474222ms)
✔ exterior occlusion uses a finite eye-to-target segment, including camera inside a large object (0.710296ms)
✔ all 65 new chapter puzzles enter their authored spawn, preserve valid movement, reset and return (38737.633024ms)
✔ revision 10 saves gain the five chapters without resetting existing puzzle or world state (300.039481ms)
✔ clone interiors share the original room and physical exits emerge from the original box (90.912939ms)
✔ Clone void exteriors permit pushing but prevent re-entry and boundary export; E still returns (95.518453ms)
✔ Reference 1 A-B-A cycle exits the actual path box and solves without escaping to the chapter (671.885456ms)
✔ revision 11 repairs the saved Reference cycle bookmark without resetting moved boxes or progress (361.043531ms)
✔ exit-level leaves a recursive puzzle safely without resetting its interior or earning completion (297.682148ms)
✔ authored room palettes separate every non-self nesting edge and remain deterministic (50.060943ms)
✔ room theme overrides validate, and recursive/cloned occurrences keep the authored room identity (151.587736ms)
✔ compact chapter galleries keep every level in four columns with one-tile corridors (207.449683ms)
✔ revision 12 compact galleries preserve puzzle state, completed levels and safe return bookmarks (1220.209656ms)
ℹ tests 226
ℹ suites 0
ℹ pass 226
ℹ fail 0
ℹ cancelled 0
ℹ skipped 0
ℹ todo 0
ℹ duration_ms 240449.443905
