
> @haiyue/native-boxbound@0.1.0 test
> node --experimental-transform-types --test test/*.test.mjs

(node:38351) ExperimentalWarning: Transform Types is an experimental feature and might change at any time
(Use `node --trace-warnings ...` to show where the warning was created)
(node:38351) [MODULE_TYPELESS_PACKAGE_JSON] Warning: Module type of file:///Users/qingque/Desktop/HaiyueStudio/Native/examples/boxbound/src/controls.ts is not specified and it doesn't parse as CommonJS.
Reparsing as ES module because module syntax was detected. This incurs a performance overhead.
To eliminate this warning, add "type": "module" to /Users/qingque/Desktop/HaiyueStudio/Native/examples/boxbound/package.json.
✔ floating Engine joystick captures touch center, owns one finger and cleans up (4.696422ms)
✔ grid snapping preserves cardinal hysteresis (0.31211ms)
✔ held stick repeats moves and release cancels future movement (52.53228ms)
✔ jump combines with direction; canceled input cannot survive suspension (68.585935ms)
✔ undo waits for landing and then restores full state (63.800559ms)
✔ exiting a level preserves progress and moved puzzle objects (47.127585ms)
✔ Android compatibility methods preserve reversal without mutating input (29.381071ms)
✔ jump with held stick climbs onto a box without pushing it (45.708434ms)
✔ holding against an obstacle does not rebuild the scene or repaint each frame (43.869997ms)
✔ new direction is sampled on the next frame without the repeat cooldown (42.854785ms)
✔ only completion writes an automatic checkpoint, outside the finished puzzle (154.611657ms)
✔ blocked input can sleep and a changed direction wakes the host (35.571741ms)
✔ fast state snapshots detach every mutable nested gameplay field (46.548186ms)
ℹ tests 13
ℹ suites 0
ℹ pass 13
ℹ fail 0
ℹ cancelled 0
ℹ skipped 0
ℹ todo 0
ℹ duration_ms 1263.114928
