
> @haiyue/native-boxbound@0.1.0 build:ios
> node scripts/build-device.mjs

Prepared iOS icon sizes and 44.1 kHz PCM sounds
Canvas Android callback ownership patch: already installed
Canvas binding patch: {
  version: '2.1.18',
  queueSha256: 'a38a58942c488ccece244424b1c4e91c8f3e257dd201b85dd63871988ff30369',
  file: 'WebGPU/GPURenderPassEncoder.js',
  sha256: '7a14f279e042bb748781c10a6c56a6122931525f56943096815fb1143b583cf7'
}
Preparing project...
assets by path [1m[32mgame/levels/parabox/[39m[22m 881 KiB 167 assets
assets by path [1m[32mgame/assets/audio/*.wav[39m[22m 364 KiB 11 assets
assets by path [1m[32mgame/levels/islands/*.json[39m[22m 33.5 KiB
  asset [1m[32mgame/levels/islands/world.json[39m[22m 9.32 KiB [1m[33m[compared for emit][39m[22m [from: ../../../Games/games/boxbound/levels/islands/world.json] [1m[32m[copied][39m[22m
  + 10 assets
assets by path [1m[32massets/ui/[39m[22m 4.96 MiB
  assets by path [1m[32massets/ui/*.png[39m[22m 4.95 MiB 8 assets
  assets by path [1m[32massets/ui/*.json[39m[22m 7.23 KiB 2 assets
assets by path [1m[32m*.mjs[39m[22m 7.65 MiB
  asset [1m[32mvendor.mjs[39m[22m 7.28 MiB [1m[33m[compared for emit][39m[22m [javascript module] (name: vendor) (id hint: vendor) 1 related asset
  + 2 assets
asset [1m[32mbranding/haiyue-moon.png[39m[22m 127 KiB [1m[33m[compared for emit][39m[22m [from: ../../bridge/branding/assets/haiyue-moon.png] [1m[32m[copied][39m[22m
asset [1m[32mtns_modules/inspector_modules.mjs[39m[22m 778 bytes [1m[33m[compared for emit][39m[22m [javascript module] (name: tns_modules/inspector_modules) 1 related asset
asset [1m[32mgame/levels/index.json[39m[22m 338 bytes [1m[33m[compared for emit][39m[22m [from: ../../../Games/games/boxbound/levels/index.json] [1m[32m[copied][39m[22m
Entrypoint [1mbundle[39m[22m 7.65 MiB (8.29 MiB) = [1m[32mruntime.mjs[39m[22m 6.05 KiB [1m[32mvendor.mjs[39m[22m 7.28 MiB [1m[32mbundle.mjs[39m[22m 377 KiB 3 auxiliary assets
Entrypoint [1mtns_modules/inspector_modules[39m[22m 7.28 MiB (7.62 MiB) = [1m[32mruntime.mjs[39m[22m 6.05 KiB [1m[32mvendor.mjs[39m[22m 7.28 MiB [1m[32mtns_modules/inspector_modules.mjs[39m[22m 778 bytes 3 auxiliary assets
orphan modules 1.36 MiB [1m[33m[orphan][39m[22m 38 modules
runtime modules 3.12 KiB 7 modules
modules by path [1m./node_modules/[39m[22m 6.36 MiB 685 modules
modules by path [1m../../[39m[22m 245 KiB
  modules by path [1m../../bridge/[39m[22m 58.3 KiB 24 modules
  modules by path [1m../../../Games/games/boxbound/*.ts[39m[22m 187 KiB
    [1m../../../Games/games/boxbound/quality.ts[39m[22m 617 bytes [1m[33m[built][39m[22m [1m[33m[code generated][39m[22m
    + 18 modules
modules by path [1m./src/[39m[22m 65.5 KiB
  modules by path [1m./src/*.ts[39m[22m 63.8 KiB
    [1m./src/app.ts[39m[22m 890 bytes [1m[33m[built][39m[22m [1m[33m[code generated][39m[22m
    + 13 modules
  [1m./src/ sync \.(xml%7Cjs%7C(%3F<%21\.d\.)ts%7Cs%3Fcss)$[39m[22m 462 bytes [1m[33m[built][39m[22m [1m[33m[code generated][39m[22m
  [1m./src/app.css[39m[22m 1.27 KiB [1m[33m[built][39m[22m [1m[33m[code generated][39m[22m
[1mexternal "~/package.json"[39m[22m 42 bytes [1m[33m[built][39m[22m [1m[33m[code generated][39m[22m
webpack 5.110.3 compiled [1m[32msuccessfully[39m[22m in 6859 ms
Webpack compilation complete.
Updating runtime package.json with configuration values...
Project successfully prepared (ios)
Command line invocation:
    /Applications/Xcode.app/Contents/Developer/usr/bin/xcodebuild -workspace platforms/ios/boxbound.xcworkspace -scheme boxbound -configuration Debug -sdk iphoneos -destination id=00008120-000948541182601E -allowProvisioningUpdates -allowProvisioningDeviceRegistration -disableAutomaticPackageResolution DEVELOPMENT_TEAM=22T5YFVY2B SWIFT_ENABLE_EXPLICIT_MODULES=NO IPHONEOS_DEPLOYMENT_TARGET=15.0 BUILD_DIR=/Users/qingque/Desktop/HaiyueStudio/Native/examples/boxbound//platforms/ios/build SHARED_PRECOMPS_DIR=/Users/qingque/Desktop/HaiyueStudio/Native/examples/boxbound//platforms/ios/build/sharedpch build

Build settings from command line:
    BUILD_DIR = /Users/qingque/Desktop/HaiyueStudio/Native/examples/boxbound//platforms/ios/build
    DEVELOPMENT_TEAM = 22T5YFVY2B
    IPHONEOS_DEPLOYMENT_TARGET = 15.0
    SDKROOT = iphoneos26.2
    SHARED_PRECOMPS_DIR = /Users/qingque/Desktop/HaiyueStudio/Native/examples/boxbound//platforms/ios/build/sharedpch
    SWIFT_ENABLE_EXPLICIT_MODULES = NO

Resolve Package Graph


Resolved source packages:
  FontManager: https://github.com/NativeScript/font-manager.git @ 1.0.14
  CanvasNative: /Users/qingque/Desktop/HaiyueStudio/Native/examples/boxbound/node_modules/@nativescript/canvas/platforms/ios/NativeScriptV8 @ local

ComputePackagePrebuildTargetDependencyGraph

Prepare packages

CreateBuildRequest

SendProjectDescription

CreateBuildOperation

ComputeTargetDependencyGraph
note: Building targets in dependency order
note: Target dependency graph (5 targets)
    Target 'boxbound' in project 'boxbound'
        ➜ Implicit dependency on target 'Pods-boxbound' in project 'Pods' via file 'Pods_boxbound.framework' in build phase 'Link Binary'
        ➜ Explicit dependency on target 'NativeScriptV8' in project 'CanvasNative'
        ➜ Explicit dependency on target 'FontManager' in project 'FontManager'
    Target 'FontManager' in project 'FontManager' (no dependencies)
    Target 'NativeScriptV8' in project 'CanvasNative'
        ➜ Explicit dependency on target 'NativeScriptV8' in project 'CanvasNative'
    Target 'NativeScriptV8' in project 'CanvasNative' (no dependencies)
    Target 'Pods-boxbound' in project 'Pods' (no dependencies)

GatherProvisioningInputs

CreateBuildDescription

ClangStatCache /Applications/Xcode.app/Contents/Developer/Toolchains/XcodeDefault.xctoolchain/usr/bin/clang-stat-cache /Applications/Xcode.app/Contents/Developer/Platforms/iPhoneOS.platform/Developer/SDKs/iPhoneOS26.2.sdk /Users/qingque/Library/Developer/Xcode/DerivedData/SDKStatCaches.noindex/iphoneos26.2-23C57-3794476bd08197c3e2abd9bb477ef7f7.sdkstatcache
    cd /Users/qingque/Desktop/HaiyueStudio/Native/examples/boxbound/platforms/ios
    /Applications/Xcode.app/Contents/Developer/Toolchains/XcodeDefault.xctoolchain/usr/bin/clang-stat-cache /Applications/Xcode.app/Contents/Developer/Platforms/iPhoneOS.platform/Developer/SDKs/iPhoneOS26.2.sdk -o /Users/qingque/Library/Developer/Xcode/DerivedData/SDKStatCaches.noindex/iphoneos26.2-23C57-3794476bd08197c3e2abd9bb477ef7f7.sdkstatcache

note: Run script build phase 'NativeScript PostBuild' will be run during every build because the option to run the script phase "Based on dependency analysis" is unchecked. (in target 'boxbound' from project 'boxbound')
note: Run script build phase 'NativeScript PreBuild' will be run during every build because the option to run the script phase "Based on dependency analysis" is unchecked. (in target 'boxbound' from project 'boxbound')
note: Run script build phase 'NativeScript PreLink' will be run during every build because the option to run the script phase "Based on dependency analysis" is unchecked. (in target 'boxbound' from project 'boxbound')
PhaseScriptExecution NativeScript\ PreBuild /Users/qingque/Library/Developer/Xcode/DerivedData/boxbound-gmbxpjcvwytnwfabbxjdzhvtcdad/Build/Intermediates.noindex/boxbound.build/Debug-iphoneos/boxbound.build/Script-C97FD7AC1ADE5369004DB2A4.sh (in target 'boxbound' from project 'boxbound')
    cd /Users/qingque/Desktop/HaiyueStudio/Native/examples/boxbound/platforms/ios
    /bin/sh -c /Users/qingque/Library/Developer/Xcode/DerivedData/boxbound-gmbxpjcvwytnwfabbxjdzhvtcdad/Build/Intermediates.noindex/boxbound.build/Debug-iphoneos/boxbound.build/Script-C97FD7AC1ADE5369004DB2A4.sh

Ld /Users/qingque/Desktop/HaiyueStudio/Native/examples/boxbound/platforms/ios/build/Debug-iphoneos/boxbound.app/boxbound normal (in target 'boxbound' from project 'boxbound')
    cd /Users/qingque/Desktop/HaiyueStudio/Native/examples/boxbound/platforms/ios
    /Users/qingque/Desktop/HaiyueStudio/Native/examples/boxbound/platforms/ios/internal/nsld.sh -Xlinker -reproducible -target arm64-apple-ios15.0 -isysroot /Applications/Xcode.app/Contents/Developer/Platforms/iPhoneOS.platform/Developer/SDKs/iPhoneOS26.2.sdk -O0 -L/Users/qingque/Library/Developer/Xcode/DerivedData/boxbound-gmbxpjcvwytnwfabbxjdzhvtcdad/Build/Intermediates.noindex/EagerLinkingTBDs/Debug-iphoneos -L/Users/qingque/Desktop/HaiyueStudio/Native/examples/boxbound/platforms/ios/build/Debug-iphoneos -F/Users/qingque/Library/Developer/Xcode/DerivedData/boxbound-gmbxpjcvwytnwfabbxjdzhvtcdad/Build/Intermediates.noindex/EagerLinkingTBDs/Debug-iphoneos -F/Users/qingque/Desktop/HaiyueStudio/Native/examples/boxbound/platforms/ios/build/Debug-iphoneos/PackageFrameworks -F/Users/qingque/Desktop/HaiyueStudio/Native/examples/boxbound/platforms/ios/build/Debug-iphoneos -F/Users/qingque/Desktop/HaiyueStudio/Native/examples/boxbound/platforms/ios/internal -F/Users/qingque/Desktop/HaiyueStudio/Native/examples/boxbound/platforms/ios/build/Debug-iphoneos -F../../node_modules/@nativescript/canvas/platforms/ios -F../../node_modules/@nativescript/core/platforms/ios -filelist /Users/qingque/Library/Developer/Xcode/DerivedData/boxbound-gmbxpjcvwytnwfabbxjdzhvtcdad/Build/Intermediates.noindex/boxbound.build/Debug-iphoneos/boxbound.build/Objects-normal/arm64/boxbound.LinkFileList -Xlinker -rpath -Xlinker /usr/lib/swift -Xlinker -rpath -Xlinker /Users/qingque/Desktop/HaiyueStudio/Native/examples/boxbound/platforms/ios/build/Debug-iphoneos/PackageFrameworks -Xlinker -rpath -Xlinker @executable_path/Frameworks -dead_strip -Xlinker -object_path_lto -Xlinker /Users/qingque/Library/Developer/Xcode/DerivedData/boxbound-gmbxpjcvwytnwfabbxjdzhvtcdad/Build/Intermediates.noindex/boxbound.build/Debug-iphoneos/boxbound.build/Objects-normal/arm64/boxbound_lto.o -rdynamic -Xlinker -no_deduplicate -Xlinker -dependency_info -Xlinker /Users/qingque/Library/Developer/Xcode/DerivedData/boxbound-gmbxpjcvwytnwfabbxjdzhvtcdad/Build/Intermediates.noindex/boxbound.build/Debug-iphoneos/boxbound.build/Objects-normal/arm64/boxbound_dependency_info.dat -stdlib\=libc++ -fobjc-arc -fobjc-link-runtime -L/Applications/Xcode.app/Contents/Developer/Toolchains/XcodeDefault.xctoolchain/usr/lib/swift/iphoneos -L/usr/lib/swift -Xlinker -add_ast_path -Xlinker /Users/qingque/Library/Developer/Xcode/DerivedData/boxbound-gmbxpjcvwytnwfabbxjdzhvtcdad/Build/Intermediates.noindex/boxbound.build/Debug-iphoneos/boxbound.build/Objects-normal/arm64/boxbound.swiftmodule -Wl,-no_warn_duplicate_libraries -ObjC -sectcreate __DATA __TNSMetadata /Users/qingque/Desktop/HaiyueStudio/Native/examples/boxbound/platforms/ios/build/Debug-iphoneos/metadata-arm64.bin -framework NativeScript -framework TKLiveSync -F/Users/qingque/Desktop/HaiyueStudio/Native/examples/boxbound/platforms/ios/internal -licucore -lz -lc++ -framework Foundation -framework UIKit -framework CoreGraphics -framework CoreServices -framework Security -framework Foundation -framework CanvasNative -framework OpenGLES -framework GLKit -framework CanvasNative -framework NSCWinterTC -framework TNSWidgets -framework Pods_boxbound -lFontManager -Xlinker -no_adhoc_codesign -o /Users/qingque/Desktop/HaiyueStudio/Native/examples/boxbound/platforms/ios/build/Debug-iphoneos/boxbound.app/boxbound
./.build_env_vars.sh: line 619: declare: UID: readonly variable
Generating metadata...~/Desktop/HaiyueStudio/Native/examples/boxbound/platforms/ios/internal/metadata-generator-x86_64/bin ~/Desktop/HaiyueStudio/Native/examples/boxbound/platforms/ios
Python version: 3.9.6 (default, Jan  9 2026, 11:03:41) 
[Clang 17.0.0 (clang-1700.6.4.2)]
Generating metadata for arm64
Metadata Generator Arguments: 
./objc-metadata-generator -verbose -output-bin /Users/qingque/Desktop/HaiyueStudio/Native/examples/boxbound/platforms/ios/build/Debug-iphoneos/metadata-arm64.bin -output-umbrella /Users/qingque/Desktop/HaiyueStudio/Native/examples/boxbound/platforms/ios/build/Debug-iphoneos/umbrella-arm64.h -docset-path /Users/qingque/Library/Developer/Shared/Documentation/DocSets/com.apple.adc.documentation.iOS.docset Xclang -isysroot /Applications/Xcode.app/Contents/Developer/Platforms/iPhoneOS.platform/Developer/SDKs/iPhoneOS26.2.sdk -std=gnu99 -target arm64-apple-ios26.2 -I/Users/qingque/Desktop/HaiyueStudio/Native/examples/boxbound/node_modules/@nativescript/canvas/platforms/ios/NativeScriptV8/Headers -I/Users/qingque/Desktop/HaiyueStudio/Native/examples/boxbound/platforms/ios/build/Debug-iphoneos/include -I/Users/qingque/Desktop/HaiyueStudio/Native/examples/boxbound/platforms/ios/internal/Swift-Modules -I/Users/qingque/Desktop/HaiyueStudio/Native/examples/boxbound/platforms/ios/internal -I/Users/qingque/Desktop/HaiyueStudio/Native/examples/boxbound/platforms/ios/../../App_Resources/iOS/src -I/Users/qingque/Desktop/HaiyueStudio/Native/examples/boxbound/platforms/ios/../../node_modules/@nativescript/canvas/platforms/ios/src -I/Users/qingque/Desktop/HaiyueStudio/Native/examples/boxbound/platforms/ios/../../node_modules/@nativescript/core/platforms/ios/src -I/Users/qingque/Desktop/HaiyueStudio/Native/examples/boxbound//platforms/ios/build/Debug-iphoneos/NativeScript.framework/Headers -I/Users/qingque/Desktop/HaiyueStudio/Native/examples/boxbound//platforms/ios/build/Debug-iphoneos/NativeScript.framework/Headers/include -F/Users/qingque/Desktop/HaiyueStudio/Native/examples/boxbound/platforms/ios/build/Debug-iphoneos/PackageFrameworks -F/Users/qingque/Desktop/HaiyueStudio/Native/examples/boxbound/platforms/ios/build/Debug-iphoneos -F/Users/qingque/Desktop/HaiyueStudio/Native/examples/boxbound/platforms/ios/internal/ -F/Users/qingque/Desktop/HaiyueStudio/Native/examples/boxbound/platforms/ios/build/Debug-iphoneos -F../../node_modules/@nativescript/canvas/platforms/ios -F../../node_modules/@nativescript/core/platforms/ios -F/Applications/Xcode.app/Contents/Developer/Platforms/iPhoneOS.platform/Developer/SDKs/iPhoneOS26.2.sdk/System/Library/SubFrameworks -fmodule-map-file=/Users/qingque/Library/Developer/Xcode/DerivedData/boxbound-gmbxpjcvwytnwfabbxjdzhvtcdad/Build/Intermediates.noindex/GeneratedModuleMaps-iphoneos/NativeScriptV8.modulemap -I/Users/qingque/Desktop/HaiyueStudio/Native/examples/boxbound/platforms/ios/build/Debug-iphoneos/NativeScript.framework/Headers -I/Users/qingque/Desktop/HaiyueStudio/Native/examples/boxbound/platforms/ios/build/Debug-iphoneos/NativeScript.framework/Headers/include -DCOCOAPODS=1 -DDEBUG=1 -DNS_SWIFTUI_BOOT=0 
Clang Arguments: 
"-v", "-x", "objective-c", "-fno-objc-arc", "-fmodule-maps", "-ferror-limit=0", "-Wno-unknown-pragmas", "-Wno-ignored-attributes", "-Wno-nullability-completeness", "-Wno-expansion-to-defined", "-D__NATIVESCRIPT_METADATA_GENERATOR=1", "-isysroot", "/Applications/Xcode.app/Contents/Developer/Platforms/iPhoneOS.platform/Developer/SDKs/iPhoneOS26.2.sdk", "-std=gnu99", "-target", "arm64-apple-ios26.2", "-I/Users/qingque/Desktop/HaiyueStudio/Native/examples/boxbound/node_modules/@nativescript/canvas/platforms/ios/NativeScriptV8/Headers", "-I/Users/qingque/Desktop/HaiyueStudio/Native/examples/boxbound/platforms/ios/build/Debug-iphoneos/include", "-I/Users/qingque/Desktop/HaiyueStudio/Native/examples/boxbound/platforms/ios/internal/Swift-Modules", "-I/Users/qingque/Desktop/HaiyueStudio/Native/examples/boxbound/platforms/ios/internal", "-I/Users/qingque/Desktop/HaiyueStudio/Native/examples/boxbound/platforms/ios/../../App_Resources/iOS/src", "-I/Users/qingque/Desktop/HaiyueStudio/Native/examples/boxbound/platforms/ios/../../node_modules/@nativescript/canvas/platforms/ios/src", "-I/Users/qingque/Desktop/HaiyueStudio/Native/examples/boxbound/platforms/ios/../../node_modules/@nativescript/core/platforms/ios/src", "-I/Users/qingque/Desktop/HaiyueStudio/Native/examples/boxbound//platforms/ios/build/Debug-iphoneos/NativeScript.framework/Headers", "-I/Users/qingque/Desktop/HaiyueStudio/Native/examples/boxbound//platforms/ios/build/Debug-iphoneos/NativeScript.framework/Headers/include", "-F/Users/qingque/Desktop/HaiyueStudio/Native/examples/boxbound/platforms/ios/build/Debug-iphoneos/PackageFrameworks", "-F/Users/qingque/Desktop/HaiyueStudio/Native/examples/boxbound/platforms/ios/build/Debug-iphoneos", "-F/Users/qingque/Desktop/HaiyueStudio/Native/examples/boxbound/platforms/ios/internal/", "-F/Users/qingque/Desktop/HaiyueStudio/Native/examples/boxbound/platforms/ios/build/Debug-iphoneos", "-F../../node_modules/@nativescript/canvas/platforms/ios", "-F../../node_modules/@nativescript/core/platforms/ios", "-F/Applications/Xcode.app/Contents/Developer/Platforms/iPhoneOS.platform/Developer/SDKs/iPhoneOS26.2.sdk/System/Library/SubFrameworks", "-fmodule-map-file=/Users/qingque/Library/Developer/Xcode/DerivedData/boxbound-gmbxpjcvwytnwfabbxjdzhvtcdad/Build/Intermediates.noindex/GeneratedModuleMaps-iphoneos/NativeScriptV8.modulemap", "-I/Users/qingque/Desktop/HaiyueStudio/Native/examples/boxbound/platforms/ios/build/Debug-iphoneos/NativeScript.framework/Headers", "-I/Users/qingque/Desktop/HaiyueStudio/Native/examples/boxbound/platforms/ios/build/Debug-iphoneos/NativeScript.framework/Headers/include", "-DCOCOAPODS=1", "-DDEBUG=1", "-DNS_SWIFTUI_BOOT=0", 
Merged 1464 categories.
Result: 65783 declarations from 212 top level modules
Done! Running time: 15.8334 sec 
Saving metadata generation's stderr stream to: /Users/qingque/Desktop/HaiyueStudio/Native/examples/boxbound/platforms/ios/build/Debug-iphoneos/metadata-generation-stderr-arm64.txt
~/Desktop/HaiyueStudio/Native/examples/boxbound/platforms/ios
clang: warning: argument unused during compilation: '-stdlib=libc++' [-Wunused-command-line-argument]

PhaseScriptExecution NativeScript\ PreLink /Users/qingque/Library/Developer/Xcode/DerivedData/boxbound-gmbxpjcvwytnwfabbxjdzhvtcdad/Build/Intermediates.noindex/boxbound.build/Debug-iphoneos/boxbound.build/Script-CD62955B1BB2651D00AE3A93.sh (in target 'boxbound' from project 'boxbound')
    cd /Users/qingque/Desktop/HaiyueStudio/Native/examples/boxbound/platforms/ios
    /bin/sh -c /Users/qingque/Library/Developer/Xcode/DerivedData/boxbound-gmbxpjcvwytnwfabbxjdzhvtcdad/Build/Intermediates.noindex/boxbound.build/Debug-iphoneos/boxbound.build/Script-CD62955B1BB2651D00AE3A93.sh

CopyPNGFile /Users/qingque/Desktop/HaiyueStudio/Native/examples/boxbound/platforms/ios/build/Debug-iphoneos/boxbound.app/AppIcon1024.png /Users/qingque/Desktop/HaiyueStudio/Native/examples/boxbound/platforms/ios/boxbound/Resources/AppIcon1024.png (in target 'boxbound' from project 'boxbound')
    cd /Users/qingque/Desktop/HaiyueStudio/Native/examples/boxbound/platforms/ios
    /Applications/Xcode.app/Contents/Developer/usr/bin/copypng -compress -strip-PNG-text /Users/qingque/Desktop/HaiyueStudio/Native/examples/boxbound/platforms/ios/boxbound/Resources/AppIcon1024.png /Users/qingque/Desktop/HaiyueStudio/Native/examples/boxbound/platforms/ios/build/Debug-iphoneos/boxbound.app/AppIcon1024.png

CopyPNGFile /Users/qingque/Desktop/HaiyueStudio/Native/examples/boxbound/platforms/ios/build/Debug-iphoneos/boxbound.app/AppIcon40x40@2x.png /Users/qingque/Desktop/HaiyueStudio/Native/examples/boxbound/platforms/ios/boxbound/Resources/AppIcon40x40@2x.png (in target 'boxbound' from project 'boxbound')
    cd /Users/qingque/Desktop/HaiyueStudio/Native/examples/boxbound/platforms/ios
    /Applications/Xcode.app/Contents/Developer/usr/bin/copypng -compress -strip-PNG-text /Users/qingque/Desktop/HaiyueStudio/Native/examples/boxbound/platforms/ios/boxbound/Resources/AppIcon40x40@2x.png /Users/qingque/Desktop/HaiyueStudio/Native/examples/boxbound/platforms/ios/build/Debug-iphoneos/boxbound.app/AppIcon40x40@2x.png

CopyPNGFile /Users/qingque/Desktop/HaiyueStudio/Native/examples/boxbound/platforms/ios/build/Debug-iphoneos/boxbound.app/AppIcon29x29@3x.png /Users/qingque/Desktop/HaiyueStudio/Native/examples/boxbound/platforms/ios/boxbound/Resources/AppIcon29x29@3x.png (in target 'boxbound' from project 'boxbound')
    cd /Users/qingque/Desktop/HaiyueStudio/Native/examples/boxbound/platforms/ios
    /Applications/Xcode.app/Contents/Developer/usr/bin/copypng -compress -strip-PNG-text /Users/qingque/Desktop/HaiyueStudio/Native/examples/boxbound/platforms/ios/boxbound/Resources/AppIcon29x29@3x.png /Users/qingque/Desktop/HaiyueStudio/Native/examples/boxbound/platforms/ios/build/Debug-iphoneos/boxbound.app/AppIcon29x29@3x.png

CopyPNGFile /Users/qingque/Desktop/HaiyueStudio/Native/examples/boxbound/platforms/ios/build/Debug-iphoneos/boxbound.app/AppIcon40x40@3x.png /Users/qingque/Desktop/HaiyueStudio/Native/examples/boxbound/platforms/ios/boxbound/Resources/AppIcon40x40@3x.png (in target 'boxbound' from project 'boxbound')
    cd /Users/qingque/Desktop/HaiyueStudio/Native/examples/boxbound/platforms/ios
    /Applications/Xcode.app/Contents/Developer/usr/bin/copypng -compress -strip-PNG-text /Users/qingque/Desktop/HaiyueStudio/Native/examples/boxbound/platforms/ios/boxbound/Resources/AppIcon40x40@3x.png /Users/qingque/Desktop/HaiyueStudio/Native/examples/boxbound/platforms/ios/build/Debug-iphoneos/boxbound.app/AppIcon40x40@3x.png

CopyPNGFile /Users/qingque/Desktop/HaiyueStudio/Native/examples/boxbound/platforms/ios/build/Debug-iphoneos/boxbound.app/AppIcon29x29@2x.png /Users/qingque/Desktop/HaiyueStudio/Native/examples/boxbound/platforms/ios/boxbound/Resources/AppIcon29x29@2x.png (in target 'boxbound' from project 'boxbound')
    cd /Users/qingque/Desktop/HaiyueStudio/Native/examples/boxbound/platforms/ios
    /Applications/Xcode.app/Contents/Developer/usr/bin/copypng -compress -strip-PNG-text /Users/qingque/Desktop/HaiyueStudio/Native/examples/boxbound/platforms/ios/boxbound/Resources/AppIcon29x29@2x.png /Users/qingque/Desktop/HaiyueStudio/Native/examples/boxbound/platforms/ios/build/Debug-iphoneos/boxbound.app/AppIcon29x29@2x.png

CopyPNGFile /Users/qingque/Desktop/HaiyueStudio/Native/examples/boxbound/platforms/ios/build/Debug-iphoneos/boxbound.app/AppIcon60x60@3x.png /Users/qingque/Desktop/HaiyueStudio/Native/examples/boxbound/platforms/ios/boxbound/Resources/AppIcon60x60@3x.png (in target 'boxbound' from project 'boxbound')
    cd /Users/qingque/Desktop/HaiyueStudio/Native/examples/boxbound/platforms/ios
    /Applications/Xcode.app/Contents/Developer/usr/bin/copypng -compress -strip-PNG-text /Users/qingque/Desktop/HaiyueStudio/Native/examples/boxbound/platforms/ios/boxbound/Resources/AppIcon60x60@3x.png /Users/qingque/Desktop/HaiyueStudio/Native/examples/boxbound/platforms/ios/build/Debug-iphoneos/boxbound.app/AppIcon60x60@3x.png

CopyPNGFile /Users/qingque/Desktop/HaiyueStudio/Native/examples/boxbound/platforms/ios/build/Debug-iphoneos/boxbound.app/AppIcon60x60@2x.png /Users/qingque/Desktop/HaiyueStudio/Native/examples/boxbound/platforms/ios/boxbound/Resources/AppIcon60x60@2x.png (in target 'boxbound' from project 'boxbound')
    cd /Users/qingque/Desktop/HaiyueStudio/Native/examples/boxbound/platforms/ios
    /Applications/Xcode.app/Contents/Developer/usr/bin/copypng -compress -strip-PNG-text /Users/qingque/Desktop/HaiyueStudio/Native/examples/boxbound/platforms/ios/boxbound/Resources/AppIcon60x60@2x.png /Users/qingque/Desktop/HaiyueStudio/Native/examples/boxbound/platforms/ios/build/Debug-iphoneos/boxbound.app/AppIcon60x60@2x.png

CpResource /Users/qingque/Desktop/HaiyueStudio/Native/examples/boxbound/platforms/ios/build/Debug-iphoneos/boxbound.app/build.xcconfig /Users/qingque/Desktop/HaiyueStudio/Native/examples/boxbound/platforms/ios/boxbound/Resources/build.xcconfig (in target 'boxbound' from project 'boxbound')
    cd /Users/qingque/Desktop/HaiyueStudio/Native/examples/boxbound/platforms/ios
    builtin-copy -exclude .DS_Store -exclude CVS -exclude .svn -exclude .git -exclude .hg -resolve-src-symlinks /Users/qingque/Desktop/HaiyueStudio/Native/examples/boxbound/platforms/ios/boxbound/Resources/build.xcconfig /Users/qingque/Desktop/HaiyueStudio/Native/examples/boxbound/platforms/ios/build/Debug-iphoneos/boxbound.app

CpResource /Users/qingque/Desktop/HaiyueStudio/Native/examples/boxbound/platforms/ios/build/Debug-iphoneos/boxbound.app/signing.local.xcconfig /Users/qingque/Desktop/HaiyueStudio/Native/examples/boxbound/platforms/ios/boxbound/Resources/signing.local.xcconfig (in target 'boxbound' from project 'boxbound')
    cd /Users/qingque/Desktop/HaiyueStudio/Native/examples/boxbound/platforms/ios
    builtin-copy -exclude .DS_Store -exclude CVS -exclude .svn -exclude .git -exclude .hg -resolve-src-symlinks /Users/qingque/Desktop/HaiyueStudio/Native/examples/boxbound/platforms/ios/boxbound/Resources/signing.local.xcconfig /Users/qingque/Desktop/HaiyueStudio/Native/examples/boxbound/platforms/ios/build/Debug-iphoneos/boxbound.app

CpResource /Users/qingque/Desktop/HaiyueStudio/Native/examples/boxbound/platforms/ios/build/Debug-iphoneos/boxbound.app/app /Users/qingque/Desktop/HaiyueStudio/Native/examples/boxbound/platforms/ios/boxbound/app (in target 'boxbound' from project 'boxbound')
    cd /Users/qingque/Desktop/HaiyueStudio/Native/examples/boxbound/platforms/ios
    builtin-copy -exclude .DS_Store -exclude CVS -exclude .svn -exclude .git -exclude .hg -resolve-src-symlinks /Users/qingque/Desktop/HaiyueStudio/Native/examples/boxbound/platforms/ios/boxbound/app /Users/qingque/Desktop/HaiyueStudio/Native/examples/boxbound/platforms/ios/build/Debug-iphoneos/boxbound.app

PhaseScriptExecution NativeScript\ PostBuild /Users/qingque/Library/Developer/Xcode/DerivedData/boxbound-gmbxpjcvwytnwfabbxjdzhvtcdad/Build/Intermediates.noindex/boxbound.build/Debug-iphoneos/boxbound.build/Script-CD3EAD351B05FF060042DBFC.sh (in target 'boxbound' from project 'boxbound')
    cd /Users/qingque/Desktop/HaiyueStudio/Native/examples/boxbound/platforms/ios
    /bin/sh -c /Users/qingque/Library/Developer/Xcode/DerivedData/boxbound-gmbxpjcvwytnwfabbxjdzhvtcdad/Build/Intermediates.noindex/boxbound.build/Debug-iphoneos/boxbound.build/Script-CD3EAD351B05FF060042DBFC.sh
~/Desktop/HaiyueStudio/Native/examples/boxbound/platforms/ios/internal ~/Desktop/HaiyueStudio/Native/examples/boxbound/platforms/ios
Stripping frameworks
~/Desktop/HaiyueStudio/Native/examples/boxbound/platforms/ios

CopySwiftLibs /Users/qingque/Desktop/HaiyueStudio/Native/examples/boxbound/platforms/ios/build/Debug-iphoneos/boxbound.app (in target 'boxbound' from project 'boxbound')
    cd /Users/qingque/Desktop/HaiyueStudio/Native/examples/boxbound/platforms/ios
    builtin-swiftStdLibTool --copy --verbose --sign B18C301725894971F9A6F8888DA37AABAF3F1DBD --scan-executable /Users/qingque/Desktop/HaiyueStudio/Native/examples/boxbound/platforms/ios/build/Debug-iphoneos/boxbound.app/boxbound --scan-folder /Users/qingque/Desktop/HaiyueStudio/Native/examples/boxbound/platforms/ios/build/Debug-iphoneos/boxbound.app/Frameworks --scan-folder /Users/qingque/Desktop/HaiyueStudio/Native/examples/boxbound/platforms/ios/build/Debug-iphoneos/boxbound.app/PlugIns --scan-folder /Users/qingque/Desktop/HaiyueStudio/Native/examples/boxbound/platforms/ios/build/Debug-iphoneos/boxbound.app/SystemExtensions --scan-folder /Users/qingque/Desktop/HaiyueStudio/Native/examples/boxbound/platforms/ios/build/Debug-iphoneos/boxbound.app/Extensions --scan-folder /Users/qingque/Desktop/HaiyueStudio/Native/examples/boxbound/platforms/ios/build/Debug-iphoneos/Pods_boxbound.framework --platform iphoneos --toolchain /Applications/Xcode.app/Contents/Developer/Toolchains/XcodeDefault.xctoolchain --destination /Users/qingque/Desktop/HaiyueStudio/Native/examples/boxbound/platforms/ios/build/Debug-iphoneos/boxbound.app/Frameworks --strip-bitcode --strip-bitcode-tool /Applications/Xcode.app/Contents/Developer/Toolchains/XcodeDefault.xctoolchain/usr/bin/bitcode_strip --emit-dependency-info /Users/qingque/Library/Developer/Xcode/DerivedData/boxbound-gmbxpjcvwytnwfabbxjdzhvtcdad/Build/Intermediates.noindex/boxbound.build/Debug-iphoneos/boxbound.build/SwiftStdLibToolInputDependencies.dep --filter-for-swift-os --back-deploy-swift-span

ExtractAppIntentsMetadata (in target 'boxbound' from project 'boxbound')
    cd /Users/qingque/Desktop/HaiyueStudio/Native/examples/boxbound/platforms/ios
    /Applications/Xcode.app/Contents/Developer/Toolchains/XcodeDefault.xctoolchain/usr/bin/appintentsmetadataprocessor --toolchain-dir /Applications/Xcode.app/Contents/Developer/Toolchains/XcodeDefault.xctoolchain --module-name boxbound --sdk-root /Applications/Xcode.app/Contents/Developer/Platforms/iPhoneOS.platform/Developer/SDKs/iPhoneOS26.2.sdk --xcode-version 17C529 --platform-family iOS --deployment-target 15.0 --bundle-identifier org.haiyue.games.boxbound --output /Users/qingque/Desktop/HaiyueStudio/Native/examples/boxbound/platforms/ios/build/Debug-iphoneos/boxbound.app --target-triple arm64-apple-ios15.0 --binary-file /Users/qingque/Desktop/HaiyueStudio/Native/examples/boxbound/platforms/ios/build/Debug-iphoneos/boxbound.app/boxbound --dependency-file /Users/qingque/Library/Developer/Xcode/DerivedData/boxbound-gmbxpjcvwytnwfabbxjdzhvtcdad/Build/Intermediates.noindex/boxbound.build/Debug-iphoneos/boxbound.build/Objects-normal/arm64/boxbound_dependency_info.dat --stringsdata-file /Users/qingque/Library/Developer/Xcode/DerivedData/boxbound-gmbxpjcvwytnwfabbxjdzhvtcdad/Build/Intermediates.noindex/boxbound.build/Debug-iphoneos/boxbound.build/Objects-normal/arm64/ExtractedAppShortcutsMetadata.stringsdata --source-file-list /Users/qingque/Library/Developer/Xcode/DerivedData/boxbound-gmbxpjcvwytnwfabbxjdzhvtcdad/Build/Intermediates.noindex/boxbound.build/Debug-iphoneos/boxbound.build/Objects-normal/arm64/boxbound.SwiftFileList --metadata-file-list /Users/qingque/Library/Developer/Xcode/DerivedData/boxbound-gmbxpjcvwytnwfabbxjdzhvtcdad/Build/Intermediates.noindex/boxbound.build/Debug-iphoneos/boxbound.build/boxbound.DependencyMetadataFileList --static-metadata-file-list /Users/qingque/Library/Developer/Xcode/DerivedData/boxbound-gmbxpjcvwytnwfabbxjdzhvtcdad/Build/Intermediates.noindex/boxbound.build/Debug-iphoneos/boxbound.build/boxbound.DependencyStaticMetadataFileList --swift-const-vals-list /Users/qingque/Library/Developer/Xcode/DerivedData/boxbound-gmbxpjcvwytnwfabbxjdzhvtcdad/Build/Intermediates.noindex/boxbound.build/Debug-iphoneos/boxbound.build/Objects-normal/arm64/boxbound.SwiftConstValuesFileList --compile-time-extraction --deployment-aware-processing --validate-assistant-intents --no-app-shortcuts-localization
2026-09-22 18:46:34.867 appintentsmetadataprocessor[80854:9163964] Starting appintentsmetadataprocessor export
2026-09-22 18:46:34.872 appintentsmetadataprocessor[80854:9163964] warning: Metadata extraction skipped. No AppIntents.framework dependency found.

GenerateDSYMFile /Users/qingque/Desktop/HaiyueStudio/Native/examples/boxbound/platforms/ios/build/Debug-iphoneos/boxbound.app.dSYM /Users/qingque/Desktop/HaiyueStudio/Native/examples/boxbound/platforms/ios/build/Debug-iphoneos/boxbound.app/boxbound (in target 'boxbound' from project 'boxbound')
    cd /Users/qingque/Desktop/HaiyueStudio/Native/examples/boxbound/platforms/ios
    /Applications/Xcode.app/Contents/Developer/Toolchains/XcodeDefault.xctoolchain/usr/bin/dsymutil /Users/qingque/Desktop/HaiyueStudio/Native/examples/boxbound/platforms/ios/build/Debug-iphoneos/boxbound.app/boxbound -o /Users/qingque/Desktop/HaiyueStudio/Native/examples/boxbound/platforms/ios/build/Debug-iphoneos/boxbound.app.dSYM
warning: (arm64) /Users/runner/work/font-manager/font-manager/dist/spm/build/DerivedData/Build/Intermediates.noindex/ArchiveIntermediates/FontManager/IntermediateBuildFilesPath/FontManager.build/Release-iphoneos/FontManager.build/Objects-normal/arm64/NSCFontDescriptors.o unable to open object file: No such file or directory
warning: (arm64) /Users/runner/work/font-manager/font-manager/dist/spm/build/DerivedData/Build/Intermediates.noindex/ArchiveIntermediates/FontManager/IntermediateBuildFilesPath/FontManager.build/Release-iphoneos/FontManager.build/Objects-normal/arm64/NSCFontFace.o unable to open object file: No such file or directory
warning: (arm64) /Users/runner/work/font-manager/font-manager/dist/spm/build/DerivedData/Build/Intermediates.noindex/ArchiveIntermediates/FontManager/IntermediateBuildFilesPath/FontManager.build/Release-iphoneos/FontManager.build/Objects-normal/arm64/NSCFontFaceSet.o unable to open object file: No such file or directory
warning: (arm64) /Users/runner/work/font-manager/font-manager/dist/spm/build/DerivedData/Build/Intermediates.noindex/ArchiveIntermediates/FontManager/IntermediateBuildFilesPath/FontManager.build/Release-iphoneos/FontManager.build/Objects-normal/arm64/NSCFontParser.o unable to open object file: No such file or directory
warning: (arm64) /Users/runner/work/font-manager/font-manager/dist/spm/build/DerivedData/Build/Intermediates.noindex/ArchiveIntermediates/FontManager/IntermediateBuildFilesPath/FontManager.build/Release-iphoneos/FontManager.build/Objects-normal/arm64/NSCFontResolver.o unable to open object file: No such file or directory
warning: (arm64) /Users/runner/work/font-manager/font-manager/dist/spm/build/DerivedData/Build/Intermediates.noindex/ArchiveIntermediates/FontManager/IntermediateBuildFilesPath/FontManager.build/Release-iphoneos/FontManager.build/Objects-normal/arm64/NSCFontStyle.o unable to open object file: No such file or directory
warning: (arm64) /Users/runner/work/font-manager/font-manager/dist/spm/build/DerivedData/Build/Intermediates.noindex/ArchiveIntermediates/FontManager/IntermediateBuildFilesPath/FontManager.build/Release-iphoneos/FontManager.build/Objects-normal/arm64/NSCFontTypes.o unable to open object file: No such file or directory
warning: (arm64) /Users/runner/work/font-manager/font-manager/dist/spm/build/DerivedData/Build/Intermediates.noindex/ArchiveIntermediates/FontManager/IntermediateBuildFilesPath/FontManager.build/Release-iphoneos/FontManager.build/Objects-normal/arm64/NSCFontRegex.o unable to open object file: No such file or directory

CodeSign /Users/qingque/Desktop/HaiyueStudio/Native/examples/boxbound/platforms/ios/build/Debug-iphoneos/boxbound.app (in target 'boxbound' from project 'boxbound')
    cd /Users/qingque/Desktop/HaiyueStudio/Native/examples/boxbound/platforms/ios
    
    Signing Identity:     "Apple Development: Xueqing Sun (9S236DMB2Z)"
    Provisioning Profile: "iOS Team Provisioning Profile: *"
                          (ff700dbf-6c9e-45a6-bcea-de2afbf9aea8)
    
    /usr/bin/codesign --force --sign B18C301725894971F9A6F8888DA37AABAF3F1DBD --entitlements /Users/qingque/Library/Developer/Xcode/DerivedData/boxbound-gmbxpjcvwytnwfabbxjdzhvtcdad/Build/Intermediates.noindex/boxbound.build/Debug-iphoneos/boxbound.build/boxbound.app.xcent --timestamp\=none --generate-entitlement-der /Users/qingque/Desktop/HaiyueStudio/Native/examples/boxbound/platforms/ios/build/Debug-iphoneos/boxbound.app

Validate /Users/qingque/Desktop/HaiyueStudio/Native/examples/boxbound/platforms/ios/build/Debug-iphoneos/boxbound.app (in target 'boxbound' from project 'boxbound')
    cd /Users/qingque/Desktop/HaiyueStudio/Native/examples/boxbound/platforms/ios
    builtin-validationUtility /Users/qingque/Desktop/HaiyueStudio/Native/examples/boxbound/platforms/ios/build/Debug-iphoneos/boxbound.app -shallow-bundle -infoplist-subpath Info.plist

** BUILD SUCCEEDED **

