
> @haiyue/native-neon-circuit@0.1.0 build:android
> node scripts/android.mjs build android

Prepared 25 images and 9 PBR model textures
Canvas binding patch: {
  version: '2.1.18',
  queueSha256: 'a38a58942c488ccece244424b1c4e91c8f3e257dd201b85dd63871988ff30369',
  file: 'WebGPU/GPURenderPassEncoder.js',
  sha256: '7a14f279e042bb748781c10a6c56a6122931525f56943096815fb1143b583cf7'
}
Preparing project...
assets by path [1m[32mgame-assets/[39m[22m 84.2 MiB
  assets by path [1m[32mgame-assets/*.rgba[39m[22m 60 MiB 25 assets
  assets by path [1m[32mgame-assets/audio/*.wav[39m[22m 3.21 MiB 14 assets
  assets by path [1m[32mgame-assets/wraith-raider/[39m[22m 21 MiB
    assets by path [1m[32mgame-assets/wraith-raider/*.rgba[39m[22m 16.6 MiB 9 assets
    + 3 assets
  assets by path [1m[32mgame-assets/*.json[39m[22m 13.4 KiB
    asset [1m[32mgame-assets/source.json[39m[22m 6.93 KiB [1m[33m[compared for emit][39m[22m [from: src/game-assets/source.json] [1m[32m[copied][39m[22m
    asset [1m[32mgame-assets/textures.json[39m[22m 6.46 KiB [1m[33m[compared for emit][39m[22m [from: src/game-assets/textures.json] [1m[32m[copied][39m[22m
assets by path [1m[32m*.mjs[39m[22m 7.8 MiB
  asset [1m[32mvendor.mjs[39m[22m 7.3 MiB [1m[33m[compared for emit][39m[22m [javascript module] (name: vendor) (id hint: vendor) 1 related asset
  asset [1m[32mbundle.mjs[39m[22m 502 KiB [1m[33m[compared for emit][39m[22m [javascript module] (name: bundle) 1 related asset
  asset [1m[32mruntime.mjs[39m[22m 6.05 KiB [1m[33m[compared for emit][39m[22m [javascript module] (name: runtime) 1 related asset
asset [1m[32mtns_modules/inspector_modules.mjs[39m[22m 778 bytes [1m[33m[compared for emit][39m[22m [javascript module] (name: tns_modules/inspector_modules) 1 related asset
Entrypoint [1mbundle[39m[22m 7.8 MiB (8.51 MiB) = [1m[32mruntime.mjs[39m[22m 6.05 KiB [1m[32mvendor.mjs[39m[22m 7.3 MiB [1m[32mbundle.mjs[39m[22m 502 KiB 3 auxiliary assets
Entrypoint [1mtns_modules/inspector_modules[39m[22m 7.31 MiB (7.65 MiB) = [1m[32mruntime.mjs[39m[22m 6.05 KiB [1m[32mvendor.mjs[39m[22m 7.3 MiB [1m[32mtns_modules/inspector_modules.mjs[39m[22m 778 bytes 3 auxiliary assets
orphan modules 1.3 MiB [1m[33m[orphan][39m[22m 43 modules
runtime modules 3.12 KiB 7 modules
modules by path [1m./node_modules/[39m[22m 6.36 MiB 710 modules
modules by path [1m../../[39m[22m 358 KiB
  modules by path [1m../../../Games/games/[39m[22m 292 KiB 33 modules
  modules by path [1m../../bridge/[39m[22m 65.5 KiB 27 modules
modules by path [1m./src/[39m[22m 59.6 KiB
  modules by path [1m./src/*.ts[39m[22m 57.6 KiB 9 modules
  [1m./src/ sync \.(xml%7Cjs%7C(%3F<%21\.d\.)ts%7Cs%3Fcss)$[39m[22m 358 bytes [1m[33m[built][39m[22m [1m[33m[code generated][39m[22m
  [1m./src/app.css[39m[22m 510 bytes [1m[33m[built][39m[22m [1m[33m[code generated][39m[22m
  [1m./src/main-page.xml[39m[22m 1.12 KiB [1m[33m[optional][39m[22m [1m[33m[built][39m[22m [1m[33m[code generated][39m[22m
[1m./orientation.json[39m[22m 57 bytes [1m[33m[built][39m[22m [1m[33m[code generated][39m[22m
[1mexternal "~/package.json"[39m[22m 42 bytes [1m[33m[built][39m[22m [1m[33m[code generated][39m[22m
webpack 5.110.3 compiled [1m[32msuccessfully[39m[22m in 9992 ms
Webpack compilation complete.
Updating runtime package.json with configuration values...
Project successfully prepared (android)
Building project...
Gradle build...
	 + setting applicationId
	 + applying user-defined configuration from /Users/qingque/Desktop/HaiyueStudio/Native/examples/neon-circuit/App_Resources/Android/app.gradle
	 + adding nativescript runtime package dependency: nativescript-optimized-with-inspector
	 + adding aar plugin dependency: /Users/qingque/Desktop/HaiyueStudio/Native/examples/neon-circuit/node_modules/@nativescript/core/platforms/android/core.aar
	 + adding aar plugin dependency: /Users/qingque/Desktop/HaiyueStudio/Native/examples/neon-circuit/node_modules/@nativescript/core/platforms/android/widgets-release.aar
	 + adding aar plugin dependency: /Users/qingque/Desktop/HaiyueStudio/Native/examples/neon-circuit/node_modules/@nativescript/core/platforms/android/winter_tc-release.aar
	 + adding aar plugin dependency: /Users/qingque/Desktop/HaiyueStudio/Native/examples/neon-circuit/node_modules/@nativescript/canvas/platforms/android/canvas-release.aar
Project successfully built.
Build time: 6.425 s.
The build result is located at: /Users/qingque/Desktop/HaiyueStudio/Native/examples/neon-circuit/platforms/android/app/build/outputs/apk/debug/app-debug.apk
