@haiyue/native@0.1.2 /Users/qingque/Desktop/HaiyueStudio/Native/npm
├─┬ @haiyue/engine@0.1.0
│ ├── @dimforge/rapier3d-compat@0.19.3
│ ├─┬ @loaders.gl/schema@4.5.1
│ │ ├── @types/geojson@7946.0.16
│ │ └─┬ apache-arrow@21.2.0
│ │   ├─┬ @types/node@25.9.8
│ │   │ └── undici-types@7.24.6
│ │   ├── flatbuffers@25.9.23
│ │   ├── json-with-bigint@3.5.12
│ │   └── tslib@2.8.1 deduped
│ ├─┬ @loaders.gl/worker-utils@4.5.2
│ │ └─┬ @loaders.gl/core@4.5.2
│ │   ├─┬ @loaders.gl/loader-utils@4.5.2
│ │   │ ├── @loaders.gl/schema@4.5.1 deduped
│ │   │ ├── @loaders.gl/worker-utils@4.5.2 deduped
│ │   │ ├── @probe.gl/log@4.1.2 deduped
│ │   │ └── @probe.gl/stats@4.1.2
│ │   ├─┬ @loaders.gl/schema-utils@4.5.2
│ │   │ ├── @loaders.gl/core@4.5.2 deduped
│ │   │ ├── @loaders.gl/schema@4.5.1 deduped
│ │   │ ├── @math.gl/types@4.1.0
│ │   │ ├── @types/geojson@7946.0.16 deduped
│ │   │ └── apache-arrow@21.2.0 deduped
│ │   ├── @loaders.gl/schema@4.5.1 deduped
│ │   ├── @loaders.gl/worker-utils@4.5.2 deduped
│ │   └─┬ @probe.gl/log@4.1.2
│ │     └── @probe.gl/env@4.1.2
│ ├─┬ box2d.ts@1.0.2
│ │ └── @types/systemjs@0.20.11
│ ├── earcut@3.2.3
│ ├── pako@1.0.11
│ └── wgpu-matrix@3.4.2
├─┬ @nativescript/canvas@2.1.18
│ └── @nativescript/font-manager@1.0.15
├─┬ @nativescript/core@9.1.1
│ ├─┬ @csstools/css-calc@2.1.4
│ │ ├── @csstools/css-parser-algorithms@3.0.5 deduped
│ │ └── @csstools/css-tokenizer@3.0.4 deduped
│ ├─┬ @csstools/css-color-parser@3.1.0
│ │ ├── @csstools/color-helpers@5.1.0
│ │ ├── @csstools/css-calc@2.1.4 deduped
│ │ ├── @csstools/css-parser-algorithms@3.0.5 deduped
│ │ └── @csstools/css-tokenizer@3.0.4 deduped
│ ├─┬ @csstools/css-parser-algorithms@3.0.5
│ │ └── @csstools/css-tokenizer@3.0.4 deduped
│ ├── @csstools/css-tokenizer@3.0.4
│ ├── @nativescript/hook@3.0.5
│ ├── acorn@8.18.0
│ ├─┬ css-tree@3.2.1
│ │ ├── mdn-data@2.27.1
│ │ └── source-map-js@1.2.1 deduped
│ ├── css-what@7.0.0
│ ├── emoji-regex@10.6.0
│ ├── source-map-js@1.2.1
│ ├── source-map@0.7.6
│ └── tslib@2.8.1
├─┬ @nativescript/types@9.0.0
│ ├── @nativescript/types-android@9.0.0
│ └── @nativescript/types-ios@9.0.0
├─┬ @nativescript/webpack@5.0.38
│ ├─┬ @babel/core@7.29.7
│ │ ├─┬ @babel/code-frame@7.29.7
│ │ │ ├── @babel/helper-validator-identifier@7.29.7
│ │ │ ├── js-tokens@4.0.0
│ │ │ └── picocolors@1.1.1 deduped
│ │ ├─┬ @babel/generator@7.29.8
│ │ │ ├── @babel/parser@7.29.9 deduped
│ │ │ ├── @babel/types@7.29.8 deduped
│ │ │ ├─┬ @jridgewell/gen-mapping@0.3.13
│ │ │ │ ├── @jridgewell/sourcemap-codec@1.6.0 deduped
│ │ │ │ └── @jridgewell/trace-mapping@0.3.31 deduped
│ │ │ ├── @jridgewell/trace-mapping@0.3.31 deduped
│ │ │ └── jsesc@3.1.0
│ │ ├─┬ @babel/helper-compilation-targets@7.29.7
│ │ │ ├── @babel/compat-data@7.29.7
│ │ │ ├── @babel/helper-validator-option@7.29.7
│ │ │ ├── browserslist@4.29.0 deduped
│ │ │ ├─┬ lru-cache@5.1.1
│ │ │ │ └── yallist@3.1.1
│ │ │ └── semver@6.3.1
│ │ ├─┬ @babel/helper-module-transforms@7.29.7
│ │ │ ├── @babel/core@7.29.7 deduped
│ │ │ ├─┬ @babel/helper-module-imports@7.29.7
│ │ │ │ ├── @babel/traverse@7.29.8 deduped
│ │ │ │ └── @babel/types@7.29.8 deduped
│ │ │ ├── @babel/helper-validator-identifier@7.29.7 deduped
│ │ │ └── @babel/traverse@7.29.8 deduped
│ │ ├─┬ @babel/helpers@7.29.7
│ │ │ ├── @babel/template@7.29.7 deduped
│ │ │ └── @babel/types@7.29.8 deduped
│ │ ├─┬ @babel/parser@7.29.9
│ │ │ └── @babel/types@7.29.8 deduped
│ │ ├─┬ @babel/template@7.29.7
│ │ │ ├── @babel/code-frame@7.29.7 deduped
│ │ │ ├── @babel/parser@7.29.9 deduped
│ │ │ └── @babel/types@7.29.8 deduped
│ │ ├─┬ @babel/traverse@7.29.8
│ │ │ ├── @babel/code-frame@7.29.7 deduped
│ │ │ ├── @babel/generator@7.29.8 deduped
│ │ │ ├── @babel/helper-globals@7.29.7
│ │ │ ├── @babel/parser@7.29.9 deduped
│ │ │ ├── @babel/template@7.29.7 deduped
│ │ │ ├── @babel/types@7.29.8 deduped
│ │ │ └── debug@4.4.3 deduped
│ │ ├─┬ @babel/types@7.29.8
│ │ │ ├── @babel/helper-string-parser@7.29.7
│ │ │ └── @babel/helper-validator-identifier@7.29.7 deduped
│ │ ├─┬ @jridgewell/remapping@2.3.5
│ │ │ ├── @jridgewell/gen-mapping@0.3.13 deduped
│ │ │ └── @jridgewell/trace-mapping@0.3.31 deduped
│ │ ├── convert-source-map@2.0.0
│ │ ├─┬ debug@4.4.3
│ │ │ └── ms@2.1.3
│ │ ├── gensync@1.0.0-beta.2
│ │ ├── json5@2.2.3
│ │ └── semver@6.3.1
│ ├─┬ @pmmmwh/react-refresh-webpack-plugin@0.6.3
│ │ ├── UNMET OPTIONAL DEPENDENCY @types/webpack@5.x
│ │ ├── anser@2.3.5
│ │ ├── core-js-pure@3.50.0
│ │ ├─┬ error-stack-parser@2.1.4
│ │ │ └── stackframe@1.3.4
│ │ ├── html-entities@2.6.0
│ │ ├── react-refresh@0.18.0 deduped
│ │ ├─┬ schema-utils@4.5.0
│ │ │ ├── @types/json-schema@7.0.15 deduped
│ │ │ ├─┬ ajv-formats@3.0.1
│ │ │ │ └── ajv@8.20.0 deduped
│ │ │ ├─┬ ajv-keywords@5.1.0
│ │ │ │ ├── ajv@8.20.0 deduped
│ │ │ │ └── fast-deep-equal@3.1.3
│ │ │ └─┬ ajv@8.20.0
│ │ │   ├── fast-deep-equal@3.1.3 deduped
│ │ │   ├── fast-uri@3.1.8
│ │ │   ├── json-schema-traverse@1.0.0
│ │ │   └── require-from-string@2.0.2
│ │ ├── UNMET OPTIONAL DEPENDENCY sockjs-client@^1.4.0
│ │ ├── source-map@0.7.6 deduped
│ │ ├── UNMET OPTIONAL DEPENDENCY type-fest@>=0.17.0 <6.0.0
│ │ ├── UNMET OPTIONAL DEPENDENCY webpack-dev-server@^4.8.0 || 5.x || 6.x
│ │ ├── UNMET OPTIONAL DEPENDENCY webpack-hot-middleware@2.x
│ │ ├── UNMET OPTIONAL DEPENDENCY webpack-plugin-serve@1.x
│ │ └── webpack@5.111.1 deduped
│ ├─┬ @vue/compiler-sfc@3.5.43
│ │ ├── @babel/parser@7.29.9 deduped
│ │ ├─┬ @vue/compiler-core@3.5.43
│ │ │ ├── @babel/parser@7.29.9 deduped
│ │ │ ├── @vue/shared@3.5.43 deduped
│ │ │ ├── entities@7.0.1
│ │ │ ├── estree-walker@2.0.2 deduped
│ │ │ └── source-map-js@1.2.1 deduped
│ │ ├─┬ @vue/compiler-dom@3.5.43
│ │ │ ├── @vue/compiler-core@3.5.43 deduped
│ │ │ └── @vue/shared@3.5.43 deduped
│ │ ├─┬ @vue/compiler-ssr@3.5.43
│ │ │ ├── @vue/compiler-dom@3.5.43 deduped
│ │ │ └── @vue/shared@3.5.43 deduped
│ │ ├── @vue/shared@3.5.43
│ │ ├── estree-walker@2.0.2
│ │ ├─┬ magic-string@0.30.21
│ │ │ └── @jridgewell/sourcemap-codec@1.6.0
│ │ ├── postcss@8.5.28 deduped
│ │ └── source-map-js@1.2.1 deduped
│ ├─┬ acorn-stage3@4.0.0
│ │ ├─┬ acorn-class-fields@0.3.7
│ │ │ ├─┬ acorn-private-class-elements@0.2.7
│ │ │ │ └── acorn@8.18.0 deduped
│ │ │ └── acorn@8.18.0 deduped
│ │ ├─┬ acorn-private-methods@0.3.3
│ │ │ ├── acorn-private-class-elements@0.2.7 deduped
│ │ │ └── acorn@8.18.0 deduped
│ │ ├─┬ acorn-static-class-features@0.2.4
│ │ │ ├── acorn-private-class-elements@0.2.7 deduped
│ │ │ └── acorn@8.18.0 deduped
│ │ └── acorn@8.18.0 deduped
│ ├── acorn@8.18.0 deduped
│ ├── ansi-colors@4.1.3
│ ├─┬ babel-loader@10.1.1
│ │ ├── @babel/core@7.29.7 deduped
│ │ ├── UNMET OPTIONAL DEPENDENCY @rspack/core@^1.0.0 || ^2.0.0-0
│ │ ├─┬ find-up@5.0.0
│ │ │ ├─┬ locate-path@6.0.0
│ │ │ │ └─┬ p-locate@5.0.0
│ │ │ │   └─┬ p-limit@3.1.0
│ │ │ │     └── yocto-queue@0.1.0
│ │ │ └── path-exists@4.0.0
│ │ └── webpack@5.111.1 deduped
│ ├─┬ cli-highlight@2.1.11
│ │ ├─┬ chalk@4.1.2
│ │ │ ├─┬ ansi-styles@4.3.0
│ │ │ │ └─┬ color-convert@2.0.1
│ │ │ │   └── color-name@1.1.4
│ │ │ └─┬ supports-color@7.2.0
│ │ │   └── has-flag@4.0.0
│ │ ├── highlight.js@10.7.3
│ │ ├─┬ mz@2.7.0
│ │ │ ├── any-promise@1.3.0
│ │ │ ├── object-assign@4.1.1
│ │ │ └─┬ thenify-all@1.6.0
│ │ │   └─┬ thenify@3.3.1
│ │ │     └── any-promise@1.3.0 deduped
│ │ ├─┬ parse5-htmlparser2-tree-adapter@6.0.1
│ │ │ └── parse5@6.0.1
│ │ ├── parse5@5.1.1
│ │ └─┬ yargs@16.2.2
│ │   ├─┬ cliui@7.0.4
│ │   │ ├── string-width@4.2.3 deduped
│ │   │ ├─┬ strip-ansi@6.0.1
│ │   │ │ └── ansi-regex@5.0.1
│ │   │ └─┬ wrap-ansi@7.0.0
│ │   │   ├── ansi-styles@4.3.0 deduped
│ │   │   ├── string-width@4.2.3 deduped
│ │   │   └── strip-ansi@6.0.1 deduped
│ │   ├── escalade@3.2.0
│ │   ├── get-caller-file@2.0.5
│ │   ├── require-directory@2.1.1
│ │   ├─┬ string-width@4.2.3
│ │   │ ├── emoji-regex@8.0.0
│ │   │ ├── is-fullwidth-code-point@3.0.0
│ │   │ └── strip-ansi@6.0.1 deduped
│ │   ├── y18n@5.0.8
│ │   └── yargs-parser@20.2.9
│ ├── commander@14.0.3
│ ├─┬ copy-webpack-plugin@13.0.1
│ │ ├─┬ glob-parent@6.0.2
│ │ │ └─┬ is-glob@4.0.3
│ │ │   └── is-extglob@2.1.1
│ │ ├── normalize-path@3.0.0
│ │ ├── schema-utils@4.5.0 deduped
│ │ ├─┬ serialize-javascript@6.0.2
│ │ │ └─┬ randombytes@2.1.0
│ │ │   └── safe-buffer@5.2.1
│ │ ├─┬ tinyglobby@0.2.17
│ │ │ ├─┬ fdir@6.5.0
│ │ │ │ └── picomatch@4.0.7 deduped
│ │ │ └── picomatch@4.0.7 deduped
│ │ └── webpack@5.111.1 deduped
│ ├─┬ css-loader@7.1.5
│ │ ├── UNMET OPTIONAL DEPENDENCY @rspack/core@0.x || ^1.0.0 || ^2.0.0-0
│ │ ├─┬ icss-utils@5.1.0
│ │ │ └── postcss@8.5.28 deduped
│ │ ├─┬ postcss-modules-extract-imports@3.1.0
│ │ │ └── postcss@8.5.28 deduped
│ │ ├─┬ postcss-modules-local-by-default@4.2.0
│ │ │ ├── icss-utils@5.1.0 deduped
│ │ │ ├─┬ postcss-selector-parser@7.1.6
│ │ │ │ ├── cssesc@3.0.0
│ │ │ │ └── util-deprecate@1.0.2
│ │ │ ├── postcss-value-parser@4.2.0 deduped
│ │ │ └── postcss@8.5.28 deduped
│ │ ├─┬ postcss-modules-scope@3.2.1
│ │ │ ├── postcss-selector-parser@7.1.6 deduped
│ │ │ └── postcss@8.5.28 deduped
│ │ ├─┬ postcss-modules-values@4.0.0
│ │ │ ├── icss-utils@5.1.0 deduped
│ │ │ └── postcss@8.5.28 deduped
│ │ ├── postcss-value-parser@4.2.0
│ │ ├── postcss@8.5.28 deduped
│ │ ├── semver@7.8.5 deduped
│ │ └── webpack@5.111.1 deduped
│ ├─┬ css@3.0.0
│ │ ├── inherits@2.0.4
│ │ ├─┬ source-map-resolve@0.6.0
│ │ │ ├── atob@2.1.2
│ │ │ └── decode-uri-component@0.2.2
│ │ └── source-map@0.6.1
│ ├─┬ dotenv-webpack@8.1.1
│ │ ├─┬ dotenv-defaults@2.0.2
│ │ │ └── dotenv@8.6.0
│ │ └── webpack@5.111.1 deduped
│ ├─┬ fork-ts-checker-webpack-plugin@9.1.0
│ │ ├── @babel/code-frame@7.29.7 deduped
│ │ ├── chalk@4.1.2 deduped
│ │ ├─┬ chokidar@4.0.3
│ │ │ └── readdirp@4.1.2
│ │ ├─┬ cosmiconfig@8.3.6
│ │ │ ├─┬ import-fresh@3.3.1
│ │ │ │ ├─┬ parent-module@1.0.1
│ │ │ │ │ └── callsites@3.1.0
│ │ │ │ └── resolve-from@4.0.0
│ │ │ ├─┬ js-yaml@4.3.2
│ │ │ │ └── argparse@2.0.1
│ │ │ ├─┬ parse-json@5.2.0
│ │ │ │ ├── @babel/code-frame@7.29.7 deduped
│ │ │ │ ├─┬ error-ex@1.3.4
│ │ │ │ │ └── is-arrayish@0.2.1
│ │ │ │ ├── json-parse-even-better-errors@2.3.1
│ │ │ │ └── lines-and-columns@1.2.4
│ │ │ ├── path-type@4.0.0
│ │ │ └── typescript@5.7.3 deduped
│ │ ├── deepmerge@4.3.1
│ │ ├─┬ fs-extra@10.1.0
│ │ │ ├── graceful-fs@4.2.11 deduped
│ │ │ ├─┬ jsonfile@6.2.1
│ │ │ │ ├── graceful-fs@4.2.11 deduped
│ │ │ │ └── universalify@2.0.1 deduped
│ │ │ └── universalify@2.0.1
│ │ ├─┬ memfs@3.5.3
│ │ │ └── fs-monkey@1.1.0
│ │ ├─┬ minimatch@3.1.5
│ │ │ └─┬ brace-expansion@1.1.21
│ │ │   ├── balanced-match@1.0.2
│ │ │   └── concat-map@0.0.1
│ │ ├── node-abort-controller@3.1.1
│ │ ├─┬ schema-utils@3.3.0
│ │ │ ├── @types/json-schema@7.0.15 deduped
│ │ │ ├─┬ ajv-keywords@3.5.2
│ │ │ │ └── ajv@6.15.0 deduped
│ │ │ └─┬ ajv@6.15.0
│ │ │   ├── fast-deep-equal@3.1.3 deduped
│ │ │   ├── fast-json-stable-stringify@2.1.0
│ │ │   ├── json-schema-traverse@0.4.1
│ │ │   └─┬ uri-js@4.4.1
│ │ │     └── punycode@2.3.1
│ │ ├── semver@7.8.5 deduped
│ │ ├── tapable@2.3.3
│ │ ├── typescript@5.7.3 deduped
│ │ └── webpack@5.111.1 deduped
│ ├── loader-utils@3.3.1
│ ├── UNMET OPTIONAL DEPENDENCY nativescript-vue-template-compiler@^2.8.1
│ ├─┬ postcss-import@16.2.0
│ │ ├── postcss-value-parser@4.2.0 deduped
│ │ ├── postcss@8.5.28 deduped
│ │ ├── read-cache@1.0.2
│ │ └─┬ resolve@1.22.12
│ │   ├── es-errors@1.3.0
│ │   ├─┬ is-core-module@2.17.0
│ │   │ └─┬ hasown@2.0.4
│ │   │   └── function-bind@1.1.2
│ │   ├── path-parse@1.0.7
│ │   └── supports-preserve-symlinks-flag@1.0.0
│ ├─┬ postcss-loader@8.2.1
│ │ ├── UNMET OPTIONAL DEPENDENCY @rspack/core@0.x || ^1.0.0 || ^2.0.0-0
│ │ ├─┬ cosmiconfig@9.0.2
│ │ │ ├── env-paths@2.2.1
│ │ │ ├── import-fresh@3.3.1 deduped
│ │ │ ├── js-yaml@4.3.2 deduped
│ │ │ ├── parse-json@5.2.0 deduped
│ │ │ └── typescript@5.7.3 deduped
│ │ ├── jiti@2.7.0
│ │ ├── postcss@8.5.28 deduped
│ │ ├── semver@7.8.5 deduped
│ │ └── webpack@5.111.1 deduped
│ ├─┬ postcss@8.5.28
│ │ ├── nanoid@3.3.19
│ │ ├── picocolors@1.1.1
│ │ └── source-map-js@1.2.1 deduped
│ ├─┬ raw-loader@4.0.2
│ │ ├─┬ loader-utils@2.0.4
│ │ │ ├── big.js@5.2.2
│ │ │ ├── emojis-list@3.0.0
│ │ │ └── json5@2.2.3 deduped
│ │ ├─┬ schema-utils@3.3.0
│ │ │ ├── @types/json-schema@7.0.15 deduped
│ │ │ ├─┬ ajv-keywords@3.5.2
│ │ │ │ └── ajv@6.15.0 deduped
│ │ │ └─┬ ajv@6.15.0
│ │ │   ├── fast-deep-equal@3.1.3 deduped
│ │ │   ├── fast-json-stable-stringify@2.1.0 deduped
│ │ │   ├── json-schema-traverse@0.4.1
│ │ │   └── uri-js@4.4.1 deduped
│ │ └── webpack@5.111.1 deduped
│ ├── react-refresh@0.18.0
│ ├─┬ sass-loader@16.0.8
│ │ ├── UNMET OPTIONAL DEPENDENCY @rspack/core@0.x || ^1.0.0 || ^2.0.0-0
│ │ ├── neo-async@2.6.2
│ │ ├── UNMET OPTIONAL DEPENDENCY node-sass@^4.0.0 || ^5.0.0 || ^6.0.0 || ^7.0.0 || ^8.0.0 || ^9.0.0
│ │ ├── UNMET OPTIONAL DEPENDENCY sass-embedded@*
│ │ ├── sass@1.105.0 deduped
│ │ └── webpack@5.111.1 deduped
│ ├─┬ sass@1.105.0
│ │ ├─┬ @parcel/watcher@2.6.0
│ │ │ ├── UNMET OPTIONAL DEPENDENCY @parcel/watcher-android-arm64@2.6.0
│ │ │ ├── UNMET OPTIONAL DEPENDENCY @parcel/watcher-darwin-arm64@2.6.0
│ │ │ ├── @parcel/watcher-darwin-x64@2.6.0
│ │ │ ├── UNMET OPTIONAL DEPENDENCY @parcel/watcher-freebsd-x64@2.6.0
│ │ │ ├── UNMET OPTIONAL DEPENDENCY @parcel/watcher-linux-arm-glibc@2.6.0
│ │ │ ├── UNMET OPTIONAL DEPENDENCY @parcel/watcher-linux-arm-musl@2.6.0
│ │ │ ├── UNMET OPTIONAL DEPENDENCY @parcel/watcher-linux-arm64-glibc@2.6.0
│ │ │ ├── UNMET OPTIONAL DEPENDENCY @parcel/watcher-linux-arm64-musl@2.6.0
│ │ │ ├── UNMET OPTIONAL DEPENDENCY @parcel/watcher-linux-x64-glibc@2.6.0
│ │ │ ├── UNMET OPTIONAL DEPENDENCY @parcel/watcher-linux-x64-musl@2.6.0
│ │ │ ├── UNMET OPTIONAL DEPENDENCY @parcel/watcher-win32-arm64@2.6.0
│ │ │ ├── UNMET OPTIONAL DEPENDENCY @parcel/watcher-win32-x64@2.6.0
│ │ │ ├── detect-libc@2.1.2
│ │ │ ├── is-glob@4.0.3 deduped
│ │ │ ├── node-addon-api@7.1.1
│ │ │ └── picomatch@4.0.7 deduped
│ │ ├─┬ chokidar@5.0.0
│ │ │ └── readdirp@5.1.1
│ │ ├── immutable@5.1.9
│ │ └── source-map-js@1.2.1 deduped
│ ├── sax@1.6.1
│ ├── semver@7.8.5
│ ├── source-map@0.7.6 deduped
│ ├─┬ terser-webpack-plugin@5.6.1
│ │ ├─┬ @jridgewell/trace-mapping@0.3.31
│ │ │ ├── @jridgewell/resolve-uri@3.1.2
│ │ │ └── @jridgewell/sourcemap-codec@1.6.0 deduped
│ │ ├─┬ jest-worker@27.5.1
│ │ │ ├── @types/node@25.9.8 deduped
│ │ │ ├── merge-stream@2.0.0
│ │ │ └─┬ supports-color@8.1.1
│ │ │   └── has-flag@4.0.0 deduped
│ │ ├── schema-utils@4.5.0 deduped
│ │ ├─┬ terser@5.51.2
│ │ │ ├─┬ @jridgewell/source-map@0.3.11
│ │ │ │ ├── @jridgewell/gen-mapping@0.3.13 deduped
│ │ │ │ └── @jridgewell/trace-mapping@0.3.31 deduped
│ │ │ ├── acorn@8.18.0 deduped
│ │ │ ├── commander@2.20.3
│ │ │ └─┬ source-map-support@0.5.21
│ │ │   ├── buffer-from@1.1.2
│ │ │   └── source-map@0.6.1
│ │ └── webpack@5.111.1 deduped
│ ├── ts-dedent@2.3.0
│ ├─┬ ts-loader@9.6.2
│ │ ├── chalk@4.1.2 deduped
│ │ ├── loader-utils@3.3.1 deduped
│ │ ├── picomatch@4.0.7
│ │ ├── source-map@0.7.6 deduped
│ │ ├── typescript@5.7.3 deduped
│ │ └── webpack@5.111.1 deduped
│ ├─┬ vue-loader@17.4.2
│ │ ├── chalk@4.1.2 deduped
│ │ ├── hash-sum@2.0.0
│ │ ├─┬ watchpack@2.5.2
│ │ │ └── graceful-fs@4.2.11 deduped
│ │ └── webpack@5.111.1 deduped
│ ├─┬ webpack-bundle-analyzer@4.10.2
│ │ ├── @discoveryjs/json-ext@0.5.7
│ │ ├─┬ acorn-walk@8.3.5
│ │ │ └── acorn@8.18.0 deduped
│ │ ├── acorn@8.18.0 deduped
│ │ ├── commander@7.2.0
│ │ ├── debounce@1.2.1
│ │ ├── escape-string-regexp@4.0.0
│ │ ├─┬ gzip-size@6.0.0
│ │ │ └── duplexer@0.1.2
│ │ ├── html-escaper@2.0.2
│ │ ├── opener@1.5.2
│ │ ├── picocolors@1.1.1 deduped
│ │ ├─┬ sirv@2.0.4
│ │ │ ├── @polka/url@1.0.0-next.29
│ │ │ ├── mrmime@2.0.1
│ │ │ └── totalist@3.0.1
│ │ └─┬ ws@7.5.13
│ │   ├── UNMET OPTIONAL DEPENDENCY bufferutil@^4.0.1
│ │   └── UNMET OPTIONAL DEPENDENCY utf-8-validate@^5.0.2
│ ├─┬ webpack-chain@6.5.1
│ │ ├── deepmerge@1.5.2
│ │ └── javascript-stringify@2.1.0
│ ├─┬ webpack-cli@6.0.1
│ │ ├── @discoveryjs/json-ext@0.6.3
│ │ ├─┬ @webpack-cli/configtest@3.0.1
│ │ │ ├── webpack-cli@6.0.1 deduped
│ │ │ └── webpack@5.111.1 deduped
│ │ ├─┬ @webpack-cli/info@3.0.1
│ │ │ ├── webpack-cli@6.0.1 deduped
│ │ │ └── webpack@5.111.1 deduped
│ │ ├─┬ @webpack-cli/serve@3.0.1
│ │ │ ├── webpack-cli@6.0.1 deduped
│ │ │ └── webpack@5.111.1 deduped
│ │ ├── colorette@2.0.20
│ │ ├── commander@12.1.0
│ │ ├─┬ cross-spawn@7.0.6
│ │ │ ├── path-key@3.1.1
│ │ │ ├─┬ shebang-command@2.0.0
│ │ │ │ └── shebang-regex@3.0.0
│ │ │ └─┬ which@2.0.2
│ │ │   └── isexe@2.0.0
│ │ ├── envinfo@7.21.0
│ │ ├── fastest-levenshtein@1.0.16
│ │ ├─┬ import-local@3.2.0
│ │ │ ├─┬ pkg-dir@4.2.0
│ │ │ │ └─┬ find-up@4.1.0
│ │ │ │   ├─┬ locate-path@5.0.0
│ │ │ │   │ └─┬ p-locate@4.1.0
│ │ │ │   │   └─┬ p-limit@2.3.0
│ │ │ │   │     └── p-try@2.2.0
│ │ │ │   └── path-exists@4.0.0 deduped
│ │ │ └─┬ resolve-cwd@3.0.0
│ │ │   └── resolve-from@5.0.0
│ │ ├── interpret@3.1.1
│ │ ├─┬ rechoir@0.8.0
│ │ │ └── resolve@1.22.12 deduped
│ │ ├── webpack-merge@6.0.1 deduped
│ │ └── webpack@5.111.1 deduped
│ ├─┬ webpack-merge@6.0.1
│ │ ├─┬ clone-deep@4.0.1
│ │ │ ├─┬ is-plain-object@2.0.4
│ │ │ │ └── isobject@3.0.1
│ │ │ ├── kind-of@6.0.3
│ │ │ └─┬ shallow-clone@3.0.1
│ │ │   └── kind-of@6.0.3 deduped
│ │ ├── flat@5.0.2
│ │ └── wildcard@2.0.1
│ ├── webpack-virtual-modules@0.4.6
│ └─┬ webpack@5.111.1
│   ├── @types/estree@1.0.9
│   ├── @types/json-schema@7.0.15
│   ├─┬ @webassemblyjs/ast@1.14.1
│   │ ├─┬ @webassemblyjs/helper-numbers@1.13.2
│   │ │ ├── @webassemblyjs/floating-point-hex-parser@1.13.2
│   │ │ ├── @webassemblyjs/helper-api-error@1.13.2 deduped
│   │ │ └── @xtuc/long@4.2.2
│   │ └── @webassemblyjs/helper-wasm-bytecode@1.13.2
│   ├─┬ @webassemblyjs/wasm-edit@1.14.1
│   │ ├── @webassemblyjs/ast@1.14.1 deduped
│   │ ├── @webassemblyjs/helper-buffer@1.14.1
│   │ ├── @webassemblyjs/helper-wasm-bytecode@1.13.2 deduped
│   │ ├─┬ @webassemblyjs/helper-wasm-section@1.14.1
│   │ │ ├── @webassemblyjs/ast@1.14.1 deduped
│   │ │ ├── @webassemblyjs/helper-buffer@1.14.1 deduped
│   │ │ ├── @webassemblyjs/helper-wasm-bytecode@1.13.2 deduped
│   │ │ └── @webassemblyjs/wasm-gen@1.14.1 deduped
│   │ ├─┬ @webassemblyjs/wasm-gen@1.14.1
│   │ │ ├── @webassemblyjs/ast@1.14.1 deduped
│   │ │ ├── @webassemblyjs/helper-wasm-bytecode@1.13.2 deduped
│   │ │ ├── @webassemblyjs/ieee754@1.13.2 deduped
│   │ │ ├── @webassemblyjs/leb128@1.13.2 deduped
│   │ │ └── @webassemblyjs/utf8@1.13.2 deduped
│   │ ├─┬ @webassemblyjs/wasm-opt@1.14.1
│   │ │ ├── @webassemblyjs/ast@1.14.1 deduped
│   │ │ ├── @webassemblyjs/helper-buffer@1.14.1 deduped
│   │ │ ├── @webassemblyjs/wasm-gen@1.14.1 deduped
│   │ │ └── @webassemblyjs/wasm-parser@1.14.1 deduped
│   │ ├── @webassemblyjs/wasm-parser@1.14.1 deduped
│   │ └─┬ @webassemblyjs/wast-printer@1.14.1
│   │   ├── @webassemblyjs/ast@1.14.1 deduped
│   │   └── @xtuc/long@4.2.2 deduped
│   ├─┬ @webassemblyjs/wasm-parser@1.14.1
│   │ ├── @webassemblyjs/ast@1.14.1 deduped
│   │ ├── @webassemblyjs/helper-api-error@1.13.2
│   │ ├── @webassemblyjs/helper-wasm-bytecode@1.13.2 deduped
│   │ ├─┬ @webassemblyjs/ieee754@1.13.2
│   │ │ └── @xtuc/ieee754@1.2.0
│   │ ├─┬ @webassemblyjs/leb128@1.13.2
│   │ │ └── @xtuc/long@4.2.2 deduped
│   │ └── @webassemblyjs/utf8@1.13.2
│   ├─┬ browserslist@4.29.0
│   │ ├── baseline-browser-mapping@2.11.25
│   │ ├── caniuse-lite@1.0.30001812
│   │ ├── electron-to-chromium@1.5.438
│   │ ├── node-releases@2.0.57
│   │ └─┬ update-browserslist-db@1.3.3
│   │   ├── browserslist@4.29.0 deduped
│   │   ├── escalade@3.2.0 deduped
│   │   └── picocolors@1.1.1 deduped
│   ├── chrome-trace-event@1.0.4
│   ├─┬ enhanced-resolve@5.25.1
│   │ ├── graceful-fs@4.2.11 deduped
│   │ └── tapable@2.3.3 deduped
│   ├── es-module-lexer@2.3.2
│   ├── events@3.3.0
│   ├── graceful-fs@4.2.11
│   ├── mime-db@1.54.0
│   ├─┬ minimizer-webpack-plugin@5.11.0
│   │ ├── @jridgewell/trace-mapping@0.3.31 deduped
│   │ ├── jest-worker@27.5.1 deduped
│   │ ├── schema-utils@4.5.0 deduped
│   │ ├── terser@5.51.2 deduped
│   │ └── webpack@5.111.1 deduped
│   ├── schema-utils@4.5.0 deduped
│   ├── tapable@2.3.3 deduped
│   ├── watchpack@2.5.2 deduped
│   └── webpack-sources@3.5.1
├── @webgpu/types@0.1.64
└── typescript@5.7.3

