
> @haiyue/games-repository@0.1.0 test
> node --experimental-strip-types --test "games/test/**/*.test.mjs"

✔ 2048 JSON config owns board, geometry, animation, input, and palette settings (30.770442ms)
✔ 2048 config validation rejects unsafe dimensions and malformed colors (34.200751ms)
✔ 2048 fills the viewport and renders its HUD with engine GUI and four-sample MSAA (28.536725ms)
✔ 2048 move rules merge each tile once and report gained score (24.969414ms)
✔ 2048 move availability detects empty and adjacent matching cells (1.565865ms)
✔ 2048 declares one stable autosave identity and validates complete game data (5.618429ms)
✔ 2048 save validation rejects wrong board shape, illegal tiles, and incomplete scores (1.971952ms)
✔ 2048 persistence goes through the engine save facade without direct storage calls (65.74631ms)
✔ held trigger fires at 600 rpm; releasing immediately stops (201.514806ms)
✔ cadence is stable at 30, 60 and 120 FPS (378.966225ms)
✔ the last round starts automatic reload exactly once, even after releasing fire (165.298113ms)
✔ held fire resumes after automatic reload, and idle empty magazines also reload (540.074773ms)
✔ bullets originate at muzzle and preserve the facing at emission (154.70026ms)
✔ swept enemy hits score once; cover absorbs bullets before a body (367.527144ms)
✔ suspension cannot discharge a backlog on resume; invalid time rejected (147.821625ms)
✔ source GLBs match provenance; rifle runtime excludes first-person arms (127.765372ms)
✔ one seeded enemy appears at an arena edge every three simulation seconds (437.660781ms)
✔ player sees 120 degrees and enemies see 60 degrees, with exact boundaries and cover (176.447072ms)
✔ actors slide along cover and cannot tunnel through it or leave the arena (163.955627ms)
✔ Engine navigation routes around cover with body clearance (188.001322ms)
✔ an unaware enemy cannot track a player behind its back or through cover (269.736119ms)
✔ acquired targets are shot after a reaction delay; death stops simulation; restart clears combat (121.010811ms)
✔ a hand socket extending through cover cannot shoot from its far side (143.797887ms)
✔ right aim owns facing independently of movement, including center hold and return to center (0.850149ms)
✔ screen aim cardinal directions map to world bullet directions, regardless of movement (633.330629ms)
✔ radar includes rear and covered bearings and clamps distant contacts without changing bearing (0.895608ms)
✔ dead enemies cannot move, fire, block shots or score twice, and expire after five seconds even at game over (177.538714ms)
✔ enemy fire uses a ten-metre engagement range and bullets cannot hit beyond their physical range (603.827959ms)
✔ billiards 3d cue picking projects into the current viewport (6.665865ms)
✔ billiards 3d cue charging takes pointer priority over orbit controls (31.17423ms)
✔ billiards 3d renders its responsive HUD with engine GUI (35.061263ms)
✔ billiards 3d delegates matrix operations to wgpu-matrix (4.790219ms)
✔ billiards 3d reuses a tapered cue stick and pulls it back with shot power (9.911456ms)
✔ billiards fills the viewport and renders its HUD with engine GUI (23.395366ms)
✔ calendar sound cues are bounded and repeated actions are rate limited (26.286506ms)
✔ gesture unlock may defer briefly but stale cues never play after suspend or dispose (1.295339ms)
✔ all eight shipped WAVs match native mono PCM constraints and avoid clipped or discontinuous edges (57.689027ms)
✔ iOS and Android finger jitter and a shifted second tap still rotate exactly once (10.51827ms)
✔ drag threshold uses logical screen pixels at every board scale (4.909888ms)
✔ separate pieces, distant taps, slow taps, holds and cancellation do not rotate (1.275825ms)
✔ release-only displacement is a drag, and mouse gestures retain precise thresholds (1.47899ms)
✔ DOM pointer coordinates remain readable even when implemented as prototype getters (2.567679ms)
✔ exact-cover solver covers all legal cells for every month and weekday (3364.098428ms)
✔ hint preserves a compatible partial board and recognises symmetric orientations (134.560245ms)
✔ invalid pinned pieces are rejected (130.64408ms)
✔ incompatible legal position returns a complete alternative instead of a conflicting hint (197.534864ms)
✔ partial-search time limit still permits a complete fallback solution (82.429393ms)
✔ repeated hints reuse one worker; cancelling drops stale results and bounds the queue (52.556312ms)
✔ worker error and timeout recover for the newest request without retaining old callbacks (40.255223ms)
✔ rotation, flip and shuffle end exactly at logical tile positions (37.629023ms)
✔ perpetual calendar handles Gregorian century leap years and years below 100 (3.913111ms)
✔ month grid aligns dates to weekdays, including six-week months (17.204875ms)
✔ month/year navigation rolls over December and clamps calendar endpoints (8.778518ms)
✔ history is immutable, year-specific, deduplicated and rejects invalid dates (2.183096ms)
✔ assisted wins have no star; a clean replay earns one without losing it on later assisted wins (1.697034ms)
✔ save data preserves assistance and stars while accepting old history without inventing stars (1.088436ms)
✔ Calendar puzzle model defines unique playable cells and pieces (4.546364ms)
✔ Calendar puzzle normalizes transformed piece coordinates (3.766472ms)
✔ Calendar puzzle save validation checks dates and piece state (12.580962ms)
node:internal/modules/run_main:107
    triggerUncaughtException(
    ^

file:///Users/qingque/Desktop/HaiyueStudio/Games/games/calendar-puzzle/raster-surface.ts:6
  constructor(
    private readonly create: (width: number, height: number) => HTMLCanvasElement,
                     ^^^^^^^^^^^^^^^^^^^^^^^^^^^^^^^^^^^^^^^^^^^^^^^^^^^^^^^^^^^^
    private readonly copiedOnUpload: boolean,

SyntaxError [ERR_UNSUPPORTED_TYPESCRIPT_SYNTAX]: TypeScript parameter property is not supported in strip-only mode
    at parseTypeScript (node:internal/modules/typescript:68:40)
    at processTypeScriptCode (node:internal/modules/typescript:146:42)
    at stripTypeScriptModuleTypes (node:internal/modules/typescript:215:22)
    at ModuleLoader.<anonymous> (node:internal/modules/esm/translators:680:29)
    at #translate (node:internal/modules/esm/loader:434:20)
    at afterLoad (node:internal/modules/esm/loader:502:29)
    at ModuleLoader.loadAndTranslate (node:internal/modules/esm/loader:507:12)
    at #getOrCreateModuleJobAfterResolve (node:internal/modules/esm/loader:560:36)
    at afterResolve (node:internal/modules/esm/loader:607:52)
    at ModuleLoader.getOrCreateModuleJob (node:internal/modules/esm/loader:613:12) {
  code: 'ERR_UNSUPPORTED_TYPESCRIPT_SYNTAX'
}

Node.js v24.19.0
✖ games/test/calendar-puzzle-raster.test.mjs (709.686481ms)
✔ full surface and square cells at 1200×720 (15.147315ms)
✔ shuffled pieces fit left tray at 1200×720 (135.708216ms)
✔ full surface and square cells at 932×430 (0.592241ms)
✔ shuffled pieces fit left tray at 932×430 (151.047488ms)
✔ full surface and square cells at 814×409 (0.576855ms)
✔ shuffled pieces fit left tray at 814×409 (87.333807ms)
✔ full surface and square cells at 1100×720 (0.602063ms)
✔ shuffled pieces fit left tray at 1100×720 (208.839273ms)
✔ full surface and square cells at 393×814 (1.040414ms)
✔ shuffled pieces fit left tray at 393×814 (57.066757ms)
✔ language saves are backward compatible (2.979809ms)
✔ camera projection cache skips unchanged transforms and projections (23.464823ms)
✔ camera projection cache invalidates on transform, viewport, and camera changes (2.3472ms)
✔ every game engine enables four-sample MSAA (687.630995ms)
✔ game canvases do not use fixed CSS pixel render sizes (42.162858ms)
✔ Gravity Maze freezes the source snapshot before one deterministic raster evidence frame (31.620764ms)
✔ gravity maze generation is deterministic for a seed (60.342066ms)
✔ generated maze is connected and every wall is symmetric (10.170828ms)
✔ goal is reachable by a hole-free solution and holes remain sparse (42.644714ms)
✔ successive levels derive stable distinct seeds (42.143688ms)
✔ merged floor slabs cover every safe cell and leave every hole unsupported (3.67599ms)
✔ the six gem colors keep a strong pairwise RGB separation (5.691952ms)
✔ rainbow lightning batches deterministic jagged bolts as independent segments (5.082574ms)
✔ four in a line retains the preferred cell as a colored bomb (4.527736ms)
✔ five or more in a straight line creates a rainbow tile (40.774441ms)
✔ an L/T/cross group of five or more creates a super bomb (1.54239ms)
✔ bomb and super-bomb use radius one/two and recursively chain (2.021068ms)
✔ bomb and super-bomb blasts cannot clear rainbow tiles (0.910915ms)
✔ an existing bomb inside a four-match is cleared instead of retained as the spawn (0.992223ms)
✔ rainbow plus a normal tile clears that color and triggers colored bombs (2.018533ms)
✔ rainbow plus a bomb converts every matching color and explodes all neighborhoods (2.094433ms)
✔ rainbow plus a super bomb converts every matching color into super bombs and explodes radius two (4.588497ms)
✔ two swapped rainbow tiles clear every non-rainbow tile but preserve other rainbows (0.784922ms)
✔ minecraft palette maps every digit key to one of ten colors (8.815922ms)
✔ configured jump velocity reaches exactly 5.5 block heights (1.132501ms)
✔ terrain generation is seeded, bounded, and undulating (49.742047ms)
✔ world enforces a maximum 200 by 200 footprint (13.329024ms)
✔ block edits update the column surface and exposed neighbors (4.229188ms)
✔ voxel DDA returns both the hit block and adjacent placement cell (2.580352ms)
﹣ local A-Shi package completes the viewer pipeline with legacy AIR and RIFF compatibility (3.655189ms) # SKIP
✔ G08-E owns two distinct licensed character packages and one deterministic stage fixture (746.071828ms)
✔ G08-E two-package match reaches KO/win, emits ordered audio and replays byte-exact after restart (20620.367715ms)
✔ G08-E replays the same complete short match 1000 times without trace drift (154819.650642ms)
✔ G08 AfterImage history samples on simulation ticks and selects framegap capture offsets (23.799783ms)
✔ G08 AfterImage history drains old captures after recording ends and stays bounded (145.107502ms)
✔ G08 AfterImage history resets a ring when visual settings change (1.063659ms)
✔ AIR parser preserves action timing, LoopStart, transforms, blend and collision inheritance (167.239512ms)
✔ AIR runtime keeps collision state tick-bound while rendering interpolates independently (33.763069ms)
✔ AIR player defines seek, restart and action-change semantics; debug data is hash-excluded (11.722911ms)
✔ AIR parser emits missing-sprite warnings but treats blank elements as deliberate (19.452388ms)
✔ AIR normalizes legacy A2 through A9 transparency spellings to additive blending (13.304598ms)
✔ AIR ignores an uncommented non-ASCII legacy annotation with a warning (10.683206ms)
✔ AIR canonicalizes legacy negative sprite identifiers to a blank element (19.682167ms)
✔ AIR normalizes legacy zero-duration elements with a displaced flip field (6.100217ms)
✔ AIR evaluates legacy literal arithmetic in sprite identifiers and offsets without relaxing other fields (6.608606ms)
✔ AIR sprite resolution selects the last SFF source record for a duplicate key (37.128056ms)
✔ AIR duplicate actions keep the first definition with an official-compatibility warning (3.158629ms)
✔ AIR accepts legacy blank placeholders and discards frames after the first infinite hold (8.515492ms)
✔ AIR collision count remains authoritative for Elecbyte KFM mislabeled box assignments (3.617526ms)
✔ AIR normalizes a complete one-based legacy collision block (3.229441ms)
✔ AIR recovers a legacy skipped final collision index positionally (5.04684ms)
✔ AIR accepts legacy all-stage collision coordinates while retaining a finite safety bound (6.001584ms)
✔ AIR normalizes legacy visible all-zero placeholder actions to one observable tick (3.546328ms)
✔ AIR parser fails closed on malformed actions, elements, collision declarations and interpolation (17.42208ms)
✔ AIR recovers common legacy placeholder, timing, optional-field and concatenated-frame spellings (9.713743ms)
✔ AIR parser survives deterministic text mutation fuzz without leaking native errors (549.302126ms)
✔ G04 action package contribution is byte-deterministic and references stable G03 sprite ids (49.446243ms)
﹣ local frozen KFM oracle parses with expected AIR inventory (0.471264ms) # SKIP
✔ ChangeAnim2 keeps the AIR owner while rebinding the frame to the physical fighter sprite (14.410347ms)
✔ browser fighter rendering resolves AIR from animationOwnerId and sprites from the physical fixture (3.800148ms)
﹣ local Athena XIII package completes the viewer pipeline with Fighter Factory compatibility (8.29054ms) # SKIP
﹣ local baiken package completes the viewer pipeline with damaged State labels and AIR annotations (3.501095ms) # SKIP
﹣ local Cammy package completes the viewer pipeline with damaged headers, legacy AIR fields and RIFF lengths (3.450085ms) # SKIP
✔ G08-C parser emits typed HitDef IR and rejects fields outside the explicit subset (411.252501ms)
✔ G04 official KFM and KFM720 HitDef inventories compile without dropping their combat parameters (812.922258ms)
✔ G08 HitDef contact commits sound, spark, environment shake and defender PalFX output (541.440018ms)
✔ GetHitVar damage and animtype let the defender select distinct light and hard hurt voices (723.724768ms)
✔ G04 HitBy and NotHitBy compile to two timed attribute slots that gate contact (142.837536ms)
✔ G04 HitOverride redirects matching hits through its typed slot and own state data (140.494092ms)
✔ G04 ReversalDef intercepts an attack box and transfers both fighters into reversal-owned states (125.981965ms)
✔ G04 combat utility controllers own damage scaling, combo count, guard distance and per-tick push (112.169956ms)
✔ G04 fall controllers retain GetHitVar data and apply landing velocity, damage and FallEnvShake (178.463422ms)
✔ G04 airjuggle, StateDef juggle and HitDef air.juggle share an authoritative point pool (249.735335ms)
✔ G04 fall recovery remains character-script controlled through CanRecover and GetHitVar (248.938107ms)
✔ G04 affectteam, corner push, snap and down.bounce preserve official HitDef behavior (282.982889ms)
✔ G04 HitDefAttr, NumTarget and UniqHitCount triggers observe committed combat authority (132.500543ms)
✔ G04 Move contact triggers start at one and advance only on unpaused attacker ticks (221.418175ms)
✔ Clsn1 versus Clsn2 produces one hit, freezes authoritative time, then recovers (237.760712ms)
✔ the contact frame uses the authored get-hit animation instead of flashing the generic hit pose (387.373576ms)
✔ holding back selects guard damage/stun and AIR body boxes provide deterministic push (235.566125ms)
✔ P2BodyDist uses character front widths so a close throw remains reachable after player push (60.732425ms)
✔ attack contact is captured before body push separates a marginal overlap (92.310699ms)
✔ air physics cannot render a root fighter below the stage floor (88.01202ms)
✔ returning to a controllable grounded state clears stale fall and restores the juggle pool (127.21474ms)
✔ G05 Projectile AIR boxes resolve contact and expose ProjHit lifecycle triggers (176.212704ms)
✔ G08 Projectile projmisstime blocks exactly the documented ticks between repeated hits (168.724223ms)
✔ G05 opposing projectile boxes cancel by priority and expose ProjCancelTime (169.07093ms)
✔ G05 Helper owns HitDef, life, hit pause and target contact when attacking a root player (166.095703ms)
✔ G05 root HitDef transfers FallEnvShake GetHitVar data to an enemy Helper (253.37408ms)
✔ G05 Helper HitBy slots gate incoming root HitDefs and expire on Helper time (111.436649ms)
✔ G05 Helper HitOverride enters its owner state and applies the pending StateDef on the next tick (141.803726ms)
✔ G05 enemy Helpers exchange simultaneous HitDefs with independent life and targets (142.246919ms)
✔ G05 Projectile can hit an enemy Helper and retain projectile contact history (164.712783ms)
✔ G05 Helper AnimTime observes its AIR action and can destroy a completed effect helper (193.896457ms)
✔ G05 fight AIR owner supplies F-prefixed Projectile collision actions (77.590053ms)
✔ G05 Target controllers and Target redirection mutate a targeted Helper in attacker-owned custom state (229.584949ms)
✔ simultaneous contacts resolve as a deterministic double KO and complete after the KO hold (448.859021ms)
✔ G04 simultaneous HitDef priority and class resolve before contact commits (217.845665ms)
✔ G04 throw creates a target, runs attacker-owned custom states, binds, damages and returns with SelfState (300.113341ms)
✔ throw contact scales TargetBind offsets for a high-resolution character coordinate space (147.103573ms)
✔ BindToTarget Head anchor adds the target character head.pos constants (64.546519ms)
✔ 1000-tick combat replay is byte-exact across independent authorities (37681.467667ms)
✔ expired round timer resolves life lead and equal-life draw deterministically (121.439649ms)
✔ time over enters standard MUGEN win, lose, and draw states while result animations keep advancing (140.843022ms)
✔ ScreenBound off may cross the gameplay margin but cannot launch a root fighter outside the visible stage (42.79852ms)
✔ G04 official executable oracle pass is content-addressed and machine-observed (4.255723ms)
✔ G08 generated controller ledger exactly closes the frozen official 89-item census (11.830924ms)
✔ G08 generated parameter ledger covers every documented MUGEN 1.1b1 controller parameter accepted by strict import (125.216462ms)
✔ G03 StateDef expressions and core controllers commit through deterministic authoritative state (571.421366ms)
✔ G03 SelfState returns a custom-state fighter to its own state and animation data (58.159124ms)
✔ standard var(n)/fvar(n) assignment syntax and AssertSpecial parse without changing authoritative fighter state (46.33903ms)
✔ G03 parser fails closed on ambiguous Width and VarRangeSet parameters (45.84069ms)
✔ G03 ledger closes 25 core controllers and script runtime has no direct core field writes (39.832981ms)
✔ generated fallback fight bank covers standard hit and guard cues with valid deterministic WAV data (109.971931ms)
✔ game audio automatically installs and plays the fallback bank for unprefixed HitDef sounds (74.630729ms)
✔ G05 entity authority commits nested helpers in stable identity order and restores bit-exactly (193.597973ms)
✔ G05 destruction cascades through owner graph and same-tick orphan spawns are rejected (8.58922ms)
✔ G05 target ownership belongs to each root/helper player entity and prunes destroyed targets (6.957327ms)
✔ G05 projectile contact, explod mutation, binding and pause move time are deterministic (7.928814ms)
✔ G05 newly spawned visual entities expose age zero before their first advance (19.269158ms)
✔ G05 a newly initialized Helper presents action tick zero once (2.983484ms)
✔ G05 projectile collision cancels ties and decrements the surviving higher priority (21.160047ms)
✔ G05 last projectile contact survives projectile removal for time triggers (10.192234ms)
✔ G05 projectile hit, timeout and bounds enter their typed terminal animations with removal velocity (34.845354ms)
✔ G05 entity and command budgets reject work with stable diagnostics instead of throwing or leaking (3.951979ms)
✔ G05 10,000 round cleanup soak leaves no orphan entity or owner reference (3088.194235ms)
✔ G01 grammar follows official precedence, associativity and typed literals (40.166247ms)
✔ G01 VM fixes int32, float32, division, exponent and bitwise semantics (18.825941ms)
✔ G01 interval grammar enforces rightmost placement and open/closed membership (4.697227ms)
✔ G01 assignment is right associative, typed and observable in the same expression (4.996821ms)
✔ G01 Cond and logical operators short circuit while IfElse remains eager (10.726129ms)
✔ G01 seeded Random is deterministic and snapshot-restorable (36.251787ms)
✔ G01 bytecode codec is canonical, versioned and rejects mutation (29.35275ms)
✔ G01 evaluator enforces fuel and parser/compiler survive deterministic fuzz (207.014972ms)
✔ G01 generated operator/function ledger matches the frozen milestone artifact (5.535902ms)
✔ G01 official documentation oracle fixtures are bytecode differential green (11.509173ms)
✔ G01 call/depth/argument gates and no-dynamic-code scan are closed (22.466082ms)
✔ G05 FightFX imports only AIR/SFF into an independent deterministic render model (154.697252ms)
✔ G08 FightFX optionally imports fight.snd as a distinct common sound bank (25.78726ms)
✔ G05 FightFX fails closed on missing or ambiguous local files (5.294001ms)
✔ G05 browser game installs and renders the local fight animation owner (3.904359ms)
﹣ local official FightFX parses through the browser resource model (20.202409ms) # SKIP
﹣ local Fiona package completes the viewer pipeline with legacy AIR sprite arithmetic (15.296192ms) # SKIP
✔ M11 character scale follows MUGEN localcoord and CNS [Size] (18.387362ms)
✔ M11 viewport keeps stage aspect ratio and centers its render area (5.086898ms)
✔ M11 game flow is rendered through Haiyue GUI from title to fight (6.019194ms)
✔ M11 character select exposes portraits, two keyboard schemes, and wrapped grid navigation (9.899353ms)
✔ M11 stage selection renders the selected stage before entering a fight (2.532008ms)
✔ M11 round audio maps motif announcements and character-specific KO voices (2.553672ms)
✔ M11 automatic KO voice respects nokosnd and avoids a duplicate scripted 11,0 sound (1.361355ms)
✔ G08-D formal fixture imports package, CMD/CNS and all browser fight actions (711.324145ms)
✔ G08-D fixture drives browser match authority from input through combat contact (757.080478ms)
✔ M10 combat clamps knockback to the moving camera screen bounds (234.886527ms)
✔ new index is the game entry and charactorPreview preserves the original viewer (8.529264ms)
﹣ local Goeniko D4 package completes the viewer pipeline (7.436082ms) # SKIP
﹣ local HinakoAct package completes the viewer pipeline (4.323262ms) # SKIP
✔ restricted VFS canonicalizes separators, hashes deterministically, and rejects unsafe or ambiguous paths (169.477661ms)
✔ browser directory adapters strip only the selected root and produce the same VFS from FileList or directory handles (37.742016ms)
✔ loss-aware text parser preserves duplicate order, comments, header semicolons, BOM and source byte offsets (77.054822ms)
✔ loss-aware text parser preserves legacy apostrophe-prefixed directive lines (3.098624ms)
✔ loss-aware text parser accepts a legacy State header with a damaged trailing label only (28.237408ms)
✔ loss-aware text parser preserves legacy separators, bracketed headings and malformed unused string values as directives or assignments (4.206602ms)
✔ dependency graph selects a character DEF, resolves case-insensitively, records exact edges and rejects missing/cyclic/traversing references (123.255909ms)
✖ HYMUGEN v1 is byte-exact, round-trips canonically, excludes raw source bytes, and rejects tampering or unknown fields (47.89943ms)
✔ ZIP adapter accepts stored and deflated files, strips one common root, and fails closed on truncation or ratio bombs (256.012722ms)
✔ Worker client is latest-wins, ignores stale replies, transfers chunks, and disposes idempotently (12.635053ms)
✔ MUGEN input maps screen directions to facing-relative directions for both players (47.965855ms)
✔ MUGEN input history is bounded, tick exact and resets without retaining held state (10.856233ms)
✔ 60 Hz MUGEN input trace is byte-exact across 30/60/120 Hz and jittered display cadence (613.806267ms)
✔ replay header freezes package/profile/seed/revision and recorder rejects gaps or overflow (7.685056ms)
✔ AILevel and direct CPU commands are normalized into deterministic replay input (11.336799ms)
✔ recorded tick snapshots replay one complete headless round byte-exact (165.854431ms)
✔ default bindings provide independent keyboard and standard gamepad controls for P1/P2 (0.93961ms)
✔ MUGEN browser adapter consumes the packed Engine sampler and tears down idempotently (121.247953ms)
✔ MUGEN browser adapter replays every fast keyboard transition instead of collapsing to the final held keys (27.012409ms)
✔ G08 product input seam records CPU AILevel and package command injection in authoritative history (6.337038ms)
✔ MUGEN fixed-step driver pauses while hidden and discards the resume-frame wall delta (24.536976ms)
✔ M12 caps high-DPI render work to a 1080p-class pixel budget (4.500477ms)
✔ M12 reuses immutable stage actors until a visible input changes (2.290899ms)
✔ M12 loading UI reports parse and GPU upload progress through Haiyue GUI (15.468289ms)
﹣ local Luna Himeki package completes the viewer pipeline with mixed comment encoding and legacy RIFF length (5.748286ms) # SKIP
﹣ local mai2k package completes the viewer pipeline with A3-A7 AIR compatibility (8.584593ms) # SKIP
﹣ local AL package completes the viewer pipeline with damaged State-header compatibility (0.826251ms) # SKIP
✔ headless match normalizes exactly two fighters into an immutable JSON snapshot (40.989039ms)
✔ one tick transaction owns kinematics, state, action, gauges and ordered events (32.173658ms)
✔ unchanged writes do not create events and completed state/action time advances exactly once (15.266402ms)
✔ a script-processed state transition still presents AIR action tick zero once (36.155812ms)
✔ fighter identity order stays stable when positions cross and facing flips (13.545242ms)
✔ round timer expiration, KO, next-round reset and match win follow legal phase transitions (73.782782ms)
✔ time-over and draw resolve without smuggling winner policy into the data owner (21.821569ms)
✔ snapshot restore validates identity/hash and continues with the same state/event trace (32.826764ms)
✔ same recorded input drives a complete headless match to a byte-exact state/event trace (1395.157605ms)
✔ invalid mutations, tick order and event overflow fail closed (6.668872ms)
✔ G07-C composes common states as fallback while character StateDefs override by number (10.028335ms)
✔ built-in characters expose the standard MUGEN time-over result states (1.206094ms)
✔ G07-C product-native KFM programs execute their own light-punch command deterministically (1221.95202ms)
✔ G07-C engine air physics lands an attack state that relies on MUGEN state 52 (1039.715331ms)
✔ KFM720 localcoord converts walk speed, jump velocity and gravity into stage coordinates (54.766562ms)
✔ KFM720 official direction-plus-button throw and quarter-circle command enter package states (50.657189ms)
✔ rapid browser events activate official KFM720 motion commands and its maximum body-gap throw (52.676416ms)
✔ G05 oracle screenshot classifier tolerates one-channel capture quantization (58.117345ms)
✔ G05 committed official MUGEN evidence is a captured, content-addressed pass with full cleanup (72.416469ms)
✔ default keyboard layout exposes MUGEN XYZABC as UIOJKL versus numpad 456123 (60.920772ms)
✔ remapping swaps conflicts and persists a validated versioned document (9.760464ms)
✔ legacy four-attack binding documents gain Z and C without losing existing remaps (1.421917ms)
✔ G08 runtime adapter maps four attack controls to the supported basic attack state (506.248141ms)
✔ character catalog selects KFM variants and accepted Petra with native executable scripts (110452.133092ms)
✔ G06-A parses and executes all fourteen Petra output controller types through deterministic authority (670.566823ms)
✔ G06-A output authority resets one-tick flags and advances timed effects exactly once per tick (4.51411ms)
✔ G08 PalFX lowers to a deterministic RGB affine matrix for indexed-sprite rendering (5.432642ms)
✔ G06-A browser adapter keeps clipboard diagnostics internal and reports unavailable rumble (2.790214ms)
✔ G08 executes the remaining official drawing, global palette, environment, quote and pan controllers (200.787575ms)
✔ G08 SndPan fails closed unless exactly one pan coordinate is supplied (18.100014ms)
✔ G08 ClearClipboard clears only the internal diagnostic buffer (1.256882ms)
✔ G08 Offset and AngleDraw alter rendering while collision authority remains unchanged (1.706956ms)
✔ G08 pending Helpers stay hidden until their StateDef supplies the intended action (2.041184ms)
✔ screen Explod compatibility layout transforms a multipart HUD as one centered group (2.695709ms)
✔ screen Explod projection follows MUGEN screen space independently of camera and character sprite scale (0.95688ms)
✔ MUGEN character palettes do not overwrite independent effect palettes (1.66212ms)
✖ local Petra package completes the asset-viewer pipeline with official duplicate and legacy bounds semantics (35712.917703ms)
✖ Petra executable audit has no remaining strict import gap in the legacy G08 profile (82380.45039ms)
✔ G07-B strictly compiles all 12,267 Petra trigger expressions without a fallback (3150.001813ms)
✖ G08 Petra native profile strictly imports the complete active CMD/CNS graph (44187.274633ms)
✖ G08 Petra native program runs a deterministic neutral opening through combat authority (30008.709224ms)
✖ Petra multipart gauge keeps both player groups intact in the lower screen area (43293.252176ms)
✖ G08 Petra native human path enters movement and attack states deterministically (30442.70995ms)
✖ Petra human back input walks away without activating a projectile attack (32441.720987ms)
✖ G08 Petra native jump applies vertical velocity instead of only changing animation (38030.192315ms)
✖ G08 Petra EmanonAI activates from AILevel and produces a deterministic autonomous trace (59825.558435ms)
✔ G08 Petra extended AI trace reaches advanced, helper, effect and audio paths deterministically (138946.072791ms)
✔ CMD/CNS compiler produces deterministic package IR for the explicit G08-B subset (658.476439ms)
✔ DEF stN dependencies are compiled as state scripts regardless of legacy file extension (10.689433ms)
✔ DEF cmd role classifies an extensionless or TXT command document as executable script (6.989711ms)
✔ legacy direction-only dollar modifier on a button is ignored with an explicit CMD warning (3.701434ms)
✔ legacy Helper pausermovetime spelling is normalized to pausemovetime (4.059842ms)
✔ legacy non-numeric State labels remain controllers of the preceding StateDef (5.726533ms)
✔ known legacy trigger-key typos remain explicit ignored compatibility fields (4.163337ms)
✔ legacy Projectile sprpriority aliases projsprpriority without losing rendering semantics (34.996424ms)
✔ legacy HitDef sprpriority aliases attacker p1sprpriority and Explod keyctrl is explicitly ignored (19.50322ms)
✔ BindToTarget accepts an anchored third pos field and legacy food spelling (28.122179ms)
✔ legacy Explod removepngethit aliases removeongethit (9.636289ms)
✔ legacy Helper posttype aliases postype (5.240641ms)
✔ legacy triggerN != typo is normalized to a negated trigger expression (8.073492ms)
✔ legacy HitDef air.slidetime is explicit no-op and ir.hittime aliases air.hittime (8.209566ms)
✔ legacy StateDef duplicate fields use the final value and hit-pause typos preserve semantics (35.074012ms)
✔ duplicate StateDef numbers use the final definition without merging stale controllers (17.551204ms)
✔ legacy Helper supermove is explicit no-op and HitDef heavy aliases hard (13.6157ms)
✔ legacy StateDef ownpal and ReversalDef attr are explicit compatibility no-ops (5.458742ms)
✔ legacy StateDef z velocity is discarded and hitsound -1 remains disabled (4.413424ms)
✔ legacy air.recover aliases fall.recover and SuperPause ownpal is explicit no-op (5.687827ms)
✔ legacy AfterImage flamegap aliases framegap and SuperPause S resources use the character owner (4.554671ms)
✔ legacy Projectile sparkky aliases sparkxy and RGB projshadow remains deterministic (7.48979ms)
✔ legacy trggierN aliases triggerN and ReversalDef p2facing is explicit no-op (37.234595ms)
✔ legacy triggerall misspellings alias triggerall and obsolete z velocity is explicit no-op (15.216775ms)
✔ legacy Explod velset aliases velocity without losing motion (9.283345ms)
✔ legacy HitDef hittime and slidetime alias their ground fields (7.646264ms)
✔ legacy air.guard.velocity aliases airguard.velocity (18.105958ms)
✔ legacy Explod pausepausetime and superpausetime preserve movement during pauses (4.296191ms)
✔ legacy NotHitBy pause movement fields are explicit no-ops (7.38231ms)
✔ legacy EnvShake ampe aliases amplitude (9.291884ms)
✔ legacy AssertSpecial time is an explicit per-tick no-op (4.333572ms)
✔ legacy StateTypeSet second type field aliases statetype (3.610175ms)
✔ tuple parameters preserve top-level MUGEN redirection commas inside expressions (5.560936ms)
✔ legacy DestroySelf value and ctrl are explicit no-ops (3.712373ms)
✔ legacy duplicate controller parameters deterministically use the final value (7.553312ms)
✔ command matcher supports hold/four-way, release charge, simultaneous buttons, buffer and no-other-input (65.627329ms)
✔ command matcher accepts browser-sequential keydown events as one simultaneous button chord (36.742ms)
✔ command names preserve MUGEN case so button b and back direction B remain distinct (12.548548ms)
✔ official time=0 and AI.Cheat command activation share the tick command matcher (9.082887ms)
✔ AILevel reads the current root tick input and remains zero for a human player (273.390658ms)
✔ G07-B Petra identity, opponent, team, stage and system references evaluate on every tick (148.13092ms)
✔ G08 closes the remaining official camera, match, team, stage and SysFVar trigger ledger (156.158363ms)
✔ G08 Lose, LoseKO, LoseTime and DrawGame remain observable during completed-round phases (143.662468ms)
✔ G07-A official time=0 and AI command evidence is content-addressed (10.323415ms)
✔ typed state VM drives stand, walk, crouch, jump and basic attack through the G08-A owner (925.176998ms)
✔ native engine automatically leaves state 5110 after Data.liedown.time and restores control through 5120 (117.765224ms)
✔ state metadata and variables are part of the authoritative hash and survive snapshot restore (22.704555ms)
✔ G02 script execution snapshot preserves persistent counters across authoritative replay restore (92.14086ms)
✔ VelSet/Add/Mul, PosAdd and CtrlSet execute in source order with facing-relative x (139.064112ms)
✔ G05 Helper, Projectile and Explod controllers parse and commit through the script authority (304.280077ms)
✔ G08 Petra entity parameters drive postype, persistent scale, palette ownership, binding and get-hit removal (191.101403ms)
✔ Helper PosFreeze suppresses velocity integration for one tick without stopping velocity or state time (67.925446ms)
✔ G05 keyctrl Helpers consume their root player command stream while ordinary Helpers do not (65.908571ms)
✔ G05 official KFM and KFM720 Explod inventories compile without parameter loss (39.107332ms)
✔ compiler and VM fail closed on unsupported syntax, references and missing states (59.832304ms)
﹣ official KFM without its declared common-state resource is not silently given synthetic fallback states (1.05196ms) # SKIP
✔ ACT decoding reverses Adobe color order and makes MUGEN index zero transparent (102.504605ms)
✔ SFF v1 decodes PCX, shared palettes, linked pixels, axes, and stable sprite keys (23.393695ms)
✔ SFF v1 accepts the Elecbyte 1.1 FightFX header variant and rejects unknown minors (3.569794ms)
✔ SFF v1 decodes three-plane truecolor PCX sprites (1.872083ms)
✔ SFF v1 resolves a missing embedded PCX palette through the character ACT palette (97.222986ms)
✔ SFF v2.01 decodes raw, RLE8, RLE5, LZ5, PNG8/24/32, links, palettes and alpha (151.868052ms)
✔ SFF v2.00 forces indexed palette alpha and rejects v2.01 truecolor formats (11.88848ms)
✔ SFF duplicate sprite keys remain source-addressable and warn that official MUGEN 1.1 selects the last (43.45115ms)
✔ SFF parser fails closed on bad offsets, links, palettes and compression (54.72193ms)
✔ SFF parser survives deterministic truncation and mutation fuzz without leaking native errors (806.783168ms)
✔ G03 package contribution is deterministic, keeps linked data single-copy, and contains no SFF source bytes (179.37895ms)
﹣ local frozen KFM oracle parses with expected SFF inventory (0.537787ms) # SKIP
✔ G06 SND v4 parser preserves WAV metadata and freezes duplicate group/item as last-source-order-wins (120.114341ms)
✔ SND parser accepts the Elecbyte final-subheader EOF sentinel (26.460306ms)
✔ SND parser accepts the WinMUGEN 1.0.1.0 header used by MUGEN 1.1-compatible characters (8.06697ms)
✔ SND parser accepts the Fighter Factory 0.1.0.1 header variant (4.638623ms)
✔ SND parser accepts the Fighter Factory 0.4.0.0 header variant (6.235452ms)
✔ SND parser accepts Fighter Factory WAV chunks without the required odd-byte padding (3.659357ms)
✔ SND parser accepts Fighter Factory RIFF sizes that include the eight-byte header (6.341286ms)
✔ SND parser accepts legacy RIFF sizes that overrun a complete outer record by four bytes (28.247716ms)
✔ SND parser accepts legacy RIFF sizes that underreport a complete outer record by four bytes (5.946196ms)
✔ SND parser accepts bounded one-byte RIFF size drift from legacy authoring tools (9.017735ms)
✔ G06 SND contribution enters deterministic HYMUGEN sound table without raw bank bytes (216.169367ms)
✔ SND parser rejects signature, chain, count and WAV corruption with precise diagnostics (9.761865ms)
✔ M10 stage parser imports kfm.def and its SFF backgrounds (558.264678ms)
✔ M10 stage parser imports stage0.def and its SFF backgrounds (89.690613ms)
✔ M10 stage parser imports stage0-720.def and its SFF backgrounds (4757.325708ms)
✔ M10 stage catalog permits nested stage directories but rejects traversal and duplicates (20.953453ms)
✔ M10 camera follows its dead-zone and keeps fighters inside the visible stage (6.618992ms)
✔ M10 stage renderer expands tiled backgrounds deterministically (107.825485ms)
✔ M10 stage preview transform zooms around viewport center and applies pan (104.010116ms)
✔ M10 stage rendering clips letterboxed pixels to the declared localcoord boundary (1.286569ms)
✔ M10 stage renderer preserves background masking for the WebGPU blend path (272.481074ms)
﹣ M10 lab-clones keeps its full-canvas sprites as masked layers instead of inferred animation frames (4.526684ms) # optional external stage corpus is not installed
✔ M10 Frasco_GGI restores authored parallax, masks, additive lights, and animation groups (2783.160446ms)
﹣ M10 stage parser renders embedded animated backgrounds and exposes uploaded BGM (0.718281ms) # optional external stage corpus is not installed
﹣ M10 legacy stage folders resolve game-root asset paths and scalar velocity (0.249915ms) # optional external stage corpus is not installed
﹣ M10 automatically completes a deterministic inferred DEF when a stage folder only contains SFF assets (0.220496ms) # optional external stage corpus is not installed
﹣ M10 completes unclaimed SFF files without replacing authored stages in a mixed directory (0.209167ms) # optional external stage corpus is not installed
✔ G02 executes -3/-2/-1/current in order, aborts transitioned states, and re-enters the new current state in the same tick (20.49457ms)
✔ G02 custom-state players skip -3; helpers skip -3/-2 and only run -1 with key control (1.616261ms)
✔ G02 triggerall/group evaluation short-circuits in source order and ignores groups after a numbering gap (6.251733ms)
✔ G02 bottom is false, hitpause only evaluates ignorehitpause controllers, pause evaluates none, and persistent counts true activations (138.799028ms)
✔ G02 trace collection is observational and does not change fired state or persistent snapshots (2.912742ms)
✔ G02 executor rejects unbounded same-tick transitions and malformed persistent snapshots (2.629645ms)
✔ G02 deterministic pause/trigger/persistent fuzz keeps debug tracing observational (261.016913ms)
✔ G08 transient AIR events start at age zero and expire on simulation ticks (15.109257ms)
✔ G08 transient AIR events fail closed on duplicate ids and lifecycle budgets (15.078208ms)
✔ G08 transient AIR event order is deterministic across source ordering (145.904901ms)
✔ G02 parses every MUGEN redirection selector and evaluates in the selected entity context (93.256512ms)
✔ G02 redirection is lazy, assignments target the redirected variable bank, and missing targets produce bottom (12.283571ms)
✔ G02 rejects recursive/invalid redirection and shares one fuel meter across selector, body and parent bytecode (5.067122ms)
✔ G07-B evaluates legal sibling redirections and redirected selector arguments relative to their active entity (9.631344ms)
✔ G02 generated trigger ledger classifies the complete frozen 127-item census without duplicates (8.870787ms)
✔ G02 official executable oracle evidence is content-addressed to the committed fixture (2.212685ms)
✔ viewer audio scan survives unsupported battle controllers and preserves static PlaySnd timing (217.099682ms)
✔ viewer audio scan associates global hurt voices with every explicitly selected animation (25.448649ms)
✔ viewer audio scan expands standard get-hit states across available AIR variants without stacking exclusive voices (31.775434ms)
✔ viewer audio scan preserves unbound global get-hit voices as explicit inference candidates (26.404284ms)
✔ viewer audio scan follows DEF state-script roles when legacy scripts use custom extensions (23.371515ms)
✔ viewer audio scan associates PlaySnd with every static IfElse animation branch (8.858928ms)
✔ viewer audio scan carries an entry sound through an immediate ChangeState dispatcher (15.530577ms)
✔ viewer candidate discovery matches root-first dependency entry semantics (17.040012ms)
✔ character Worker pipeline composes SFF/ACT/AIR, metadata and deterministic package bytes (381.121557ms)
✔ committed G05 browser fixture matches its byte-exact golden manifest (167.146658ms)
﹣ local official KFM directory imports through the complete viewer pipeline (0.89492ms) # SKIP
✔ viewer model resolves linked sprite data once and reports catalog inventory exactly (72.520264ms)
✔ viewer playback is fixed-tick across 30/60/120 Hz and defines seek/loop/step boundaries (73.450849ms)
✔ viewer audio sends identifier-safe events for action ids containing paths and fragments (13.961401ms)
✔ viewer audio list supports inferred, authored, manual override, and explicit silence choices (13.659509ms)
✖ viewer product is manifest-backed and exposes required controls without private Engine imports (30.374449ms)
✔ stage preview audio decodes one BGM and loops it on the music bus (5.045324ms)
✔ actual MIDI sources and PCM assets are audible, unclipped, bounded and loop-safe (2077.459264ms)
✔ engine starts only with racing throttle, crossfades with speed and fades after release without accumulating loops (14.958469ms)
✔ wall spam is throttled, UI works in menus, and interruption/disposal cannot replay old effects (8.063727ms)
✔ countdown is edge-triggered, brake is gated by movement, and music does not restart while coasting (9.672298ms)
✔ music is exactly 30 seconds and all 16 bars retain audible rhythmic content (66.129534ms)
✔ an immediate race restart can replay its first countdown tone (0.898438ms)
✔ carousel wraps three or four courses without losing the unwrapped rotation (47.928222ms)
✔ perspective projection and pointer inverse agree across responsive layouts and transitions (14.146658ms)
✔ front card wins, side cards remain clickable and the hidden fourth card never intercepts input (11798.817344ms)
✔ swipes ignore tap jitter and vertical movement but accept short horizontal drags (0.662681ms)
✔ every recognised short horizontal drag advances even with zero release velocity (4.751983ms)
✔ fast throws cross multiple cards in their original direction, including full wraps (1.745318ms)
✔ coaster frames remain orthonormal and continuous through vertical poles, rolls and the lap seam (112.314718ms)
✔ inverted hovercraft offsets and steering remain on its road plane (22.565494ms)
✔ decals on inverted and vertical road faces lift toward the drivable side (3.929321ms)
✔ idle and coasting jets stay short even at boost speed; throttle controls sustained thrust (58.42506ms)
✔ half hull emits light smoke and critical hull adds restrained fire and denser smoke (1.018545ms)
✔ exhaust sockets follow bank and pitch, preserve separation, and rotate with the ship (11.048403ms)
✔ FOV narrows gradually with speed and stays bounded at extreme inputs (5.466728ms)
✔ health dial changes colour strictly below two-thirds and one-third health (1.238508ms)
✔ speedometer units match distance travelled and course distance units (5.040479ms)
✔ narrower high-speed lens gains a forward sightline and follows the road slope (1.850943ms)
✔ wall haptic strength grades speed-and-incidence impact and handles invalid values (1.401172ms)
✔ rail impacts label the visible left/right side, including inverted road frames (203.046736ms)
✔ successive impacts vary fracture centres/seeds and only add cracks on their hit side (5.068281ms)
✔ scraping is batched, fracture history bounded, and restart clears glass with a fresh layout (1.346983ms)
✔ the two softened Neon City bends have bounded peak curvature without new sharp joins (8.352244ms)
✔ language defaults to Chinese and survives a new storage reader without touching records (4.959739ms)
✔ all locales cover every UI key and course without changing simulation data (18.523786ms)
✔ every 3D route fits the same sphere through all vehicle attitudes (323.411945ms)
✔ forward stays above the car and full pitch/roll are retained without a yaw singularity (1.958863ms)
✔ actual height separates stacked paths, including when X/Z are identical (6.598795ms)
✔ curve and vehicle marker use identical 3D projection including lateral movement (107.2361ms)
✔ map screen-right agrees with the full chase camera frame on both sides of each spatial road (120.562156ms)
✔ Mobius and coaster map curves remain continuous at inversions, vertical tangents and lap seams (547.95846ms)
✔ iPhone moves its existing dial exactly left 25 and down 5, joins timing, and keeps a 44-point pause target inside screen (2.206364ms)
✔ Mobius lap visits opposite faces of one ribbon and closes without teleporting (104.199913ms)
✔ short pads cover all lanes and exact visible footprints on every course (180.614315ms)
✔ left and right pads trigger once at maximum speed, adjacent lanes do not (15.126159ms)
✔ all difficulties physically finish all seven 3D courses; harder AI is faster and has fewer rail impacts (44103.985253ms)
✔ seeded driving replays exactly; alternate seeds change mistakes and all controls remain bounded (1542.533351ms)
✔ duel wall and scrape penalties keep health but retain slowing and cancel boost (5.675295ms)
✔ one shared fireball can slow both racers once each without any duel hull loss (3.441437ms)
✔ finish adjudication uses lap progress and fractional crossing, including an exact tie (5.310983ms)
✔ shared volcanic warnings still target a moving rival when the player stops (18.258263ms)
✔ normal and hard drivers steer away from a predicted active fireball (5.709412ms)
✔ all difficulty levels match a player holding full throttle on clear road and boost expiry never causes AI braking (274.767217ms)
✔ driver inputs recover a sideways wall rebound and remain smooth across decision ticks (184.042436ms)
✔ difficulty ordering survives different mistake seeds on technical and inverted tracks (32323.361144ms)
✔ native raster upload preserves the exact straight-alpha pixel view and array layer (10.011659ms)
✔ failed upload releases a newly allocated texture but leaves borrowed atlas ownership intact (4.388745ms)
✔ neon circuit generates a long, wide, elevated, and banked closed course (21.339957ms)
✔ hover racer accelerates, steers laterally, brakes, and respects cruise speed (33.640251ms)
✔ cyan pads grant boost and allow the racer to exceed cruise speed (14.327677ms)
✔ rails cause a deterministic impact penalty (4.211645ms)
✔ the race advances through three laps and then finishes (6.837879ms)
✔ manifest and page expose the racer, controls, timing, boost, and debug hooks (194.266699ms)
✔ all seven routes are distinct closed circuits with accurate, bounded thumbnails (210.082163ms)
✔ holding throttle without turning hits walls on every course (468.316625ms)
✔ deliberate steering and braking can complete all seven courses without damage (20391.688959ms)
✔ faster and more direct wall strikes increase damage, cancel boost, and shake the camera (3.046666ms)
✔ critical damage destroys the ship, freezes the race, and reset restores full hull (1.001489ms)
✔ zero-time steps are inert and fixed subdivisions agree at 20, 60 and 120 Hz (30.469017ms)
✔ boost expiration preserves momentum and smoothly returns to cruise even with throttle held (7.723452ms)
✔ steering scrubs a small symmetric amount of speed without a discontinuous speed cap (1.255379ms)
✔ beginner course comes first and Rainbow Road has a separated elevated crossing (196.996027ms)
✔ expanded courses preserve proportions and widths while easing curvature per metre (100.347822ms)
✔ higher racing speeds remain reachable and brakes can settle boost speed promptly (6.057656ms)
✔ lane and boost overlays stay above both triangles of a twisted road, including their interiors (31.173413ms)
✔ start-line overlay wraps the closed track while keeping a continuous texture range (1.687397ms)
✔ neon browser verifier defaults to the full unique scenario matrix (11.326731ms)
✔ targeted neon verification preserves named scenarios and rejects typos (9.461347ms)
✔ warning cannot damage the car before a fireball lands (9.908426ms)
✔ moving to either free lane avoids impact, and only a close direct hit is lethal at low health (1.397383ms)
✔ swept impact catches high-speed crossings and wraps at the lap seam (1.309172ms)
✔ equal seeds produce identical forward warnings and reset deterministically; pools stay bounded (84.577768ms)
✔ stopped, destroyed and finished races never launch attacks; expired impacts are removed (13.677057ms)
✔ camera preference persists with safe storage fallback and glass fractures increase monotonically (1.410941ms)
✔ the Pac-Man maze is rectangular and every pellet is reachable (47.378014ms)
✔ only ghosts can cross the ghost-house gate (1.15409ms)
✔ the tunnel wraps deterministically in both directions (4.300802ms)
✔ ghost routing approaches its target without reversing at a junction (8.455662ms)
✔ frightened routing uses the same stable priority while moving away (0.995595ms)
✔ each ghost personality produces its characteristic chase target (3.291163ms)
✔ Pages lobby is driven by the game manifest (33.006037ms)
✔ Pages deployment validates games and uploads the generated site (43.336668ms)
✔ piano note frequencies use equal temperament around A4 (8.653335ms)
✔ lower piano notes sustain longer than higher notes (0.951196ms)
✔ piano audio is self-contained and no longer loads MIDI.js (15.709673ms)
✔ MIDI parser converts ticks, running notes, and tempo to timed piano events (11.023262ms)
✔ public-domain score catalog contains valid local MIDI files (40.526688ms)
✔ piano exposes automatic playback and pointer glissando controls (1.720083ms)
✔ piano canvas and camera follow the browser viewport (2.746486ms)
✔ pong controls clamp paddles to the playable court (8.811907ms)
✔ pong paddle reflections accelerate the ball and aim from contact offset (2.343318ms)
✔ pong wall reflections stay inside the court and gain speed (2.033395ms)
✔ pong acceleration is capped and serves have a stable magnitude (8.939521ms)
✔ games use Render3DSystem instead of the deprecated BlinnPhongRenderSystem (770.47952ms)
(node:21932) ExperimentalWarning: stripTypeScriptTypes is an experimental feature and might change at any time
(Use `node --trace-warnings ...` to show where the warning was created)
✔ 2: all layers have order four and exact inverses (35.056856ms)
✔ 2: mixed scramble and player turns reverse exactly without coordinate drift (66.195492ms)
✔ 3: all layers have order four and exact inverses (182.066677ms)
✔ 3: mixed scramble and player turns reverse exactly without coordinate drift (59.126739ms)
✔ 4: all layers have order four and exact inverses (72.238136ms)
✔ 4: mixed scramble and player turns reverse exactly without coordinate drift (166.26152ms)
✔ mirror: all layers have order four and exact inverses (27.980429ms)
✔ mirror: mixed scramble and player turns reverse exactly without coordinate drift (55.06791ms)
✔ mirror is offset-cut geometry that actually changes shape (12.217955ms)
✔ scramble is deterministic, valid, and avoids trivial cancellations (2.851169ms)
✔ invalid move leaves state and history untouched (2.431007ms)
✔ portrait and landscape keep controls and interaction stage disjoint (2.554983ms)
✔ animation commits once, rejects overlapping input, and stop completes the current transaction (2.830857ms)
✔ 2: animated shuffle, stop, user turn, undo and history restore stay consistent (15.424831ms)
✔ 3: animated shuffle, stop, user turn, undo and history restore stay consistent (5.375471ms)
✔ 4: animated shuffle, stop, user turn, undo and history restore stay consistent (9.421955ms)
✔ mirror: animated shuffle, stop, user turn, undo and history restore stay consistent (4.98872ms)
✔ mirror maintains compatible cut planes after arbitrary mixed-axis turns (274.47066ms)
✔ shared game persistence has one stable autosave slot (4.942926ms)
✔ shared validation primitives reject incomplete values (5.825288ms)
✔ shared persistence delegates storage and slot limits to the engine save facade (77.571238ms)
✔ shared autosaves are serialized and the newest state is restored (37.86483ms)
[autosave-status save] 自动保存失败。 Error: storage unavailable
    at backend.write (file:///Users/qingque/Desktop/HaiyueStudio/Games/games/test/single-slot-save.test.mjs:96:51)
    at file:///Users/qingque/Desktop/HaiyueStudio/Games/node_modules/@haiyue/engine/dist/save.js:312:41
✔ every manifest game uses the engine save facade with no direct storage access (669.669022ms)
✔ autosave status follows the newest queued write and recovers after a storage failure (91.050421ms)
✔ all fifteen hull parts are declared, transparent and bounded; retired overlays stay out of runtime (47.901182ms)
✔ runtime image pack stays under 28 MiB with complete, contiguous RGBA slices (1.344357ms)
✔ small HUD art uses small alpha textures while Boss art retains preview resolution (34.031664ms)
✔ eight themed background tiles and two planet layers have bounded runtime sizes (43.973807ms)
✔ asteroid variants preserve alpha and use only 192px runtime textures (17.442842ms)
✔ Inferno hull renders at its actual source aspect ratio (372.251248ms)
✔ rocks have deterministic varied silhouettes, size-scaled HP and bounded population (375.405242ms)
✔ swept collisions catch tunneling, moving targets, misses and first contact order (4.53012ms)
✔ four arms acquire real rocks, telegraph then throw toward locked aim; held rocks remain destructible (6.8253ms)
✔ health-dependent cadence accelerates grabs and continuous belt remains bounded (43.537156ms)
✔ eighth mission loads hazard timing and rejects malformed belt configuration (122.716624ms)
(node:21936) ExperimentalWarning: stripTypeScriptTypes is an experimental feature and might change at any time
(Use `node --trace-warnings ...` to show where the warning was created)
✔ all 20 shipped sound files are reproducible bounded PCM with valid lengths, decay and seamless loop periods (1596.102688ms)
✔ volley cooldown, pan bounds and high priority explosions do not depend on projectile count (2.431013ms)
✔ continuous lasers are owned once, stop on release/mute/pause and never outlive disposal (7.771305ms)
✔ sound preferences persist separately, clamp inputs and survive unavailable storage (2.9973ms)
✔ GUI clicks work in menus and after pausing, obey mute and never enable gameplay or survive backgrounding (6.374223ms)
✔ return buttons use their own sound and retain the same mute/cancel contract (1.363373ms)
✔ 40-second music retries unlock, owns one protected voice, obeys gameplay/mute/pause independently of lasers (4.271945ms)
✔ boss alarm owns one centered priority voice and stops on arrival, mute, pause and disposal without stopping music (1.957621ms)
✔ absorption is reduced 70 percent and size grows continuously even after a large body (48.791406ms)
✔ warning starts after continuous growth finishes and lasts two seconds, then one bounded wave (51.267375ms)
✔ blast is a center-relative circle and the hole stays above 40 percent screen height (34.502747ms)
✔ both bullet directions curve into a spiral, and passive time alone never feeds the hole (4.049875ms)
✔ drag tracking is speed bounded, follows gradually and gravity accelerates approach while resisting escape (13.713192ms)
✔ asteroid hit points are reduced 15 percent across all sizes (0.901163ms)
✔ small singularity drains near-core orbits rather than accumulating permanent bullets (3.993419ms)
✔ supplies start only in active boss combat, wait six seconds then use bounded randomized intervals (93.576833ms)
✔ crate takes repeated damage, only breaks once and blocks buildup with two loose bombs (4.888241ms)
✔ crate movement stays within side margins, expires off screen, resets and is reproducible (5.104041ms)
✔ aim animation turns by the shortest arc with bounded per-frame speed and settles without overshoot (7.666903ms)
✔ aiming applies to seven ordinary firing ships; excludes kamikaze, train, saucer and boss (3.952943ms)
✔ muzzle rotates with the nose and remains on the forward firing axis (1.522766ms)
✔ nozzles track slowly and old flame packets keep their emitted direction (290.992592ms)
✔ jets have flight time without sector warnings and stop emitting before the tail leaves (35.868766ms)
✔ burning approach is bounded, partition-independent, and stops at the target (8.109219ms)
✔ only live armed hulls chase; detachment keeps the original remaining fuse (1.5495ms)
✔ finite flame sectors handle edges, origin, end cap and behind nozzle (0.97955ms)
✔ elite arrives, deals 3 per 200ms inside, then exactly 25 burn damage over five seconds (8.819001ms)
✔ overlapping flames use strongest damage, bosses alternate long/narrow and short/wide (233.849172ms)
✔ ignited fighter explodes at three seconds even after being shot down; repeated hits cannot postpone it (4.277855ms)
✔ only arrived Boss flame ignites normal hulls; elite fire cannot ignite enemies (32.403473ms)
✔ respawn protection prevents both contact and residual burn; reset clears owned hazards (39.238468ms)
✔ fixed elapsed time preserves fuse and tick damage across frame partitions (203.979735ms)
✔ mission 11 precedes mission 12 with flame elites and a flame boss (111.983499ms)
(node:21953) ExperimentalWarning: stripTypeScriptTypes is an experimental feature and might change at any time
(Use `node --trace-warnings ...` to show where the warning was created)
✔ Chinese defaults and language survives restart independently of career save (35.93458ms)
✔ all level/boss names and GUI strings exist in each locale and font atlas (40.325246ms)
✔ unavailable preference storage stays playable, reports failure, and listeners detach (1.954982ms)
✔ muzzle bursts and detonations are bounded, expire, and clear on restart (4.482726ms)
✔ boss shake is deterministic, strongest at impact, bounded and fully settles (1.511293ms)
✔ elite/Boss attachment animation follows hull translation and changes over time (5.691083ms)
✔ each hull uses its own attachment and bounded deterministic motion (48.204118ms)
✔ serpent vertebra follows its predecessor while its gun tracks independently (2.809111ms)
✔ quantum battleship retains engine thrust without a decorative central rotor (3.355784ms)
✔ enemy flashes are compact, collapse a volley at one muzzle, track translation and expire (4.816421ms)
✔ mirror triangle reflects from its bottom facet and respects corners and swept fast shots (57.515659ms)
✔ rotated triangles and hexagons obey specular reflection and preserve speed (19.499827ms)
✔ reflection budgets are finite, normal mirrors never fire and prism is a distinct boss (5.349085ms)
✔ prism shards are deterministic 90 damage hazards, with a full dodge interval (19.844792ms)
✔ original music is reproducible 40-second PCM, bounded, active across seam and packaged for web and native (29415.083822ms)
✔ quantum dreadnought health is reduced by fifteen percent (5.828389ms)
✔ quantum pair is horizontally mirrored in every visible camera and rotates in the opposite direction (29.869957ms)
✔ six independent cannon hardpoints rotate with hull and glitch remains bounded and deterministic (22.613046ms)
✔ mission 12 loads with paired mixed enemies, unpaired waves and one paired dreadnought after the new mission 11 (61.690326ms)
✔ ghost gun tips and fire track the counter-rotating sprite at arbitrary hull angles (1.730875ms)
✔ red and dark enemy art becomes blue while alpha silhouette remains exact (9.627205ms)
✔ paired enemies enter from above at identical height and battleship fire is 20 percent less frequent (5.42876ms)
✔ battleship crosses both halves smoothly and adapts its sweep to the visible width (18.288794ms)
✔ reactor breathes in yellow at 35 percent, turns red strictly below and flashes faster (2.93583ms)
✔ six turret image pivots and barrel tips stay attached while rotating and recoiling (22.851805ms)
✔ Sky Strike defines eleven regular enemies, five elites, thirteen boss hulls, and segmented devices (19.246979ms)
✔ space train cars and mechanical serpent segments follow the requested combat rules (2.807094ms)
✔ enemy selection is deterministic for a seeded sortie (4.480889ms)
✔ enemy health bands and projectile damage match the combat roles (2.173102ms)
✔ three-color weapons upgrade independently and stop at level three (2.917388ms)
✔ Helios deploys more laser emitters as its health falls (6.13913ms)
✔ player firing cooldown never accumulates a pointer-down catch-up burst (1.170004ms)
✔ boss warning starts three seconds before its scheduled appearance (0.779115ms)
✔ boss damage effects only intensify inside the critical health band (1.6791ms)
✔ purple laser attracts a nearby forward target and boss beam geometry is stable (3.196045ms)
✔ bullet aiming and circular hit tests remain stable (1.092733ms)
✔ saucer death burst is radial and kamikaze steering accelerates toward the player (27.812442ms)
✔ bomb area is forward-facing and includes nearby enemies and projectiles (5.144493ms)
✔ level timelines expand grouped spawns and resolve deterministic positions (104.564231ms)
✔ manifest assets, one-slot save, and keyboard/pointer controls are wired (82.32481ms)
✔ serpent missing slots close smoothly without overshoot or frame-rate dependence (1.730674ms)
✔ bare serpent head charges above the health gate while dead heads cannot charge (0.391065ms)
✔ red hardpoints follow the swept wings at every upgrade and leave other weapons unchanged (2.59753ms)
✔ Dreadnought four wing hardpoints rotate with hull and remain separate from the laser muzzle (1.891306ms)
(node:21960) ExperimentalWarning: stripTypeScriptTypes is an experimental feature and might change at any time
(Use `node --trace-warnings ...` to show where the warning was created)
✔ all missions resolve a background theme; some include independently moving planets (42.358128ms)
✔ scroll tiles cover the full field without gaps or unmatched seams across many wrap boundaries (3.090279ms)
✔ crossfade preserves total weight, supports interruptions, settles and resets cleanly (5.715989ms)
✔ space layers keep independent scroll speeds and depth, with bounded immutable sprite commands (19.474412ms)
(node:21963) ExperimentalWarning: stripTypeScriptTypes is an experimental feature and might change at any time
(Use `node --trace-warnings ...` to show where the warning was created)
✔ wide and 1:2 screens preserve the full field without stretching (14.867196ms)
✔ narrow viewport follows the fighter proportionally and reaches both field edges (0.802869ms)
✔ pointer inverse remains aligned across screen sizes, camera positions and resizing (8.044776ms)
✔ Sokoban 3D ships a validated sixteen-level progression (89745.838353ms)
✔ Sokoban 3D level GUI persists completion and uses green completed buttons (5.755906ms)
✔ Spider Solitaire clones nested card state without sharing references (23.101723ms)
✔ Spider Solitaire shuffle supports deterministic random sources (5.365088ms)
✔ Spider Solitaire save validation rejects malformed columns and cards (1.756347ms)
✔ Spider Solitaire builds 104-card decks for all three suit difficulties (7.297211ms)
✔ Spider Solitaire only moves and completes descending runs of one suit (2.486755ms)
✔ Spider Solitaire draws canvas card textures after opaque card bodies (24.262345ms)
✔ Spider Solitaire exposes one, two, and four-suit difficulty controls (3.665284ms)
✔ Spider Solitaire reuses scene entities and geometry during drag and deal animation (3.619286ms)
✔ Spider Solitaire delegates pointer and keyboard input to engine components (5.33337ms)
✔ Sudoku board helpers clone state without sharing rows (11.066233ms)
✔ Sudoku rules reject row, column, and box conflicts (1.234966ms)
✔ Sudoku save validation requires three complete boards (2.975264ms)
✔ Tetris rules create boards and rotate pieces deterministically (17.835935ms)
✔ Tetris save validation rejects incomplete and malformed state (12.162374ms)
✔ triangle calendar maps 12 months, 31 days, and 7 weekdays to 50 cells (21.938602ms)
✔ eleven connected polyiamonds cover exactly the 47 non-date cells (2.088895ms)
✔ six 60-degree rotations return to the original orientation (3.502858ms)
✔ flipping changes a chiral piece while a second flip restores it (2.543813ms)
✔ position snapping matches lattice cells and rejects target or occupied cells (13.045137ms)
✔ reference and boundary dates have complete snapped layouts (1546.080958ms)
✔ invalid date targets are rejected instead of producing silent holes (2.397716ms)
✔ Unity InfiniteMap collapse keeps its propagated wave between aligned chunks (58860.453908ms)
✔ Unity WFC module metadata stays index-aligned (4.261443ms)
✔ Unity prototype probabilities are not reconstructed from the ambiguous p*log(p) value (16.935053ms)
ℹ tests 671
ℹ suites 0
ℹ pass 639
ℹ fail 3
ℹ cancelled 9
ℹ skipped 20
ℹ todo 0
ℹ duration_ms 549068.506687

✖ failing tests:

test at games/test/calendar-puzzle-raster.test.mjs:1:1
✖ games/test/calendar-puzzle-raster.test.mjs (709.686481ms)
  'test failed'

test at games/test/mugen-import-g02.test.mjs:248:1
✖ HYMUGEN v1 is byte-exact, round-trips canonically, excludes raw source bytes, and rejects tampering or unknown fields (47.89943ms)
  AssertionError [ERR_ASSERTION]: Expected values to be strictly equal:
  + actual - expected
  
  + 'c544d2ed04052688fa55fe0582264527106b1777578f080ac00fb8adad0b0df8'
  - '3a23ee3dec27a1d1fc101a2d411c2fb06980ffc662bfb02b4bdeb460fac71355'
  
      at TestContext.<anonymous> (file:///Users/qingque/Desktop/HaiyueStudio/Games/games/test/mugen-import-g02.test.mjs:253:10)
      at async Test.run (node:internal/test_runner/test:1389:7)
      at async Test.processPendingSubtests (node:internal/test_runner/test:960:7) {
    generatedMessage: true,
    code: 'ERR_ASSERTION',
    actual: 'c544d2ed04052688fa55fe0582264527106b1777578f080ac00fb8adad0b0df8',
    expected: '3a23ee3dec27a1d1fc101a2d411c2fb06980ffc662bfb02b4bdeb460fac71355',
    operator: 'strictEqual',
    diff: 'simple'
  }

test at games/test/mugen-petra-local-compat.test.mjs:32:1
✖ local Petra package completes the asset-viewer pipeline with official duplicate and legacy bounds semantics (35712.917703ms)
  'test timed out after 30000ms'

test at games/test/mugen-petra-local-compat.test.mjs:86:1
✖ Petra executable audit has no remaining strict import gap in the legacy G08 profile (82380.45039ms)
  'test timed out after 60000ms'

test at games/test/mugen-petra-local-compat.test.mjs:106:1
✖ G08 Petra native profile strictly imports the complete active CMD/CNS graph (44187.274633ms)
  'test timed out after 30000ms'

test at games/test/mugen-petra-local-compat.test.mjs:127:1
✖ G08 Petra native program runs a deterministic neutral opening through combat authority (30008.709224ms)
  'test timed out after 30000ms'

test at games/test/mugen-petra-local-compat.test.mjs:139:1
✖ Petra multipart gauge keeps both player groups intact in the lower screen area (43293.252176ms)
  'test timed out after 30000ms'

test at games/test/mugen-petra-local-compat.test.mjs:146:1
✖ G08 Petra native human path enters movement and attack states deterministically (30442.70995ms)
  'test timed out after 30000ms'

test at games/test/mugen-petra-local-compat.test.mjs:162:1
✖ Petra human back input walks away without activating a projectile attack (32441.720987ms)
  'test timed out after 30000ms'

test at games/test/mugen-petra-local-compat.test.mjs:170:1
✖ G08 Petra native jump applies vertical velocity instead of only changing animation (38030.192315ms)
  'test timed out after 30000ms'

test at games/test/mugen-petra-local-compat.test.mjs:176:1
✖ G08 Petra EmanonAI activates from AILevel and produces a deterministic autonomous trace (59825.558435ms)
  'test timed out after 45000ms'

test at games/test/mugen-viewer-g05.test.mjs:183:1
✖ viewer product is manifest-backed and exposes required controls without private Engine imports (30.374449ms)
  AssertionError [ERR_ASSERTION]: virtual rows must not use asynchronously distributed light DOM slots
      at TestContext.<anonymous> (file:///Users/qingque/Desktop/HaiyueStudio/Games/games/test/mugen-viewer-g05.test.mjs:258:10)
      at Test.runInAsyncScope (node:async_hooks:227:14)
      at Test.run (node:internal/test_runner/test:1382:25)
      at Test.processPendingSubtests (node:internal/test_runner/test:960:18)
      at Test.postRun (node:internal/test_runner/test:1522:19)
      at Test.run (node:internal/test_runner/test:1447:12)
      at async Test.processPendingSubtests (node:internal/test_runner/test:960:7) {
    generatedMessage: false,
    code: 'ERR_ASSERTION',
    actual: "const DEFAULT_ITEM_HEIGHT = 40;\nconst DEFAULT_HEIGHT = 320;\nconst DEFAULT_OVERSCAN = 3;\nfunction finiteNumber(value, fallback) {\n    return Number.isFinite(value) ? value : fallback;\n}\nexport function calculateVirtualListRange(itemCount, itemHeight, viewportHeight, scrollTop, overscan) {\n    const count = Math.max(0, Math.floor(finiteNumber(itemCount, 0)));\n    const rowHeight = Math.max(1, finiteNumber(itemHeight, DEFAULT_ITEM_HEIGHT));\n    const visibleHeight = Math.max(0, finiteNumber(viewportHeight, 0));\n    const offset = Math.max(0, finiteNumber(scrollTop, 0));\n    const buffer = Math.max(0, Math.floor(finiteNumber(overscan, DEFAULT_OVERSCAN)));\n    const visibleStartIndex = Math.min(count, Math.floor(offset / rowHeight));\n    const visibleEndIndex = Math.min(count, Math.ceil((offset + visibleHeight) / rowHeight));\n    return {\n        startIndex: Math.max(0, visibleStartIndex - buffer),\n        endIndex: Math.min(count, visibleEndIndex + buffer),\n        visibleStartIndex,\n        visibleEndIndex,\n    };\n}\nexport class HYVirtualList extends HTMLElement {\n    _viewport = document.createElement('div');\n    _spacer = document.createElement('div');\n    _window = document.createElement('div');\n    _empty = document.createElement('div');\n    _items = [];\n    _renderItem = null;\n    _itemHeight = DEFAULT_ITEM_HEIGHT;\n    _height = DEFAULT_HEIGHT;\n    _overscan = DEFAULT_OVERSCAN;\n    _range = null;\n    _resizeObserver = null;\n    _connected = false;\n    _onScroll = () => this._renderWindow();\n    _onClick = (event) => this._handleClick(event);\n    static get observedAttributes() {\n        return ['item-height', 'height', 'overscan', 'aria-label'];\n    }\n    constructor() {\n        super();\n        const root = this.attachShadow({ mode: 'open' });\n        const style = document.createElement('style');\n        style.textContent = `\n      :host {\n        display: block;\n        min-width: 0;\n        color: var(--hy-text-color, #eef3ff);\n        font: 13px/1.4 system-ui, sans-serif;\n      }\n      .viewport {\n        position: relative;\n        height: var(--hy-virtual-list-height, 320px);\n        overflow-x: hidden;\n        overflow-y: auto;\n        overscroll-behavior: contain;\n        border: 1px solid var(--hy-border-color, #3d4654);\n        border-radius: var(--hy-virtual-list-border-radius, 6px);\n        outline: none;\n        background: var(--hy-surface-color, #171d27);\n        scrollbar-color: var(--hy-border-strong-color, #596779) var(--hy-input-bg-color, #111722);\n        scrollbar-width: thin;\n      }\n      .viewport:focus-visible {\n        border-color: var(--hy-focus-border-color, #79a8ff);\n        box-shadow: 0 0 0 2px var(--hy-focus-ring-color, rgba(121, 168, 255, 0.22));\n      }\n      .viewport::-webkit-scrollbar { width: var(--hy-virtual-list-scrollbar-size, 10px); }\n      .viewport::-webkit-scrollbar-track { background: var(--hy-input-bg-color, #111722); }\n      .viewport::-webkit-scrollbar-thumb {\n        min-height: 28px;\n        border: 2px solid var(--hy-input-bg-color, #111722);\n        border-radius: 999px;\n        background: var(--hy-border-strong-color, #596779);\n      }\n      .viewport::-webkit-scrollbar-thumb:hover { background: var(--hy-accent-color, #79a8ff); }\n      .spacer { position: relative; width: 100%; }\n      .window { position: absolute; inset: 0 0 auto; will-change: transform; }\n      ::slotted(.hy-virtual-list-item) {\n        display: flex;\n        align-items: center;\n        width: 100%;\n        overflow: hidden;\n        border-bottom: 1px solid var(--hy-border-subtle-color, var(--hy-border-color, #3d4654));\n        background: var(--hy-surface-color, #171d27);\n        box-sizing: border-box;\n      }\n      ::slotted(.hy-virtual-list-item:hover) { background: var(--hy-hover-bg-color, #273241); }\n      .empty {\n        display: grid;\n        height: 100%;\n        place-items: center;\n        padding: 24px;\n        color: var(--hy-secondary-text-color, #9aa8ba);\n        box-sizing: border-box;\n      }\n      .empty[hidden], .spacer[hidden] { display: none; }\n    `;\n        this._viewport.className = 'viewport';\n        this._viewport.tabIndex = 0;\n        this._viewport.setAttribute('role', 'list');\n        this._spacer.className = 'spacer';\n        this._window.className = 'window';\n        const itemSlot = document.createElement('slot');\n        itemSlot.name = 'items';\n        this._window.append(itemSlot);\n        this._spacer.append(this._window);\n        this._empty.className = 'empty';\n        this._empty.hidden = true;\n        const emptySlot = document.createElement('slot');\n        emptySlot.name = 'empty';\n        emptySlot.textContent = 'No data';\n        this._empty.append(emptySlot);\n        this._viewport.append(this._spacer, this._empty);\n        root.append(style, this._viewport);\n    }\n    connectedCallback() {\n        if (this._connected)\n            return;\n        this._connected = true;\n        this._syncAttributes();\n        this._viewport.addEventListener('scroll', this._onScroll, { passive: true });\n        this._window.addEventListener('click', this._onClick);\n        if (typeof ResizeObserver !== 'undefined') {\n            this._resizeObserver = new ResizeObserver(() => this._renderWindow());\n            this._resizeObserver.observe(this._viewport);\n        }\n        this._renderWindow(true);\n    }\n    disconnectedCallback() {\n        if (!this._connected)\n            return;\n        this._connected = false;\n        this._viewport.removeEventListener('scroll', this._onScroll);\n        this._window.removeEventListener('click', this._onClick);\n        this._resizeObserver?.disconnect();\n        this._resizeObserver = null;\n        this._replaceRows([]);\n    }\n    attributeChangedCallback() {\n        this._syncAttributes();\n    }\n    get items() { return this._items; }\n    set items(value) {\n        this._items = Array.isArray(value) ? value : [];\n        this._clampScrollTop();\n        this.refresh();\n    }\n    get renderItem() { return this._renderItem; }\n    set renderItem(value) {\n        this._renderItem = typeof value === 'function' ? value : null;\n        this.refresh();\n    }\n    get itemHeight() { return this._itemHeight; }\n    set itemHeight(value) {\n        const next = Math.max(1, finiteNumber(Number(value), DEFAULT_ITEM_HEIGHT));\n        if (next === this._itemHeight && this.getAttribute('item-height') === String(next))\n            return;\n        this._itemHeight = next;\n        this._reflectNumber('item-height', next);\n        this.refresh();\n    }\n    get height() { return this._height; }\n    set height(value) {\n        const next = Math.max(1, finiteNumber(Number(value), DEFAULT_HEIGHT));\n        if (next === this._height && this.getAttribute('height') === String(next))\n            return;\n        this._height = next;\n        this._reflectNumber('height', next);\n        this._applyHeight();\n        this.refresh();\n    }\n    get overscan() { return this._overscan; }\n    set overscan(value) {\n        const next = Math.max(0, Math.floor(finiteNumber(Number(value), DEFAULT_OVERSCAN)));\n        if (next === this._overscan && this.getAttribute('overscan') === String(next))\n            return;\n        this._overscan = next;\n        this._reflectNumber('overscan', next);\n        this.refresh();\n    }\n    refresh() {\n        this._range = null;\n        this._renderWindow(true);\n    }\n    scrollToIndex(index, align = 'auto') {\n        if (this._items.length === 0)\n            return;\n        const targetIndex = Math.min(this._items.length - 1, Math.max(0, Math.floor(finiteNumber(index, 0))));\n        const viewportHeight = this._viewport.clientHeight || this._height;\n        const itemStart = targetIndex * this._itemHeight;\n        const itemEnd = itemStart + this._itemHeight;\n        const currentStart = this._viewport.scrollTop;\n        const currentEnd = currentStart + viewportHeight;\n        let nextScrollTop = currentStart;\n        if (align === 'start')\n            nextScrollTop = itemStart;\n        else if (align === 'center')\n            nextScrollTop = itemStart - (viewportHeight - this._itemHeight) / 2;\n        else if (align === 'end')\n            nextScrollTop = itemEnd - viewportHeight;\n        else if (itemStart < currentStart)\n            nextScrollTop = itemStart;\n        else if (itemEnd > currentEnd)\n            nextScrollTop = itemEnd - viewportHeight;\n        const maxScrollTop = Math.max(0, this._items.length * this._itemHeight - viewportHeight);\n        this._viewport.scrollTop = Math.min(maxScrollTop, Math.max(0, nextScrollTop));\n        this._renderWindow();\n    }\n    _syncAttributes() {\n        this._itemHeight = this._readPositiveAttribute('item-height', DEFAULT_ITEM_HEIGHT);\n        this._height = this._readPositiveAttribute('height', DEFAULT_HEIGHT);\n        this._overscan = this._readNonNegativeAttribute('overscan', DEFAULT_OVERSCAN);\n        const label = this.getAttribute('aria-label');\n        if (label)\n            this._viewport.setAttribute('aria-label', label);\n        else\n            this._viewport.removeAttribute('aria-label');\n        this._applyHeight();\n        this.refresh();\n    }\n    _applyHeight() {\n        if (this.hasAttribute('height'))\n            this._viewport.style.height = `${this._height}px`;\n        else\n            this._viewport.style.removeProperty('height');\n    }\n    _readPositiveAttribute(name, fallback) {\n        if (!this.hasAttribute(name))\n            return fallback;\n        const value = Number(this.getAttribute(name));\n        return Number.isFinite(value) && value > 0 ? value : fallback;\n    }\n    _readNonNegativeAttribute(name, fallback) {\n        if (!this.hasAttribute(name))\n            return fallback;\n        const value = Number(this.getAttribute(name));\n        return Number.isFinite(value) && value >= 0 ? Math.floor(value) : fallback;\n    }\n    _reflectNumber(name, value) {\n        const text = String(value);\n        if (this.getAttribute(name) !== text)\n            "... 3329 more characters,
    expected: /row\.slot\s*=\s*['"]items['"]/u,
    operator: 'doesNotMatch',
    diff: 'simple'
  }
