
> @haiyue/native-calendar-puzzle@0.1.0 build:device
> node scripts/build-device.mjs

Canvas binding patch: {
  version: '2.1.18',
  queueSha256: 'a38a58942c488ccece244424b1c4e91c8f3e257dd201b85dd63871988ff30369',
  file: 'WebGPU/GPURenderPassEncoder.js',
  sha256: '7a14f279e042bb748781c10a6c56a6122931525f56943096815fb1143b583cf7'
}
Preparing project...
assets by path [1m[32mgame-assets/audio/[39m[22m 275 KiB
  assets by path [1m[32mgame-assets/audio/*.wav[39m[22m 273 KiB
    asset [1m[32mgame-assets/audio/win.wav[39m[22m 114 KiB [1m[33m[compared for emit][39m[22m [from: ../../../Games/games/calendar-puzzle/assets/audio/win.wav] [1m[32m[copied][39m[22m
    + 7 assets
  assets by path [1m[32mgame-assets/audio/*.mid[39m[22m 475 bytes
    asset [1m[32mgame-assets/audio/win.mid[39m[22m 87 bytes [1m[33m[compared for emit][39m[22m [from: ../../../Games/games/calendar-puzzle/assets/audio/win.mid] [1m[32m[copied][39m[22m
    + 7 assets
  asset [1m[32mgame-assets/audio/generation.json[39m[22m 1.61 KiB [1m[33m[compared for emit][39m[22m [from: ../../../Games/games/calendar-puzzle/assets/audio/generation.json] [1m[32m[copied][39m[22m
assets by path [1m[32m*.mjs[39m[22m 7.38 MiB
  asset [1m[32mvendor.mjs[39m[22m 7.13 MiB [1m[33m[compared for emit][39m[22m [javascript module] (name: vendor) (id hint: vendor) 1 related asset
  asset [1m[32mbundle.mjs[39m[22m 228 KiB [1m[33m[compared for emit][39m[22m [javascript module] (name: bundle) 1 related asset
  asset [1m[32msrc_solver_worker_ts.mjs[39m[22m 19.3 KiB [1m[33m[compared for emit][39m[22m [javascript module] 1 related asset
  asset [1m[32mruntime.mjs[39m[22m 6.24 KiB [1m[33m[compared for emit][39m[22m [javascript module] (name: runtime) 1 related asset
asset [1m[32mbranding/haiyue-moon.png[39m[22m 127 KiB [1m[32m[emitted][39m[22m [from: ../../bridge/branding/assets/haiyue-moon.png] [1m[32m[copied][39m[22m
asset [1m[32mtns_modules/inspector_modules.mjs[39m[22m 778 bytes [1m[33m[compared for emit][39m[22m [javascript module] (name: tns_modules/inspector_modules) 1 related asset
Entrypoint [1mbundle[39m[22m 7.36 MiB (7.86 MiB) = [1m[32mruntime.mjs[39m[22m 6.24 KiB [1m[32mvendor.mjs[39m[22m 7.13 MiB [1m[32mbundle.mjs[39m[22m 228 KiB 3 auxiliary assets
Entrypoint [1mtns_modules/inspector_modules[39m[22m 7.14 MiB (7.47 MiB) = [1m[32mruntime.mjs[39m[22m 6.24 KiB [1m[32mvendor.mjs[39m[22m 7.13 MiB [1m[32mtns_modules/inspector_modules.mjs[39m[22m 778 bytes 3 auxiliary assets
orphan modules 1.26 MiB [1m[33m[orphan][39m[22m 31 modules
runtime modules 3.82 KiB 11 modules
modules by path [1m./node_modules/[39m[22m 6.23 MiB 672 modules
modules by path [1m../../[39m[22m 160 KiB
  modules by path [1m../../bridge/[39m[22m 51.4 KiB 22 modules
  modules by path [1m../../../Games/games/[39m[22m 109 KiB 19 modules
modules by path [1m./src/[39m[22m 23.6 KiB
  modules by path [1m./src/*.ts[39m[22m 21.5 KiB
    [1m./src/app.ts[39m[22m 535 bytes [1m[33m[built][39m[22m [1m[33m[code generated][39m[22m
    + 3 modules
  + 4 modules
[1m./orientation.json[39m[22m 57 bytes [1m[33m[built][39m[22m [1m[33m[code generated][39m[22m
[1mexternal "~/package.json"[39m[22m 42 bytes [1m[33m[built][39m[22m [1m[33m[code generated][39m[22m
webpack 5.110.3 compiled [1m[32msuccessfully[39m[22m in 14278 ms
Webpack compilation complete.
Installing pods...
/usr/local/lib/ruby/gems/4.0.0/gems/molinillo-0.8.0/lib/molinillo/dependency_graph.rb:3: warning: tsort was loaded from the standard library, but will no longer be part of the default gems starting from Ruby 4.1.0
You can add tsort to your Gemfile or gemspec to silence this warning.
Analyzing dependencies
Downloading dependencies
Generating Pods project
Integrating client project
Pod installation complete! There are 0 dependencies from the Podfile and 0 total pods installed.

[!] The Podfile does not contain any dependencies.
Swift Packages:
  CanvasNative (local: node_modules/@nativescript/canvas/platforms/ios/NativeScriptV8)
  FontManager (1.0.14 · https://github.com/NativeScript/font-manager.git)
- Resolving Swift Package dependencies… (0m 0s)
✔ Swift Package dependencies resolved (0m 8s)
Updating runtime package.json with configuration values...
Project successfully prepared (ios)
Command line invocation:
    /Applications/Xcode.app/Contents/Developer/usr/bin/xcodebuild -workspace platforms/ios/calendarpuzzle.xcworkspace -scheme calendarpuzzle -configuration Debug -sdk iphoneos -destination id=00008120-000948541182601E -allowProvisioningUpdates -allowProvisioningDeviceRegistration -disableAutomaticPackageResolution DEVELOPMENT_TEAM=D2B23S3U45 SWIFT_ENABLE_EXPLICIT_MODULES=NO IPHONEOS_DEPLOYMENT_TARGET=15.0 BUILD_DIR=/Users/qingque/Desktop/HaiyueStudio/Native/examples/calendar-puzzle//platforms/ios/build SHARED_PRECOMPS_DIR=/Users/qingque/Desktop/HaiyueStudio/Native/examples/calendar-puzzle//platforms/ios/build/sharedpch build

Build settings from command line:
    BUILD_DIR = /Users/qingque/Desktop/HaiyueStudio/Native/examples/calendar-puzzle//platforms/ios/build
    DEVELOPMENT_TEAM = D2B23S3U45
    IPHONEOS_DEPLOYMENT_TARGET = 15.0
    SDKROOT = iphoneos26.2
    SHARED_PRECOMPS_DIR = /Users/qingque/Desktop/HaiyueStudio/Native/examples/calendar-puzzle//platforms/ios/build/sharedpch
    SWIFT_ENABLE_EXPLICIT_MODULES = NO

Resolve Package Graph


Resolved source packages:
  CanvasNative: /Users/qingque/Desktop/HaiyueStudio/Native/examples/calendar-puzzle/node_modules/@nativescript/canvas/platforms/ios/NativeScriptV8 @ local
  FontManager: https://github.com/NativeScript/font-manager.git @ 1.0.14

ComputePackagePrebuildTargetDependencyGraph

Prepare packages

CreateBuildRequest

SendProjectDescription

CreateBuildOperation

ComputeTargetDependencyGraph
note: Building targets in dependency order
note: Target dependency graph (5 targets)
    Target 'calendarpuzzle' in project 'calendarpuzzle'
        ➜ Implicit dependency on target 'Pods-calendarpuzzle' in project 'Pods' via file 'Pods_calendarpuzzle.framework' in build phase 'Link Binary'
        ➜ Explicit dependency on target 'NativeScriptV8' in project 'CanvasNative'
        ➜ Explicit dependency on target 'FontManager' in project 'FontManager'
    Target 'FontManager' in project 'FontManager' (no dependencies)
    Target 'NativeScriptV8' in project 'CanvasNative'
        ➜ Explicit dependency on target 'NativeScriptV8' in project 'CanvasNative'
    Target 'NativeScriptV8' in project 'CanvasNative' (no dependencies)
    Target 'Pods-calendarpuzzle' in project 'Pods' (no dependencies)

GatherProvisioningInputs

CreateBuildDescription

ExecuteExternalTool /Applications/Xcode.app/Contents/Developer/Toolchains/XcodeDefault.xctoolchain/usr/bin/clang -v -E -dM -isysroot /Applications/Xcode.app/Contents/Developer/Platforms/iPhoneOS.platform/Developer/SDKs/iPhoneOS26.2.sdk -x c -c /dev/null

ExecuteExternalTool /Applications/Xcode.app/Contents/Developer/Toolchains/XcodeDefault.xctoolchain/usr/bin/clang -v -E -dM -arch arm64 -isysroot /Applications/Xcode.app/Contents/Developer/Platforms/iPhoneOS.platform/Developer/SDKs/iPhoneOS26.2.sdk -x c -c /dev/null

ExecuteExternalTool /Applications/Xcode.app/Contents/Developer/Toolchains/XcodeDefault.xctoolchain/usr/bin/clang -v -E -dM -arch arm64 -isysroot /Applications/Xcode.app/Contents/Developer/Platforms/iPhoneOS.platform/Developer/SDKs/iPhoneOS26.2.sdk -x objective-c -c /dev/null

ExecuteExternalTool /Applications/Xcode.app/Contents/Developer/Toolchains/XcodeDefault.xctoolchain/usr/bin/clang -v -E -dM -arch arm64 -isysroot /Applications/Xcode.app/Contents/Developer/Platforms/iPhoneOS.platform/Developer/SDKs/iPhoneOS26.2.sdk -x objective-c++ -c /dev/null

ExecuteExternalTool /Applications/Xcode.app/Contents/Developer/Toolchains/XcodeDefault.xctoolchain/usr/bin/ld -version_details

ExecuteExternalTool /Applications/Xcode.app/Contents/Developer/Toolchains/XcodeDefault.xctoolchain/usr/bin/libtool -V

ExecuteExternalTool /Applications/Xcode.app/Contents/Developer/Toolchains/XcodeDefault.xctoolchain/usr/bin/clang -v -E -dM -arch arm64 -isysroot /Applications/Xcode.app/Contents/Developer/Platforms/iPhoneOS.platform/Developer/SDKs/iPhoneOS26.2.sdk -x c++ -c /dev/null

ExecuteExternalTool /Applications/Xcode.app/Contents/Developer/Toolchains/XcodeDefault.xctoolchain/usr/bin/swiftc --version

Build description signature: 0edb3b0ed946a6ef2a4e9f639df2be3c
Build description path: /Users/qingque/Library/Developer/Xcode/DerivedData/calendarpuzzle-asjntmbhzjifwgexkbbdtjzghpro/Build/Intermediates.noindex/XCBuildData/0edb3b0ed946a6ef2a4e9f639df2be3c.xcbuilddata
ClangStatCache /Applications/Xcode.app/Contents/Developer/Toolchains/XcodeDefault.xctoolchain/usr/bin/clang-stat-cache /Applications/Xcode.app/Contents/Developer/Platforms/iPhoneOS.platform/Developer/SDKs/iPhoneOS26.2.sdk /Users/qingque/Library/Developer/Xcode/DerivedData/SDKStatCaches.noindex/iphoneos26.2-23C57-3794476bd08197c3e2abd9bb477ef7f7.sdkstatcache
    cd /Users/qingque/Desktop/HaiyueStudio/Native/examples/calendar-puzzle/platforms/ios
    /Applications/Xcode.app/Contents/Developer/Toolchains/XcodeDefault.xctoolchain/usr/bin/clang-stat-cache /Applications/Xcode.app/Contents/Developer/Platforms/iPhoneOS.platform/Developer/SDKs/iPhoneOS26.2.sdk -o /Users/qingque/Library/Developer/Xcode/DerivedData/SDKStatCaches.noindex/iphoneos26.2-23C57-3794476bd08197c3e2abd9bb477ef7f7.sdkstatcache

ProcessInfoPlistFile /Users/qingque/Desktop/HaiyueStudio/Native/examples/calendar-puzzle/platforms/ios/build/Debug-iphoneos/Pods_calendarpuzzle.framework/Info.plist /Users/qingque/Desktop/HaiyueStudio/Native/examples/calendar-puzzle/platforms/ios/Pods/Target\ Support\ Files/Pods-calendarpuzzle/Pods-calendarpuzzle-Info.plist (in target 'Pods-calendarpuzzle' from project 'Pods')
    cd /Users/qingque/Desktop/HaiyueStudio/Native/examples/calendar-puzzle/platforms/ios/Pods
    builtin-infoPlistUtility /Users/qingque/Desktop/HaiyueStudio/Native/examples/calendar-puzzle/platforms/ios/Pods/Target\ Support\ Files/Pods-calendarpuzzle/Pods-calendarpuzzle-Info.plist -producttype com.apple.product-type.framework -expandbuildsettings -format binary -platform iphoneos -requiredArchitecture arm64 -o /Users/qingque/Desktop/HaiyueStudio/Native/examples/calendar-puzzle/platforms/ios/build/Debug-iphoneos/Pods_calendarpuzzle.framework/Info.plist

note: Run script build phase 'NativeScript PreLink' will be run during every build because the option to run the script phase "Based on dependency analysis" is unchecked. (in target 'calendarpuzzle' from project 'calendarpuzzle')
note: Run script build phase 'NativeScript PostBuild' will be run during every build because the option to run the script phase "Based on dependency analysis" is unchecked. (in target 'calendarpuzzle' from project 'calendarpuzzle')
note: Run script build phase 'NativeScript PreBuild' will be run during every build because the option to run the script phase "Based on dependency analysis" is unchecked. (in target 'calendarpuzzle' from project 'calendarpuzzle')
PhaseScriptExecution NativeScript\ PreBuild /Users/qingque/Library/Developer/Xcode/DerivedData/calendarpuzzle-asjntmbhzjifwgexkbbdtjzghpro/Build/Intermediates.noindex/calendarpuzzle.build/Debug-iphoneos/calendarpuzzle.build/Script-C97FD7AC1ADE5369004DB2A4.sh (in target 'calendarpuzzle' from project 'calendarpuzzle')
    cd /Users/qingque/Desktop/HaiyueStudio/Native/examples/calendar-puzzle/platforms/ios
    /bin/sh -c /Users/qingque/Library/Developer/Xcode/DerivedData/calendarpuzzle-asjntmbhzjifwgexkbbdtjzghpro/Build/Intermediates.noindex/calendarpuzzle.build/Debug-iphoneos/calendarpuzzle.build/Script-C97FD7AC1ADE5369004DB2A4.sh

Ld /Users/qingque/Desktop/HaiyueStudio/Native/examples/calendar-puzzle/platforms/ios/build/Debug-iphoneos/calendarpuzzle.app/calendarpuzzle normal (in target 'calendarpuzzle' from project 'calendarpuzzle')
    cd /Users/qingque/Desktop/HaiyueStudio/Native/examples/calendar-puzzle/platforms/ios
    /Users/qingque/Desktop/HaiyueStudio/Native/examples/calendar-puzzle/platforms/ios/internal/nsld.sh -Xlinker -reproducible -target arm64-apple-ios15.0 -isysroot /Applications/Xcode.app/Contents/Developer/Platforms/iPhoneOS.platform/Developer/SDKs/iPhoneOS26.2.sdk -O0 -L/Users/qingque/Library/Developer/Xcode/DerivedData/calendarpuzzle-asjntmbhzjifwgexkbbdtjzghpro/Build/Intermediates.noindex/EagerLinkingTBDs/Debug-iphoneos -L/Users/qingque/Desktop/HaiyueStudio/Native/examples/calendar-puzzle/platforms/ios/build/Debug-iphoneos -F/Users/qingque/Library/Developer/Xcode/DerivedData/calendarpuzzle-asjntmbhzjifwgexkbbdtjzghpro/Build/Intermediates.noindex/EagerLinkingTBDs/Debug-iphoneos -F/Users/qingque/Desktop/HaiyueStudio/Native/examples/calendar-puzzle/platforms/ios/build/Debug-iphoneos/PackageFrameworks -F/Users/qingque/Desktop/HaiyueStudio/Native/examples/calendar-puzzle/platforms/ios/build/Debug-iphoneos -F/Users/qingque/Desktop/HaiyueStudio/Native/examples/calendar-puzzle/platforms/ios/internal -F/Users/qingque/Desktop/HaiyueStudio/Native/examples/calendar-puzzle/platforms/ios/build/Debug-iphoneos -F../../node_modules/@nativescript/canvas/platforms/ios -F../../node_modules/@nativescript/core/platforms/ios -filelist /Users/qingque/Library/Developer/Xcode/DerivedData/calendarpuzzle-asjntmbhzjifwgexkbbdtjzghpro/Build/Intermediates.noindex/calendarpuzzle.build/Debug-iphoneos/calendarpuzzle.build/Objects-normal/arm64/calendarpuzzle.LinkFileList -Xlinker -rpath -Xlinker /usr/lib/swift -Xlinker -rpath -Xlinker /Users/qingque/Desktop/HaiyueStudio/Native/examples/calendar-puzzle/platforms/ios/build/Debug-iphoneos/PackageFrameworks -Xlinker -rpath -Xlinker @executable_path/Frameworks -dead_strip -Xlinker -object_path_lto -Xlinker /Users/qingque/Library/Developer/Xcode/DerivedData/calendarpuzzle-asjntmbhzjifwgexkbbdtjzghpro/Build/Intermediates.noindex/calendarpuzzle.build/Debug-iphoneos/calendarpuzzle.build/Objects-normal/arm64/calendarpuzzle_lto.o -rdynamic -Xlinker -no_deduplicate -Xlinker -dependency_info -Xlinker /Users/qingque/Library/Developer/Xcode/DerivedData/calendarpuzzle-asjntmbhzjifwgexkbbdtjzghpro/Build/Intermediates.noindex/calendarpuzzle.build/Debug-iphoneos/calendarpuzzle.build/Objects-normal/arm64/calendarpuzzle_dependency_info.dat -stdlib\=libc++ -fobjc-arc -fobjc-link-runtime -L/Applications/Xcode.app/Contents/Developer/Toolchains/XcodeDefault.xctoolchain/usr/lib/swift/iphoneos -L/usr/lib/swift -Xlinker -add_ast_path -Xlinker /Users/qingque/Library/Developer/Xcode/DerivedData/calendarpuzzle-asjntmbhzjifwgexkbbdtjzghpro/Build/Intermediates.noindex/calendarpuzzle.build/Debug-iphoneos/calendarpuzzle.build/Objects-normal/arm64/calendarpuzzle.swiftmodule -Wl,-no_warn_duplicate_libraries -ObjC -sectcreate __DATA __TNSMetadata /Users/qingque/Desktop/HaiyueStudio/Native/examples/calendar-puzzle/platforms/ios/build/Debug-iphoneos/metadata-arm64.bin -framework NativeScript -framework TKLiveSync -F/Users/qingque/Desktop/HaiyueStudio/Native/examples/calendar-puzzle/platforms/ios/internal -licucore -lz -lc++ -framework Foundation -framework UIKit -framework CoreGraphics -framework CoreServices -framework Security -framework Foundation -framework CanvasNative -framework OpenGLES -framework GLKit -framework CanvasNative -framework NSCWinterTC -framework TNSWidgets -framework Pods_calendarpuzzle -lFontManager -Xlinker -no_adhoc_codesign -o /Users/qingque/Desktop/HaiyueStudio/Native/examples/calendar-puzzle/platforms/ios/build/Debug-iphoneos/calendarpuzzle.app/calendarpuzzle
./.build_env_vars.sh: line 619: declare: UID: readonly variable
Generating metadata...~/Desktop/HaiyueStudio/Native/examples/calendar-puzzle/platforms/ios/internal/metadata-generator-x86_64/bin ~/Desktop/HaiyueStudio/Native/examples/calendar-puzzle/platforms/ios
Python version: 3.9.6 (default, Jan  9 2026, 11:03:41) 
[Clang 17.0.0 (clang-1700.6.4.2)]
Generating metadata for arm64
Metadata Generator Arguments: 
./objc-metadata-generator -verbose -output-bin /Users/qingque/Desktop/HaiyueStudio/Native/examples/calendar-puzzle/platforms/ios/build/Debug-iphoneos/metadata-arm64.bin -output-umbrella /Users/qingque/Desktop/HaiyueStudio/Native/examples/calendar-puzzle/platforms/ios/build/Debug-iphoneos/umbrella-arm64.h -docset-path /Users/qingque/Library/Developer/Shared/Documentation/DocSets/com.apple.adc.documentation.iOS.docset Xclang -isysroot /Applications/Xcode.app/Contents/Developer/Platforms/iPhoneOS.platform/Developer/SDKs/iPhoneOS26.2.sdk -std=gnu99 -target arm64-apple-ios26.2 -I/Users/qingque/Desktop/HaiyueStudio/Native/examples/calendar-puzzle/node_modules/@nativescript/canvas/platforms/ios/NativeScriptV8/Headers -I/Users/qingque/Desktop/HaiyueStudio/Native/examples/calendar-puzzle/platforms/ios/build/Debug-iphoneos/include -I/Users/qingque/Desktop/HaiyueStudio/Native/examples/calendar-puzzle/platforms/ios/internal/Swift-Modules -I/Users/qingque/Desktop/HaiyueStudio/Native/examples/calendar-puzzle/platforms/ios/internal -I/Users/qingque/Desktop/HaiyueStudio/Native/examples/calendar-puzzle/platforms/ios/../../App_Resources/iOS/src -I/Users/qingque/Desktop/HaiyueStudio/Native/examples/calendar-puzzle/platforms/ios/../../node_modules/@nativescript/canvas/platforms/ios/src -I/Users/qingque/Desktop/HaiyueStudio/Native/examples/calendar-puzzle/platforms/ios/../../node_modules/@nativescript/core/platforms/ios/src -I/Users/qingque/Desktop/HaiyueStudio/Native/examples/calendar-puzzle//platforms/ios/build/Debug-iphoneos/NativeScript.framework/Headers -I/Users/qingque/Desktop/HaiyueStudio/Native/examples/calendar-puzzle//platforms/ios/build/Debug-iphoneos/NativeScript.framework/Headers/include -F/Users/qingque/Desktop/HaiyueStudio/Native/examples/calendar-puzzle/platforms/ios/build/Debug-iphoneos/PackageFrameworks -F/Users/qingque/Desktop/HaiyueStudio/Native/examples/calendar-puzzle/platforms/ios/build/Debug-iphoneos -F/Users/qingque/Desktop/HaiyueStudio/Native/examples/calendar-puzzle/platforms/ios/internal/ -F/Users/qingque/Desktop/HaiyueStudio/Native/examples/calendar-puzzle/platforms/ios/build/Debug-iphoneos -F../../node_modules/@nativescript/canvas/platforms/ios -F../../node_modules/@nativescript/core/platforms/ios -F/Applications/Xcode.app/Contents/Developer/Platforms/iPhoneOS.platform/Developer/SDKs/iPhoneOS26.2.sdk/System/Library/SubFrameworks -fmodule-map-file=/Users/qingque/Library/Developer/Xcode/DerivedData/calendarpuzzle-asjntmbhzjifwgexkbbdtjzghpro/Build/Intermediates.noindex/GeneratedModuleMaps-iphoneos/NativeScriptV8.modulemap -I/Users/qingque/Desktop/HaiyueStudio/Native/examples/calendar-puzzle/platforms/ios/build/Debug-iphoneos/NativeScript.framework/Headers -I/Users/qingque/Desktop/HaiyueStudio/Native/examples/calendar-puzzle/platforms/ios/build/Debug-iphoneos/NativeScript.framework/Headers/include -DCOCOAPODS=1 -DDEBUG=1 -DNS_SWIFTUI_BOOT=0 
Clang Arguments: 
"-v", "-x", "objective-c", "-fno-objc-arc", "-fmodule-maps", "-ferror-limit=0", "-Wno-unknown-pragmas", "-Wno-ignored-attributes", "-Wno-nullability-completeness", "-Wno-expansion-to-defined", "-D__NATIVESCRIPT_METADATA_GENERATOR=1", "-isysroot", "/Applications/Xcode.app/Contents/Developer/Platforms/iPhoneOS.platform/Developer/SDKs/iPhoneOS26.2.sdk", "-std=gnu99", "-target", "arm64-apple-ios26.2", "-I/Users/qingque/Desktop/HaiyueStudio/Native/examples/calendar-puzzle/node_modules/@nativescript/canvas/platforms/ios/NativeScriptV8/Headers", "-I/Users/qingque/Desktop/HaiyueStudio/Native/examples/calendar-puzzle/platforms/ios/build/Debug-iphoneos/include", "-I/Users/qingque/Desktop/HaiyueStudio/Native/examples/calendar-puzzle/platforms/ios/internal/Swift-Modules", "-I/Users/qingque/Desktop/HaiyueStudio/Native/examples/calendar-puzzle/platforms/ios/internal", "-I/Users/qingque/Desktop/HaiyueStudio/Native/examples/calendar-puzzle/platforms/ios/../../App_Resources/iOS/src", "-I/Users/qingque/Desktop/HaiyueStudio/Native/examples/calendar-puzzle/platforms/ios/../../node_modules/@nativescript/canvas/platforms/ios/src", "-I/Users/qingque/Desktop/HaiyueStudio/Native/examples/calendar-puzzle/platforms/ios/../../node_modules/@nativescript/core/platforms/ios/src", "-I/Users/qingque/Desktop/HaiyueStudio/Native/examples/calendar-puzzle//platforms/ios/build/Debug-iphoneos/NativeScript.framework/Headers", "-I/Users/qingque/Desktop/HaiyueStudio/Native/examples/calendar-puzzle//platforms/ios/build/Debug-iphoneos/NativeScript.framework/Headers/include", "-F/Users/qingque/Desktop/HaiyueStudio/Native/examples/calendar-puzzle/platforms/ios/build/Debug-iphoneos/PackageFrameworks", "-F/Users/qingque/Desktop/HaiyueStudio/Native/examples/calendar-puzzle/platforms/ios/build/Debug-iphoneos", "-F/Users/qingque/Desktop/HaiyueStudio/Native/examples/calendar-puzzle/platforms/ios/internal/", "-F/Users/qingque/Desktop/HaiyueStudio/Native/examples/calendar-puzzle/platforms/ios/build/Debug-iphoneos", "-F../../node_modules/@nativescript/canvas/platforms/ios", "-F../../node_modules/@nativescript/core/platforms/ios", "-F/Applications/Xcode.app/Contents/Developer/Platforms/iPhoneOS.platform/Developer/SDKs/iPhoneOS26.2.sdk/System/Library/SubFrameworks", "-fmodule-map-file=/Users/qingque/Library/Developer/Xcode/DerivedData/calendarpuzzle-asjntmbhzjifwgexkbbdtjzghpro/Build/Intermediates.noindex/GeneratedModuleMaps-iphoneos/NativeScriptV8.modulemap", "-I/Users/qingque/Desktop/HaiyueStudio/Native/examples/calendar-puzzle/platforms/ios/build/Debug-iphoneos/NativeScript.framework/Headers", "-I/Users/qingque/Desktop/HaiyueStudio/Native/examples/calendar-puzzle/platforms/ios/build/Debug-iphoneos/NativeScript.framework/Headers/include", "-DCOCOAPODS=1", "-DDEBUG=1", "-DNS_SWIFTUI_BOOT=0", 
Merged 1464 categories.
Result: 65783 declarations from 212 top level modules
Done! Running time: 43.7994 sec 
Saving metadata generation's stderr stream to: /Users/qingque/Desktop/HaiyueStudio/Native/examples/calendar-puzzle/platforms/ios/build/Debug-iphoneos/metadata-generation-stderr-arm64.txt
~/Desktop/HaiyueStudio/Native/examples/calendar-puzzle/platforms/ios
clang: warning: argument unused during compilation: '-stdlib=libc++' [-Wunused-command-line-argument]

PhaseScriptExecution NativeScript\ PreLink /Users/qingque/Library/Developer/Xcode/DerivedData/calendarpuzzle-asjntmbhzjifwgexkbbdtjzghpro/Build/Intermediates.noindex/calendarpuzzle.build/Debug-iphoneos/calendarpuzzle.build/Script-CD62955B1BB2651D00AE3A93.sh (in target 'calendarpuzzle' from project 'calendarpuzzle')
    cd /Users/qingque/Desktop/HaiyueStudio/Native/examples/calendar-puzzle/platforms/ios
    /bin/sh -c /Users/qingque/Library/Developer/Xcode/DerivedData/calendarpuzzle-asjntmbhzjifwgexkbbdtjzghpro/Build/Intermediates.noindex/calendarpuzzle.build/Debug-iphoneos/calendarpuzzle.build/Script-CD62955B1BB2651D00AE3A93.sh

CopyPNGFile /Users/qingque/Desktop/HaiyueStudio/Native/examples/calendar-puzzle/platforms/ios/build/Debug-iphoneos/calendarpuzzle.app/AppIcon1024.png /Users/qingque/Desktop/HaiyueStudio/Native/examples/calendar-puzzle/platforms/ios/calendarpuzzle/Resources/AppIcon1024.png (in target 'calendarpuzzle' from project 'calendarpuzzle')
    cd /Users/qingque/Desktop/HaiyueStudio/Native/examples/calendar-puzzle/platforms/ios
    /Applications/Xcode.app/Contents/Developer/usr/bin/copypng -compress -strip-PNG-text /Users/qingque/Desktop/HaiyueStudio/Native/examples/calendar-puzzle/platforms/ios/calendarpuzzle/Resources/AppIcon1024.png /Users/qingque/Desktop/HaiyueStudio/Native/examples/calendar-puzzle/platforms/ios/build/Debug-iphoneos/calendarpuzzle.app/AppIcon1024.png

CopyPNGFile /Users/qingque/Desktop/HaiyueStudio/Native/examples/calendar-puzzle/platforms/ios/build/Debug-iphoneos/calendarpuzzle.app/AppIcon60x60@3x.png /Users/qingque/Desktop/HaiyueStudio/Native/examples/calendar-puzzle/platforms/ios/calendarpuzzle/Resources/AppIcon60x60@3x.png (in target 'calendarpuzzle' from project 'calendarpuzzle')
    cd /Users/qingque/Desktop/HaiyueStudio/Native/examples/calendar-puzzle/platforms/ios
    /Applications/Xcode.app/Contents/Developer/usr/bin/copypng -compress -strip-PNG-text /Users/qingque/Desktop/HaiyueStudio/Native/examples/calendar-puzzle/platforms/ios/calendarpuzzle/Resources/AppIcon60x60@3x.png /Users/qingque/Desktop/HaiyueStudio/Native/examples/calendar-puzzle/platforms/ios/build/Debug-iphoneos/calendarpuzzle.app/AppIcon60x60@3x.png

CopyPNGFile /Users/qingque/Desktop/HaiyueStudio/Native/examples/calendar-puzzle/platforms/ios/build/Debug-iphoneos/calendarpuzzle.app/AppIcon60x60@2x.png /Users/qingque/Desktop/HaiyueStudio/Native/examples/calendar-puzzle/platforms/ios/calendarpuzzle/Resources/AppIcon60x60@2x.png (in target 'calendarpuzzle' from project 'calendarpuzzle')
    cd /Users/qingque/Desktop/HaiyueStudio/Native/examples/calendar-puzzle/platforms/ios
    /Applications/Xcode.app/Contents/Developer/usr/bin/copypng -compress -strip-PNG-text /Users/qingque/Desktop/HaiyueStudio/Native/examples/calendar-puzzle/platforms/ios/calendarpuzzle/Resources/AppIcon60x60@2x.png /Users/qingque/Desktop/HaiyueStudio/Native/examples/calendar-puzzle/platforms/ios/build/Debug-iphoneos/calendarpuzzle.app/AppIcon60x60@2x.png

CopyPNGFile /Users/qingque/Desktop/HaiyueStudio/Native/examples/calendar-puzzle/platforms/ios/build/Debug-iphoneos/calendarpuzzle.app/AppIcon40x40@3x.png /Users/qingque/Desktop/HaiyueStudio/Native/examples/calendar-puzzle/platforms/ios/calendarpuzzle/Resources/AppIcon40x40@3x.png (in target 'calendarpuzzle' from project 'calendarpuzzle')
    cd /Users/qingque/Desktop/HaiyueStudio/Native/examples/calendar-puzzle/platforms/ios
    /Applications/Xcode.app/Contents/Developer/usr/bin/copypng -compress -strip-PNG-text /Users/qingque/Desktop/HaiyueStudio/Native/examples/calendar-puzzle/platforms/ios/calendarpuzzle/Resources/AppIcon40x40@3x.png /Users/qingque/Desktop/HaiyueStudio/Native/examples/calendar-puzzle/platforms/ios/build/Debug-iphoneos/calendarpuzzle.app/AppIcon40x40@3x.png

CopyPNGFile /Users/qingque/Desktop/HaiyueStudio/Native/examples/calendar-puzzle/platforms/ios/build/Debug-iphoneos/calendarpuzzle.app/AppIcon40x40@2x.png /Users/qingque/Desktop/HaiyueStudio/Native/examples/calendar-puzzle/platforms/ios/calendarpuzzle/Resources/AppIcon40x40@2x.png (in target 'calendarpuzzle' from project 'calendarpuzzle')
    cd /Users/qingque/Desktop/HaiyueStudio/Native/examples/calendar-puzzle/platforms/ios
    /Applications/Xcode.app/Contents/Developer/usr/bin/copypng -compress -strip-PNG-text /Users/qingque/Desktop/HaiyueStudio/Native/examples/calendar-puzzle/platforms/ios/calendarpuzzle/Resources/AppIcon40x40@2x.png /Users/qingque/Desktop/HaiyueStudio/Native/examples/calendar-puzzle/platforms/ios/build/Debug-iphoneos/calendarpuzzle.app/AppIcon40x40@2x.png

CopyPNGFile /Users/qingque/Desktop/HaiyueStudio/Native/examples/calendar-puzzle/platforms/ios/build/Debug-iphoneos/calendarpuzzle.app/AppIcon29x29@2x.png /Users/qingque/Desktop/HaiyueStudio/Native/examples/calendar-puzzle/platforms/ios/calendarpuzzle/Resources/AppIcon29x29@2x.png (in target 'calendarpuzzle' from project 'calendarpuzzle')
    cd /Users/qingque/Desktop/HaiyueStudio/Native/examples/calendar-puzzle/platforms/ios
    /Applications/Xcode.app/Contents/Developer/usr/bin/copypng -compress -strip-PNG-text /Users/qingque/Desktop/HaiyueStudio/Native/examples/calendar-puzzle/platforms/ios/calendarpuzzle/Resources/AppIcon29x29@2x.png /Users/qingque/Desktop/HaiyueStudio/Native/examples/calendar-puzzle/platforms/ios/build/Debug-iphoneos/calendarpuzzle.app/AppIcon29x29@2x.png

CopyPNGFile /Users/qingque/Desktop/HaiyueStudio/Native/examples/calendar-puzzle/platforms/ios/build/Debug-iphoneos/calendarpuzzle.app/AppIcon29x29@3x.png /Users/qingque/Desktop/HaiyueStudio/Native/examples/calendar-puzzle/platforms/ios/calendarpuzzle/Resources/AppIcon29x29@3x.png (in target 'calendarpuzzle' from project 'calendarpuzzle')
    cd /Users/qingque/Desktop/HaiyueStudio/Native/examples/calendar-puzzle/platforms/ios
    /Applications/Xcode.app/Contents/Developer/usr/bin/copypng -compress -strip-PNG-text /Users/qingque/Desktop/HaiyueStudio/Native/examples/calendar-puzzle/platforms/ios/calendarpuzzle/Resources/AppIcon29x29@3x.png /Users/qingque/Desktop/HaiyueStudio/Native/examples/calendar-puzzle/platforms/ios/build/Debug-iphoneos/calendarpuzzle.app/AppIcon29x29@3x.png

CpResource /Users/qingque/Desktop/HaiyueStudio/Native/examples/calendar-puzzle/platforms/ios/build/Debug-iphoneos/calendarpuzzle.app/signing.local.xcconfig /Users/qingque/Desktop/HaiyueStudio/Native/examples/calendar-puzzle/platforms/ios/calendarpuzzle/Resources/signing.local.xcconfig (in target 'calendarpuzzle' from project 'calendarpuzzle')
    cd /Users/qingque/Desktop/HaiyueStudio/Native/examples/calendar-puzzle/platforms/ios
    builtin-copy -exclude .DS_Store -exclude CVS -exclude .svn -exclude .git -exclude .hg -resolve-src-symlinks /Users/qingque/Desktop/HaiyueStudio/Native/examples/calendar-puzzle/platforms/ios/calendarpuzzle/Resources/signing.local.xcconfig /Users/qingque/Desktop/HaiyueStudio/Native/examples/calendar-puzzle/platforms/ios/build/Debug-iphoneos/calendarpuzzle.app

CpResource /Users/qingque/Desktop/HaiyueStudio/Native/examples/calendar-puzzle/platforms/ios/build/Debug-iphoneos/calendarpuzzle.app/build.xcconfig /Users/qingque/Desktop/HaiyueStudio/Native/examples/calendar-puzzle/platforms/ios/calendarpuzzle/Resources/build.xcconfig (in target 'calendarpuzzle' from project 'calendarpuzzle')
    cd /Users/qingque/Desktop/HaiyueStudio/Native/examples/calendar-puzzle/platforms/ios
    builtin-copy -exclude .DS_Store -exclude CVS -exclude .svn -exclude .git -exclude .hg -resolve-src-symlinks /Users/qingque/Desktop/HaiyueStudio/Native/examples/calendar-puzzle/platforms/ios/calendarpuzzle/Resources/build.xcconfig /Users/qingque/Desktop/HaiyueStudio/Native/examples/calendar-puzzle/platforms/ios/build/Debug-iphoneos/calendarpuzzle.app

CpResource /Users/qingque/Desktop/HaiyueStudio/Native/examples/calendar-puzzle/platforms/ios/build/Debug-iphoneos/calendarpuzzle.app/app /Users/qingque/Desktop/HaiyueStudio/Native/examples/calendar-puzzle/platforms/ios/calendarpuzzle/app (in target 'calendarpuzzle' from project 'calendarpuzzle')
    cd /Users/qingque/Desktop/HaiyueStudio/Native/examples/calendar-puzzle/platforms/ios
    builtin-copy -exclude .DS_Store -exclude CVS -exclude .svn -exclude .git -exclude .hg -resolve-src-symlinks /Users/qingque/Desktop/HaiyueStudio/Native/examples/calendar-puzzle/platforms/ios/calendarpuzzle/app /Users/qingque/Desktop/HaiyueStudio/Native/examples/calendar-puzzle/platforms/ios/build/Debug-iphoneos/calendarpuzzle.app

ProcessInfoPlistFile /Users/qingque/Desktop/HaiyueStudio/Native/examples/calendar-puzzle/platforms/ios/build/Debug-iphoneos/calendarpuzzle.app/Info.plist /Users/qingque/Desktop/HaiyueStudio/Native/examples/calendar-puzzle/platforms/ios/calendarpuzzle/calendarpuzzle-Info.plist (in target 'calendarpuzzle' from project 'calendarpuzzle')
    cd /Users/qingque/Desktop/HaiyueStudio/Native/examples/calendar-puzzle/platforms/ios
    builtin-infoPlistUtility /Users/qingque/Desktop/HaiyueStudio/Native/examples/calendar-puzzle/platforms/ios/calendarpuzzle/calendarpuzzle-Info.plist -producttype com.apple.product-type.application -genpkginfo /Users/qingque/Desktop/HaiyueStudio/Native/examples/calendar-puzzle/platforms/ios/build/Debug-iphoneos/calendarpuzzle.app/PkgInfo -expandbuildsettings -format binary -platform iphoneos -scanforprivacyfile /Users/qingque/Desktop/HaiyueStudio/Native/examples/calendar-puzzle/platforms/ios/build/Debug-iphoneos/calendarpuzzle.app/Frameworks/CanvasNative.framework -scanforprivacyfile /Users/qingque/Desktop/HaiyueStudio/Native/examples/calendar-puzzle/platforms/ios/build/Debug-iphoneos/calendarpuzzle.app/Frameworks/NSCWinterTC.framework -scanforprivacyfile /Users/qingque/Desktop/HaiyueStudio/Native/examples/calendar-puzzle/platforms/ios/build/Debug-iphoneos/calendarpuzzle.app/Frameworks/NativeScript.framework -scanforprivacyfile /Users/qingque/Desktop/HaiyueStudio/Native/examples/calendar-puzzle/platforms/ios/build/Debug-iphoneos/calendarpuzzle.app/Frameworks/TKLiveSync.framework -scanforprivacyfile /Users/qingque/Desktop/HaiyueStudio/Native/examples/calendar-puzzle/platforms/ios/build/Debug-iphoneos/calendarpuzzle.app/Frameworks/TNSWidgets.framework -requiredArchitecture arm64 -o /Users/qingque/Desktop/HaiyueStudio/Native/examples/calendar-puzzle/platforms/ios/build/Debug-iphoneos/calendarpuzzle.app/Info.plist

PhaseScriptExecution NativeScript\ PostBuild /Users/qingque/Library/Developer/Xcode/DerivedData/calendarpuzzle-asjntmbhzjifwgexkbbdtjzghpro/Build/Intermediates.noindex/calendarpuzzle.build/Debug-iphoneos/calendarpuzzle.build/Script-CD3EAD351B05FF060042DBFC.sh (in target 'calendarpuzzle' from project 'calendarpuzzle')
    cd /Users/qingque/Desktop/HaiyueStudio/Native/examples/calendar-puzzle/platforms/ios
    /bin/sh -c /Users/qingque/Library/Developer/Xcode/DerivedData/calendarpuzzle-asjntmbhzjifwgexkbbdtjzghpro/Build/Intermediates.noindex/calendarpuzzle.build/Debug-iphoneos/calendarpuzzle.build/Script-CD3EAD351B05FF060042DBFC.sh
~/Desktop/HaiyueStudio/Native/examples/calendar-puzzle/platforms/ios/internal ~/Desktop/HaiyueStudio/Native/examples/calendar-puzzle/platforms/ios
Stripping frameworks
~/Desktop/HaiyueStudio/Native/examples/calendar-puzzle/platforms/ios

CopySwiftLibs /Users/qingque/Desktop/HaiyueStudio/Native/examples/calendar-puzzle/platforms/ios/build/Debug-iphoneos/calendarpuzzle.app (in target 'calendarpuzzle' from project 'calendarpuzzle')
    cd /Users/qingque/Desktop/HaiyueStudio/Native/examples/calendar-puzzle/platforms/ios
    builtin-swiftStdLibTool --copy --verbose --sign F3C124A6A53FD97EB266F60E3E0ABCCE03628979 --scan-executable /Users/qingque/Desktop/HaiyueStudio/Native/examples/calendar-puzzle/platforms/ios/build/Debug-iphoneos/calendarpuzzle.app/calendarpuzzle --scan-folder /Users/qingque/Desktop/HaiyueStudio/Native/examples/calendar-puzzle/platforms/ios/build/Debug-iphoneos/calendarpuzzle.app/Frameworks --scan-folder /Users/qingque/Desktop/HaiyueStudio/Native/examples/calendar-puzzle/platforms/ios/build/Debug-iphoneos/calendarpuzzle.app/PlugIns --scan-folder /Users/qingque/Desktop/HaiyueStudio/Native/examples/calendar-puzzle/platforms/ios/build/Debug-iphoneos/calendarpuzzle.app/SystemExtensions --scan-folder /Users/qingque/Desktop/HaiyueStudio/Native/examples/calendar-puzzle/platforms/ios/build/Debug-iphoneos/calendarpuzzle.app/Extensions --scan-folder /Users/qingque/Desktop/HaiyueStudio/Native/examples/calendar-puzzle/platforms/ios/build/Debug-iphoneos/Pods_calendarpuzzle.framework --platform iphoneos --toolchain /Applications/Xcode.app/Contents/Developer/Toolchains/XcodeDefault.xctoolchain --destination /Users/qingque/Desktop/HaiyueStudio/Native/examples/calendar-puzzle/platforms/ios/build/Debug-iphoneos/calendarpuzzle.app/Frameworks --strip-bitcode --strip-bitcode-tool /Applications/Xcode.app/Contents/Developer/Toolchains/XcodeDefault.xctoolchain/usr/bin/bitcode_strip --emit-dependency-info /Users/qingque/Library/Developer/Xcode/DerivedData/calendarpuzzle-asjntmbhzjifwgexkbbdtjzghpro/Build/Intermediates.noindex/calendarpuzzle.build/Debug-iphoneos/calendarpuzzle.build/SwiftStdLibToolInputDependencies.dep --filter-for-swift-os --back-deploy-swift-span

ExtractAppIntentsMetadata (in target 'calendarpuzzle' from project 'calendarpuzzle')
    cd /Users/qingque/Desktop/HaiyueStudio/Native/examples/calendar-puzzle/platforms/ios
    /Applications/Xcode.app/Contents/Developer/Toolchains/XcodeDefault.xctoolchain/usr/bin/appintentsmetadataprocessor --toolchain-dir /Applications/Xcode.app/Contents/Developer/Toolchains/XcodeDefault.xctoolchain --module-name calendarpuzzle --sdk-root /Applications/Xcode.app/Contents/Developer/Platforms/iPhoneOS.platform/Developer/SDKs/iPhoneOS26.2.sdk --xcode-version 17C529 --platform-family iOS --deployment-target 15.0 --bundle-identifier org.haiyue.native.calendarpuzzle --output /Users/qingque/Desktop/HaiyueStudio/Native/examples/calendar-puzzle/platforms/ios/build/Debug-iphoneos/calendarpuzzle.app --target-triple arm64-apple-ios15.0 --binary-file /Users/qingque/Desktop/HaiyueStudio/Native/examples/calendar-puzzle/platforms/ios/build/Debug-iphoneos/calendarpuzzle.app/calendarpuzzle --dependency-file /Users/qingque/Library/Developer/Xcode/DerivedData/calendarpuzzle-asjntmbhzjifwgexkbbdtjzghpro/Build/Intermediates.noindex/calendarpuzzle.build/Debug-iphoneos/calendarpuzzle.build/Objects-normal/arm64/calendarpuzzle_dependency_info.dat --stringsdata-file /Users/qingque/Library/Developer/Xcode/DerivedData/calendarpuzzle-asjntmbhzjifwgexkbbdtjzghpro/Build/Intermediates.noindex/calendarpuzzle.build/Debug-iphoneos/calendarpuzzle.build/Objects-normal/arm64/ExtractedAppShortcutsMetadata.stringsdata --source-file-list /Users/qingque/Library/Developer/Xcode/DerivedData/calendarpuzzle-asjntmbhzjifwgexkbbdtjzghpro/Build/Intermediates.noindex/calendarpuzzle.build/Debug-iphoneos/calendarpuzzle.build/Objects-normal/arm64/calendarpuzzle.SwiftFileList --metadata-file-list /Users/qingque/Library/Developer/Xcode/DerivedData/calendarpuzzle-asjntmbhzjifwgexkbbdtjzghpro/Build/Intermediates.noindex/calendarpuzzle.build/Debug-iphoneos/calendarpuzzle.build/calendarpuzzle.DependencyMetadataFileList --static-metadata-file-list /Users/qingque/Library/Developer/Xcode/DerivedData/calendarpuzzle-asjntmbhzjifwgexkbbdtjzghpro/Build/Intermediates.noindex/calendarpuzzle.build/Debug-iphoneos/calendarpuzzle.build/calendarpuzzle.DependencyStaticMetadataFileList --swift-const-vals-list /Users/qingque/Library/Developer/Xcode/DerivedData/calendarpuzzle-asjntmbhzjifwgexkbbdtjzghpro/Build/Intermediates.noindex/calendarpuzzle.build/Debug-iphoneos/calendarpuzzle.build/Objects-normal/arm64/calendarpuzzle.SwiftConstValuesFileList --compile-time-extraction --deployment-aware-processing --validate-assistant-intents --no-app-shortcuts-localization
2026-09-20 09:01:56.369 appintentsmetadataprocessor[23583:6299165] Starting appintentsmetadataprocessor export
2026-09-20 09:01:56.377 appintentsmetadataprocessor[23583:6299165] warning: Metadata extraction skipped. No AppIntents.framework dependency found.

GenerateDSYMFile /Users/qingque/Desktop/HaiyueStudio/Native/examples/calendar-puzzle/platforms/ios/build/Debug-iphoneos/calendarpuzzle.app.dSYM /Users/qingque/Desktop/HaiyueStudio/Native/examples/calendar-puzzle/platforms/ios/build/Debug-iphoneos/calendarpuzzle.app/calendarpuzzle (in target 'calendarpuzzle' from project 'calendarpuzzle')
    cd /Users/qingque/Desktop/HaiyueStudio/Native/examples/calendar-puzzle/platforms/ios
    /Applications/Xcode.app/Contents/Developer/Toolchains/XcodeDefault.xctoolchain/usr/bin/dsymutil /Users/qingque/Desktop/HaiyueStudio/Native/examples/calendar-puzzle/platforms/ios/build/Debug-iphoneos/calendarpuzzle.app/calendarpuzzle -o /Users/qingque/Desktop/HaiyueStudio/Native/examples/calendar-puzzle/platforms/ios/build/Debug-iphoneos/calendarpuzzle.app.dSYM
warning: (arm64) /Users/runner/work/font-manager/font-manager/dist/spm/build/DerivedData/Build/Intermediates.noindex/ArchiveIntermediates/FontManager/IntermediateBuildFilesPath/FontManager.build/Release-iphoneos/FontManager.build/Objects-normal/arm64/NSCFontDescriptors.o unable to open object file: No such file or directory
warning: (arm64) /Users/runner/work/font-manager/font-manager/dist/spm/build/DerivedData/Build/Intermediates.noindex/ArchiveIntermediates/FontManager/IntermediateBuildFilesPath/FontManager.build/Release-iphoneos/FontManager.build/Objects-normal/arm64/NSCFontFace.o unable to open object file: No such file or directory
warning: (arm64) /Users/runner/work/font-manager/font-manager/dist/spm/build/DerivedData/Build/Intermediates.noindex/ArchiveIntermediates/FontManager/IntermediateBuildFilesPath/FontManager.build/Release-iphoneos/FontManager.build/Objects-normal/arm64/NSCFontFaceSet.o unable to open object file: No such file or directory
warning: (arm64) /Users/runner/work/font-manager/font-manager/dist/spm/build/DerivedData/Build/Intermediates.noindex/ArchiveIntermediates/FontManager/IntermediateBuildFilesPath/FontManager.build/Release-iphoneos/FontManager.build/Objects-normal/arm64/NSCFontParser.o unable to open object file: No such file or directory
warning: (arm64) /Users/runner/work/font-manager/font-manager/dist/spm/build/DerivedData/Build/Intermediates.noindex/ArchiveIntermediates/FontManager/IntermediateBuildFilesPath/FontManager.build/Release-iphoneos/FontManager.build/Objects-normal/arm64/NSCFontResolver.o unable to open object file: No such file or directory
warning: (arm64) /Users/runner/work/font-manager/font-manager/dist/spm/build/DerivedData/Build/Intermediates.noindex/ArchiveIntermediates/FontManager/IntermediateBuildFilesPath/FontManager.build/Release-iphoneos/FontManager.build/Objects-normal/arm64/NSCFontStyle.o unable to open object file: No such file or directory
warning: (arm64) /Users/runner/work/font-manager/font-manager/dist/spm/build/DerivedData/Build/Intermediates.noindex/ArchiveIntermediates/FontManager/IntermediateBuildFilesPath/FontManager.build/Release-iphoneos/FontManager.build/Objects-normal/arm64/NSCFontTypes.o unable to open object file: No such file or directory
warning: (arm64) /Users/runner/work/font-manager/font-manager/dist/spm/build/DerivedData/Build/Intermediates.noindex/ArchiveIntermediates/FontManager/IntermediateBuildFilesPath/FontManager.build/Release-iphoneos/FontManager.build/Objects-normal/arm64/NSCFontRegex.o unable to open object file: No such file or directory

CodeSign /Users/qingque/Desktop/HaiyueStudio/Native/examples/calendar-puzzle/platforms/ios/build/Debug-iphoneos/calendarpuzzle.app (in target 'calendarpuzzle' from project 'calendarpuzzle')
    cd /Users/qingque/Desktop/HaiyueStudio/Native/examples/calendar-puzzle/platforms/ios
    
    Signing Identity:     "Apple Development: qingque60@gmail.com (83884YQRQR)"
    Provisioning Profile: "iOS Team Provisioning Profile: org.haiyue.native.calendarpuzzle"
                          (ba7cca73-b72d-4db5-80ae-f5e8d31278cd)
    
    /usr/bin/codesign --force --sign F3C124A6A53FD97EB266F60E3E0ABCCE03628979 --entitlements /Users/qingque/Library/Developer/Xcode/DerivedData/calendarpuzzle-asjntmbhzjifwgexkbbdtjzghpro/Build/Intermediates.noindex/calendarpuzzle.build/Debug-iphoneos/calendarpuzzle.build/calendarpuzzle.app.xcent --timestamp\=none --generate-entitlement-der /Users/qingque/Desktop/HaiyueStudio/Native/examples/calendar-puzzle/platforms/ios/build/Debug-iphoneos/calendarpuzzle.app

Validate /Users/qingque/Desktop/HaiyueStudio/Native/examples/calendar-puzzle/platforms/ios/build/Debug-iphoneos/calendarpuzzle.app (in target 'calendarpuzzle' from project 'calendarpuzzle')
    cd /Users/qingque/Desktop/HaiyueStudio/Native/examples/calendar-puzzle/platforms/ios
    builtin-validationUtility /Users/qingque/Desktop/HaiyueStudio/Native/examples/calendar-puzzle/platforms/ios/build/Debug-iphoneos/calendarpuzzle.app -shallow-bundle -infoplist-subpath Info.plist

** BUILD SUCCEEDED **

