To honour the JVM settings for this build a single-use Daemon process will be forked. For more on this, please refer to https://docs.gradle.org/8.14.3/userguide/gradle_daemon.html#sec:disabling_the_daemon in the Gradle documentation.
Daemon will be stopped at the end of the build 

> Configure project :
	 + failed to load gradle properties from "/Users/qingque/Desktop/HaiyueStudio/Native/examples/calendar-puzzle/platforms/android/additional_gradle.properties". Error is: /Users/qingque/Desktop/HaiyueStudio/Native/examples/calendar-puzzle/platforms/android/additional_gradle.properties (No such file or directory)

> Configure project :app
	 + setting applicationId
	 + applying user-defined configuration from /Users/qingque/Desktop/HaiyueStudio/Native/examples/calendar-puzzle/App_Resources/Android/app.gradle
	 + adding nativescript runtime package dependency: nativescript-optimized-with-inspector
	 + adding aar plugin dependency: /Users/qingque/Desktop/HaiyueStudio/Native/examples/calendar-puzzle/node_modules/@nativescript/core/platforms/android/core.aar
	 + adding aar plugin dependency: /Users/qingque/Desktop/HaiyueStudio/Native/examples/calendar-puzzle/node_modules/@nativescript/core/platforms/android/widgets-release.aar
	 + adding aar plugin dependency: /Users/qingque/Desktop/HaiyueStudio/Native/examples/calendar-puzzle/node_modules/@nativescript/core/platforms/android/winter_tc-release.aar
	 + adding aar plugin dependency: /Users/qingque/Desktop/HaiyueStudio/Native/examples/calendar-puzzle/node_modules/@nativescript/canvas/platforms/android/canvas-release.aar
WARNING: Using flatDir should be avoided because it doesn't support any meta-data formats.
Configuration 'debugCompileClasspath' was resolved during configuration time.
This is a build performance and scalability issue.
See https://github.com/gradle/gradle/issues/2298
Run with --info for a stacktrace.
Configuration 'debugRuntimeClasspath' was resolved during configuration time.
This is a build performance and scalability issue.
See https://github.com/gradle/gradle/issues/2298
Run with --info for a stacktrace.
Warning: SDK processing. This version only understands SDK XML versions up to 3 but an SDK XML file of version 4 was encountered. This can happen if you use versions of Android Studio and the command-line tools that were released at different times.

> Task :app:checkKotlinGradlePluginConfigurationErrors SKIPPED
> Task :app:preBuild UP-TO-DATE
> Task :app:preDebugBuild UP-TO-DATE
> Task :app:checkDebugAarMetadata UP-TO-DATE
> Task :app:generateDebugResValues UP-TO-DATE
> Task :app:mapDebugSourceSetPaths UP-TO-DATE
> Task :app:generateDebugResources UP-TO-DATE
> Task :app:mergeDebugResources UP-TO-DATE
> Task :app:packageDebugResources UP-TO-DATE
> Task :app:parseDebugLocalResources UP-TO-DATE
> Task :app:createDebugCompatibleScreenManifests UP-TO-DATE
> Task :app:extractDeepLinksDebug UP-TO-DATE
> Task :app:processDebugMainManifest UP-TO-DATE
> Task :app:processDebugManifest UP-TO-DATE
> Task :app:processDebugManifestForPackage UP-TO-DATE
> Task :app:processDebugResources UP-TO-DATE
> Task :app:cleanupAllJars UP-TO-DATE
> Task :app:extract_R.jar_to_08a6875f216f590c734db19abcf208a5 UP-TO-DATE
> Task :app:extract_appcompat-1.7.1-api.jar_to_9bfa2afe6d9f79a0f633c43190b31e87 UP-TO-DATE
> Task :app:extract_browser-1.8.0-api.jar_to_3e94d04fa0fd1da8992d76ccd96aa197 UP-TO-DATE
> Task :app:extract_cardview-1.0.0-api.jar_to_29d8506b857cfaf87c15da4e681f33d5 UP-TO-DATE
> Task :app:extract_collection-1.1.0.jar_to_f7d8502f90857bddcafb0eb8972c186b UP-TO-DATE
> Task :app:extract_constraintlayout-2.0.1-api.jar_to_a604f2f265ff78eb225a4881e90db3b5 UP-TO-DATE
> Task :app:extract_constraintlayout-solver-2.0.1.jar_to_d1146de08cca0e4c5ed0fd1418899d3b UP-TO-DATE
> Task :app:extract_coordinatorlayout-1.1.0-api.jar_to_b54d7ba8e62fff674272d1ac62f88099 UP-TO-DATE
> Task :app:extract_core-1.13.1-api.jar_to_e951a859e2eaa64af328f5f236464036 UP-TO-DATE
> Task :app:extract_core-common-2.2.0.jar_to_52fe10e426998f9ed02315af4cae4c6e UP-TO-DATE
> Task :app:extract_core-runtime-2.2.0-api.jar_to_4fa5f0e414626683a70a0e4f89ce55ca UP-TO-DATE
> Task :app:extract_cursoradapter-1.0.0-api.jar_to_457c49b321ac9f21401153f16cddd2ad UP-TO-DATE
> Task :app:extract_customview-1.1.0-api.jar_to_b7b91a170a1e9ff8a00e7e3dcf3a376b UP-TO-DATE
> Task :app:extract_documentfile-1.0.0-api.jar_to_162825cd01d303c56c7af8df63322bae UP-TO-DATE
> Task :app:extract_drawerlayout-1.1.1-api.jar_to_2d74c5907241a1f12eb35b96d75fb360 UP-TO-DATE
> Task :app:extract_dynamicanimation-1.0.0-api.jar_to_5d89b73659e3d041a69b0144d99829ab UP-TO-DATE
> Task :app:extract_exifinterface-1.3.7-api.jar_to_84ec73fa34b4f623970c1a07e08c5496 UP-TO-DATE
> Task :app:extract_fragment-1.8.5-api.jar_to_8e213cd3b24e3e53eb130f834100ac2e UP-TO-DATE
> Task :app:extract_interpolator-1.0.0-api.jar_to_37bd7443ad82c665a063626be6105336 UP-TO-DATE
> Task :app:extract_jetified-activity-1.8.1-api.jar_to_0ac5ca40ad5d756d51ca56980946fb32 UP-TO-DATE
> Task :app:extract_jetified-ads-adservices-1.0.0-beta05-api.jar_to_8a3cd5fa566be132b505fda5933e3e96 UP-TO-DATE
> Task :app:extract_jetified-ads-adservices-java-1.0.0-beta05-api.jar_to_b814977ac438d25206683c72d72aba01 UP-TO-DATE
> Task :app:extract_jetified-annotation-experimental-1.4.1-api.jar_to_e4b46d0a1f3c91c8f84e8d4080da31ec UP-TO-DATE
> Task :app:extract_jetified-annotation-jvm-1.8.1.jar_to_1bff3e890715b5da14541ac6c8644cc4 UP-TO-DATE
> Task :app:extract_jetified-annotations-23.0.0.jar_to_97f0f496845e8189bf3288c6dbd38ed7 UP-TO-DATE
> Task :app:extract_jetified-appcompat-resources-1.7.1-api.jar_to_755ef5a1e085aec4765e22ffb9e020a8 UP-TO-DATE
> Task :app:extract_jetified-billing-8.3.0-api.jar_to_cf1e10f14ac01ea57d7bfb91efd0631f UP-TO-DATE
> Task :app:extract_jetified-canvas-release-api.jar_to_3a4a4c46886187bbfe462e21db7dc7db UP-TO-DATE
> Task :app:extract_jetified-core-api.jar_to_220653bb8ac859f4794b66a92e8ca92a UP-TO-DATE
> Task :app:extract_jetified-core-ktx-1.13.1-api.jar_to_3289ef18cda0a0c076b35984564edc4a UP-TO-DATE
> Task :app:extract_jetified-datastore-1.0.0-api.jar_to_fa8f058077e4058b4b6c04b3ed6e28b2 UP-TO-DATE
> Task :app:extract_jetified-datastore-core-1.0.0.jar_to_78a646eef75b4c4885255aa03335be3c UP-TO-DATE
> Task :app:extract_jetified-firebase-encoders-17.0.0.jar_to_b85cf4bbf28a709a65976d1e0aa98b9d UP-TO-DATE
> Task :app:extract_jetified-firebase-encoders-json-18.0.0-api.jar_to_7973bf54f57e2ddc136bc4a0362cbb40 UP-TO-DATE
> Task :app:extract_jetified-firebase-encoders-proto-16.0.0.jar_to_12dbfd3cc57a9452586054295db56520 UP-TO-DATE
> Task :app:extract_jetified-fontmanager-1.0.9-api.jar_to_8d2d77c22d4bbaeb373d5498288d7220 UP-TO-DATE
> Task :app:extract_jetified-hsdp-2.0.1-api.jar_to_9462f9407b3be8ce199319d9ba182c12 UP-TO-DATE
> Task :app:extract_jetified-javax.inject-1.jar_to_2c2d5cb6549f0018b42fdc687c2b8287 UP-TO-DATE
> Task :app:extract_jetified-kotlin-parcelize-runtime-2.2.20.jar_to_7cb7191e725611bf708ac2e2bb569d76 UP-TO-DATE
> Task :app:extract_jetified-kotlin-stdlib-2.2.20.jar_to_3a9b0ba005eb20444ea0bf247cea3762 UP-TO-DATE
> Task :app:extract_jetified-kotlinx-coroutines-android-1.8.0.jar_to_065468161e8e137df8d840f95f9406ef UP-TO-DATE
> Task :app:extract_jetified-kotlinx-coroutines-core-jvm-1.8.0.jar_to_9c7a5e1ec83f5fdcbd99ee63a43c2835 UP-TO-DATE
> Task :app:extract_jetified-lifecycle-viewmodel-savedstate-2.6.2-api.jar_to_fbdcd00e96f33ad8c8e4c8762a6cc490 UP-TO-DATE
> Task :app:extract_jetified-listenablefuture-9999.0-empty-to-avoid-conflict-with-guava.jar_to_7a7fa4d6ed29e13bc155be753789be80 UP-TO-DATE
> Task :app:extract_jetified-nativescript-optimized-with-inspector-api.jar_to_32e2ec323f1d621b25c412eb3457f694 UP-TO-DATE
> Task :app:extract_jetified-play-services-ads-25.5.0-api.jar_to_4009837529b98df8d3bf86a1ed65feb9 UP-TO-DATE
> Task :app:extract_jetified-play-services-ads-api-25.5.0-api.jar_to_b98746fbc2f5b1ea9768970ce08f47c2 UP-TO-DATE
> Task :app:extract_jetified-play-services-ads-identifier-18.0.0-api.jar_to_a76dcaa7ba6f666dd8ad23e24f387ce7 UP-TO-DATE
> Task :app:extract_jetified-play-services-appset-16.0.1-api.jar_to_86a218116aa2e7d8a1f6600cd7344ee8 UP-TO-DATE
> Task :app:extract_jetified-play-services-base-18.5.0-api.jar_to_fe651a4dd97da0e4e12fa10a8207657a UP-TO-DATE
> Task :app:extract_jetified-play-services-basement-18.9.0-api.jar_to_98065b76982043a1a8a339ce8ec25a0a UP-TO-DATE
> Task :app:extract_jetified-play-services-location-19.0.0-api.jar_to_59b8620d2fe501b240325e5baca59e1e UP-TO-DATE
> Task :app:extract_jetified-play-services-measurement-base-20.1.2-api.jar_to_3249e5a68bc865b5e87df9f535e16357 UP-TO-DATE
> Task :app:extract_jetified-play-services-measurement-sdk-api-20.1.2-api.jar_to_fa0d7c4dcdc56a4af4ecf1c514b53ab7 UP-TO-DATE
> Task :app:extract_jetified-play-services-places-placereport-17.0.0-api.jar_to_0804a75d5191e3f96028773deaa9ae80 UP-TO-DATE
> Task :app:extract_jetified-play-services-tasks-18.2.0-api.jar_to_35a98ee0cb09e5082fde3c8f06bea5a1 UP-TO-DATE
> Task :app:extract_jetified-savedstate-1.2.1-api.jar_to_69c4e1c0884378e0321733aecf0c0589 UP-TO-DATE
> Task :app:extract_jetified-startup-runtime-1.1.1-api.jar_to_1372ed3d6f4d034688c5da4588977bf6 UP-TO-DATE
> Task :app:extract_jetified-transport-api-3.0.0-api.jar_to_f4fd6ef832e9db7a9be507f14e92fd45 UP-TO-DATE
> Task :app:extract_jetified-transport-backend-cct-3.1.8-api.jar_to_75983b59f22b91a8d67a131d2c593d5b UP-TO-DATE
> Task :app:extract_jetified-transport-runtime-3.1.8-api.jar_to_f19e2a791941cd94d07a24888f391c3b UP-TO-DATE
> Task :app:extract_jetified-user-messaging-platform-4.0.0-api.jar_to_339ba50704dd42e14e3e1a0cd30cb1bb UP-TO-DATE
> Task :app:extract_jetified-viewpager2-1.0.0-api.jar_to_556f23b324bc5cceb5eb63e2c911212e UP-TO-DATE
> Task :app:extract_jetified-widgets-release-api.jar_to_05c41dda8980ed26e24a32896512bed7 UP-TO-DATE
> Task :app:extract_jetified-winter_tc-release-api.jar_to_1f9c707b149a090ae9bec89b77e6400f UP-TO-DATE
> Task :app:extract_legacy-support-core-utils-1.0.0-api.jar_to_9df2a377cabec36e25b0fb3be0a1ba07 UP-TO-DATE
> Task :app:extract_lifecycle-common-2.6.2.jar_to_65554764eb97d6386ab2c1eb23b8b91b UP-TO-DATE
> Task :app:extract_lifecycle-livedata-2.6.2-api.jar_to_e80e0590c884636eeb210c3bfc682837 UP-TO-DATE
> Task :app:extract_lifecycle-livedata-core-2.6.2-api.jar_to_ad7b9f5bbe090756b0ff020e56bffc79 UP-TO-DATE
> Task :app:extract_lifecycle-runtime-2.6.2-api.jar_to_1e24826f2f71c26b495e32c0387cfc30 UP-TO-DATE
> Task :app:extract_lifecycle-viewmodel-2.6.2-api.jar_to_aea4776e7e79c6d10a0ab9bc6c4f32bd UP-TO-DATE
> Task :app:extract_loader-1.0.0-api.jar_to_c8f31df96deec27d236ed14869d02015 UP-TO-DATE
> Task :app:extract_localbroadcastmanager-1.0.0-api.jar_to_b7b969f1ef430280690cabc73ad4ce76 UP-TO-DATE
> Task :app:extract_material-1.8.0-api.jar_to_bff3b4a47579836e10b36e583864822a UP-TO-DATE
> Task :app:extract_multidex-2.0.1-api.jar_to_af73fef6ba4fa1b724be2e0be99125d6 UP-TO-DATE
> Task :app:extract_print-1.0.0-api.jar_to_7015a6e3342f191fba3b68ae70362b82 UP-TO-DATE
> Task :app:extract_recyclerview-1.1.0-api.jar_to_13479f6e32248d3b6f4979b083513336 UP-TO-DATE
> Task :app:extract_transition-1.5.1-api.jar_to_51d470465b9e0f6ba9187f4b786f6cf2 UP-TO-DATE
> Task :app:extract_vectordrawable-1.1.0-api.jar_to_d5973a5867ded03d9abb13ab88ccbb3c UP-TO-DATE
> Task :app:extract_vectordrawable-animated-1.1.0-api.jar_to_5dc54a0fb3f20cf957c57e11c3050bcb UP-TO-DATE
> Task :app:extract_versionedparcelable-1.1.1-api.jar_to_0f5575429a60c987465d35aab826b38c UP-TO-DATE
> Task :app:extract_viewpager-1.0.0-api.jar_to_9841e83dca66eb76cd02040c4fd1dd7f UP-TO-DATE
> Task :app:extract_webkit-1.12.1-api.jar_to_ef594eb1bfd0b2579ba22c0fa514040f UP-TO-DATE
> Task :app:extract_work-runtime-2.7.0-api.jar_to_45e053379b1f7736f414f63405063204 UP-TO-DATE
> Task :app:extractAllJars UP-TO-DATE
> Task :app:collectAllJars
> Task :app:generateTypescriptDefinitions SKIPPED
> Task :app:copyTypings SKIPPED
> Task :app:runSbg UP-TO-DATE
> Task :app:compileDebugKotlin NO-SOURCE
> Task :app:javaPreCompileDebug UP-TO-DATE
> Task :app:compileDebugJavaWithJavac

[Incubating] Problems report is available at: file:///Users/qingque/Desktop/HaiyueStudio/Native/examples/calendar-puzzle/platforms/android/build/reports/problems/problems-report.html
103 actionable tasks: 2 executed, 101 up-to-date
