✖ Parabox 1: complete original layout with ground movement and valid nested graph at every step (410.254941ms)
✖ Parabox 2: complete original layout with ground movement and valid nested graph at every step (677.013196ms)
✖ Parabox 3: complete original layout with ground movement and valid nested graph at every step (936.84946ms)
✖ Parabox 4: complete original layout with ground movement and valid nested graph at every step (843.551725ms)
✖ Parabox 5: complete original layout with ground movement and valid nested graph at every step (557.597513ms)
✖ Parabox 6: complete original layout with ground movement and valid nested graph at every step (1064.886953ms)
✖ Parabox 7: complete original layout with ground movement and valid nested graph at every step (573.38187ms)
✖ Parabox 8: complete original layout with ground movement and valid nested graph at every step (597.753384ms)
✖ Parabox 9: complete original layout with ground movement and valid nested graph at every step (461.294947ms)
✖ Parabox 10: complete original layout with ground movement and valid nested graph at every step (577.69494ms)
✖ HYMUGEN v1 is byte-exact, round-trips canonically, excludes raw source bytes, and rejects tampering or unknown fields (18.484492ms)
✖ viewer product is manifest-backed and exposes required controls without private Engine imports (10.291189ms)
✖ every manifest game uses the engine save facade with no direct storage access (152.481045ms)
ℹ tests 1272
ℹ suites 0
ℹ pass 1239
ℹ fail 13
ℹ cancelled 0
ℹ skipped 20
ℹ todo 0
ℹ duration_ms 226783.409361
✖ failing tests:
✖ Parabox 1: complete original layout with ground movement and valid nested graph at every step (410.254941ms)
✖ Parabox 2: complete original layout with ground movement and valid nested graph at every step (677.013196ms)
✖ Parabox 3: complete original layout with ground movement and valid nested graph at every step (936.84946ms)
✖ Parabox 4: complete original layout with ground movement and valid nested graph at every step (843.551725ms)
✖ Parabox 5: complete original layout with ground movement and valid nested graph at every step (557.597513ms)
✖ Parabox 6: complete original layout with ground movement and valid nested graph at every step (1064.886953ms)
✖ Parabox 7: complete original layout with ground movement and valid nested graph at every step (573.38187ms)
✖ Parabox 8: complete original layout with ground movement and valid nested graph at every step (597.753384ms)
✖ Parabox 9: complete original layout with ground movement and valid nested graph at every step (461.294947ms)
✖ Parabox 10: complete original layout with ground movement and valid nested graph at every step (577.69494ms)
✖ HYMUGEN v1 is byte-exact, round-trips canonically, excludes raw source bytes, and rejects tampering or unknown fields (18.484492ms)
✖ viewer product is manifest-backed and exposes required controls without private Engine imports (10.291189ms)
✖ every manifest game uses the engine save facade with no direct storage access (152.481045ms)
