✔ calendar sound cues are bounded and repeated actions are rate limited (6.793123ms)
✔ gesture unlock may defer briefly but stale cues never play after suspend or dispose (1.063434ms)
✔ all eight shipped WAVs match native mono PCM constraints and avoid clipped or discontinuous edges (35.978008ms)
✔ iOS and Android finger jitter and a shifted second tap still rotate exactly once (3.801924ms)
✔ drag threshold uses logical screen pixels at every board scale (1.12006ms)
✔ separate pieces, distant taps, slow taps, holds and cancellation do not rotate (0.989461ms)
✔ release-only displacement is a drag, and mouse gestures retain precise thresholds (0.617282ms)
✔ DOM pointer coordinates remain readable even when implemented as prototype getters (0.760577ms)
✔ exact-cover solver covers all legal cells for every month and weekday (434.585771ms)
✔ hint preserves a compatible partial board and recognises symmetric orientations (18.916573ms)
✔ invalid pinned pieces are rejected (23.969036ms)
✔ incompatible legal position returns a complete alternative instead of a conflicting hint (16.355799ms)
✔ partial-search time limit still permits a complete fallback solution (12.764163ms)
✔ cancelled solves fill the cache and satisfy the latest queued request without another search (30.90235ms)
✔ worker error and timeout recover for the newest request without retaining old callbacks (8.606449ms)
✔ rotation, flip and shuffle end exactly at logical tile positions (12.572818ms)
✔ today’s full solution serves all successive placements with exactly one worker request (15.243109ms)
✔ cache compares occupied cells, isolates dates, rejects invalid boards and owns returned data (17.196641ms)
✔ a divergent valid board gets a fresh solve; cached fallback is only used for that exact board (33.457852ms)
✔ cached completions remain immediately available while another date is still computing (5.988876ms)
✔ solution cache bounds its retained completions and does not retain failures (57.828126ms)
✔ pruning preserves every subset of a complete solution (2695.536384ms)
✔ difficult fresh and correction searches stay within reduced node budgets (22.735086ms)
✔ perpetual calendar handles Gregorian century leap years and years below 100 (11.873725ms)
✔ month grid aligns dates to weekdays, including six-week months (9.61506ms)
✔ month/year navigation rolls over December and clamps calendar endpoints (3.481301ms)
✔ history is immutable, year-specific, deduplicated and rejects invalid dates (2.762359ms)
✔ assisted wins have no star; a clean replay earns one without losing it on later assisted wins (1.814135ms)
✔ save data preserves assistance and stars while accepting old history without inventing stars (0.975216ms)
✔ Calendar puzzle model defines unique playable cells and pieces (3.609418ms)
✔ Calendar puzzle normalizes transformed piece coordinates (4.800504ms)
✔ Calendar puzzle save validation checks dates and piece state (1.758876ms)
✔ all six language choices survive save validation without losing progress (24.321863ms)
✔ 1000 copied text updates use one surface and reset transforms before each redraw (33.667442ms)
✔ web materials retain independent canvas sources after another label is drawn (0.62939ms)
✔ full surface and square cells at 1200×720 (9.456818ms)
✔ shuffled pieces fit left tray at 1200×720 (79.785221ms)
✔ full surface and square cells at 932×430 (0.982559ms)
✔ shuffled pieces fit left tray at 932×430 (48.532049ms)
✔ full surface and square cells at 814×409 (0.509251ms)
✔ shuffled pieces fit left tray at 814×409 (27.815565ms)
✔ full surface and square cells at 1100×720 (0.534895ms)
✔ shuffled pieces fit left tray at 1100×720 (55.061538ms)
✔ full surface and square cells at 393×814 (0.355025ms)
✔ shuffled pieces fit left tray at 393×814 (12.905183ms)
✔ language saves are backward compatible (1.164152ms)
ℹ tests 46
ℹ suites 0
ℹ pass 46
ℹ fail 0
ℹ cancelled 0
ℹ skipped 0
ℹ todo 0
ℹ duration_ms 3986.959577
