Command line invocation:
    /Applications/Xcode.app/Contents/Developer/usr/bin/xcodebuild -workspace platforms/ios/calendarpuzzle.xcworkspace -scheme calendarpuzzle -configuration Debug -sdk iphonesimulator -destination "generic/platform=iOS Simulator" -disableAutomaticPackageResolution SWIFT_ENABLE_EXPLICIT_MODULES=NO IPHONEOS_DEPLOYMENT_TARGET=15.0 CODE_SIGNING_ALLOWED=NO ARCHS=x86_64 ONLY_ACTIVE_ARCH=YES BUILD_DIR=/Users/qingque/Desktop/HaiyueStudio/Native/examples/calendar-puzzle/platforms/ios/build SHARED_PRECOMPS_DIR=/Users/qingque/Desktop/HaiyueStudio/Native/examples/calendar-puzzle/platforms/ios/build/sharedpch build

Build settings from command line:
    ARCHS = x86_64
    BUILD_DIR = /Users/qingque/Desktop/HaiyueStudio/Native/examples/calendar-puzzle/platforms/ios/build
    CODE_SIGNING_ALLOWED = NO
    IPHONEOS_DEPLOYMENT_TARGET = 15.0
    ONLY_ACTIVE_ARCH = YES
    SDKROOT = iphonesimulator26.2
    SHARED_PRECOMPS_DIR = /Users/qingque/Desktop/HaiyueStudio/Native/examples/calendar-puzzle/platforms/ios/build/sharedpch
    SWIFT_ENABLE_EXPLICIT_MODULES = NO

Resolve Package Graph


Resolved source packages:
  GoogleUserMessagingPlatform: https://github.com/googleads/swift-package-manager-google-user-messaging-platform.git @ 3.1.0
  FontManager: https://github.com/NativeScript/font-manager.git @ 1.0.14
  GoogleMobileAds: https://github.com/googleads/swift-package-manager-google-mobile-ads.git @ 13.10.0
  CanvasNative: /Users/qingque/Desktop/HaiyueStudio/Native/examples/calendar-puzzle/node_modules/@nativescript/canvas/platforms/ios/NativeScriptV8 @ local

ComputePackagePrebuildTargetDependencyGraph

Prepare packages

CreateBuildRequest

SendProjectDescription

CreateBuildOperation

ComputeTargetDependencyGraph
note: Building targets in dependency order
note: Target dependency graph (9 targets)
    Target 'calendarpuzzle' in project 'calendarpuzzle'
        ➜ Implicit dependency on target 'Pods-calendarpuzzle' in project 'Pods' via file 'Pods_calendarpuzzle.framework' in build phase 'Link Binary'
        ➜ Explicit dependency on target 'NativeScriptV8' in project 'CanvasNative'
        ➜ Explicit dependency on target 'FontManager' in project 'FontManager'
        ➜ Explicit dependency on target 'GoogleMobileAds' in project 'GoogleMobileAds'
    Target 'GoogleMobileAds' in project 'GoogleMobileAds'
        ➜ Explicit dependency on target 'GoogleMobileAdsTarget' in project 'GoogleMobileAds'
        ➜ Explicit dependency on target 'GoogleUserMessagingPlatform' in project 'GoogleUserMessagingPlatform'
    Target 'GoogleMobileAdsTarget' in project 'GoogleMobileAds'
        ➜ Explicit dependency on target 'GoogleUserMessagingPlatform' in project 'GoogleUserMessagingPlatform'
    Target 'GoogleUserMessagingPlatform' in project 'GoogleUserMessagingPlatform'
        ➜ Explicit dependency on target 'UserMessagingPlatformTarget' in project 'GoogleUserMessagingPlatform'
    Target 'UserMessagingPlatformTarget' in project 'GoogleUserMessagingPlatform' (no dependencies)
    Target 'FontManager' in project 'FontManager' (no dependencies)
    Target 'NativeScriptV8' in project 'CanvasNative'
        ➜ Explicit dependency on target 'NativeScriptV8' in project 'CanvasNative'
    Target 'NativeScriptV8' in project 'CanvasNative' (no dependencies)
    Target 'Pods-calendarpuzzle' in project 'Pods' (no dependencies)

GatherProvisioningInputs

CreateBuildDescription

ExecuteExternalTool /Applications/Xcode.app/Contents/Developer/Toolchains/XcodeDefault.xctoolchain/usr/bin/clang -v -E -dM -isysroot /Applications/Xcode.app/Contents/Developer/Platforms/iPhoneSimulator.platform/Developer/SDKs/iPhoneSimulator26.2.sdk -x c -c /dev/null

ExecuteExternalTool /Applications/Xcode.app/Contents/Developer/Toolchains/XcodeDefault.xctoolchain/usr/bin/clang -v -E -dM -arch x86_64 -isysroot /Applications/Xcode.app/Contents/Developer/Platforms/iPhoneSimulator.platform/Developer/SDKs/iPhoneSimulator26.2.sdk -x c -c /dev/null

ExecuteExternalTool /Applications/Xcode.app/Contents/Developer/Toolchains/XcodeDefault.xctoolchain/usr/bin/clang -v -E -dM -arch x86_64 -isysroot /Applications/Xcode.app/Contents/Developer/Platforms/iPhoneSimulator.platform/Developer/SDKs/iPhoneSimulator26.2.sdk -x objective-c -c /dev/null

ExecuteExternalTool /Applications/Xcode.app/Contents/Developer/Toolchains/XcodeDefault.xctoolchain/usr/bin/swiftc --version

ExecuteExternalTool /Applications/Xcode.app/Contents/Developer/Toolchains/XcodeDefault.xctoolchain/usr/bin/clang -v -E -dM -arch x86_64 -isysroot /Applications/Xcode.app/Contents/Developer/Platforms/iPhoneSimulator.platform/Developer/SDKs/iPhoneSimulator26.2.sdk -x objective-c++ -c /dev/null

ExecuteExternalTool /Applications/Xcode.app/Contents/Developer/Toolchains/XcodeDefault.xctoolchain/usr/bin/ld -version_details

ExecuteExternalTool /Applications/Xcode.app/Contents/Developer/Toolchains/XcodeDefault.xctoolchain/usr/bin/libtool -V

ExecuteExternalTool /Applications/Xcode.app/Contents/Developer/Toolchains/XcodeDefault.xctoolchain/usr/bin/clang -v -E -dM -arch x86_64 -isysroot /Applications/Xcode.app/Contents/Developer/Platforms/iPhoneSimulator.platform/Developer/SDKs/iPhoneSimulator26.2.sdk -x c++ -c /dev/null

Build description signature: 71249a2d77b884fda3355836cbb4b8fb
Build description path: /Users/qingque/Library/Developer/Xcode/DerivedData/calendarpuzzle-asjntmbhzjifwgexkbbdtjzghpro/Build/Intermediates.noindex/XCBuildData/71249a2d77b884fda3355836cbb4b8fb.xcbuilddata
ClangStatCache /Applications/Xcode.app/Contents/Developer/Toolchains/XcodeDefault.xctoolchain/usr/bin/clang-stat-cache /Applications/Xcode.app/Contents/Developer/Platforms/iPhoneSimulator.platform/Developer/SDKs/iPhoneSimulator26.2.sdk /Users/qingque/Library/Developer/Xcode/DerivedData/SDKStatCaches.noindex/iphonesimulator26.2-23C57-7d00a8b37fbd7999ea79df8ebc024bf0.sdkstatcache
    cd /Users/qingque/Desktop/HaiyueStudio/Native/examples/calendar-puzzle/platforms/ios
    /Applications/Xcode.app/Contents/Developer/Toolchains/XcodeDefault.xctoolchain/usr/bin/clang-stat-cache /Applications/Xcode.app/Contents/Developer/Platforms/iPhoneSimulator.platform/Developer/SDKs/iPhoneSimulator26.2.sdk -o /Users/qingque/Library/Developer/Xcode/DerivedData/SDKStatCaches.noindex/iphonesimulator26.2-23C57-7d00a8b37fbd7999ea79df8ebc024bf0.sdkstatcache

ProcessInfoPlistFile /Users/qingque/Desktop/HaiyueStudio/Native/examples/calendar-puzzle/platforms/ios/build/Debug-iphonesimulator/Pods_calendarpuzzle.framework/Info.plist /Users/qingque/Desktop/HaiyueStudio/Native/examples/calendar-puzzle/platforms/ios/Pods/Target\ Support\ Files/Pods-calendarpuzzle/Pods-calendarpuzzle-Info.plist (in target 'Pods-calendarpuzzle' from project 'Pods')
    cd /Users/qingque/Desktop/HaiyueStudio/Native/examples/calendar-puzzle/platforms/ios/Pods
    builtin-infoPlistUtility /Users/qingque/Desktop/HaiyueStudio/Native/examples/calendar-puzzle/platforms/ios/Pods/Target\ Support\ Files/Pods-calendarpuzzle/Pods-calendarpuzzle-Info.plist -producttype com.apple.product-type.framework -expandbuildsettings -format binary -platform iphonesimulator -o /Users/qingque/Desktop/HaiyueStudio/Native/examples/calendar-puzzle/platforms/ios/build/Debug-iphonesimulator/Pods_calendarpuzzle.framework/Info.plist

note: Run script build phase 'NativeScript PostBuild' will be run during every build because the option to run the script phase "Based on dependency analysis" is unchecked. (in target 'calendarpuzzle' from project 'calendarpuzzle')
note: Run script build phase 'NativeScript PreLink' will be run during every build because the option to run the script phase "Based on dependency analysis" is unchecked. (in target 'calendarpuzzle' from project 'calendarpuzzle')
note: Run script build phase 'NativeScript PreBuild' will be run during every build because the option to run the script phase "Based on dependency analysis" is unchecked. (in target 'calendarpuzzle' from project 'calendarpuzzle')
PhaseScriptExecution NativeScript\ PreBuild /Users/qingque/Library/Developer/Xcode/DerivedData/calendarpuzzle-asjntmbhzjifwgexkbbdtjzghpro/Build/Intermediates.noindex/calendarpuzzle.build/Debug-iphonesimulator/calendarpuzzle.build/Script-C97FD7AC1ADE5369004DB2A4.sh (in target 'calendarpuzzle' from project 'calendarpuzzle')
    cd /Users/qingque/Desktop/HaiyueStudio/Native/examples/calendar-puzzle/platforms/ios
    /bin/sh -c /Users/qingque/Library/Developer/Xcode/DerivedData/calendarpuzzle-asjntmbhzjifwgexkbbdtjzghpro/Build/Intermediates.noindex/calendarpuzzle.build/Debug-iphonesimulator/calendarpuzzle.build/Script-C97FD7AC1ADE5369004DB2A4.sh

Ld /Users/qingque/Desktop/HaiyueStudio/Native/examples/calendar-puzzle/platforms/ios/build/Debug-iphonesimulator/calendarpuzzle.app/calendarpuzzle normal (in target 'calendarpuzzle' from project 'calendarpuzzle')
    cd /Users/qingque/Desktop/HaiyueStudio/Native/examples/calendar-puzzle/platforms/ios
    /Users/qingque/Desktop/HaiyueStudio/Native/examples/calendar-puzzle/platforms/ios/internal/nsld.sh -Xlinker -reproducible -target x86_64-apple-ios15.0-simulator -isysroot /Applications/Xcode.app/Contents/Developer/Platforms/iPhoneSimulator.platform/Developer/SDKs/iPhoneSimulator26.2.sdk -O0 -L/Users/qingque/Library/Developer/Xcode/DerivedData/calendarpuzzle-asjntmbhzjifwgexkbbdtjzghpro/Build/Intermediates.noindex/EagerLinkingTBDs/Debug-iphonesimulator -L/Users/qingque/Desktop/HaiyueStudio/Native/examples/calendar-puzzle/platforms/ios/build/Debug-iphonesimulator -F/Users/qingque/Library/Developer/Xcode/DerivedData/calendarpuzzle-asjntmbhzjifwgexkbbdtjzghpro/Build/Intermediates.noindex/EagerLinkingTBDs/Debug-iphonesimulator -F/Users/qingque/Desktop/HaiyueStudio/Native/examples/calendar-puzzle/platforms/ios/build/Debug-iphonesimulator/PackageFrameworks -F/Users/qingque/Desktop/HaiyueStudio/Native/examples/calendar-puzzle/platforms/ios/build/Debug-iphonesimulator/PackageFrameworks -F/Users/qingque/Desktop/HaiyueStudio/Native/examples/calendar-puzzle/platforms/ios/build/Debug-iphonesimulator/PackageFrameworks -F/Users/qingque/Desktop/HaiyueStudio/Native/examples/calendar-puzzle/platforms/ios/build/Debug-iphonesimulator -F/Users/qingque/Desktop/HaiyueStudio/Native/examples/calendar-puzzle/platforms/ios/internal -F/Users/qingque/Desktop/HaiyueStudio/Native/examples/calendar-puzzle/platforms/ios/build/Debug-iphonesimulator -F../../node_modules/@nativescript/canvas/platforms/ios -F../../node_modules/@nativescript/core/platforms/ios -filelist /Users/qingque/Library/Developer/Xcode/DerivedData/calendarpuzzle-asjntmbhzjifwgexkbbdtjzghpro/Build/Intermediates.noindex/calendarpuzzle.build/Debug-iphonesimulator/calendarpuzzle.build/Objects-normal/x86_64/calendarpuzzle.LinkFileList -Xlinker -rpath -Xlinker /usr/lib/swift -Xlinker -rpath -Xlinker /Users/qingque/Desktop/HaiyueStudio/Native/examples/calendar-puzzle/platforms/ios/build/Debug-iphonesimulator/PackageFrameworks -Xlinker -rpath -Xlinker @executable_path/Frameworks -dead_strip -Xlinker -object_path_lto -Xlinker /Users/qingque/Library/Developer/Xcode/DerivedData/calendarpuzzle-asjntmbhzjifwgexkbbdtjzghpro/Build/Intermediates.noindex/calendarpuzzle.build/Debug-iphonesimulator/calendarpuzzle.build/Objects-normal/x86_64/calendarpuzzle_lto.o -rdynamic -Xlinker -no_deduplicate -Xlinker -objc_abi_version -Xlinker 2 -Xlinker -dependency_info -Xlinker /Users/qingque/Library/Developer/Xcode/DerivedData/calendarpuzzle-asjntmbhzjifwgexkbbdtjzghpro/Build/Intermediates.noindex/calendarpuzzle.build/Debug-iphonesimulator/calendarpuzzle.build/Objects-normal/x86_64/calendarpuzzle_dependency_info.dat -stdlib\=libc++ -fobjc-arc -fobjc-link-runtime -L/Applications/Xcode.app/Contents/Developer/Toolchains/XcodeDefault.xctoolchain/usr/lib/swift/iphonesimulator -L/usr/lib/swift -Xlinker -add_ast_path -Xlinker /Users/qingque/Library/Developer/Xcode/DerivedData/calendarpuzzle-asjntmbhzjifwgexkbbdtjzghpro/Build/Intermediates.noindex/calendarpuzzle.build/Debug-iphonesimulator/calendarpuzzle.build/Objects-normal/x86_64/calendarpuzzle.swiftmodule -Wl,-no_warn_duplicate_libraries -Wl,-no_warn_duplicate_libraries -Wl,-no_warn_duplicate_libraries -ObjC -sectcreate __DATA __TNSMetadata /Users/qingque/Desktop/HaiyueStudio/Native/examples/calendar-puzzle/platforms/ios/build/Debug-iphonesimulator/metadata-x86_64.bin -framework NativeScript -framework TKLiveSync -F/Users/qingque/Desktop/HaiyueStudio/Native/examples/calendar-puzzle/platforms/ios/internal -licucore -lz -lc++ -framework Foundation -framework UIKit -framework CoreGraphics -framework CoreServices -framework Security -framework Foundation -framework CanvasNative -framework OpenGLES -framework GLKit -framework WebKit -framework CanvasNative -framework NSCWinterTC -framework TNSWidgets -framework Pods_calendarpuzzle -lFontManager -framework GoogleMobileAds -framework UserMessagingPlatform -o /Users/qingque/Desktop/HaiyueStudio/Native/examples/calendar-puzzle/platforms/ios/build/Debug-iphonesimulator/calendarpuzzle.app/calendarpuzzle -Xlinker -add_ast_path -Xlinker /Users/qingque/Library/Developer/Xcode/DerivedData/calendarpuzzle-asjntmbhzjifwgexkbbdtjzghpro/Build/Intermediates.noindex/GoogleMobileAds.build/Debug-iphonesimulator/GoogleMobileAdsTarget.build/Objects-normal/x86_64/GoogleMobileAdsTarget.swiftmodule
./.build_env_vars.sh: line 576: declare: UID: readonly variable
Generating metadata...~/Desktop/HaiyueStudio/Native/examples/calendar-puzzle/platforms/ios/internal/metadata-generator-x86_64/bin ~/Desktop/HaiyueStudio/Native/examples/calendar-puzzle/platforms/ios
Python version: 3.9.6 (default, Jan  9 2026, 11:03:41) 
[Clang 17.0.0 (clang-1700.6.4.2)]
Generating metadata for x86_64
Metadata Generator Arguments: 
./objc-metadata-generator -verbose -output-bin /Users/qingque/Desktop/HaiyueStudio/Native/examples/calendar-puzzle/platforms/ios/build/Debug-iphonesimulator/metadata-x86_64.bin -output-umbrella /Users/qingque/Desktop/HaiyueStudio/Native/examples/calendar-puzzle/platforms/ios/build/Debug-iphonesimulator/umbrella-x86_64.h -docset-path /Users/qingque/Library/Developer/Shared/Documentation/DocSets/com.apple.adc.documentation.iOS.docset Xclang -isysroot /Applications/Xcode.app/Contents/Developer/Platforms/iPhoneSimulator.platform/Developer/SDKs/iPhoneSimulator26.2.sdk -std=gnu99 -target x86_64-apple-ios26.2-simulator -I/Users/qingque/Desktop/HaiyueStudio/Native/examples/calendar-puzzle/node_modules/@nativescript/canvas/platforms/ios/NativeScriptV8/Headers -I/Users/qingque/Library/Developer/Xcode/DerivedData/calendarpuzzle-asjntmbhzjifwgexkbbdtjzghpro/SourcePackages/checkouts/swift-package-manager-google-user-messaging-platform/UserMessagingPlatformTarget/include -I/Users/qingque/Desktop/HaiyueStudio/Native/examples/calendar-puzzle/platforms/ios/build/Debug-iphonesimulator/include -I/Users/qingque/Desktop/HaiyueStudio/Native/examples/calendar-puzzle/platforms/ios/internal/Swift-Modules -I/Users/qingque/Desktop/HaiyueStudio/Native/examples/calendar-puzzle/platforms/ios/internal -I/Users/qingque/Desktop/HaiyueStudio/Native/examples/calendar-puzzle/platforms/ios/../../App_Resources/iOS/src -I/Users/qingque/Desktop/HaiyueStudio/Native/examples/calendar-puzzle/platforms/ios/../../node_modules/@nativescript/canvas/platforms/ios/src -I/Users/qingque/Desktop/HaiyueStudio/Native/examples/calendar-puzzle/platforms/ios/../../node_modules/@nativescript/core/platforms/ios/src -I/Users/qingque/Desktop/HaiyueStudio/Native/examples/calendar-puzzle/platforms/ios/build/Debug-iphonesimulator/NativeScript.framework/Headers -I/Users/qingque/Desktop/HaiyueStudio/Native/examples/calendar-puzzle/platforms/ios/build/Debug-iphonesimulator/NativeScript.framework/Headers/include -I/Users/qingque/Desktop/HaiyueStudio/Native/examples/calendar-puzzle/platforms/ios/../../bridge/rewards/native/ios/*.swift -F/Users/qingque/Desktop/HaiyueStudio/Native/examples/calendar-puzzle/platforms/ios/build/Debug-iphonesimulator/PackageFrameworks -F/Users/qingque/Desktop/HaiyueStudio/Native/examples/calendar-puzzle/platforms/ios/build/Debug-iphonesimulator/PackageFrameworks -F/Users/qingque/Desktop/HaiyueStudio/Native/examples/calendar-puzzle/platforms/ios/build/Debug-iphonesimulator/PackageFrameworks -F/Users/qingque/Desktop/HaiyueStudio/Native/examples/calendar-puzzle/platforms/ios/build/Debug-iphonesimulator -F/Users/qingque/Desktop/HaiyueStudio/Native/examples/calendar-puzzle/platforms/ios/internal/ -F/Users/qingque/Desktop/HaiyueStudio/Native/examples/calendar-puzzle/platforms/ios/build/Debug-iphonesimulator -F../../node_modules/@nativescript/canvas/platforms/ios -F../../node_modules/@nativescript/core/platforms/ios -F/Applications/Xcode.app/Contents/Developer/Platforms/iPhoneSimulator.platform/Developer/SDKs/iPhoneSimulator26.2.sdk/System/Library/SubFrameworks -fmodule-map-file=/Users/qingque/Library/Developer/Xcode/DerivedData/calendarpuzzle-asjntmbhzjifwgexkbbdtjzghpro/Build/Intermediates.noindex/GeneratedModuleMaps-iphonesimulator/NativeScriptV8.modulemap -fmodule-map-file=/Users/qingque/Library/Developer/Xcode/DerivedData/calendarpuzzle-asjntmbhzjifwgexkbbdtjzghpro/Build/Intermediates.noindex/GeneratedModuleMaps-iphonesimulator/UserMessagingPlatformTarget.modulemap -fmodule-map-file=/Users/qingque/Library/Developer/Xcode/DerivedData/calendarpuzzle-asjntmbhzjifwgexkbbdtjzghpro/Build/Intermediates.noindex/GeneratedModuleMaps-iphonesimulator/GoogleMobileAdsTarget.modulemap -I/Users/qingque/Desktop/HaiyueStudio/Native/examples/calendar-puzzle/platforms/ios/build/Debug-iphonesimulator/NativeScript.framework/Headers -I/Users/qingque/Desktop/HaiyueStudio/Native/examples/calendar-puzzle/platforms/ios/build/Debug-iphonesimulator/NativeScript.framework/Headers/include -DCOCOAPODS=1 -DDEBUG=1 -DNS_SWIFTUI_BOOT=0 
Clang Arguments: 
"-v", "-x", "objective-c", "-fno-objc-arc", "-fmodule-maps", "-ferror-limit=0", "-Wno-unknown-pragmas", "-Wno-ignored-attributes", "-Wno-nullability-completeness", "-Wno-expansion-to-defined", "-D__NATIVESCRIPT_METADATA_GENERATOR=1", "-isysroot", "/Applications/Xcode.app/Contents/Developer/Platforms/iPhoneSimulator.platform/Developer/SDKs/iPhoneSimulator26.2.sdk", "-std=gnu99", "-target", "x86_64-apple-ios26.2-simulator", "-I/Users/qingque/Desktop/HaiyueStudio/Native/examples/calendar-puzzle/node_modules/@nativescript/canvas/platforms/ios/NativeScriptV8/Headers", "-I/Users/qingque/Library/Developer/Xcode/DerivedData/calendarpuzzle-asjntmbhzjifwgexkbbdtjzghpro/SourcePackages/checkouts/swift-package-manager-google-user-messaging-platform/UserMessagingPlatformTarget/include", "-I/Users/qingque/Desktop/HaiyueStudio/Native/examples/calendar-puzzle/platforms/ios/build/Debug-iphonesimulator/include", "-I/Users/qingque/Desktop/HaiyueStudio/Native/examples/calendar-puzzle/platforms/ios/internal/Swift-Modules", "-I/Users/qingque/Desktop/HaiyueStudio/Native/examples/calendar-puzzle/platforms/ios/internal", "-I/Users/qingque/Desktop/HaiyueStudio/Native/examples/calendar-puzzle/platforms/ios/../../App_Resources/iOS/src", "-I/Users/qingque/Desktop/HaiyueStudio/Native/examples/calendar-puzzle/platforms/ios/../../node_modules/@nativescript/canvas/platforms/ios/src", "-I/Users/qingque/Desktop/HaiyueStudio/Native/examples/calendar-puzzle/platforms/ios/../../node_modules/@nativescript/core/platforms/ios/src", "-I/Users/qingque/Desktop/HaiyueStudio/Native/examples/calendar-puzzle/platforms/ios/build/Debug-iphonesimulator/NativeScript.framework/Headers", "-I/Users/qingque/Desktop/HaiyueStudio/Native/examples/calendar-puzzle/platforms/ios/build/Debug-iphonesimulator/NativeScript.framework/Headers/include", "-I/Users/qingque/Desktop/HaiyueStudio/Native/examples/calendar-puzzle/platforms/ios/../../bridge/rewards/native/ios/*.swift", "-F/Users/qingque/Desktop/HaiyueStudio/Native/examples/calendar-puzzle/platforms/ios/build/Debug-iphonesimulator/PackageFrameworks", "-F/Users/qingque/Desktop/HaiyueStudio/Native/examples/calendar-puzzle/platforms/ios/build/Debug-iphonesimulator/PackageFrameworks", "-F/Users/qingque/Desktop/HaiyueStudio/Native/examples/calendar-puzzle/platforms/ios/build/Debug-iphonesimulator/PackageFrameworks", "-F/Users/qingque/Desktop/HaiyueStudio/Native/examples/calendar-puzzle/platforms/ios/build/Debug-iphonesimulator", "-F/Users/qingque/Desktop/HaiyueStudio/Native/examples/calendar-puzzle/platforms/ios/internal/", "-F/Users/qingque/Desktop/HaiyueStudio/Native/examples/calendar-puzzle/platforms/ios/build/Debug-iphonesimulator", "-F../../node_modules/@nativescript/canvas/platforms/ios", "-F../../node_modules/@nativescript/core/platforms/ios", "-F/Applications/Xcode.app/Contents/Developer/Platforms/iPhoneSimulator.platform/Developer/SDKs/iPhoneSimulator26.2.sdk/System/Library/SubFrameworks", "-fmodule-map-file=/Users/qingque/Library/Developer/Xcode/DerivedData/calendarpuzzle-asjntmbhzjifwgexkbbdtjzghpro/Build/Intermediates.noindex/GeneratedModuleMaps-iphonesimulator/NativeScriptV8.modulemap", "-fmodule-map-file=/Users/qingque/Library/Developer/Xcode/DerivedData/calendarpuzzle-asjntmbhzjifwgexkbbdtjzghpro/Build/Intermediates.noindex/GeneratedModuleMaps-iphonesimulator/UserMessagingPlatformTarget.modulemap", "-fmodule-map-file=/Users/qingque/Library/Developer/Xcode/DerivedData/calendarpuzzle-asjntmbhzjifwgexkbbdtjzghpro/Build/Intermediates.noindex/GeneratedModuleMaps-iphonesimulator/GoogleMobileAdsTarget.modulemap", "-I/Users/qingque/Desktop/HaiyueStudio/Native/examples/calendar-puzzle/platforms/ios/build/Debug-iphonesimulator/NativeScript.framework/Headers", "-I/Users/qingque/Desktop/HaiyueStudio/Native/examples/calendar-puzzle/platforms/ios/build/Debug-iphonesimulator/NativeScript.framework/Headers/include", "-DCOCOAPODS=1", "-DDEBUG=1", "-DNS_SWIFTUI_BOOT=0", 
Merged 1465 categories.
Result: 65540 declarations from 209 top level modules
Done! Running time: 32.5025 sec 
Saving metadata generation's stderr stream to: /Users/qingque/Desktop/HaiyueStudio/Native/examples/calendar-puzzle/platforms/ios/build/Debug-iphonesimulator/metadata-generation-stderr-x86_64.txt
~/Desktop/HaiyueStudio/Native/examples/calendar-puzzle/platforms/ios
clang: warning: argument unused during compilation: '-stdlib=libc++' [-Wunused-command-line-argument]

PhaseScriptExecution NativeScript\ PreLink /Users/qingque/Library/Developer/Xcode/DerivedData/calendarpuzzle-asjntmbhzjifwgexkbbdtjzghpro/Build/Intermediates.noindex/calendarpuzzle.build/Debug-iphonesimulator/calendarpuzzle.build/Script-CD62955B1BB2651D00AE3A93.sh (in target 'calendarpuzzle' from project 'calendarpuzzle')
    cd /Users/qingque/Desktop/HaiyueStudio/Native/examples/calendar-puzzle/platforms/ios
    /bin/sh -c /Users/qingque/Library/Developer/Xcode/DerivedData/calendarpuzzle-asjntmbhzjifwgexkbbdtjzghpro/Build/Intermediates.noindex/calendarpuzzle.build/Debug-iphonesimulator/calendarpuzzle.build/Script-CD62955B1BB2651D00AE3A93.sh

CopyPNGFile /Users/qingque/Desktop/HaiyueStudio/Native/examples/calendar-puzzle/platforms/ios/build/Debug-iphonesimulator/calendarpuzzle.app/AppIcon1024.png /Users/qingque/Desktop/HaiyueStudio/Native/examples/calendar-puzzle/platforms/ios/calendarpuzzle/Resources/AppIcon1024.png (in target 'calendarpuzzle' from project 'calendarpuzzle')
    cd /Users/qingque/Desktop/HaiyueStudio/Native/examples/calendar-puzzle/platforms/ios
    /Applications/Xcode.app/Contents/Developer/usr/bin/copypng -compress -strip-PNG-text /Users/qingque/Desktop/HaiyueStudio/Native/examples/calendar-puzzle/platforms/ios/calendarpuzzle/Resources/AppIcon1024.png /Users/qingque/Desktop/HaiyueStudio/Native/examples/calendar-puzzle/platforms/ios/build/Debug-iphonesimulator/calendarpuzzle.app/AppIcon1024.png

CopyPNGFile /Users/qingque/Desktop/HaiyueStudio/Native/examples/calendar-puzzle/platforms/ios/build/Debug-iphonesimulator/calendarpuzzle.app/AppIcon60x60@3x.png /Users/qingque/Desktop/HaiyueStudio/Native/examples/calendar-puzzle/platforms/ios/calendarpuzzle/Resources/AppIcon60x60@3x.png (in target 'calendarpuzzle' from project 'calendarpuzzle')
    cd /Users/qingque/Desktop/HaiyueStudio/Native/examples/calendar-puzzle/platforms/ios
    /Applications/Xcode.app/Contents/Developer/usr/bin/copypng -compress -strip-PNG-text /Users/qingque/Desktop/HaiyueStudio/Native/examples/calendar-puzzle/platforms/ios/calendarpuzzle/Resources/AppIcon60x60@3x.png /Users/qingque/Desktop/HaiyueStudio/Native/examples/calendar-puzzle/platforms/ios/build/Debug-iphonesimulator/calendarpuzzle.app/AppIcon60x60@3x.png

CopyPNGFile /Users/qingque/Desktop/HaiyueStudio/Native/examples/calendar-puzzle/platforms/ios/build/Debug-iphonesimulator/calendarpuzzle.app/AppIcon60x60@2x.png /Users/qingque/Desktop/HaiyueStudio/Native/examples/calendar-puzzle/platforms/ios/calendarpuzzle/Resources/AppIcon60x60@2x.png (in target 'calendarpuzzle' from project 'calendarpuzzle')
    cd /Users/qingque/Desktop/HaiyueStudio/Native/examples/calendar-puzzle/platforms/ios
    /Applications/Xcode.app/Contents/Developer/usr/bin/copypng -compress -strip-PNG-text /Users/qingque/Desktop/HaiyueStudio/Native/examples/calendar-puzzle/platforms/ios/calendarpuzzle/Resources/AppIcon60x60@2x.png /Users/qingque/Desktop/HaiyueStudio/Native/examples/calendar-puzzle/platforms/ios/build/Debug-iphonesimulator/calendarpuzzle.app/AppIcon60x60@2x.png

CopyPNGFile /Users/qingque/Desktop/HaiyueStudio/Native/examples/calendar-puzzle/platforms/ios/build/Debug-iphonesimulator/calendarpuzzle.app/AppIcon29x29@3x.png /Users/qingque/Desktop/HaiyueStudio/Native/examples/calendar-puzzle/platforms/ios/calendarpuzzle/Resources/AppIcon29x29@3x.png (in target 'calendarpuzzle' from project 'calendarpuzzle')
    cd /Users/qingque/Desktop/HaiyueStudio/Native/examples/calendar-puzzle/platforms/ios
    /Applications/Xcode.app/Contents/Developer/usr/bin/copypng -compress -strip-PNG-text /Users/qingque/Desktop/HaiyueStudio/Native/examples/calendar-puzzle/platforms/ios/calendarpuzzle/Resources/AppIcon29x29@3x.png /Users/qingque/Desktop/HaiyueStudio/Native/examples/calendar-puzzle/platforms/ios/build/Debug-iphonesimulator/calendarpuzzle.app/AppIcon29x29@3x.png

CopyPNGFile /Users/qingque/Desktop/HaiyueStudio/Native/examples/calendar-puzzle/platforms/ios/build/Debug-iphonesimulator/calendarpuzzle.app/AppIcon40x40@3x.png /Users/qingque/Desktop/HaiyueStudio/Native/examples/calendar-puzzle/platforms/ios/calendarpuzzle/Resources/AppIcon40x40@3x.png (in target 'calendarpuzzle' from project 'calendarpuzzle')
    cd /Users/qingque/Desktop/HaiyueStudio/Native/examples/calendar-puzzle/platforms/ios
    /Applications/Xcode.app/Contents/Developer/usr/bin/copypng -compress -strip-PNG-text /Users/qingque/Desktop/HaiyueStudio/Native/examples/calendar-puzzle/platforms/ios/calendarpuzzle/Resources/AppIcon40x40@3x.png /Users/qingque/Desktop/HaiyueStudio/Native/examples/calendar-puzzle/platforms/ios/build/Debug-iphonesimulator/calendarpuzzle.app/AppIcon40x40@3x.png

CopyPNGFile /Users/qingque/Desktop/HaiyueStudio/Native/examples/calendar-puzzle/platforms/ios/build/Debug-iphonesimulator/calendarpuzzle.app/AppIcon29x29@2x.png /Users/qingque/Desktop/HaiyueStudio/Native/examples/calendar-puzzle/platforms/ios/calendarpuzzle/Resources/AppIcon29x29@2x.png (in target 'calendarpuzzle' from project 'calendarpuzzle')
    cd /Users/qingque/Desktop/HaiyueStudio/Native/examples/calendar-puzzle/platforms/ios
    /Applications/Xcode.app/Contents/Developer/usr/bin/copypng -compress -strip-PNG-text /Users/qingque/Desktop/HaiyueStudio/Native/examples/calendar-puzzle/platforms/ios/calendarpuzzle/Resources/AppIcon29x29@2x.png /Users/qingque/Desktop/HaiyueStudio/Native/examples/calendar-puzzle/platforms/ios/build/Debug-iphonesimulator/calendarpuzzle.app/AppIcon29x29@2x.png

CopyPNGFile /Users/qingque/Desktop/HaiyueStudio/Native/examples/calendar-puzzle/platforms/ios/build/Debug-iphonesimulator/calendarpuzzle.app/AppIcon40x40@2x.png /Users/qingque/Desktop/HaiyueStudio/Native/examples/calendar-puzzle/platforms/ios/calendarpuzzle/Resources/AppIcon40x40@2x.png (in target 'calendarpuzzle' from project 'calendarpuzzle')
    cd /Users/qingque/Desktop/HaiyueStudio/Native/examples/calendar-puzzle/platforms/ios
    /Applications/Xcode.app/Contents/Developer/usr/bin/copypng -compress -strip-PNG-text /Users/qingque/Desktop/HaiyueStudio/Native/examples/calendar-puzzle/platforms/ios/calendarpuzzle/Resources/AppIcon40x40@2x.png /Users/qingque/Desktop/HaiyueStudio/Native/examples/calendar-puzzle/platforms/ios/build/Debug-iphonesimulator/calendarpuzzle.app/AppIcon40x40@2x.png

CpResource /Users/qingque/Desktop/HaiyueStudio/Native/examples/calendar-puzzle/platforms/ios/build/Debug-iphonesimulator/calendarpuzzle.app/signing.local.xcconfig /Users/qingque/Desktop/HaiyueStudio/Native/examples/calendar-puzzle/platforms/ios/calendarpuzzle/Resources/signing.local.xcconfig (in target 'calendarpuzzle' from project 'calendarpuzzle')
    cd /Users/qingque/Desktop/HaiyueStudio/Native/examples/calendar-puzzle/platforms/ios
    builtin-copy -exclude .DS_Store -exclude CVS -exclude .svn -exclude .git -exclude .hg -resolve-src-symlinks /Users/qingque/Desktop/HaiyueStudio/Native/examples/calendar-puzzle/platforms/ios/calendarpuzzle/Resources/signing.local.xcconfig /Users/qingque/Desktop/HaiyueStudio/Native/examples/calendar-puzzle/platforms/ios/build/Debug-iphonesimulator/calendarpuzzle.app

CpResource /Users/qingque/Desktop/HaiyueStudio/Native/examples/calendar-puzzle/platforms/ios/build/Debug-iphonesimulator/calendarpuzzle.app/build.xcconfig /Users/qingque/Desktop/HaiyueStudio/Native/examples/calendar-puzzle/platforms/ios/calendarpuzzle/Resources/build.xcconfig (in target 'calendarpuzzle' from project 'calendarpuzzle')
    cd /Users/qingque/Desktop/HaiyueStudio/Native/examples/calendar-puzzle/platforms/ios
    builtin-copy -exclude .DS_Store -exclude CVS -exclude .svn -exclude .git -exclude .hg -resolve-src-symlinks /Users/qingque/Desktop/HaiyueStudio/Native/examples/calendar-puzzle/platforms/ios/calendarpuzzle/Resources/build.xcconfig /Users/qingque/Desktop/HaiyueStudio/Native/examples/calendar-puzzle/platforms/ios/build/Debug-iphonesimulator/calendarpuzzle.app

CpResource /Users/qingque/Desktop/HaiyueStudio/Native/examples/calendar-puzzle/platforms/ios/build/Debug-iphonesimulator/calendarpuzzle.app/app /Users/qingque/Desktop/HaiyueStudio/Native/examples/calendar-puzzle/platforms/ios/calendarpuzzle/app (in target 'calendarpuzzle' from project 'calendarpuzzle')
    cd /Users/qingque/Desktop/HaiyueStudio/Native/examples/calendar-puzzle/platforms/ios
    builtin-copy -exclude .DS_Store -exclude CVS -exclude .svn -exclude .git -exclude .hg -resolve-src-symlinks /Users/qingque/Desktop/HaiyueStudio/Native/examples/calendar-puzzle/platforms/ios/calendarpuzzle/app /Users/qingque/Desktop/HaiyueStudio/Native/examples/calendar-puzzle/platforms/ios/build/Debug-iphonesimulator/calendarpuzzle.app

PhaseScriptExecution NativeScript\ PostBuild /Users/qingque/Library/Developer/Xcode/DerivedData/calendarpuzzle-asjntmbhzjifwgexkbbdtjzghpro/Build/Intermediates.noindex/calendarpuzzle.build/Debug-iphonesimulator/calendarpuzzle.build/Script-CD3EAD351B05FF060042DBFC.sh (in target 'calendarpuzzle' from project 'calendarpuzzle')
    cd /Users/qingque/Desktop/HaiyueStudio/Native/examples/calendar-puzzle/platforms/ios
    /bin/sh -c /Users/qingque/Library/Developer/Xcode/DerivedData/calendarpuzzle-asjntmbhzjifwgexkbbdtjzghpro/Build/Intermediates.noindex/calendarpuzzle.build/Debug-iphonesimulator/calendarpuzzle.build/Script-CD3EAD351B05FF060042DBFC.sh
~/Desktop/HaiyueStudio/Native/examples/calendar-puzzle/platforms/ios/internal ~/Desktop/HaiyueStudio/Native/examples/calendar-puzzle/platforms/ios
Stripping frameworks
~/Desktop/HaiyueStudio/Native/examples/calendar-puzzle/platforms/ios

ProcessInfoPlistFile /Users/qingque/Desktop/HaiyueStudio/Native/examples/calendar-puzzle/platforms/ios/build/Debug-iphonesimulator/calendarpuzzle.app/Info.plist /Users/qingque/Desktop/HaiyueStudio/Native/examples/calendar-puzzle/platforms/ios/calendarpuzzle/calendarpuzzle-Info.plist (in target 'calendarpuzzle' from project 'calendarpuzzle')
    cd /Users/qingque/Desktop/HaiyueStudio/Native/examples/calendar-puzzle/platforms/ios
    builtin-infoPlistUtility /Users/qingque/Desktop/HaiyueStudio/Native/examples/calendar-puzzle/platforms/ios/calendarpuzzle/calendarpuzzle-Info.plist -producttype com.apple.product-type.application -genpkginfo /Users/qingque/Desktop/HaiyueStudio/Native/examples/calendar-puzzle/platforms/ios/build/Debug-iphonesimulator/calendarpuzzle.app/PkgInfo -expandbuildsettings -format binary -platform iphonesimulator -scanforprivacyfile /Users/qingque/Desktop/HaiyueStudio/Native/examples/calendar-puzzle/platforms/ios/build/Debug-iphonesimulator/calendarpuzzle.app/Frameworks/CanvasNative.framework -scanforprivacyfile /Users/qingque/Desktop/HaiyueStudio/Native/examples/calendar-puzzle/platforms/ios/build/Debug-iphonesimulator/calendarpuzzle.app/Frameworks/GoogleMobileAds.framework -scanforprivacyfile /Users/qingque/Desktop/HaiyueStudio/Native/examples/calendar-puzzle/platforms/ios/build/Debug-iphonesimulator/calendarpuzzle.app/Frameworks/NSCWinterTC.framework -scanforprivacyfile /Users/qingque/Desktop/HaiyueStudio/Native/examples/calendar-puzzle/platforms/ios/build/Debug-iphonesimulator/calendarpuzzle.app/Frameworks/NativeScript.framework -scanforprivacyfile /Users/qingque/Desktop/HaiyueStudio/Native/examples/calendar-puzzle/platforms/ios/build/Debug-iphonesimulator/calendarpuzzle.app/Frameworks/TKLiveSync.framework -scanforprivacyfile /Users/qingque/Desktop/HaiyueStudio/Native/examples/calendar-puzzle/platforms/ios/build/Debug-iphonesimulator/calendarpuzzle.app/Frameworks/TNSWidgets.framework -scanforprivacyfile /Users/qingque/Desktop/HaiyueStudio/Native/examples/calendar-puzzle/platforms/ios/build/Debug-iphonesimulator/calendarpuzzle.app/Frameworks/UserMessagingPlatform.framework -o /Users/qingque/Desktop/HaiyueStudio/Native/examples/calendar-puzzle/platforms/ios/build/Debug-iphonesimulator/calendarpuzzle.app/Info.plist

ExtractAppIntentsMetadata (in target 'calendarpuzzle' from project 'calendarpuzzle')
    cd /Users/qingque/Desktop/HaiyueStudio/Native/examples/calendar-puzzle/platforms/ios
    /Applications/Xcode.app/Contents/Developer/Toolchains/XcodeDefault.xctoolchain/usr/bin/appintentsmetadataprocessor --toolchain-dir /Applications/Xcode.app/Contents/Developer/Toolchains/XcodeDefault.xctoolchain --module-name calendarpuzzle --sdk-root /Applications/Xcode.app/Contents/Developer/Platforms/iPhoneSimulator.platform/Developer/SDKs/iPhoneSimulator26.2.sdk --xcode-version 17C529 --platform-family iOS --deployment-target 15.0 --bundle-identifier org.haiyue.games.calendarpuzzle --output /Users/qingque/Desktop/HaiyueStudio/Native/examples/calendar-puzzle/platforms/ios/build/Debug-iphonesimulator/calendarpuzzle.app --target-triple x86_64-apple-ios15.0-simulator --binary-file /Users/qingque/Desktop/HaiyueStudio/Native/examples/calendar-puzzle/platforms/ios/build/Debug-iphonesimulator/calendarpuzzle.app/calendarpuzzle --dependency-file /Users/qingque/Library/Developer/Xcode/DerivedData/calendarpuzzle-asjntmbhzjifwgexkbbdtjzghpro/Build/Intermediates.noindex/calendarpuzzle.build/Debug-iphonesimulator/calendarpuzzle.build/Objects-normal/x86_64/calendarpuzzle_dependency_info.dat --stringsdata-file /Users/qingque/Library/Developer/Xcode/DerivedData/calendarpuzzle-asjntmbhzjifwgexkbbdtjzghpro/Build/Intermediates.noindex/calendarpuzzle.build/Debug-iphonesimulator/calendarpuzzle.build/Objects-normal/x86_64/ExtractedAppShortcutsMetadata.stringsdata --source-file-list /Users/qingque/Library/Developer/Xcode/DerivedData/calendarpuzzle-asjntmbhzjifwgexkbbdtjzghpro/Build/Intermediates.noindex/calendarpuzzle.build/Debug-iphonesimulator/calendarpuzzle.build/Objects-normal/x86_64/calendarpuzzle.SwiftFileList --metadata-file-list /Users/qingque/Library/Developer/Xcode/DerivedData/calendarpuzzle-asjntmbhzjifwgexkbbdtjzghpro/Build/Intermediates.noindex/calendarpuzzle.build/Debug-iphonesimulator/calendarpuzzle.build/calendarpuzzle.DependencyMetadataFileList --static-metadata-file-list /Users/qingque/Library/Developer/Xcode/DerivedData/calendarpuzzle-asjntmbhzjifwgexkbbdtjzghpro/Build/Intermediates.noindex/calendarpuzzle.build/Debug-iphonesimulator/calendarpuzzle.build/calendarpuzzle.DependencyStaticMetadataFileList --swift-const-vals-list /Users/qingque/Library/Developer/Xcode/DerivedData/calendarpuzzle-asjntmbhzjifwgexkbbdtjzghpro/Build/Intermediates.noindex/calendarpuzzle.build/Debug-iphonesimulator/calendarpuzzle.build/Objects-normal/x86_64/calendarpuzzle.SwiftConstValuesFileList --compile-time-extraction --deployment-aware-processing --validate-assistant-intents --no-app-shortcuts-localization
2026-09-23 08:33:25.274 appintentsmetadataprocessor[12469:9656513] Starting appintentsmetadataprocessor export
2026-09-23 08:33:25.280 appintentsmetadataprocessor[12469:9656513] warning: Metadata extraction skipped. No AppIntents.framework dependency found.

CopySwiftLibs /Users/qingque/Desktop/HaiyueStudio/Native/examples/calendar-puzzle/platforms/ios/build/Debug-iphonesimulator/calendarpuzzle.app (in target 'calendarpuzzle' from project 'calendarpuzzle')
    cd /Users/qingque/Desktop/HaiyueStudio/Native/examples/calendar-puzzle/platforms/ios
    builtin-swiftStdLibTool --copy --verbose --scan-executable /Users/qingque/Desktop/HaiyueStudio/Native/examples/calendar-puzzle/platforms/ios/build/Debug-iphonesimulator/calendarpuzzle.app/calendarpuzzle --scan-folder /Users/qingque/Desktop/HaiyueStudio/Native/examples/calendar-puzzle/platforms/ios/build/Debug-iphonesimulator/calendarpuzzle.app/Frameworks --scan-folder /Users/qingque/Desktop/HaiyueStudio/Native/examples/calendar-puzzle/platforms/ios/build/Debug-iphonesimulator/calendarpuzzle.app/PlugIns --scan-folder /Users/qingque/Desktop/HaiyueStudio/Native/examples/calendar-puzzle/platforms/ios/build/Debug-iphonesimulator/calendarpuzzle.app/SystemExtensions --scan-folder /Users/qingque/Desktop/HaiyueStudio/Native/examples/calendar-puzzle/platforms/ios/build/Debug-iphonesimulator/calendarpuzzle.app/Extensions --scan-folder /Users/qingque/Desktop/HaiyueStudio/Native/examples/calendar-puzzle/platforms/ios/build/Debug-iphonesimulator/Pods_calendarpuzzle.framework --platform iphonesimulator --toolchain /Applications/Xcode.app/Contents/Developer/Toolchains/XcodeDefault.xctoolchain --destination /Users/qingque/Desktop/HaiyueStudio/Native/examples/calendar-puzzle/platforms/ios/build/Debug-iphonesimulator/calendarpuzzle.app/Frameworks --strip-bitcode --strip-bitcode-tool /Applications/Xcode.app/Contents/Developer/Toolchains/XcodeDefault.xctoolchain/usr/bin/bitcode_strip --emit-dependency-info /Users/qingque/Library/Developer/Xcode/DerivedData/calendarpuzzle-asjntmbhzjifwgexkbbdtjzghpro/Build/Intermediates.noindex/calendarpuzzle.build/Debug-iphonesimulator/calendarpuzzle.build/SwiftStdLibToolInputDependencies.dep --filter-for-swift-os --back-deploy-swift-span
Ignoring --strip-bitcode because --sign was not passed

GenerateDSYMFile /Users/qingque/Desktop/HaiyueStudio/Native/examples/calendar-puzzle/platforms/ios/build/Debug-iphonesimulator/calendarpuzzle.app.dSYM /Users/qingque/Desktop/HaiyueStudio/Native/examples/calendar-puzzle/platforms/ios/build/Debug-iphonesimulator/calendarpuzzle.app/calendarpuzzle (in target 'calendarpuzzle' from project 'calendarpuzzle')
    cd /Users/qingque/Desktop/HaiyueStudio/Native/examples/calendar-puzzle/platforms/ios
    /Applications/Xcode.app/Contents/Developer/Toolchains/XcodeDefault.xctoolchain/usr/bin/dsymutil /Users/qingque/Desktop/HaiyueStudio/Native/examples/calendar-puzzle/platforms/ios/build/Debug-iphonesimulator/calendarpuzzle.app/calendarpuzzle -o /Users/qingque/Desktop/HaiyueStudio/Native/examples/calendar-puzzle/platforms/ios/build/Debug-iphonesimulator/calendarpuzzle.app.dSYM
warning: (x86_64) /Users/runner/work/font-manager/font-manager/dist/spm/build/DerivedData/Build/Intermediates.noindex/ArchiveIntermediates/FontManager/IntermediateBuildFilesPath/FontManager.build/Release-iphonesimulator/FontManager.build/Objects-normal/x86_64/NSCFontDescriptors.o unable to open object file: No such file or directory
warning: (x86_64) /Users/runner/work/font-manager/font-manager/dist/spm/build/DerivedData/Build/Intermediates.noindex/ArchiveIntermediates/FontManager/IntermediateBuildFilesPath/FontManager.build/Release-iphonesimulator/FontManager.build/Objects-normal/x86_64/NSCFontFace.o unable to open object file: No such file or directory
warning: (x86_64) /Users/runner/work/font-manager/font-manager/dist/spm/build/DerivedData/Build/Intermediates.noindex/ArchiveIntermediates/FontManager/IntermediateBuildFilesPath/FontManager.build/Release-iphonesimulator/FontManager.build/Objects-normal/x86_64/NSCFontFaceSet.o unable to open object file: No such file or directory
warning: (x86_64) /Users/runner/work/font-manager/font-manager/dist/spm/build/DerivedData/Build/Intermediates.noindex/ArchiveIntermediates/FontManager/IntermediateBuildFilesPath/FontManager.build/Release-iphonesimulator/FontManager.build/Objects-normal/x86_64/NSCFontParser.o unable to open object file: No such file or directory
warning: (x86_64) /Users/runner/work/font-manager/font-manager/dist/spm/build/DerivedData/Build/Intermediates.noindex/ArchiveIntermediates/FontManager/IntermediateBuildFilesPath/FontManager.build/Release-iphonesimulator/FontManager.build/Objects-normal/x86_64/NSCFontResolver.o unable to open object file: No such file or directory
warning: (x86_64) /Users/runner/work/font-manager/font-manager/dist/spm/build/DerivedData/Build/Intermediates.noindex/ArchiveIntermediates/FontManager/IntermediateBuildFilesPath/FontManager.build/Release-iphonesimulator/FontManager.build/Objects-normal/x86_64/NSCFontStyle.o unable to open object file: No such file or directory
warning: (x86_64) /Users/runner/work/font-manager/font-manager/dist/spm/build/DerivedData/Build/Intermediates.noindex/ArchiveIntermediates/FontManager/IntermediateBuildFilesPath/FontManager.build/Release-iphonesimulator/FontManager.build/Objects-normal/x86_64/NSCFontTypes.o unable to open object file: No such file or directory
warning: (x86_64) /Users/runner/work/font-manager/font-manager/dist/spm/build/DerivedData/Build/Intermediates.noindex/ArchiveIntermediates/FontManager/IntermediateBuildFilesPath/FontManager.build/Release-iphonesimulator/FontManager.build/Objects-normal/x86_64/NSCFontRegex.o unable to open object file: No such file or directory

** BUILD SUCCEEDED **

